Component: ARM Compiler 5.06 update 6 (build 750) Tool: armlink [4d35ed]

==============================================================================

Section Cross References

    startup_stm32g431xx.o(STACK) refers (Special) to heapauxi.o(.text) for __use_two_region_memory
    startup_stm32g431xx.o(HEAP) refers (Special) to heapauxi.o(.text) for __use_two_region_memory
    startup_stm32g431xx.o(RESET) refers (Special) to heapauxi.o(.text) for __use_two_region_memory
    startup_stm32g431xx.o(RESET) refers to startup_stm32g431xx.o(STACK) for __initial_sp
    startup_stm32g431xx.o(RESET) refers to startup_stm32g431xx.o(.text) for Reset_Handler
    startup_stm32g431xx.o(RESET) refers to stm32g4xx_it.o(i.NMI_Handler) for NMI_Handler
    startup_stm32g431xx.o(RESET) refers to stm32g4xx_it.o(i.HardFault_Handler) for HardFault_Handler
    startup_stm32g431xx.o(RESET) refers to stm32g4xx_it.o(i.MemManage_Handler) for MemManage_Handler
    startup_stm32g431xx.o(RESET) refers to stm32g4xx_it.o(i.BusFault_Handler) for BusFault_Handler
    startup_stm32g431xx.o(RESET) refers to stm32g4xx_it.o(i.UsageFault_Handler) for UsageFault_Handler
    startup_stm32g431xx.o(RESET) refers to stm32g4xx_it.o(i.SVC_Handler) for SVC_Handler
    startup_stm32g431xx.o(RESET) refers to stm32g4xx_it.o(i.DebugMon_Handler) for DebugMon_Handler
    startup_stm32g431xx.o(RESET) refers to stm32g4xx_it.o(i.PendSV_Handler) for PendSV_Handler
    startup_stm32g431xx.o(RESET) refers to stm32g4xx_it.o(i.SysTick_Handler) for SysTick_Handler
    startup_stm32g431xx.o(RESET) refers to stm32g4xx_it.o(i.DMA1_Channel1_IRQHandler) for DMA1_Channel1_IRQHandler
    startup_stm32g431xx.o(RESET) refers to stm32g4xx_it.o(i.DMA1_Channel2_IRQHandler) for DMA1_Channel2_IRQHandler
    startup_stm32g431xx.o(.text) refers (Special) to heapauxi.o(.text) for __use_two_region_memory
    startup_stm32g431xx.o(.text) refers to system_stm32g4xx.o(i.SystemInit) for SystemInit
    startup_stm32g431xx.o(.text) refers to __main.o(!!!main) for __main
    startup_stm32g431xx.o(.text) refers to startup_stm32g431xx.o(HEAP) for Heap_Mem
    startup_stm32g431xx.o(.text) refers to startup_stm32g431xx.o(STACK) for Stack_Mem
    main.o(i.SystemClock_Config) refers to rt_memclr_w.o(.text) for __aeabi_memclr4
    main.o(i.SystemClock_Config) refers to stm32g4xx_hal_pwr_ex.o(i.HAL_PWREx_ControlVoltageScaling) for HAL_PWREx_ControlVoltageScaling
    main.o(i.SystemClock_Config) refers to stm32g4xx_hal_rcc.o(i.HAL_RCC_OscConfig) for HAL_RCC_OscConfig
    main.o(i.SystemClock_Config) refers to stm32g4xx_hal_rcc.o(i.HAL_RCC_ClockConfig) for HAL_RCC_ClockConfig
    main.o(i.main) refers to stm32g4xx_hal.o(i.HAL_Init) for HAL_Init
    main.o(i.main) refers to main.o(i.SystemClock_Config) for SystemClock_Config
    main.o(i.main) refers to gpio.o(i.MX_GPIO_Init) for MX_GPIO_Init
    main.o(i.main) refers to dma.o(i.MX_DMA_Init) for MX_DMA_Init
    main.o(i.main) refers to adc.o(i.MX_ADC1_Init) for MX_ADC1_Init
    main.o(i.main) refers to adc.o(i.MX_ADC2_Init) for MX_ADC2_Init
    main.o(i.main) refers to dac.o(i.MX_DAC1_Init) for MX_DAC1_Init
    main.o(i.main) refers to stm32g4xx_hal_adc.o(i.HAL_ADC_Start_DMA) for HAL_ADC_Start_DMA
    main.o(i.main) refers to stm32g4xx_hal_dac.o(i.HAL_DAC_SetValue) for HAL_DAC_SetValue
    main.o(i.main) refers to stm32g4xx_hal_dac.o(i.HAL_DAC_Start) for HAL_DAC_Start
    main.o(i.main) refers to main.o(.data) for .data
    main.o(i.main) refers to adc.o(.bss) for hadc1
    main.o(i.main) refers to dac.o(.bss) for hdac1
    adc.o(i.HAL_ADC_MspDeInit) refers to stm32g4xx_hal_gpio.o(i.HAL_GPIO_DeInit) for HAL_GPIO_DeInit
    adc.o(i.HAL_ADC_MspDeInit) refers to stm32g4xx_hal_dma.o(i.HAL_DMA_DeInit) for HAL_DMA_DeInit
    adc.o(i.HAL_ADC_MspDeInit) refers to adc.o(.data) for .data
    adc.o(i.HAL_ADC_MspInit) refers to rt_memclr_w.o(.text) for __aeabi_memclr4
    adc.o(i.HAL_ADC_MspInit) refers to stm32g4xx_hal_rcc_ex.o(i.HAL_RCCEx_PeriphCLKConfig) for HAL_RCCEx_PeriphCLKConfig
    adc.o(i.HAL_ADC_MspInit) refers to main.o(i.Error_Handler) for Error_Handler
    adc.o(i.HAL_ADC_MspInit) refers to stm32g4xx_hal_gpio.o(i.HAL_GPIO_Init) for HAL_GPIO_Init
    adc.o(i.HAL_ADC_MspInit) refers to stm32g4xx_hal_dma.o(i.HAL_DMA_Init) for HAL_DMA_Init
    adc.o(i.HAL_ADC_MspInit) refers to adc.o(.data) for .data
    adc.o(i.HAL_ADC_MspInit) refers to adc.o(.bss) for .bss
    adc.o(i.MX_ADC1_Init) refers to rt_memclr_w.o(.text) for __aeabi_memclr4
    adc.o(i.MX_ADC1_Init) refers to stm32g4xx_hal_adc.o(i.HAL_ADC_Init) for HAL_ADC_Init
    adc.o(i.MX_ADC1_Init) refers to main.o(i.Error_Handler) for Error_Handler
    adc.o(i.MX_ADC1_Init) refers to stm32g4xx_hal_adc_ex.o(i.HAL_ADCEx_MultiModeConfigChannel) for HAL_ADCEx_MultiModeConfigChannel
    adc.o(i.MX_ADC1_Init) refers to stm32g4xx_hal_adc.o(i.HAL_ADC_ConfigChannel) for HAL_ADC_ConfigChannel
    adc.o(i.MX_ADC1_Init) refers to adc.o(.bss) for .bss
[...]
    Removing stm32g4xx_hal.o(i.HAL_SYSCFG_EnableVREFBUF), (48 bytes).
    Removing stm32g4xx_hal.o(i.HAL_SYSCFG_VREFBUF_HighImpedanceConfig), (20 bytes).
    Removing stm32g4xx_hal.o(i.HAL_SYSCFG_VREFBUF_TrimmingConfig), (20 bytes).
    Removing stm32g4xx_hal.o(i.HAL_SYSCFG_VREFBUF_VoltageScalingConfig), (20 bytes).
    Removing stm32g4xx_hal.o(i.HAL_SetTickFreq), (36 bytes).
    Removing stm32g4xx_hal.o(i.HAL_SuspendTick), (14 bytes).
    Removing stm32g4xx_hal_rcc.o(.rev16_text), (4 bytes).
    Removing stm32g4xx_hal_rcc.o(.revsh_text), (4 bytes).
    Removing stm32g4xx_hal_rcc.o(.rrx_text), (6 bytes).
    Removing stm32g4xx_hal_rcc.o(i.HAL_RCC_CSSCallback), (2 bytes).
    Removing stm32g4xx_hal_rcc.o(i.HAL_RCC_DeInit), (184 bytes).
    Removing stm32g4xx_hal_rcc.o(i.HAL_RCC_DisableLSECSS), (20 bytes).
    Removing stm32g4xx_hal_rcc.o(i.HAL_RCC_EnableCSS), (16 bytes).
    Removing stm32g4xx_hal_rcc.o(i.HAL_RCC_EnableLSECSS), (20 bytes).
    Removing stm32g4xx_hal_rcc.o(i.HAL_RCC_GetClockConfig), (64 bytes).
    Removing stm32g4xx_hal_rcc.o(i.HAL_RCC_GetOscConfig), (200 bytes).
    Removing stm32g4xx_hal_rcc.o(i.HAL_RCC_GetPCLK1Freq), (36 bytes).
    Removing stm32g4xx_hal_rcc.o(i.HAL_RCC_GetPCLK2Freq), (36 bytes).
    Removing stm32g4xx_hal_rcc.o(i.HAL_RCC_MCOConfig), (96 bytes).
    Removing stm32g4xx_hal_rcc.o(i.HAL_RCC_NMI_IRQHandler), (24 bytes).
    Removing stm32g4xx_hal_rcc_ex.o(.rev16_text), (4 bytes).
    Removing stm32g4xx_hal_rcc_ex.o(.revsh_text), (4 bytes).
    Removing stm32g4xx_hal_rcc_ex.o(.rrx_text), (6 bytes).
    Removing stm32g4xx_hal_rcc_ex.o(i.HAL_RCCEx_CRSConfig), (76 bytes).
    Removing stm32g4xx_hal_rcc_ex.o(i.HAL_RCCEx_CRSGetSynchronizationInfo), (36 bytes).
    Removing stm32g4xx_hal_rcc_ex.o(i.HAL_RCCEx_CRSSoftwareSynchronizationGenerate), (16 bytes).
    Removing stm32g4xx_hal_rcc_ex.o(i.HAL_RCCEx_CRSWaitSynchronization), (132 bytes).
    Removing stm32g4xx_hal_rcc_ex.o(i.HAL_RCCEx_CRS_ErrorCallback), (2 bytes).
    Removing stm32g4xx_hal_rcc_ex.o(i.HAL_RCCEx_CRS_ExpectedSyncCallback), (2 bytes).
    Removing stm32g4xx_hal_rcc_ex.o(i.HAL_RCCEx_CRS_IRQHandler), (108 bytes).
    Removing stm32g4xx_hal_rcc_ex.o(i.HAL_RCCEx_CRS_SyncOkCallback), (2 bytes).
    Removing stm32g4xx_hal_rcc_ex.o(i.HAL_RCCEx_CRS_SyncWarnCallback), (2 bytes).
    Removing stm32g4xx_hal_rcc_ex.o(i.HAL_RCCEx_DisableLSCO), (88 bytes).
    Removing stm32g4xx_hal_rcc_ex.o(i.HAL_RCCEx_DisableLSECSS), (28 bytes).
    Removing stm32g4xx_hal_rcc_ex.o(i.HAL_RCCEx_EnableLSCO), (140 bytes).
    Removing stm32g4xx_hal_rcc_ex.o(i.HAL_RCCEx_EnableLSECSS), (20 bytes).
    Removing stm32g4xx_hal_rcc_ex.o(i.HAL_RCCEx_EnableLSECSS_IT), (56 bytes).
    Removing stm32g4xx_hal_rcc_ex.o(i.HAL_RCCEx_GetPeriphCLKConfig), (148 bytes).
    Removing stm32g4xx_hal_rcc_ex.o(i.HAL_RCCEx_GetPeriphCLKFreq), (860 bytes).
    Removing stm32g4xx_hal_rcc_ex.o(i.HAL_RCCEx_LSECSS_Callback), (2 bytes).
    Removing stm32g4xx_hal_rcc_ex.o(i.HAL_RCCEx_LSECSS_IRQHandler), (24 bytes).
    Removing stm32g4xx_hal_flash.o(.rev16_text), (4 bytes).
    Removing stm32g4xx_hal_flash.o(.revsh_text), (4 bytes).
    Removing stm32g4xx_hal_flash.o(.rrx_text), (6 bytes).
    Removing stm32g4xx_hal_flash.o(i.FLASH_Program_DoubleWord), (28 bytes).
    Removing stm32g4xx_hal_flash.o(i.FLASH_Program_Fast), (44 bytes).
    Removing stm32g4xx_hal_flash.o(i.FLASH_WaitForLastOperation), (96 bytes).
    Removing stm32g4xx_hal_flash.o(i.HAL_FLASH_EndOfOperationCallback), (2 bytes).
    Removing stm32g4xx_hal_flash.o(i.HAL_FLASH_GetError), (12 bytes).
    Removing stm32g4xx_hal_flash.o(i.HAL_FLASH_IRQHandler), (228 bytes).
    Removing stm32g4xx_hal_flash.o(i.HAL_FLASH_Lock), (28 bytes).
    Removing stm32g4xx_hal_flash.o(i.HAL_FLASH_OB_Launch), (24 bytes).
    Removing stm32g4xx_hal_flash.o(i.HAL_FLASH_OB_Lock), (28 bytes).
    Removing stm32g4xx_hal_flash.o(i.HAL_FLASH_OB_Unlock), (40 bytes).
    Removing stm32g4xx_hal_flash.o(i.HAL_FLASH_OperationErrorCallback), (2 bytes).
    Removing stm32g4xx_hal_flash.o(i.HAL_FLASH_Program), (124 bytes).
    Removing stm32g4xx_hal_flash.o(i.HAL_FLASH_Program_IT), (128 bytes).
    Removing stm32g4xx_hal_flash.o(i.HAL_FLASH_Unlock), (40 bytes).
    Removing stm32g4xx_hal_flash.o(.data), (32 bytes).
    Removing stm32g4xx_hal_flash_ex.o(.rev16_text), (4 bytes).
    Removing stm32g4xx_hal_flash_ex.o(.revsh_text), (4 bytes).
    Removing stm32g4xx_hal_flash_ex.o(.rrx_text), (6 bytes).
    Removing stm32g4xx_hal_flash_ex.o(i.FLASH_FlushCaches), (92 bytes).
    Removing stm32g4xx_hal_flash_ex.o(i.FLASH_MassErase), (28 bytes).
    Removing stm32g4xx_hal_flash_ex.o(i.FLASH_OB_UserConfig), (272 bytes).
    Removing stm32g4xx_hal_flash_ex.o(i.FLASH_PageErase), (40 bytes).
    Removing stm32g4xx_hal_flash_ex.o(i.HAL_FLASHEx_DisableDebugger), (16 bytes).
    Removing stm32g4xx_hal_flash_ex.o(i.HAL_FLASHEx_EnableDebugger), (16 bytes).
    Removing stm32g4xx_hal_flash_ex.o(i.HAL_FLASHEx_EnableSecMemProtection), (20 bytes).
    Removing stm32g4xx_hal_flash_ex.o(i.HAL_FLASHEx_Erase), (212 bytes).
    Removing stm32g4xx_hal_flash_ex.o(i.HAL_FLASHEx_Erase_IT), (140 bytes).
    Removing stm32g4xx_hal_flash_ex.o(i.HAL_FLASHEx_OBGetConfig), (176 bytes).
    Removing stm32g4xx_hal_flash_ex.o(i.HAL_FLASHEx_OBProgram), (388 bytes).
    Removing stm32g4xx_hal_flash_ramfunc.o(.rev16_text), (4 bytes).
    Removing stm32g4xx_hal_flash_ramfunc.o(.revsh_text), (4 bytes).
    Removing stm32g4xx_hal_flash_ramfunc.o(.rrx_text), (6 bytes).
    Removing stm32g4xx_hal_flash_ramfunc.o(i.HAL_FLASHEx_DisableRunPowerDown), (36 bytes).
    Removing stm32g4xx_hal_flash_ramfunc.o(i.HAL_FLASHEx_EnableRunPowerDown), (36 bytes).
    Removing stm32g4xx_hal_gpio.o(.rev16_text), (4 bytes).
    Removing stm32g4xx_hal_gpio.o(.revsh_text), (4 bytes).
    Removing stm32g4xx_hal_gpio.o(.rrx_text), (6 bytes).
    Removing stm32g4xx_hal_gpio.o(i.HAL_GPIO_DeInit), (336 bytes).
    Removing stm32g4xx_hal_gpio.o(i.HAL_GPIO_EXTI_Callback), (2 bytes).
    Removing stm32g4xx_hal_gpio.o(i.HAL_GPIO_EXTI_IRQHandler), (24 bytes).
    Removing stm32g4xx_hal_gpio.o(i.HAL_GPIO_LockPin), (34 bytes).
    Removing stm32g4xx_hal_gpio.o(i.HAL_GPIO_ReadPin), (10 bytes).
    Removing stm32g4xx_hal_gpio.o(i.HAL_GPIO_TogglePin), (16 bytes).
    Removing stm32g4xx_hal_gpio.o(i.HAL_GPIO_WritePin), (10 bytes).
    Removing stm32g4xx_hal_exti.o(.rev16_text), (4 bytes).
    Removing stm32g4xx_hal_exti.o(.revsh_text), (4 bytes).
    Removing stm32g4xx_hal_exti.o(.rrx_text), (6 bytes).
    Removing stm32g4xx_hal_exti.o(i.HAL_EXTI_ClearConfigLine), (128 bytes).
    Removing stm32g4xx_hal_exti.o(i.HAL_EXTI_ClearPending), (28 bytes).
    Removing stm32g4xx_hal_exti.o(i.HAL_EXTI_GenerateSWI), (28 bytes).
    Removing stm32g4xx_hal_exti.o(i.HAL_EXTI_GetConfigLine), (156 bytes).
    Removing stm32g4xx_hal_exti.o(i.HAL_EXTI_GetHandle), (12 bytes).
    Removing stm32g4xx_hal_exti.o(i.HAL_EXTI_GetPending), (32 bytes).
    Removing stm32g4xx_hal_exti.o(i.HAL_EXTI_IRQHandler), (44 bytes).
    Removing stm32g4xx_hal_exti.o(i.HAL_EXTI_RegisterCallback), (16 bytes).
    Removing stm32g4xx_hal_exti.o(i.HAL_EXTI_SetConfigLine), (176 bytes).
    Removing stm32g4xx_hal_dma.o(.rev16_text), (4 bytes).
    Removing stm32g4xx_hal_dma.o(.revsh_text), (4 bytes).
    Removing stm32g4xx_hal_dma.o(.rrx_text), (6 bytes).
    Removing stm32g4xx_hal_dma.o(i.HAL_DMA_Abort), (106 bytes).
    Removing stm32g4xx_hal_dma.o(i.HAL_DMA_Abort_IT), (120 bytes).
    Removing stm32g4xx_hal_dma.o(i.HAL_DMA_DeInit), (168 bytes).
    Removing stm32g4xx_hal_dma.o(i.HAL_DMA_GetError), (4 bytes).
    Removing stm32g4xx_hal_dma.o(i.HAL_DMA_GetState), (6 bytes).
    Removing stm32g4xx_hal_dma.o(i.HAL_DMA_PollForTransfer), (274 bytes).
    Removing stm32g4xx_hal_dma.o(i.HAL_DMA_RegisterCallback), (74 bytes).
    Removing stm32g4xx_hal_dma.o(i.HAL_DMA_Start), (80 bytes).
    Removing stm32g4xx_hal_dma.o(i.HAL_DMA_UnRegisterCallback), (82 bytes).
    Removing stm32g4xx_hal_dma_ex.o(.rev16_text), (4 bytes).
    Removing stm32g4xx_hal_dma_ex.o(.revsh_text), (4 bytes).
    Removing stm32g4xx_hal_dma_ex.o(.rrx_text), (6 bytes).
    Removing stm32g4xx_hal_dma_ex.o(i.HAL_DMAEx_ConfigMuxRequestGenerator), (76 bytes).
    Removing stm32g4xx_hal_dma_ex.o(i.HAL_DMAEx_ConfigMuxSync), (84 bytes).
    Removing stm32g4xx_hal_dma_ex.o(i.HAL_DMAEx_DisableMuxRequestGenerator), (26 bytes).
    Removing stm32g4xx_hal_dma_ex.o(i.HAL_DMAEx_EnableMuxRequestGenerator), (26 bytes).
    Removing stm32g4xx_hal_dma_ex.o(i.HAL_DMAEx_MUX_IRQHandler), (100 bytes).
    Removing stm32g4xx_hal_pwr.o(.rev16_text), (4 bytes).
    Removing stm32g4xx_hal_pwr.o(.revsh_text), (4 bytes).
    Removing stm32g4xx_hal_pwr.o(.rrx_text), (6 bytes).
    Removing stm32g4xx_hal_pwr.o(i.HAL_PWR_ConfigPVD), (128 bytes).
    Removing stm32g4xx_hal_pwr.o(i.HAL_PWR_DeInit), (24 bytes).
    Removing stm32g4xx_hal_pwr.o(i.HAL_PWR_DisableBkUpAccess), (16 bytes).
    Removing stm32g4xx_hal_pwr.o(i.HAL_PWR_DisablePVD), (16 bytes).
    Removing stm32g4xx_hal_pwr.o(i.HAL_PWR_DisableSEVOnPend), (16 bytes).
    Removing stm32g4xx_hal_pwr.o(i.HAL_PWR_DisableSleepOnExit), (16 bytes).
    Removing stm32g4xx_hal_pwr.o(i.HAL_PWR_DisableWakeUpPin), (20 bytes).
    Removing stm32g4xx_hal_pwr.o(i.HAL_PWR_EnableBkUpAccess), (16 bytes).
    Removing stm32g4xx_hal_pwr.o(i.HAL_PWR_EnablePVD), (16 bytes).
    Removing stm32g4xx_hal_pwr.o(i.HAL_PWR_EnableSEVOnPend), (16 bytes).
    Removing stm32g4xx_hal_pwr.o(i.HAL_PWR_EnableSleepOnExit), (16 bytes).
    Removing stm32g4xx_hal_pwr.o(i.HAL_PWR_EnableWakeUpPin), (28 bytes).
    Removing stm32g4xx_hal_pwr.o(i.HAL_PWR_EnterSLEEPMode), (68 bytes).
    Removing stm32g4xx_hal_pwr.o(i.HAL_PWR_EnterSTANDBYMode), (36 bytes).
    Removing stm32g4xx_hal_pwr.o(i.HAL_PWR_EnterSTOPMode), (16 bytes).
    Removing stm32g4xx_hal_pwr.o(i.HAL_PWR_PVDCallback), (2 bytes).
    Removing stm32g4xx_hal_pwr_ex.o(.rev16_text), (4 bytes).
    Removing stm32g4xx_hal_pwr_ex.o(.revsh_text), (4 bytes).
    Removing stm32g4xx_hal_pwr_ex.o(.rrx_text), (6 bytes).
    Removing stm32g4xx_hal_pwr_ex.o(i.HAL_PWREx_ConfigPVM), (400 bytes).
    Removing stm32g4xx_hal_pwr_ex.o(i.HAL_PWREx_DisableBatteryCharging), (16 bytes).
    Removing stm32g4xx_hal_pwr_ex.o(i.HAL_PWREx_DisableGPIOPullDown), (100 bytes).
    Removing stm32g4xx_hal_pwr_ex.o(i.HAL_PWREx_DisableGPIOPullUp), (104 bytes).
    Removing stm32g4xx_hal_pwr_ex.o(i.HAL_PWREx_DisableInternalWakeUpLine), (16 bytes).
    Removing stm32g4xx_hal_pwr_ex.o(i.HAL_PWREx_DisableLowPowerRunMode), (64 bytes).
    Removing stm32g4xx_hal_pwr_ex.o(i.HAL_PWREx_DisablePVM1), (16 bytes).
    Removing stm32g4xx_hal_pwr_ex.o(i.HAL_PWREx_DisablePVM2), (16 bytes).
    Removing stm32g4xx_hal_pwr_ex.o(i.HAL_PWREx_DisablePVM3), (16 bytes).
    Removing stm32g4xx_hal_pwr_ex.o(i.HAL_PWREx_DisablePVM4), (16 bytes).
    Removing stm32g4xx_hal_pwr_ex.o(i.HAL_PWREx_DisablePullUpPullDownConfig), (16 bytes).
    Removing stm32g4xx_hal_pwr_ex.o(i.HAL_PWREx_DisableSRAM2ContentRetention), (16 bytes).
    Removing stm32g4xx_hal_pwr_ex.o(i.HAL_PWREx_DisableUCPDStandbyMode), (16 bytes).
    Removing stm32g4xx_hal_pwr_ex.o(i.HAL_PWREx_EnableBatteryCharging), (28 bytes).
    Removing stm32g4xx_hal_pwr_ex.o(i.HAL_PWREx_EnableGPIOPullDown), (152 bytes).
    Removing stm32g4xx_hal_pwr_ex.o(i.HAL_PWREx_EnableGPIOPullUp), (152 bytes).
    Removing stm32g4xx_hal_pwr_ex.o(i.HAL_PWREx_EnableInternalWakeUpLine), (16 bytes).
    Removing stm32g4xx_hal_pwr_ex.o(i.HAL_PWREx_EnableLowPowerRunMode), (16 bytes).
    Removing stm32g4xx_hal_pwr_ex.o(i.HAL_PWREx_EnablePVM1), (16 bytes).
    Removing stm32g4xx_hal_pwr_ex.o(i.HAL_PWREx_EnablePVM2), (16 bytes).
    Removing stm32g4xx_hal_pwr_ex.o(i.HAL_PWREx_EnablePVM3), (16 bytes).
    Removing stm32g4xx_hal_pwr_ex.o(i.HAL_PWREx_EnablePVM4), (16 bytes).
    Removing stm32g4xx_hal_pwr_ex.o(i.HAL_PWREx_EnablePullUpPullDownConfig), (16 bytes).
    Removing stm32g4xx_hal_pwr_ex.o(i.HAL_PWREx_EnableSRAM2ContentRetention), (16 bytes).
    Removing stm32g4xx_hal_pwr_ex.o(i.HAL_PWREx_EnableUCPDDeadBattery), (16 bytes).
    Removing stm32g4xx_hal_pwr_ex.o(i.HAL_PWREx_EnableUCPDStandbyMode), (16 bytes).
    Removing stm32g4xx_hal_pwr_ex.o(i.HAL_PWREx_EnterSHUTDOWNMode), (36 bytes).
    Removing stm32g4xx_hal_pwr_ex.o(i.HAL_PWREx_EnterSTOP0Mode), (52 bytes).
    Removing stm32g4xx_hal_pwr_ex.o(i.HAL_PWREx_EnterSTOP1Mode), (56 bytes).
    Removing stm32g4xx_hal_pwr_ex.o(i.HAL_PWREx_GetVoltageRange), (40 bytes).
    Removing stm32g4xx_hal_pwr_ex.o(i.HAL_PWREx_PVD_PVM_IRQHandler), (88 bytes).
    Removing stm32g4xx_hal_pwr_ex.o(i.HAL_PWREx_PVM1Callback), (2 bytes).
    Removing stm32g4xx_hal_pwr_ex.o(i.HAL_PWREx_PVM2Callback), (2 bytes).
    Removing stm32g4xx_hal_pwr_ex.o(i.HAL_PWREx_PVM3Callback), (2 bytes).
    Removing stm32g4xx_hal_pwr_ex.o(i.HAL_PWREx_PVM4Callback), (2 bytes).
    Removing stm32g4xx_hal_cortex.o(.rev16_text), (4 bytes).
    Removing stm32g4xx_hal_cortex.o(.revsh_text), (4 bytes).
    Removing stm32g4xx_hal_cortex.o(.rrx_text), (6 bytes).
    Removing stm32g4xx_hal_cortex.o(i.HAL_MPU_ConfigRegion), (84 bytes).
    Removing stm32g4xx_hal_cortex.o(i.HAL_MPU_Disable), (16 bytes).
    Removing stm32g4xx_hal_cortex.o(i.HAL_MPU_Enable), (24 bytes).
    Removing stm32g4xx_hal_cortex.o(i.HAL_NVIC_ClearPendingIRQ), (26 bytes).
    Removing stm32g4xx_hal_cortex.o(i.HAL_NVIC_DisableIRQ), (34 bytes).
    Removing stm32g4xx_hal_cortex.o(i.HAL_NVIC_GetActive), (36 bytes).
    Removing stm32g4xx_hal_cortex.o(i.HAL_NVIC_GetPendingIRQ), (36 bytes).
    Removing stm32g4xx_hal_cortex.o(i.HAL_NVIC_GetPriority), (82 bytes).
    Removing stm32g4xx_hal_cortex.o(i.HAL_NVIC_GetPriorityGrouping), (16 bytes).
    Removing stm32g4xx_hal_cortex.o(i.HAL_NVIC_SetPendingIRQ), (26 bytes).
    Removing stm32g4xx_hal_cortex.o(i.HAL_NVIC_SystemReset), (36 bytes).
    Removing stm32g4xx_hal_cortex.o(i.HAL_SYSTICK_CLKSourceConfig), (24 bytes).
    Removing stm32g4xx_hal_cortex.o(i.HAL_SYSTICK_Callback), (2 bytes).
    Removing stm32g4xx_hal_cortex.o(i.HAL_SYSTICK_IRQHandler), (8 bytes).
    Removing stm32g4xx_hal_dac.o(.rev16_text), (4 bytes).
    Removing stm32g4xx_hal_dac.o(.revsh_text), (4 bytes).
    Removing stm32g4xx_hal_dac.o(.rrx_text), (6 bytes).
    Removing stm32g4xx_hal_dac.o(i.DAC_DMAConvCpltCh1), (16 bytes).
    Removing stm32g4xx_hal_dac.o(i.DAC_DMAErrorCh1), (24 bytes).
    Removing stm32g4xx_hal_dac.o(i.DAC_DMAHalfConvCpltCh1), (10 bytes).
    Removing stm32g4xx_hal_dac.o(i.HAL_DAC_ConvCpltCallbackCh1), (2 bytes).
    Removing stm32g4xx_hal_dac.o(i.HAL_DAC_ConvHalfCpltCallbackCh1), (2 bytes).
    Removing stm32g4xx_hal_dac.o(i.HAL_DAC_DMAUnderrunCallbackCh1), (2 bytes).
    Removing stm32g4xx_hal_dac.o(i.HAL_DAC_DeInit), (30 bytes).
    Removing stm32g4xx_hal_dac.o(i.HAL_DAC_ErrorCallbackCh1), (2 bytes).
    Removing stm32g4xx_hal_dac.o(i.HAL_DAC_GetError), (4 bytes).
    Removing stm32g4xx_hal_dac.o(i.HAL_DAC_GetState), (4 bytes).
    Removing stm32g4xx_hal_dac.o(i.HAL_DAC_GetValue), (12 bytes).
    Removing stm32g4xx_hal_dac.o(i.HAL_DAC_IRQHandler), (104 bytes).
    Removing stm32g4xx_hal_dac.o(i.HAL_DAC_MspDeInit), (2 bytes).
    Removing stm32g4xx_hal_dac.o(i.HAL_DAC_MspInit), (2 bytes).
    Removing stm32g4xx_hal_dac.o(i.HAL_DAC_Start_DMA), (284 bytes).
    Removing stm32g4xx_hal_dac.o(i.HAL_DAC_Stop), (34 bytes).
    Removing stm32g4xx_hal_dac.o(i.HAL_DAC_Stop_DMA), (84 bytes).
    Removing stm32g4xx_hal_dac_ex.o(.rev16_text), (4 bytes).
    Removing stm32g4xx_hal_dac_ex.o(.revsh_text), (4 bytes).
    Removing stm32g4xx_hal_dac_ex.o(.rrx_text), (6 bytes).
    Removing stm32g4xx_hal_dac_ex.o(i.DAC_DMAConvCpltCh2), (16 bytes).
    Removing stm32g4xx_hal_dac_ex.o(i.DAC_DMAErrorCh2), (24 bytes).
    Removing stm32g4xx_hal_dac_ex.o(i.DAC_DMAHalfConvCpltCh2), (10 bytes).
    Removing stm32g4xx_hal_dac_ex.o(i.HAL_DACEx_ConvCpltCallbackCh2), (2 bytes).
    Removing stm32g4xx_hal_dac_ex.o(i.HAL_DACEx_ConvHalfCpltCallbackCh2), (2 bytes).
    Removing stm32g4xx_hal_dac_ex.o(i.HAL_DACEx_DMAUnderrunCallbackCh2), (2 bytes).
    Removing stm32g4xx_hal_dac_ex.o(i.HAL_DACEx_DualGetValue), (12 bytes).
    Removing stm32g4xx_hal_dac_ex.o(i.HAL_DACEx_DualSetValue), (24 bytes).
    Removing stm32g4xx_hal_dac_ex.o(i.HAL_DACEx_DualStart), (94 bytes).
    Removing stm32g4xx_hal_dac_ex.o(i.HAL_DACEx_DualStart_DMA), (224 bytes).
    Removing stm32g4xx_hal_dac_ex.o(i.HAL_DACEx_DualStop), (38 bytes).
    Removing stm32g4xx_hal_dac_ex.o(i.HAL_DACEx_DualStop_DMA), (88 bytes).
    Removing stm32g4xx_hal_dac_ex.o(i.HAL_DACEx_ErrorCallbackCh2), (2 bytes).
    Removing stm32g4xx_hal_dac_ex.o(i.HAL_DACEx_GetTrimOffset), (18 bytes).
    Removing stm32g4xx_hal_dac_ex.o(i.HAL_DACEx_NoiseWaveGenerate), (56 bytes).
    Removing stm32g4xx_hal_dac_ex.o(i.HAL_DACEx_SawtoothWaveDataReset), (68 bytes).
    Removing stm32g4xx_hal_dac_ex.o(i.HAL_DACEx_SawtoothWaveDataStep), (70 bytes).
    Removing stm32g4xx_hal_dac_ex.o(i.HAL_DACEx_SawtoothWaveGenerate), (82 bytes).
    Removing stm32g4xx_hal_dac_ex.o(i.HAL_DACEx_SelfCalibrate), (276 bytes).
    Removing stm32g4xx_hal_dac_ex.o(i.HAL_DACEx_SetUserTrimming), (64 bytes).
    Removing stm32g4xx_hal_dac_ex.o(i.HAL_DACEx_TriangleWaveGenerate), (56 bytes).
    Removing stm32g4xx_hal_tim.o(.rev16_text), (4 bytes).
    Removing stm32g4xx_hal_tim.o(.revsh_text), (4 bytes).
    Removing stm32g4xx_hal_tim.o(.rrx_text), (6 bytes).
    Removing stm32g4xx_hal_tim_ex.o(.rev16_text), (4 bytes).
    Removing stm32g4xx_hal_tim_ex.o(.revsh_text), (4 bytes).
    Removing stm32g4xx_hal_tim_ex.o(.rrx_text), (6 bytes).
    Removing system_stm32g4xx.o(.rev16_text), (4 bytes).
    Removing system_stm32g4xx.o(.revsh_text), (4 bytes).
    Removing system_stm32g4xx.o(.rrx_text), (6 bytes).
    Removing system_stm32g4xx.o(i.SystemCoreClockUpdate), (128 bytes).
    Removing system_stm32g4xx.o(.constdata), (8 bytes).

356 unused section(s) (total 19770 bytes) removed from the image.

==============================================================================

Image Symbol Table

    Local Symbols

    Symbol Name                              Value     Ov Type        Size  Object(Section)

    ../Core/Src/adc.c                        0x00000000   Number         0  adc.o ABSOLUTE
    ../Core/Src/dac.c                        0x00000000   Number         0  dac.o ABSOLUTE
    ../Core/Src/dma.c                        0x00000000   Number         0  dma.o ABSOLUTE
    ../Core/Src/gpio.c                       0x00000000   Number         0  gpio.o ABSOLUTE
    ../Core/Src/main.c                       0x00000000   Number         0  main.o ABSOLUTE
    ../Core/Src/stm32g4xx_hal_msp.c          0x00000000   Number         0  stm32g4xx_hal_msp.o ABSOLUTE
    ../Core/Src/stm32g4xx_it.c               0x00000000   Number         0  stm32g4xx_it.o ABSOLUTE
    ../Core/Src/system_stm32g4xx.c           0x00000000   Number         0  system_stm32g4xx.o ABSOLUTE
    ../Drivers/STM32G4xx_HAL_Driver/Src/stm32g4xx_hal.c 0x00000000   Number         0  stm32g4xx_hal.o ABSOLUTE
    ../Drivers/STM32G4xx_HAL_Driver/Src/stm32g4xx_hal_adc.c 0x00000000   Number         0  stm32g4xx_hal_adc.o ABSOLUTE
    ../Drivers/STM32G4xx_HAL_Driver/Src/stm32g4xx_hal_adc_ex.c 0x00000000   Number         0  stm32g4xx_hal_adc_ex.o ABSOLUTE
    ../Drivers/STM32G4xx_HAL_Driver/Src/stm32g4xx_hal_cortex.c 0x00000000   Number         0  stm32g4xx_hal_cortex.o ABSOLUTE
    ../Drivers/STM32G4xx_HAL_Driver/Src/stm32g4xx_hal_dac.c 0x00000000   Number         0  stm32g4xx_hal_dac.o ABSOLUTE
    ../Drivers/STM32G4xx_HAL_Driver/Src/stm32g4xx_hal_dac_ex.c 0x00000000   Number         0  stm32g4xx_hal_dac_ex.o ABSOLUTE
    ../Drivers/STM32G4xx_HAL_Driver/Src/stm32g4xx_hal_dma.c 0x00000000   Number         0  stm32g4xx_hal_dma.o ABSOLUTE
    ../Drivers/STM32G4xx_HAL_Driver/Src/stm32g4xx_hal_dma_ex.c 0x00000000   Number         0  stm32g4xx_hal_dma_ex.o ABSOLUTE
    ../Drivers/STM32G4xx_HAL_Driver/Src/stm32g4xx_hal_exti.c 0x00000000   Number         0  stm32g4xx_hal_exti.o ABSOLUTE
    ../Drivers/STM32G4xx_HAL_Driver/Src/stm32g4xx_hal_flash.c 0x00000000   Number         0  stm32g4xx_hal_flash.o ABSOLUTE
    ../Drivers/STM32G4xx_HAL_Driver/Src/stm32g4xx_hal_flash_ex.c 0x00000000   Number         0  stm32g4xx_hal_flash_ex.o ABSOLUTE
    ../Drivers/STM32G4xx_HAL_Driver/Src/stm32g4xx_hal_flash_ramfunc.c 0x00000000   Number         0  stm32g4xx_hal_flash_ramfunc.o ABSOLUTE
    ../Drivers/STM32G4xx_HAL_Driver/Src/stm32g4xx_hal_gpio.c 0x00000000   Number         0  stm32g4xx_hal_gpio.o ABSOLUTE
    ../Drivers/STM32G4xx_HAL_Driver/Src/stm32g4xx_hal_pwr.c 0x00000000   Number         0  stm32g4xx_hal_pwr.o ABSOLUTE
    ../Drivers/STM32G4xx_HAL_Driver/Src/stm32g4xx_hal_pwr_ex.c 0x00000000   Number         0  stm32g4xx_hal_pwr_ex.o ABSOLUTE
    ../Drivers/STM32G4xx_HAL_Driver/Src/stm32g4xx_hal_rcc.c 0x00000000   Number         0  stm32g4xx_hal_rcc.o ABSOLUTE
    ../Drivers/STM32G4xx_HAL_Driver/Src/stm32g4xx_hal_rcc_ex.c 0x00000000   Number         0  stm32g4xx_hal_rcc_ex.o ABSOLUTE
    ../Drivers/STM32G4xx_HAL_Driver/Src/stm32g4xx_hal_tim.c 0x00000000   Number         0  stm32g4xx_hal_tim.o ABSOLUTE
    ../Drivers/STM32G4xx_HAL_Driver/Src/stm32g4xx_hal_tim_ex.c 0x00000000   Number         0  stm32g4xx_hal_tim_ex.o ABSOLUTE
    ../Drivers/STM32G4xx_HAL_Driver/Src/stm32g4xx_ll_adc.c 0x00000000   Number         0  stm32g4xx_ll_adc.o ABSOLUTE
    ../clib/angel/boardlib.s                 0x00000000   Number         0  boardinit2.o ABSOLUTE
    ../clib/angel/boardlib.s                 0x00000000   Number         0  boardinit1.o ABSOLUTE
    ../clib/angel/boardlib.s                 0x00000000   Number         0  boardinit3.o ABSOLUTE
    ../clib/angel/boardlib.s                 0x00000000   Number         0  boardshut.o ABSOLUTE
    ../clib/angel/handlers.s                 0x00000000   Number         0  __scatter_zi.o ABSOLUTE
    ../clib/angel/handlers.s                 0x00000000   Number         0  __scatter_copy.o ABSOLUTE
    ../clib/angel/kernel.s                   0x00000000   Number         0  __rtentry.o ABSOLUTE
    ../clib/angel/kernel.s                   0x00000000   Number         0  __rtentry2.o ABSOLUTE
    ../clib/angel/kernel.s                   0x00000000   Number         0  __rtentry4.o ABSOLUTE
    ../clib/angel/kernel.s                   0x00000000   Number         0  rtexit.o ABSOLUTE
    ../clib/angel/kernel.s                   0x00000000   Number         0  rtexit2.o ABSOLUTE
    ../clib/angel/rt.s                       0x00000000   Number         0  rt_raise.o ABSOLUTE
    ../clib/angel/scatter.s                  0x00000000   Number         0  __scatter.o ABSOLUTE
    ../clib/angel/startup.s                  0x00000000   Number         0  __main.o ABSOLUTE
    ../clib/angel/sys.s                      0x00000000   Number         0  indicate_semi.o ABSOLUTE
    ../clib/angel/sys.s                      0x00000000   Number         0  use_no_semi.o ABSOLUTE
    ../clib/angel/sys.s                      0x00000000   Number         0  sys_stackheap_outer.o ABSOLUTE
    ../clib/angel/sys.s                      0x00000000   Number         0  libspace.o ABSOLUTE
    ../clib/angel/sysapp.c                   0x00000000   Number         0  sys_exit.o ABSOLUTE
    ../clib/angel/sysapp.c                   0x00000000   Number         0  sys_command.o ABSOLUTE
    ../clib/angel/sysapp.c                   0x00000000   Number         0  sys_wrch.o ABSOLUTE
    ../clib/armsys.c                         0x00000000   Number         0  argv_veneer.o ABSOLUTE
    ../clib/armsys.c                         0x00000000   Number         0  argv_veneer.o ABSOLUTE
    ../clib/armsys.c                         0x00000000   Number         0  no_argv.o ABSOLUTE
    ../clib/armsys.c                         0x00000000   Number         0  _get_argv_nomalloc.o ABSOLUTE
    ../clib/heapalloc.c                      0x00000000   Number         0  hrguard.o ABSOLUTE
    ../clib/heapaux.c                        0x00000000   Number         0  heapauxi.o ABSOLUTE
    ../clib/libinit.s                        0x00000000   Number         0  libinit2.o ABSOLUTE
    ../clib/libinit.s                        0x00000000   Number         0  libshutdown.o ABSOLUTE
    ../clib/libinit.s                        0x00000000   Number         0  libinit.o ABSOLUTE
    ../clib/libinit.s                        0x00000000   Number         0  libshutdown2.o ABSOLUTE
    ../clib/memcpset.s                       0x00000000   Number         0  rt_memclr_w.o ABSOLUTE
    ../clib/signal.c                         0x00000000   Number         0  defsig_fpe_inner.o ABSOLUTE
    ../clib/signal.c                         0x00000000   Number         0  defsig_rtred_inner.o ABSOLUTE
    ../clib/signal.c                         0x00000000   Number         0  defsig_stak_inner.o ABSOLUTE
    ../clib/signal.c                         0x00000000   Number         0  defsig_pvfn_inner.o ABSOLUTE
    ../clib/signal.c                         0x00000000   Number         0  defsig_cppl_inner.o ABSOLUTE
    ../clib/signal.c                         0x00000000   Number         0  defsig_segv_inner.o ABSOLUTE
    ../clib/signal.c                         0x00000000   Number         0  defsig_general.o ABSOLUTE
    ../clib/signal.c                         0x00000000   Number         0  defsig_other.o ABSOLUTE
    ../clib/signal.c                         0x00000000   Number         0  __raise.o ABSOLUTE
    ../clib/signal.c                         0x00000000   Number         0  defsig_exit.o ABSOLUTE
    ../clib/signal.c                         0x00000000   Number         0  defsig_rtmem_formal.o ABSOLUTE
    ../clib/signal.c                         0x00000000   Number         0  defsig_rtmem_outer.o ABSOLUTE
    ../clib/signal.c                         0x00000000   Number         0  defsig_rtmem_inner.o ABSOLUTE
    ../clib/signal.c                         0x00000000   Number         0  defsig_abrt_inner.o ABSOLUTE
    ../clib/signal.s                         0x00000000   Number         0  defsig.o ABSOLUTE
    ../clib/stdlib.c                         0x00000000   Number         0  exit.o ABSOLUTE
    ../fplib/fpinit.s                        0x00000000   Number         0  fpinit.o ABSOLUTE
    ..\Core\Src\adc.c                        0x00000000   Number         0  adc.o ABSOLUTE
    ..\Core\Src\dac.c                        0x00000000   Number         0  dac.o ABSOLUTE
    ..\Core\Src\dma.c                        0x00000000   Number         0  dma.o ABSOLUTE
    ..\Core\Src\gpio.c                       0x00000000   Number         0  gpio.o ABSOLUTE
    ..\Core\Src\main.c                       0x00000000   Number         0  main.o ABSOLUTE
    ..\Core\Src\stm32g4xx_hal_msp.c          0x00000000   Number         0  stm32g4xx_hal_msp.o ABSOLUTE
    ..\Core\Src\stm32g4xx_it.c               0x00000000   Number         0  stm32g4xx_it.o ABSOLUTE
    ..\Core\Src\system_stm32g4xx.c           0x00000000   Number         0  system_stm32g4xx.o ABSOLUTE
    ..\Drivers\STM32G4xx_HAL_Driver\Src\stm32g4xx_hal.c 0x00000000   Number         0  stm32g4xx_hal.o ABSOLUTE
    ..\Drivers\STM32G4xx_HAL_Driver\Src\stm32g4xx_hal_adc.c 0x00000000   Number         0  stm32g4xx_hal_adc.o ABSOLUTE
    ..\Drivers\STM32G4xx_HAL_Driver\Src\stm32g4xx_hal_adc_ex.c 0x00000000   Number         0  stm32g4xx_hal_adc_ex.o ABSOLUTE
    ..\Drivers\STM32G4xx_HAL_Driver\Src\stm32g4xx_hal_cortex.c 0x00000000   Number         0  stm32g4xx_hal_cortex.o ABSOLUTE
    ..\Drivers\STM32G4xx_HAL_Driver\Src\stm32g4xx_hal_dac.c 0x00000000   Number         0  stm32g4xx_hal_dac.o ABSOLUTE
    ..\Drivers\STM32G4xx_HAL_Driver\Src\stm32g4xx_hal_dac_ex.c 0x00000000   Number         0  stm32g4xx_hal_dac_ex.o ABSOLUTE
    ..\Drivers\STM32G4xx_HAL_Driver\Src\stm32g4xx_hal_dma.c 0x00000000   Number         0  stm32g4xx_hal_dma.o ABSOLUTE
    ..\Drivers\STM32G4xx_HAL_Driver\Src\stm32g4xx_hal_dma_ex.c 0x00000000   Number         0  stm32g4xx_hal_dma_ex.o ABSOLUTE
    ..\Drivers\STM32G4xx_HAL_Driver\Src\stm32g4xx_hal_exti.c 0x00000000   Number         0  stm32g4xx_hal_exti.o ABSOLUTE
    ..\Drivers\STM32G4xx_HAL_Driver\Src\stm32g4xx_hal_flash.c 0x00000000   Number         0  stm32g4xx_hal_flash.o ABSOLUTE
    ..\Drivers\STM32G4xx_HAL_Driver\Src\stm32g4xx_hal_flash_ex.c 0x00000000   Number         0  stm32g4xx_hal_flash_ex.o ABSOLUTE
    ..\Drivers\STM32G4xx_HAL_Driver\Src\stm32g4xx_hal_flash_ramfunc.c 0x00000000   Number         0  stm32g4xx_hal_flash_ramfunc.o ABSOLUTE
    ..\Drivers\STM32G4xx_HAL_Driver\Src\stm32g4xx_hal_gpio.c 0x00000000   Number         0  stm32g4xx_hal_gpio.o ABSOLUTE
    ..\Drivers\STM32G4xx_HAL_Driver\Src\stm32g4xx_hal_pwr.c 0x00000000   Number         0  stm32g4xx_hal_pwr.o ABSOLUTE
    ..\Drivers\STM32G4xx_HAL_Driver\Src\stm32g4xx_hal_pwr_ex.c 0x00000000   Number         0  stm32g4xx_hal_pwr_ex.o ABSOLUTE
    ..\Drivers\STM32G4xx_HAL_Driver\Src\stm32g4xx_hal_rcc.c 0x00000000   Number         0  stm32g4xx_hal_rcc.o ABSOLUTE
    ..\Drivers\STM32G4xx_HAL_Driver\Src\stm32g4xx_hal_rcc_ex.c 0x00000000   Number         0  stm32g4xx_hal_rcc_ex.o ABSOLUTE
    ..\Drivers\STM32G4xx_HAL_Driver\Src\stm32g4xx_hal_tim.c 0x00000000   Number         0  stm32g4xx_hal_tim.o ABSOLUTE
    ..\Drivers\STM32G4xx_HAL_Driver\Src\stm32g4xx_hal_tim_ex.c 0x00000000   Number         0  stm32g4xx_hal_tim_ex.o ABSOLUTE
    dc.s                                     0x00000000   Number         0  dc.o ABSOLUTE
    startup_stm32g431xx.s                    0x00000000   Number         0  startup_stm32g431xx.o ABSOLUTE
    RESET                                    0x08000000   Section      472  startup_stm32g431xx.o(RESET)
    !!!main                                  0x080001d8   Section        8  __main.o(!!!main)
    !!!scatter                               0x080001e0   Section       52  __scatter.o(!!!scatter)
    !!handler_copy                           0x08000214   Section       26  __scatter_copy.o(!!handler_copy)
    !!handler_zi                             0x08000230   Section       28  __scatter_zi.o(!!handler_zi)
    .ARM.Collect$$libinit$$00000000          0x0800024c   Section        2  libinit.o(.ARM.Collect$$libinit$$00000000)
    .ARM.Collect$$libinit$$00000001          0x0800024e   Section        4  libinit2.o(.ARM.Collect$$libinit$$00000001)
    .ARM.Collect$$libinit$$00000004          0x08000252   Section        0  libinit2.o(.ARM.Collect$$libinit$$00000004)
    .ARM.Collect$$libinit$$0000000A          0x08000252   Section        0  libinit2.o(.ARM.Collect$$libinit$$0000000A)
    .ARM.Collect$$libinit$$0000000C          0x08000252   Section        0  libinit2.o(.ARM.Collect$$libinit$$0000000C)
    .ARM.Collect$$libinit$$0000000E          0x08000252   Section        0  libinit2.o(.ARM.Collect$$libinit$$0000000E)
    .ARM.Collect$$libinit$$00000011          0x08000252   Section        0  libinit2.o(.ARM.Collect$$libinit$$00000011)
    .ARM.Collect$$libinit$$00000013          0x08000252   Section        0  libinit2.o(.ARM.Collect$$libinit$$00000013)
    .ARM.Collect$$libinit$$00000015          0x08000252   Section        0  libinit2.o(.ARM.Collect$$libinit$$00000015)
    .ARM.Collect$$libinit$$00000017          0x08000252   Section        0  libinit2.o(.ARM.Collect$$libinit$$00000017)
    .ARM.Collect$$libinit$$00000019          0x08000252   Section        0  libinit2.o(.ARM.Collect$$libinit$$00000019)
    .ARM.Collect$$libinit$$0000001B          0x08000252   Section        0  libinit2.o(.ARM.Collect$$libinit$$0000001B)
    .ARM.Collect$$libinit$$0000001D          0x08000252   Section        0  libinit2.o(.ARM.Collect$$libinit$$0000001D)
    .ARM.Collect$$libinit$$0000001F          0x08000252   Section        0  libinit2.o(.ARM.Collect$$libinit$$0000001F)
    .ARM.Collect$$libinit$$00000021          0x08000252   Section        0  libinit2.o(.ARM.Collect$$libinit$$00000021)
    .ARM.Collect$$libinit$$00000023          0x08000252   Section        0  libinit2.o(.ARM.Collect$$libinit$$00000023)
    .ARM.Collect$$libinit$$00000025          0x08000252   Section        0  libinit2.o(.ARM.Collect$$libinit$$00000025)
    .ARM.Collect$$libinit$$0000002C          0x08000252   Section        0  libinit2.o(.ARM.Collect$$libinit$$0000002C)
    .ARM.Collect$$libinit$$0000002E          0x08000252   Section        0  libinit2.o(.ARM.Collect$$libinit$$0000002E)
    .ARM.Collect$$libinit$$00000030          0x08000252   Section        0  libinit2.o(.ARM.Collect$$libinit$$00000030)
    .ARM.Collect$$libinit$$00000032          0x08000252   Section        0  libinit2.o(.ARM.Collect$$libinit$$00000032)
    .ARM.Collect$$libinit$$00000033          0x08000252   Section        2  libinit2.o(.ARM.Collect$$libinit$$00000033)
    .ARM.Collect$$libshutdown$$00000000      0x08000254   Section        2  libshutdown.o(.ARM.Collect$$libshutdown$$00000000)
    .ARM.Collect$$libshutdown$$00000002      0x08000256   Section        0  libshutdown2.o(.ARM.Collect$$libshutdown$$00000002)
    .ARM.Collect$$libshutdown$$00000004      0x08000256   Section        0  libshutdown2.o(.ARM.Collect$$libshutdown$$00000004)
    .ARM.Collect$$libshutdown$$00000007      0x08000256   Section        0  libshutdown2.o(.ARM.Collect$$libshutdown$$00000007)
    .ARM.Collect$$libshutdown$$0000000A      0x08000256   Section        0  libshutdown2.o(.ARM.Collect$$libshutdown$$0000000A)
    .ARM.Collect$$libshutdown$$0000000C      0x08000256   Section        0  libshutdown2.o(.ARM.Collect$$libshutdown$$0000000C)
    .ARM.Collect$$libshutdown$$0000000F      0x08000256   Section        0  libshutdown2.o(.ARM.Collect$$libshutdown$$0000000F)
    .ARM.Collect$$libshutdown$$00000010      0x08000256   Section        2  libshutdown2.o(.ARM.Collect$$libshutdown$$00000010)
    .ARM.Collect$$rtentry$$00000000          0x08000258   Section        0  __rtentry.o(.ARM.Collect$$rtentry$$00000000)
    .ARM.Collect$$rtentry$$00000002          0x08000258   Section        0  __rtentry2.o(.ARM.Collect$$rtentry$$00000002)
    .ARM.Collect$$rtentry$$00000004          0x08000258   Section        6  __rtentry4.o(.ARM.Collect$$rtentry$$00000004)
    .ARM.Collect$$rtentry$$00000009          0x0800025e   Section        0  __rtentry2.o(.ARM.Collect$$rtentry$$00000009)
    .ARM.Collect$$rtentry$$0000000A          0x0800025e   Section        4  __rtentry2.o(.ARM.Collect$$rtentry$$0000000A)
    .ARM.Collect$$rtentry$$0000000C          0x08000262   Section        0  __rtentry2.o(.ARM.Collect$$rtentry$$0000000C)
    .ARM.Collect$$rtentry$$0000000D          0x08000262   Section        8  __rtentry2.o(.ARM.Collect$$rtentry$$0000000D)
    .ARM.Collect$$rtexit$$00000000           0x0800026a   Section        2  rtexit.o(.ARM.Collect$$rtexit$$00000000)
    .ARM.Collect$$rtexit$$00000002           0x0800026c   Section        0  rtexit2.o(.ARM.Collect$$rtexit$$00000002)
    .ARM.Collect$$rtexit$$00000003           0x0800026c   Section        4  rtexit2.o(.ARM.Collect$$rtexit$$00000003)
    .ARM.Collect$$rtexit$$00000004           0x08000270   Section        6  rtexit2.o(.ARM.Collect$$rtexit$$00000004)
    .text                                    0x08000278   Section       64  startup_stm32g431xx.o(.text)
    $v0                                      0x08000278   Number         0  startup_stm32g431xx.o(.text)
    .text                                    0x080002b8   Section       78  rt_memclr_w.o(.text)
    .text                                    0x08000306   Section        0  heapauxi.o(.text)
    .text                                    0x0800030c   Section       74  sys_stackheap_outer.o(.text)
    .text                                    0x08000356   Section        0  exit.o(.text)
    .text                                    0x08000368   Section        8  libspace.o(.text)
    .text                                    0x08000370   Section        0  sys_exit.o(.text)
    .text                                    0x0800037c   Section        2  use_no_semi.o(.text)
    .text                                    0x0800037e   Section        0  indicate_semi.o(.text)
    i.ADC_DMAConvCplt                        0x0800037e   Section        0  stm32g4xx_hal_adc.o(i.ADC_DMAConvCplt)
    i.ADC_DMAError                           0x080003e6   Section        0  stm32g4xx_hal_adc.o(i.ADC_DMAError)
    i.ADC_DMAHalfConvCplt                    0x08000400   Section        0  stm32g4xx_hal_adc.o(i.ADC_DMAHalfConvCplt)
    i.ADC_Enable                             0x0800040c   Section        0  stm32g4xx_hal_adc.o(i.ADC_Enable)
    i.BusFault_Handler                       0x08000480   Section        0  stm32g4xx_it.o(i.BusFault_Handler)
    i.DMA1_Channel1_IRQHandler               0x08000484   Section        0  stm32g4xx_it.o(i.DMA1_Channel1_IRQHandler)
    i.DMA1_Channel2_IRQHandler               0x08000490   Section        0  stm32g4xx_it.o(i.DMA1_Channel2_IRQHandler)
    i.DMA_CalcDMAMUXChannelBaseAndMask       0x0800049c   Section        0  stm32g4xx_hal_dma.o(i.DMA_CalcDMAMUXChannelBaseAndMask)
    DMA_CalcDMAMUXChannelBaseAndMask         0x0800049d   Thumb Code    54  stm32g4xx_hal_dma.o(i.DMA_CalcDMAMUXChannelBaseAndMask)
    i.DMA_CalcDMAMUXRequestGenBaseAndMask    0x080004dc   Section        0  stm32g4xx_hal_dma.o(i.DMA_CalcDMAMUXRequestGenBaseAndMask)
    DMA_CalcDMAMUXRequestGenBaseAndMask      0x080004dd   Thumb Code    30  stm32g4xx_hal_dma.o(i.DMA_CalcDMAMUXRequestGenBaseAndMask)
    i.DMA_SetConfig                          0x08000500   Section        0  stm32g4xx_hal_dma.o(i.DMA_SetConfig)
    DMA_SetConfig                            0x08000501   Thumb Code    62  stm32g4xx_hal_dma.o(i.DMA_SetConfig)
    i.DebugMon_Handler                       0x0800053e   Section        0  stm32g4xx_it.o(i.DebugMon_Handler)
    i.Error_Handler                          0x08000540   Section        0  main.o(i.Error_Handler)
    i.HAL_ADCEx_MultiModeConfigChannel       0x08000544   Section        0  stm32g4xx_hal_adc_ex.o(i.HAL_ADCEx_MultiModeConfigChannel)
    i.HAL_ADC_ConfigChannel                  0x0800061c   Section        0  stm32g4xx_hal_adc.o(i.HAL_ADC_ConfigChannel)
    i.HAL_ADC_ConvCpltCallback               0x08000a34   Section        0  stm32g4xx_hal_adc.o(i.HAL_ADC_ConvCpltCallback)
    i.HAL_ADC_ConvHalfCpltCallback           0x08000a36   Section        0  stm32g4xx_hal_adc.o(i.HAL_ADC_ConvHalfCpltCallback)
    i.HAL_ADC_ErrorCallback                  0x08000a38   Section        0  stm32g4xx_hal_adc.o(i.HAL_ADC_ErrorCallback)
    i.HAL_ADC_Init                           0x08000a3c   Section        0  stm32g4xx_hal_adc.o(i.HAL_ADC_Init)
    i.HAL_ADC_MspInit                        0x08000c38   Section        0  adc.o(i.HAL_ADC_MspInit)
    i.HAL_ADC_Start_DMA                      0x08000d9c   Section        0  stm32g4xx_hal_adc.o(i.HAL_ADC_Start_DMA)
    i.HAL_DAC_ConfigChannel                  0x08000e8c   Section        0  stm32g4xx_hal_dac.o(i.HAL_DAC_ConfigChannel)
    i.HAL_DAC_Init                           0x08001040   Section        0  stm32g4xx_hal_dac.o(i.HAL_DAC_Init)
    i.HAL_DAC_MspInit                        0x08001068   Section        0  dac.o(i.HAL_DAC_MspInit)
    i.HAL_DAC_SetValue                       0x080010c4   Section        0  stm32g4xx_hal_dac.o(i.HAL_DAC_SetValue)
    i.HAL_DAC_Start                          0x080010de   Section        0  stm32g4xx_hal_dac.o(i.HAL_DAC_Start)
    i.HAL_DMA_IRQHandler                     0x08001146   Section        0  stm32g4xx_hal_dma.o(i.HAL_DMA_IRQHandler)
    i.HAL_DMA_Init                           0x08001200   Section        0  stm32g4xx_hal_dma.o(i.HAL_DMA_Init)
    i.HAL_DMA_Start_IT                       0x080012c0   Section        0  stm32g4xx_hal_dma.o(i.HAL_DMA_Start_IT)
    i.HAL_Delay                              0x0800134c   Section        0  stm32g4xx_hal.o(i.HAL_Delay)
    i.HAL_GPIO_Init                          0x08001370   Section        0  stm32g4xx_hal_gpio.o(i.HAL_GPIO_Init)
    i.HAL_GetTick                            0x080015b8   Section        0  stm32g4xx_hal.o(i.HAL_GetTick)
    i.HAL_IncTick                            0x080015c4   Section        0  stm32g4xx_hal.o(i.HAL_IncTick)
    i.HAL_Init                               0x080015d4   Section        0  stm32g4xx_hal.o(i.HAL_Init)
    i.HAL_InitTick                           0x080015f4   Section        0  stm32g4xx_hal.o(i.HAL_InitTick)
    i.HAL_MspInit                            0x08001638   Section        0  stm32g4xx_hal_msp.o(i.HAL_MspInit)
    i.HAL_NVIC_EnableIRQ                     0x08001668   Section        0  stm32g4xx_hal_cortex.o(i.HAL_NVIC_EnableIRQ)
    i.HAL_NVIC_SetPriority                   0x08001684   Section        0  stm32g4xx_hal_cortex.o(i.HAL_NVIC_SetPriority)
    i.HAL_NVIC_SetPriorityGrouping           0x080016c4   Section        0  stm32g4xx_hal_cortex.o(i.HAL_NVIC_SetPriorityGrouping)
    i.HAL_PWREx_ControlVoltageScaling        0x080016e8   Section        0  stm32g4xx_hal_pwr_ex.o(i.HAL_PWREx_ControlVoltageScaling)
    i.HAL_PWREx_DisableUCPDDeadBattery       0x080017a4   Section        0  stm32g4xx_hal_pwr_ex.o(i.HAL_PWREx_DisableUCPDDeadBattery)
    i.HAL_RCCEx_PeriphCLKConfig              0x080017b4   Section        0  stm32g4xx_hal_rcc_ex.o(i.HAL_RCCEx_PeriphCLKConfig)
    i.HAL_RCC_ClockConfig                    0x08001a3c   Section        0  stm32g4xx_hal_rcc.o(i.HAL_RCC_ClockConfig)
    i.HAL_RCC_GetHCLKFreq                    0x08001c18   Section        0  stm32g4xx_hal_rcc.o(i.HAL_RCC_GetHCLKFreq)
    i.HAL_RCC_GetSysClockFreq                0x08001c24   Section        0  stm32g4xx_hal_rcc.o(i.HAL_RCC_GetSysClockFreq)
    i.HAL_RCC_OscConfig                      0x08001c94   Section        0  stm32g4xx_hal_rcc.o(i.HAL_RCC_OscConfig)
    i.HAL_SYSTICK_Config                     0x080020a0   Section        0  stm32g4xx_hal_cortex.o(i.HAL_SYSTICK_Config)
    i.HardFault_Handler                      0x080020c8   Section        0  stm32g4xx_it.o(i.HardFault_Handler)
    i.LL_ADC_GetOffsetChannel                0x080020ca   Section        0  stm32g4xx_hal_adc.o(i.LL_ADC_GetOffsetChannel)
    LL_ADC_GetOffsetChannel                  0x080020cb   Thumb Code    12  stm32g4xx_hal_adc.o(i.LL_ADC_GetOffsetChannel)
    i.LL_ADC_INJ_IsConversionOngoing         0x080020d6   Section        0  stm32g4xx_hal_adc.o(i.LL_ADC_INJ_IsConversionOngoing)
    LL_ADC_INJ_IsConversionOngoing           0x080020d7   Thumb Code     8  stm32g4xx_hal_adc.o(i.LL_ADC_INJ_IsConversionOngoing)
    i.LL_ADC_REG_IsConversionOngoing         0x080020de   Section        0  stm32g4xx_hal_adc.o(i.LL_ADC_REG_IsConversionOngoing)
    LL_ADC_REG_IsConversionOngoing           0x080020df   Thumb Code     8  stm32g4xx_hal_adc.o(i.LL_ADC_REG_IsConversionOngoing)
    i.LL_ADC_REG_IsConversionOngoing         0x080020e6   Section        0  stm32g4xx_hal_adc_ex.o(i.LL_ADC_REG_IsConversionOngoing)
    LL_ADC_REG_IsConversionOngoing           0x080020e7   Thumb Code     8  stm32g4xx_hal_adc_ex.o(i.LL_ADC_REG_IsConversionOngoing)
    i.LL_ADC_REG_IsTriggerSourceSWStart      0x080020ee   Section        0  stm32g4xx_hal_adc.o(i.LL_ADC_REG_IsTriggerSourceSWStart)
    LL_ADC_REG_IsTriggerSourceSWStart        0x080020ef   Thumb Code    16  stm32g4xx_hal_adc.o(i.LL_ADC_REG_IsTriggerSourceSWStart)
    i.LL_ADC_SetChannelSamplingTime          0x080020fe   Section        0  stm32g4xx_hal_adc.o(i.LL_ADC_SetChannelSamplingTime)
    LL_ADC_SetChannelSamplingTime            0x080020ff   Thumb Code    30  stm32g4xx_hal_adc.o(i.LL_ADC_SetChannelSamplingTime)
    i.LL_ADC_SetOffsetState                  0x0800211c   Section        0  stm32g4xx_hal_adc.o(i.LL_ADC_SetOffsetState)
    LL_ADC_SetOffsetState                    0x0800211d   Thumb Code    16  stm32g4xx_hal_adc.o(i.LL_ADC_SetOffsetState)
    i.MX_ADC1_Init                           0x0800212c   Section        0  adc.o(i.MX_ADC1_Init)
    i.MX_ADC2_Init                           0x080021d8   Section        0  adc.o(i.MX_ADC2_Init)
    i.MX_DAC1_Init                           0x08002254   Section        0  dac.o(i.MX_DAC1_Init)
    i.MX_DMA_Init                            0x080022ac   Section        0  dma.o(i.MX_DMA_Init)
    i.MX_GPIO_Init                           0x080022f8   Section        0  gpio.o(i.MX_GPIO_Init)
    i.MemManage_Handler                      0x08002344   Section        0  stm32g4xx_it.o(i.MemManage_Handler)
    i.NMI_Handler                            0x08002346   Section        0  stm32g4xx_it.o(i.NMI_Handler)
    i.PendSV_Handler                         0x08002348   Section        0  stm32g4xx_it.o(i.PendSV_Handler)
    i.SVC_Handler                            0x0800234a   Section        0  stm32g4xx_it.o(i.SVC_Handler)
    i.SysTick_Handler                        0x0800234c   Section        0  stm32g4xx_it.o(i.SysTick_Handler)
    i.SystemClock_Config                     0x08002350   Section        0  main.o(i.SystemClock_Config)
    i.SystemInit                             0x080023b8   Section        0  system_stm32g4xx.o(i.SystemInit)
    i.UsageFault_Handler                     0x080023c8   Section        0  stm32g4xx_it.o(i.UsageFault_Handler)
    i.__NVIC_SetPriority                     0x080023ca   Section        0  stm32g4xx_hal_cortex.o(i.__NVIC_SetPriority)
    __NVIC_SetPriority                       0x080023cb   Thumb Code    32  stm32g4xx_hal_cortex.o(i.__NVIC_SetPriority)
    i.main                                   0x080023ec   Section        0  main.o(i.main)
    x$fpl$fpinit                             0x08002448   Section       10  fpinit.o(x$fpl$fpinit)
    $v0                                      0x08002448   Number         0  fpinit.o(x$fpl$fpinit)
    .constdata                               0x08002452   Section       16  system_stm32g4xx.o(.constdata)
    .data                                    0x20000000   Section        8  main.o(.data)
    .data                                    0x20000008   Section        4  adc.o(.data)
    HAL_RCC_ADC12_CLK_ENABLED                0x20000008   Data           4  adc.o(.data)
    .data                                    0x2000000c   Section       12  stm32g4xx_hal.o(.data)
    .data                                    0x20000018   Section        4  system_stm32g4xx.o(.data)
    .bss                                     0x2000001c   Section      408  adc.o(.bss)
    .bss                                     0x200001b4   Section       20  dac.o(.bss)
    .bss                                     0x200001c8   Section       96  libspace.o(.bss)
    HEAP                                     0x20000228   Section      512  startup_stm32g431xx.o(HEAP)
    Heap_Mem                                 0x20000228   Data         512  startup_stm32g431xx.o(HEAP)
    STACK                                    0x20000428   Section     1024  startup_stm32g431xx.o(STACK)
    Stack_Mem                                0x20000428   Data        1024  startup_stm32g431xx.o(STACK)
    __initial_sp                             0x20000828   Data           0  startup_stm32g431xx.o(STACK)

    Global Symbols

    Symbol Name                              Value     Ov Type        Size  Object(Section)

    BuildAttributes$$THM_ISAv4$E$P$D$K$B$S$7EM$VFPi3$EXTD16$VFPS$VFMA$PE$A:L22UL41UL21$X:L11$S22US41US21$IEEE1$IW$USESV6$~STKCKD$USESV7$~SHL$OSPACE$ROPI$EBA8$UX$STANDARDLIB$REQ8$PRES8$EABIv2 0x00000000   Number         0  anon$$obj.o ABSOLUTE
    __ARM_use_no_argv                        0x00000000   Number         0  main.o ABSOLUTE
    __ARM_exceptions_init                     - Undefined Weak Reference
    __alloca_initialize                       - Undefined Weak Reference
    __arm_preinit_                            - Undefined Weak Reference
    __cpp_initialize__aeabi_                  - Undefined Weak Reference
    __cxa_finalize                            - Undefined Weak Reference
    __rt_locale                               - Undefined Weak Reference
    __sigvec_lookup                           - Undefined Weak Reference
    _atexit_init                              - Undefined Weak Reference
    _call_atexit_fns                          - Undefined Weak Reference
    _clock_init                               - Undefined Weak Reference
    _fp_trap_init                             - Undefined Weak Reference
    _fp_trap_shutdown                         - Undefined Weak Reference
    _get_lc_collate                           - Undefined Weak Reference
    _get_lc_ctype                             - Undefined Weak Reference
    _get_lc_monetary                          - Undefined Weak Reference
    _get_lc_numeric                           - Undefined Weak Reference
    _get_lc_time                              - Undefined Weak Reference
    _getenv_init                              - Undefined Weak Reference
    _handle_redirection                       - Undefined Weak Reference
    _init_alloc                               - Undefined Weak Reference
    _init_user_alloc                          - Undefined Weak Reference
    _initio                                   - Undefined Weak Reference
    _rand_init                                - Undefined Weak Reference
    _signal_finish                            - Undefined Weak Reference
    _signal_init                              - Undefined Weak Reference
    _terminate_alloc                          - Undefined Weak Reference
    _terminate_user_alloc                     - Undefined Weak Reference
    _terminateio                              - Undefined Weak Reference
    __Vectors_Size                           0x000001d8   Number         0  startup_stm32g431xx.o ABSOLUTE
    __Vectors                                0x08000000   Data           4  startup_stm32g431xx.o(RESET)
    __Vectors_End                            0x080001d8   Data           0  startup_stm32g431xx.o(RESET)
    __main                                   0x080001d9   Thumb Code     8  __main.o(!!!main)
    __scatterload                            0x080001e1   Thumb Code     0  __scatter.o(!!!scatter)
    __scatterload_rt2                        0x080001e1   Thumb Code    44  __scatter.o(!!!scatter)
    __scatterload_rt2_thumb_only             0x080001e1   Thumb Code     0  __scatter.o(!!!scatter)
    __scatterload_null                       0x080001ef   Thumb Code     0  __scatter.o(!!!scatter)
    __scatterload_copy                       0x08000215   Thumb Code    26  __scatter_copy.o(!!handler_copy)
    __scatterload_zeroinit                   0x08000231   Thumb Code    28  __scatter_zi.o(!!handler_zi)
    __rt_lib_init                            0x0800024d   Thumb Code     0  libinit.o(.ARM.Collect$$libinit$$00000000)
    __rt_lib_init_fp_1                       0x0800024f   Thumb Code     0  libinit2.o(.ARM.Collect$$libinit$$00000001)
    __rt_lib_init_alloca_1                   0x08000253   Thumb Code     0  libinit2.o(.ARM.Collect$$libinit$$0000002E)
    __rt_lib_init_argv_1                     0x08000253   Thumb Code     0  libinit2.o(.ARM.Collect$$libinit$$0000002C)
    __rt_lib_init_atexit_1                   0x08000253   Thumb Code     0  libinit2.o(.ARM.Collect$$libinit$$0000001B)
    __rt_lib_init_clock_1                    0x08000253   Thumb Code     0  libinit2.o(.ARM.Collect$$libinit$$00000021)
    __rt_lib_init_cpp_1                      0x08000253   Thumb Code     0  libinit2.o(.ARM.Collect$$libinit$$00000032)
    __rt_lib_init_exceptions_1               0x08000253   Thumb Code     0  libinit2.o(.ARM.Collect$$libinit$$00000030)
    __rt_lib_init_fp_trap_1                  0x08000253   Thumb Code     0  libinit2.o(.ARM.Collect$$libinit$$0000001F)
    __rt_lib_init_getenv_1                   0x08000253   Thumb Code     0  libinit2.o(.ARM.Collect$$libinit$$00000023)
    __rt_lib_init_heap_1                     0x08000253   Thumb Code     0  libinit2.o(.ARM.Collect$$libinit$$0000000A)
    __rt_lib_init_lc_collate_1               0x08000253   Thumb Code     0  libinit2.o(.ARM.Collect$$libinit$$00000011)
    __rt_lib_init_lc_ctype_1                 0x08000253   Thumb Code     0  libinit2.o(.ARM.Collect$$libinit$$00000013)
    __rt_lib_init_lc_monetary_1              0x08000253   Thumb Code     0  libinit2.o(.ARM.Collect$$libinit$$00000015)
    __rt_lib_init_lc_numeric_1               0x08000253   Thumb Code     0  libinit2.o(.ARM.Collect$$libinit$$00000017)
    __rt_lib_init_lc_time_1                  0x08000253   Thumb Code     0  libinit2.o(.ARM.Collect$$libinit$$00000019)
    __rt_lib_init_preinit_1                  0x08000253   Thumb Code     0  libinit2.o(.ARM.Collect$$libinit$$00000004)
    __rt_lib_init_rand_1                     0x08000253   Thumb Code     0  libinit2.o(.ARM.Collect$$libinit$$0000000E)
    __rt_lib_init_return                     0x08000253   Thumb Code     0  libinit2.o(.ARM.Collect$$libinit$$00000033)
    __rt_lib_init_signal_1                   0x08000253   Thumb Code     0  libinit2.o(.ARM.Collect$$libinit$$0000001D)
    __rt_lib_init_stdio_1                    0x08000253   Thumb Code     0  libinit2.o(.ARM.Collect$$libinit$$00000025)
    __rt_lib_init_user_alloc_1               0x08000253   Thumb Code     0  libinit2.o(.ARM.Collect$$libinit$$0000000C)
    __rt_lib_shutdown                        0x08000255   Thumb Code     0  libshutdown.o(.ARM.Collect$$libshutdown$$00000000)
    __rt_lib_shutdown_cpp_1                  0x08000257   Thumb Code     0  libshutdown2.o(.ARM.Collect$$libshutdown$$00000002)
    __rt_lib_shutdown_fp_trap_1              0x08000257   Thumb Code     0  libshutdown2.o(.ARM.Collect$$libshutdown$$00000007)
    __rt_lib_shutdown_heap_1                 0x08000257   Thumb Code     0  libshutdown2.o(.ARM.Collect$$libshutdown$$0000000F)
    __rt_lib_shutdown_return                 0x08000257   Thumb Code     0  libshutdown2.o(.ARM.Collect$$libshutdown$$00000010)
    __rt_lib_shutdown_signal_1               0x08000257   Thumb Code     0  libshutdown2.o(.ARM.Collect$$libshutdown$$0000000A)
    __rt_lib_shutdown_stdio_1                0x08000257   Thumb Code     0  libshutdown2.o(.ARM.Collect$$libshutdown$$00000004)
    __rt_lib_shutdown_user_alloc_1           0x08000257   Thumb Code     0  libshutdown2.o(.ARM.Collect$$libshutdown$$0000000C)
    __rt_entry                               0x08000259   Thumb Code     0  __rtentry.o(.ARM.Collect$$rtentry$$00000000)
    __rt_entry_presh_1                       0x08000259   Thumb Code     0  __rtentry2.o(.ARM.Collect$$rtentry$$00000002)
    __rt_entry_sh                            0x08000259   Thumb Code     0  __rtentry4.o(.ARM.Collect$$rtentry$$00000004)
    __rt_entry_li                            0x0800025f   Thumb Code     0  __rtentry2.o(.ARM.Collect$$rtentry$$0000000A)
    __rt_entry_postsh_1                      0x0800025f   Thumb Code     0  __rtentry2.o(.ARM.Collect$$rtentry$$00000009)
    __rt_entry_main                          0x08000263   Thumb Code     0  __rtentry2.o(.ARM.Collect$$rtentry$$0000000D)
    __rt_entry_postli_1                      0x08000263   Thumb Code     0  __rtentry2.o(.ARM.Collect$$rtentry$$0000000C)
    __rt_exit                                0x0800026b   Thumb Code     0  rtexit.o(.ARM.Collect$$rtexit$$00000000)
    __rt_exit_ls                             0x0800026d   Thumb Code     0  rtexit2.o(.ARM.Collect$$rtexit$$00000003)
    __rt_exit_prels_1                        0x0800026d   Thumb Code     0  rtexit2.o(.ARM.Collect$$rtexit$$00000002)
    __rt_exit_exit                           0x08000271   Thumb Code     0  rtexit2.o(.ARM.Collect$$rtexit$$00000004)
    Reset_Handler                            0x08000279   Thumb Code     8  startup_stm32g431xx.o(.text)
    ADC1_2_IRQHandler                        0x08000293   Thumb Code     0  startup_stm32g431xx.o(.text)
    COMP1_2_3_IRQHandler                     0x08000293   Thumb Code     0  startup_stm32g431xx.o(.text)
    COMP4_IRQHandler                         0x08000293   Thumb Code     0  startup_stm32g431xx.o(.text)
    CORDIC_IRQHandler                        0x08000293   Thumb Code     0  startup_stm32g431xx.o(.text)
    CRS_IRQHandler                           0x08000293   Thumb Code     0  startup_stm32g431xx.o(.text)
    DMA1_Channel3_IRQHandler                 0x08000293   Thumb Code     0  startup_stm32g431xx.o(.text)
    DMA1_Channel4_IRQHandler                 0x08000293   Thumb Code     0  startup_stm32g431xx.o(.text)
    DMA1_Channel5_IRQHandler                 0x08000293   Thumb Code     0  startup_stm32g431xx.o(.text)
    DMA1_Channel6_IRQHandler                 0x08000293   Thumb Code     0  startup_stm32g431xx.o(.text)
    DMA2_Channel1_IRQHandler                 0x08000293   Thumb Code     0  startup_stm32g431xx.o(.text)
    DMA2_Channel2_IRQHandler                 0x08000293   Thumb Code     0  startup_stm32g431xx.o(.text)
    DMA2_Channel3_IRQHandler                 0x08000293   Thumb Code     0  startup_stm32g431xx.o(.text)
    DMA2_Channel4_IRQHandler                 0x08000293   Thumb Code     0  startup_stm32g431xx.o(.text)
    DMA2_Channel5_IRQHandler                 0x08000293   Thumb Code     0  startup_stm32g431xx.o(.text)
    DMA2_Channel6_IRQHandler                 0x08000293   Thumb Code     0  startup_stm32g431xx.o(.text)
    DMAMUX_OVR_IRQHandler                    0x08000293   Thumb Code     0  startup_stm32g431xx.o(.text)
    EXTI0_IRQHandler                         0x08000293   Thumb Code     0  startup_stm32g431xx.o(.text)
    EXTI15_10_IRQHandler                     0x08000293   Thumb Code     0  startup_stm32g431xx.o(.text)
    EXTI1_IRQHandler                         0x08000293   Thumb Code     0  startup_stm32g431xx.o(.text)
    EXTI2_IRQHandler                         0x08000293   Thumb Code     0  startup_stm32g431xx.o(.text)
    EXTI3_IRQHandler                         0x08000293   Thumb Code     0  startup_stm32g431xx.o(.text)
    EXTI4_IRQHandler                         0x08000293   Thumb Code     0  startup_stm32g431xx.o(.text)
    EXTI9_5_IRQHandler                       0x08000293   Thumb Code     0  startup_stm32g431xx.o(.text)
    FDCAN1_IT0_IRQHandler                    0x08000293   Thumb Code     0  startup_stm32g431xx.o(.text)
    FDCAN1_IT1_IRQHandler                    0x08000293   Thumb Code     0  startup_stm32g431xx.o(.text)
    FLASH_IRQHandler                         0x08000293   Thumb Code     0  startup_stm32g431xx.o(.text)
    FMAC_IRQHandler                          0x08000293   Thumb Code     0  startup_stm32g431xx.o(.text)
    FPU_IRQHandler                           0x08000293   Thumb Code     0  startup_stm32g431xx.o(.text)
    I2C1_ER_IRQHandler                       0x08000293   Thumb Code     0  startup_stm32g431xx.o(.text)
    I2C1_EV_IRQHandler                       0x08000293   Thumb Code     0  startup_stm32g431xx.o(.text)
    I2C2_ER_IRQHandler                       0x08000293   Thumb Code     0  startup_stm32g431xx.o(.text)
    I2C2_EV_IRQHandler                       0x08000293   Thumb Code     0  startup_stm32g431xx.o(.text)
    I2C3_ER_IRQHandler                       0x08000293   Thumb Code     0  startup_stm32g431xx.o(.text)
    I2C3_EV_IRQHandler                       0x08000293   Thumb Code     0  startup_stm32g431xx.o(.text)
    LPTIM1_IRQHandler                        0x08000293   Thumb Code     0  startup_stm32g431xx.o(.text)
    LPUART1_IRQHandler                       0x08000293   Thumb Code     0  startup_stm32g431xx.o(.text)
    PVD_PVM_IRQHandler                       0x08000293   Thumb Code     0  startup_stm32g431xx.o(.text)
    RCC_IRQHandler                           0x08000293   Thumb Code     0  startup_stm32g431xx.o(.text)
    RNG_IRQHandler                           0x08000293   Thumb Code     0  startup_stm32g431xx.o(.text)
    RTC_Alarm_IRQHandler                     0x08000293   Thumb Code     0  startup_stm32g431xx.o(.text)
    RTC_TAMP_LSECSS_IRQHandler               0x08000293   Thumb Code     0  startup_stm32g431xx.o(.text)
    RTC_WKUP_IRQHandler                      0x08000293   Thumb Code     0  startup_stm32g431xx.o(.text)
    SAI1_IRQHandler                          0x08000293   Thumb Code     0  startup_stm32g431xx.o(.text)
    SPI1_IRQHandler                          0x08000293   Thumb Code     0  startup_stm32g431xx.o(.text)
    SPI2_IRQHandler                          0x08000293   Thumb Code     0  startup_stm32g431xx.o(.text)
    SPI3_IRQHandler                          0x08000293   Thumb Code     0  startup_stm32g431xx.o(.text)
    TIM1_BRK_TIM15_IRQHandler                0x08000293   Thumb Code     0  startup_stm32g431xx.o(.text)
    TIM1_CC_IRQHandler                       0x08000293   Thumb Code     0  startup_stm32g431xx.o(.text)
    TIM1_TRG_COM_TIM17_IRQHandler            0x08000293   Thumb Code     0  startup_stm32g431xx.o(.text)
    TIM1_UP_TIM16_IRQHandler                 0x08000293   Thumb Code     0  startup_stm32g431xx.o(.text)
    TIM2_IRQHandler                          0x08000293   Thumb Code     0  startup_stm32g431xx.o(.text)
    TIM3_IRQHandler                          0x08000293   Thumb Code     0  startup_stm32g431xx.o(.text)
    TIM4_IRQHandler                          0x08000293   Thumb Code     0  startup_stm32g431xx.o(.text)
    TIM6_DAC_IRQHandler                      0x08000293   Thumb Code     0  startup_stm32g431xx.o(.text)
    TIM7_IRQHandler                          0x08000293   Thumb Code     0  startup_stm32g431xx.o(.text)
    TIM8_BRK_IRQHandler                      0x08000293   Thumb Code     0  startup_stm32g431xx.o(.text)
    TIM8_CC_IRQHandler                       0x08000293   Thumb Code     0  startup_stm32g431xx.o(.text)
    TIM8_TRG_COM_IRQHandler                  0x08000293   Thumb Code     0  startup_stm32g431xx.o(.text)
    TIM8_UP_IRQHandler                       0x08000293   Thumb Code     0  startup_stm32g431xx.o(.text)
    UART4_IRQHandler                         0x08000293   Thumb Code     0  startup_stm32g431xx.o(.text)
    UCPD1_IRQHandler                         0x08000293   Thumb Code     0  startup_stm32g431xx.o(.text)
    USART1_IRQHandler                        0x08000293   Thumb Code     0  startup_stm32g431xx.o(.text)
    USART2_IRQHandler                        0x08000293   Thumb Code     0  startup_stm32g431xx.o(.text)
    USART3_IRQHandler                        0x08000293   Thumb Code     0  startup_stm32g431xx.o(.text)
    USBWakeUp_IRQHandler                     0x08000293   Thumb Code     0  startup_stm32g431xx.o(.text)
    USB_HP_IRQHandler                        0x08000293   Thumb Code     0  startup_stm32g431xx.o(.text)
    USB_LP_IRQHandler                        0x08000293   Thumb Code     0  startup_stm32g431xx.o(.text)
    WWDG_IRQHandler                          0x08000293   Thumb Code     0  startup_stm32g431xx.o(.text)
    __user_initial_stackheap                 0x08000295   Thumb Code     0  startup_stm32g431xx.o(.text)
    __aeabi_memclr4                          0x080002b9   Thumb Code     0  rt_memclr_w.o(.text)
    __aeabi_memclr8                          0x080002b9   Thumb Code     0  rt_memclr_w.o(.text)
    __rt_memclr_w                            0x080002b9   Thumb Code    78  rt_memclr_w.o(.text)
    _memset_w                                0x080002bd   Thumb Code     0  rt_memclr_w.o(.text)
    __use_two_region_memory                  0x08000307   Thumb Code     2  heapauxi.o(.text)
    __rt_heap_escrow$2region                 0x08000309   Thumb Code     2  heapauxi.o(.text)
    __rt_heap_expand$2region                 0x0800030b   Thumb Code     2  heapauxi.o(.text)
    __user_setup_stackheap                   0x0800030d   Thumb Code    74  sys_stackheap_outer.o(.text)
    exit                                     0x08000357   Thumb Code    18  exit.o(.text)
    __user_libspace                          0x08000369   Thumb Code     8  libspace.o(.text)
    __user_perproc_libspace                  0x08000369   Thumb Code     0  libspace.o(.text)
    __user_perthread_libspace                0x08000369   Thumb Code     0  libspace.o(.text)
    _sys_exit                                0x08000371   Thumb Code     8  sys_exit.o(.text)
    __I$use$semihosting                      0x0800037d   Thumb Code     0  use_no_semi.o(.text)
    __use_no_semihosting_swi                 0x0800037d   Thumb Code     2  use_no_semi.o(.text)
    ADC_DMAConvCplt                          0x0800037f   Thumb Code   104  stm32g4xx_hal_adc.o(i.ADC_DMAConvCplt)
    __semihosting_library_function           0x0800037f   Thumb Code     0  indicate_semi.o(.text)
    ADC_DMAError                             0x080003e7   Thumb Code    26  stm32g4xx_hal_adc.o(i.ADC_DMAError)
    ADC_DMAHalfConvCplt                      0x08000401   Thumb Code    10  stm32g4xx_hal_adc.o(i.ADC_DMAHalfConvCplt)
    ADC_Enable                               0x0800040d   Thumb Code   110  stm32g4xx_hal_adc.o(i.ADC_Enable)
    BusFault_Handler                         0x08000481   Thumb Code     2  stm32g4xx_it.o(i.BusFault_Handler)
    DMA1_Channel1_IRQHandler                 0x08000485   Thumb Code     6  stm32g4xx_it.o(i.DMA1_Channel1_IRQHandler)
    DMA1_Channel2_IRQHandler                 0x08000491   Thumb Code     6  stm32g4xx_it.o(i.DMA1_Channel2_IRQHandler)
    DebugMon_Handler                         0x0800053f   Thumb Code     2  stm32g4xx_it.o(i.DebugMon_Handler)
    Error_Handler                            0x08000541   Thumb Code     4  main.o(i.Error_Handler)
    HAL_ADCEx_MultiModeConfigChannel         0x08000545   Thumb Code   208  stm32g4xx_hal_adc_ex.o(i.HAL_ADCEx_MultiModeConfigChannel)
    HAL_ADC_ConfigChannel                    0x0800061d   Thumb Code   998  stm32g4xx_hal_adc.o(i.HAL_ADC_ConfigChannel)
    HAL_ADC_ConvCpltCallback                 0x08000a35   Thumb Code     2  stm32g4xx_hal_adc.o(i.HAL_ADC_ConvCpltCallback)
    HAL_ADC_ConvHalfCpltCallback             0x08000a37   Thumb Code     2  stm32g4xx_hal_adc.o(i.HAL_ADC_ConvHalfCpltCallback)
    HAL_ADC_ErrorCallback                    0x08000a39   Thumb Code     2  stm32g4xx_hal_adc.o(i.HAL_ADC_ErrorCallback)
    HAL_ADC_Init                             0x08000a3d   Thumb Code   476  stm32g4xx_hal_adc.o(i.HAL_ADC_Init)
    HAL_ADC_MspInit                          0x08000c39   Thumb Code   328  adc.o(i.HAL_ADC_MspInit)
    HAL_ADC_Start_DMA                        0x08000d9d   Thumb Code   214  stm32g4xx_hal_adc.o(i.HAL_ADC_Start_DMA)
    HAL_DAC_ConfigChannel                    0x08000e8d   Thumb Code   428  stm32g4xx_hal_dac.o(i.HAL_DAC_ConfigChannel)
    HAL_DAC_Init                             0x08001041   Thumb Code    40  stm32g4xx_hal_dac.o(i.HAL_DAC_Init)
    HAL_DAC_MspInit                          0x08001069   Thumb Code    82  dac.o(i.HAL_DAC_MspInit)
    HAL_DAC_SetValue                         0x080010c5   Thumb Code    26  stm32g4xx_hal_dac.o(i.HAL_DAC_SetValue)
    HAL_DAC_Start                            0x080010df   Thumb Code   104  stm32g4xx_hal_dac.o(i.HAL_DAC_Start)
    HAL_DMA_IRQHandler                       0x08001147   Thumb Code   186  stm32g4xx_hal_dma.o(i.HAL_DMA_IRQHandler)
    HAL_DMA_Init                             0x08001201   Thumb Code   178  stm32g4xx_hal_dma.o(i.HAL_DMA_Init)
    HAL_DMA_Start_IT                         0x080012c1   Thumb Code   140  stm32g4xx_hal_dma.o(i.HAL_DMA_Start_IT)
    HAL_Delay                                0x0800134d   Thumb Code    32  stm32g4xx_hal.o(i.HAL_Delay)
    HAL_GPIO_Init                            0x08001371   Thumb Code   550  stm32g4xx_hal_gpio.o(i.HAL_GPIO_Init)
    HAL_GetTick                              0x080015b9   Thumb Code     6  stm32g4xx_hal.o(i.HAL_GetTick)
    HAL_IncTick                              0x080015c5   Thumb Code    12  stm32g4xx_hal.o(i.HAL_IncTick)
    HAL_Init                                 0x080015d5   Thumb Code    30  stm32g4xx_hal.o(i.HAL_Init)
    HAL_InitTick                             0x080015f5   Thumb Code    58  stm32g4xx_hal.o(i.HAL_InitTick)
    HAL_MspInit                              0x08001639   Thumb Code    42  stm32g4xx_hal_msp.o(i.HAL_MspInit)
    HAL_NVIC_EnableIRQ                       0x08001669   Thumb Code    26  stm32g4xx_hal_cortex.o(i.HAL_NVIC_EnableIRQ)
    HAL_NVIC_SetPriority                     0x08001685   Thumb Code    60  stm32g4xx_hal_cortex.o(i.HAL_NVIC_SetPriority)
    HAL_NVIC_SetPriorityGrouping             0x080016c5   Thumb Code    26  stm32g4xx_hal_cortex.o(i.HAL_NVIC_SetPriorityGrouping)
    HAL_PWREx_ControlVoltageScaling          0x080016e9   Thumb Code   174  stm32g4xx_hal_pwr_ex.o(i.HAL_PWREx_ControlVoltageScaling)
    HAL_PWREx_DisableUCPDDeadBattery         0x080017a5   Thumb Code    12  stm32g4xx_hal_pwr_ex.o(i.HAL_PWREx_DisableUCPDDeadBattery)
    HAL_RCCEx_PeriphCLKConfig                0x080017b5   Thumb Code   638  stm32g4xx_hal_rcc_ex.o(i.HAL_RCCEx_PeriphCLKConfig)
    HAL_RCC_ClockConfig                      0x08001a3d   Thumb Code   444  stm32g4xx_hal_rcc.o(i.HAL_RCC_ClockConfig)
    HAL_RCC_GetHCLKFreq                      0x08001c19   Thumb Code     6  stm32g4xx_hal_rcc.o(i.HAL_RCC_GetHCLKFreq)
    HAL_RCC_GetSysClockFreq                  0x08001c25   Thumb Code    98  stm32g4xx_hal_rcc.o(i.HAL_RCC_GetSysClockFreq)
    HAL_RCC_OscConfig                        0x08001c95   Thumb Code  1036  stm32g4xx_hal_rcc.o(i.HAL_RCC_OscConfig)
    HAL_SYSTICK_Config                       0x080020a1   Thumb Code    40  stm32g4xx_hal_cortex.o(i.HAL_SYSTICK_Config)
    HardFault_Handler                        0x080020c9   Thumb Code     2  stm32g4xx_it.o(i.HardFault_Handler)
    MX_ADC1_Init                             0x0800212d   Thumb Code   160  adc.o(i.MX_ADC1_Init)
    MX_ADC2_Init                             0x080021d9   Thumb Code   112  adc.o(i.MX_ADC2_Init)
    MX_DAC1_Init                             0x08002255   Thumb Code    80  dac.o(i.MX_DAC1_Init)
    MX_DMA_Init                              0x080022ad   Thumb Code    72  dma.o(i.MX_DMA_Init)
    MX_GPIO_Init                             0x080022f9   Thumb Code    70  gpio.o(i.MX_GPIO_Init)
    MemManage_Handler                        0x08002345   Thumb Code     2  stm32g4xx_it.o(i.MemManage_Handler)
    NMI_Handler                              0x08002347   Thumb Code     2  stm32g4xx_it.o(i.NMI_Handler)
    PendSV_Handler                           0x08002349   Thumb Code     2  stm32g4xx_it.o(i.PendSV_Handler)
    SVC_Handler                              0x0800234b   Thumb Code     2  stm32g4xx_it.o(i.SVC_Handler)
    SysTick_Handler                          0x0800234d   Thumb Code     4  stm32g4xx_it.o(i.SysTick_Handler)
    SystemClock_Config                       0x08002351   Thumb Code   102  main.o(i.SystemClock_Config)
    SystemInit                               0x080023b9   Thumb Code    12  system_stm32g4xx.o(i.SystemInit)
    UsageFault_Handler                       0x080023c9   Thumb Code     2  stm32g4xx_it.o(i.UsageFault_Handler)
    main                                     0x080023ed   Thumb Code    76  main.o(i.main)
    _fp_init                                 0x08002449   Thumb Code    10  fpinit.o(x$fpl$fpinit)
    __fplib_config_fpu_vfp                   0x08002451   Thumb Code     0  fpinit.o(x$fpl$fpinit)
    __fplib_config_pureend_doubles           0x08002451   Thumb Code     0  fpinit.o(x$fpl$fpinit)
    AHBPrescTable                            0x08002452   Data          16  system_stm32g4xx.o(.constdata)
    Region$$Table$$Base                      0x08002464   Number         0  anon$$obj.o(Region$$Table)
    Region$$Table$$Limit                     0x08002484   Number         0  anon$$obj.o(Region$$Table)
    data                                     0x20000000   Data           2  main.o(.data)
    adc2_dma_value                           0x20000002   Data           2  main.o(.data)
    adc1_dma_value                           0x20000004   Data           4  main.o(.data)
    uwTickPrio                               0x2000000c   Data           4  stm32g4xx_hal.o(.data)
    uwTickFreq                               0x20000010   Data           4  stm32g4xx_hal.o(.data)
    uwTick                                   0x20000014   Data           4  stm32g4xx_hal.o(.data)
    SystemCoreClock                          0x20000018   Data           4  system_stm32g4xx.o(.data)
    hadc1                                    0x2000001c   Data         108  adc.o(.bss)
    hadc2                                    0x20000088   Data         108  adc.o(.bss)
    hdma_adc1                                0x200000f4   Data          96  adc.o(.bss)
    hdma_adc2                                0x20000154   Data          96  adc.o(.bss)
    hdac1                                    0x200001b4   Data          20  dac.o(.bss)
    __libspace_start                         0x200001c8   Data          96  libspace.o(.bss)
    __temporary_stack_top$libspace           0x20000228   Data           0  libspace.o(.bss)



==============================================================================

Memory Map of the image

  Image Entry point : 0x080001d9

  Load Region LR_IROM1 (Base: 0x08000000, Size: 0x000024a0, Max: 0x00020000, ABSOLUTE)

    Execution Region ER_IROM1 (Exec base: 0x08000000, Load base: 0x08000000, Size: 0x00002484, Max: 0x00020000, ABSOLUTE)

    Exec Addr    Load Addr    Size         Type   Attr      Idx    E Section Name        Object

    0x08000000   0x08000000   0x000001d8   Data   RO            3    RESET               startup_stm32g431xx.o
    0x080001d8   0x080001d8   0x00000008   Code   RO         2708  * !!!main             c_w.l(__main.o)
    0x080001e0   0x080001e0   0x00000034   Code   RO         2865    !!!scatter          c_w.l(__scatter.o)
    0x08000214   0x08000214   0x0000001a   Code   RO         2867    !!handler_copy      c_w.l(__scatter_copy.o)
    0x0800022e   0x0800022e   0x00000002   PAD
    0x08000230   0x08000230   0x0000001c   Code   RO         2869    !!handler_zi        c_w.l(__scatter_zi.o)
    0x0800024c   0x0800024c   0x00000002   Code   RO         2735    .ARM.Collect$$libinit$$00000000  c_w.l(libinit.o)
    0x0800024e   0x0800024e   0x00000004   Code   RO         2741    .ARM.Collect$$libinit$$00000001  c_w.l(libinit2.o)
    0x08000252   0x08000252   0x00000000   Code   RO         2744    .ARM.Collect$$libinit$$00000004  c_w.l(libinit2.o)
    0x08000252   0x08000252   0x00000000   Code   RO         2747    .ARM.Collect$$libinit$$0000000A  c_w.l(libinit2.o)
    0x08000252   0x08000252   0x00000000   Code   RO         2749    .ARM.Collect$$libinit$$0000000C  c_w.l(libinit2.o)
    0x08000252   0x08000252   0x00000000   Code   RO         2751    .ARM.Collect$$libinit$$0000000E  c_w.l(libinit2.o)
    0x08000252   0x08000252   0x00000000   Code   RO         2754    .ARM.Collect$$libinit$$00000011  c_w.l(libinit2.o)
    0x08000252   0x08000252   0x00000000   Code   RO         2756    .ARM.Collect$$libinit$$00000013  c_w.l(libinit2.o)
    0x08000252   0x08000252   0x00000000   Code   RO         2758    .ARM.Collect$$libinit$$00000015  c_w.l(libinit2.o)
    0x08000252   0x08000252   0x00000000   Code   RO         2760    .ARM.Collect$$libinit$$00000017  c_w.l(libinit2.o)
    0x08000252   0x08000252   0x00000000   Code   RO         2762    .ARM.Collect$$libinit$$00000019  c_w.l(libinit2.o)
    0x08000252   0x08000252   0x00000000   Code   RO         2764    .ARM.Collect$$libinit$$0000001B  c_w.l(libinit2.o)
    0x08000252   0x08000252   0x00000000   Code   RO         2766    .ARM.Collect$$libinit$$0000001D  c_w.l(libinit2.o)
    0x08000252   0x08000252   0x00000000   Code   RO         2768    .ARM.Collect$$libinit$$0000001F  c_w.l(libinit2.o)
    0x08000252   0x08000252   0x00000000   Code   RO         2770    .ARM.Collect$$libinit$$00000021  c_w.l(libinit2.o)
    0x08000252   0x08000252   0x00000000   Code   RO         2772    .ARM.Collect$$libinit$$00000023  c_w.l(libinit2.o)
    0x08000252   0x08000252   0x00000000   Code   RO         2774    .ARM.Collect$$libinit$$00000025  c_w.l(libinit2.o)
    0x08000252   0x08000252   0x00000000   Code   RO         2778    .ARM.Collect$$libinit$$0000002C  c_w.l(libinit2.o)
    0x08000252   0x08000252   0x00000000   Code   RO         2780    .ARM.Collect$$libinit$$0000002E  c_w.l(libinit2.o)
    0x08000252   0x08000252   0x00000000   Code   RO         2782    .ARM.Collect$$libinit$$00000030  c_w.l(libinit2.o)
    0x08000252   0x08000252   0x00000000   Code   RO         2784    .ARM.Collect$$libinit$$00000032  c_w.l(libinit2.o)
    0x08000252   0x08000252   0x00000002   Code   RO         2785    .ARM.Collect$$libinit$$00000033  c_w.l(libinit2.o)
    0x08000254   0x08000254   0x00000002   Code   RO         2805    .ARM.Collect$$libshutdown$$00000000  c_w.l(libshutdown.o)
    0x08000256   0x08000256   0x00000000   Code   RO         2818    .ARM.Collect$$libshutdown$$00000002  c_w.l(libshutdown2.o)
    0x08000256   0x08000256   0x00000000   Code   RO         2820    .ARM.Collect$$libshutdown$$00000004  c_w.l(libshutdown2.o)
    0x08000256   0x08000256   0x00000000   Code   RO         2823    .ARM.Collect$$libshutdown$$00000007  c_w.l(libshutdown2.o)
    0x08000256   0x08000256   0x00000000   Code   RO         2826    .ARM.Collect$$libshutdown$$0000000A  c_w.l(libshutdown2.o)
    0x08000256   0x08000256   0x00000000   Code   RO         2828    .ARM.Collect$$libshutdown$$0000000C  c_w.l(libshutdown2.o)
    0x08000256   0x08000256   0x00000000   Code   RO         2831    .ARM.Collect$$libshutdown$$0000000F  c_w.l(libshutdown2.o)
    0x08000256   0x08000256   0x00000002   Code   RO         2832    .ARM.Collect$$libshutdown$$00000010  c_w.l(libshutdown2.o)
    0x08000258   0x08000258   0x00000000   Code   RO         2710    .ARM.Collect$$rtentry$$00000000  c_w.l(__rtentry.o)
    0x08000258   0x08000258   0x00000000   Code   RO         2712    .ARM.Collect$$rtentry$$00000002  c_w.l(__rtentry2.o)
    0x08000258   0x08000258   0x00000006   Code   RO         2724    .ARM.Collect$$rtentry$$00000004  c_w.l(__rtentry4.o)
    0x0800025e   0x0800025e   0x00000000   Code   RO         2714    .ARM.Collect$$rtentry$$00000009  c_w.l(__rtentry2.o)
    0x0800025e   0x0800025e   0x00000004   Code   RO         2715    .ARM.Collect$$rtentry$$0000000A  c_w.l(__rtentry2.o)
    0x08000262   0x08000262   0x00000000   Code   RO         2717    .ARM.Collect$$rtentry$$0000000C  c_w.l(__rtentry2.o)
    0x08000262   0x08000262   0x00000008   Code   RO         2718    .ARM.Collect$$rtentry$$0000000D  c_w.l(__rtentry2.o)
    0x0800026a   0x0800026a   0x00000002   Code   RO         2739    .ARM.Collect$$rtexit$$00000000  c_w.l(rtexit.o)
    0x0800026c   0x0800026c   0x00000000   Code   RO         2787    .ARM.Collect$$rtexit$$00000002  c_w.l(rtexit2.o)
    0x0800026c   0x0800026c   0x00000004   Code   RO         2788    .ARM.Collect$$rtexit$$00000003  c_w.l(rtexit2.o)
    0x08000270   0x08000270   0x00000006   Code   RO         2789    .ARM.Collect$$rtexit$$00000004  c_w.l(rtexit2.o)
    0x08000276   0x08000276   0x00000002   PAD
    0x08000278   0x08000278   0x00000040   Code   RO            4    .text               startup_stm32g431xx.o
    0x080002b8   0x080002b8   0x0000004e   Code   RO         2704    .text               c_w.l(rt_memclr_w.o)
    0x08000306   0x08000306   0x00000006   Code   RO         2706    .text               c_w.l(heapauxi.o)
    0x0800030c   0x0800030c   0x0000004a   Code   RO         2726    .text               c_w.l(sys_stackheap_outer.o)
    0x08000356   0x08000356   0x00000012   Code   RO         2728    .text               c_w.l(exit.o)
    0x08000368   0x08000368   0x00000008   Code   RO         2736    .text               c_w.l(libspace.o)
    0x08000370   0x08000370   0x0000000c   Code   RO         2797    .text               c_w.l(sys_exit.o)
    0x0800037c   0x0800037c   0x00000002   Code   RO         2808    .text               c_w.l(use_no_semi.o)
    0x0800037e   0x0800037e   0x00000000   Code   RO         2810    .text               c_w.l(indicate_semi.o)
    0x0800037e   0x0800037e   0x00000068   Code   RO          422    i.ADC_DMAConvCplt   stm32g4xx_hal_adc.o
    0x080003e6   0x080003e6   0x0000001a   Code   RO          423    i.ADC_DMAError      stm32g4xx_hal_adc.o
    0x08000400   0x08000400   0x0000000a   Code   RO          424    i.ADC_DMAHalfConvCplt  stm32g4xx_hal_adc.o
    0x0800040a   0x0800040a   0x00000002   PAD
    0x0800040c   0x0800040c   0x00000074   Code   RO          426    i.ADC_Enable        stm32g4xx_hal_adc.o
    0x08000480   0x08000480   0x00000002   Code   RO          309    i.BusFault_Handler  stm32g4xx_it.o
    0x08000482   0x08000482   0x00000002   PAD
    0x08000484   0x08000484   0x0000000c   Code   RO          310    i.DMA1_Channel1_IRQHandler  stm32g4xx_it.o
    0x08000490   0x08000490   0x0000000c   Code   RO          311    i.DMA1_Channel2_IRQHandler  stm32g4xx_it.o
    0x0800049c   0x0800049c   0x00000040   Code   RO         1701    i.DMA_CalcDMAMUXChannelBaseAndMask  stm32g4xx_hal_dma.o
    0x080004dc   0x080004dc   0x00000024   Code   RO         1702    i.DMA_CalcDMAMUXRequestGenBaseAndMask  stm32g4xx_hal_dma.o
    0x08000500   0x08000500   0x0000003e   Code   RO         1703    i.DMA_SetConfig     stm32g4xx_hal_dma.o
    0x0800053e   0x0800053e   0x00000002   Code   RO          312    i.DebugMon_Handler  stm32g4xx_it.o
    0x08000540   0x08000540   0x00000004   Code   RO           13    i.Error_Handler     main.o
    0x08000544   0x08000544   0x000000d8   Code   RO          676    i.HAL_ADCEx_MultiModeConfigChannel  stm32g4xx_hal_adc_ex.o
    0x0800061c   0x0800061c   0x00000418   Code   RO          428    i.HAL_ADC_ConfigChannel  stm32g4xx_hal_adc.o
    0x08000a34   0x08000a34   0x00000002   Code   RO          429    i.HAL_ADC_ConvCpltCallback  stm32g4xx_hal_adc.o
    0x08000a36   0x08000a36   0x00000002   Code   RO          430    i.HAL_ADC_ConvHalfCpltCallback  stm32g4xx_hal_adc.o
    0x08000a38   0x08000a38   0x00000002   Code   RO          432    i.HAL_ADC_ErrorCallback  stm32g4xx_hal_adc.o
    0x08000a3a   0x08000a3a   0x00000002   PAD
    0x08000a3c   0x08000a3c   0x000001fc   Code   RO          437    i.HAL_ADC_Init      stm32g4xx_hal_adc.o
    0x08000c38   0x08000c38   0x00000164   Code   RO          195    i.HAL_ADC_MspInit   adc.o
    0x08000d9c   0x08000d9c   0x000000f0   Code   RO          445    i.HAL_ADC_Start_DMA  stm32g4xx_hal_adc.o
    0x08000e8c   0x08000e8c   0x000001b4   Code   RO         2346    i.HAL_DAC_ConfigChannel  stm32g4xx_hal_dac.o
    0x08001040   0x08001040   0x00000028   Code   RO         2356    i.HAL_DAC_Init      stm32g4xx_hal_dac.o
    0x08001068   0x08001068   0x0000005c   Code   RO          244    i.HAL_DAC_MspInit   dac.o
    0x080010c4   0x080010c4   0x0000001a   Code   RO         2359    i.HAL_DAC_SetValue  stm32g4xx_hal_dac.o
    0x080010de   0x080010de   0x00000068   Code   RO         2360    i.HAL_DAC_Start     stm32g4xx_hal_dac.o
    0x08001146   0x08001146   0x000000ba   Code   RO         1709    i.HAL_DMA_IRQHandler  stm32g4xx_hal_dma.o
    0x08001200   0x08001200   0x000000c0   Code   RO         1710    i.HAL_DMA_Init      stm32g4xx_hal_dma.o
    0x080012c0   0x080012c0   0x0000008c   Code   RO         1714    i.HAL_DMA_Start_IT  stm32g4xx_hal_dma.o
    0x0800134c   0x0800134c   0x00000024   Code   RO          875    i.HAL_Delay         stm32g4xx_hal.o
    0x08001370   0x08001370   0x00000248   Code   RO         1566    i.HAL_GPIO_Init     stm32g4xx_hal_gpio.o
    0x080015b8   0x080015b8   0x0000000c   Code   RO          879    i.HAL_GetTick       stm32g4xx_hal.o
    0x080015c4   0x080015c4   0x00000010   Code   RO          882    i.HAL_IncTick       stm32g4xx_hal.o
    0x080015d4   0x080015d4   0x0000001e   Code   RO          883    i.HAL_Init          stm32g4xx_hal.o
    0x080015f2   0x080015f2   0x00000002   PAD
    0x080015f4   0x080015f4   0x00000044   Code   RO          884    i.HAL_InitTick      stm32g4xx_hal.o
    0x08001638   0x08001638   0x00000030   Code   RO          397    i.HAL_MspInit       stm32g4xx_hal_msp.o
    0x08001668   0x08001668   0x0000001a   Code   RO         2213    i.HAL_NVIC_EnableIRQ  stm32g4xx_hal_cortex.o
    0x08001682   0x08001682   0x00000002   PAD
    0x08001684   0x08001684   0x00000040   Code   RO         2219    i.HAL_NVIC_SetPriority  stm32g4xx_hal_cortex.o
    0x080016c4   0x080016c4   0x00000024   Code   RO         2220    i.HAL_NVIC_SetPriorityGrouping  stm32g4xx_hal_cortex.o
    0x080016e8   0x080016e8   0x000000bc   Code   RO         1969    i.HAL_PWREx_ControlVoltageScaling  stm32g4xx_hal_pwr_ex.o
    0x080017a4   0x080017a4   0x00000010   Code   RO         1981    i.HAL_PWREx_DisableUCPDDeadBattery  stm32g4xx_hal_pwr_ex.o
    0x080017b4   0x080017b4   0x00000288   Code   RO         1228    i.HAL_RCCEx_PeriphCLKConfig  stm32g4xx_hal_rcc_ex.o
    0x08001a3c   0x08001a3c   0x000001dc   Code   RO         1103    i.HAL_RCC_ClockConfig  stm32g4xx_hal_rcc.o
    0x08001c18   0x08001c18   0x0000000c   Code   RO         1109    i.HAL_RCC_GetHCLKFreq  stm32g4xx_hal_rcc.o
    0x08001c24   0x08001c24   0x00000070   Code   RO         1113    i.HAL_RCC_GetSysClockFreq  stm32g4xx_hal_rcc.o
    0x08001c94   0x08001c94   0x0000040c   Code   RO         1116    i.HAL_RCC_OscConfig  stm32g4xx_hal_rcc.o
    0x080020a0   0x080020a0   0x00000028   Code   RO         2224    i.HAL_SYSTICK_Config  stm32g4xx_hal_cortex.o
    0x080020c8   0x080020c8   0x00000002   Code   RO          313    i.HardFault_Handler  stm32g4xx_it.o
    0x080020ca   0x080020ca   0x0000000c   Code   RO          451    i.LL_ADC_GetOffsetChannel  stm32g4xx_hal_adc.o
    0x080020d6   0x080020d6   0x00000008   Code   RO          452    i.LL_ADC_INJ_IsConversionOngoing  stm32g4xx_hal_adc.o
    0x080020de   0x080020de   0x00000008   Code   RO          453    i.LL_ADC_REG_IsConversionOngoing  stm32g4xx_hal_adc.o
    0x080020e6   0x080020e6   0x00000008   Code   RO          686    i.LL_ADC_REG_IsConversionOngoing  stm32g4xx_hal_adc_ex.o
    0x080020ee   0x080020ee   0x00000010   Code   RO          454    i.LL_ADC_REG_IsTriggerSourceSWStart  stm32g4xx_hal_adc.o
    0x080020fe   0x080020fe   0x0000001e   Code   RO          456    i.LL_ADC_SetChannelSamplingTime  stm32g4xx_hal_adc.o
    0x0800211c   0x0800211c   0x00000010   Code   RO          457    i.LL_ADC_SetOffsetState  stm32g4xx_hal_adc.o
    0x0800212c   0x0800212c   0x000000ac   Code   RO          196    i.MX_ADC1_Init      adc.o
    0x080021d8   0x080021d8   0x0000007c   Code   RO          197    i.MX_ADC2_Init      adc.o
    0x08002254   0x08002254   0x00000058   Code   RO          245    i.MX_DAC1_Init      dac.o
    0x080022ac   0x080022ac   0x0000004c   Code   RO          285    i.MX_DMA_Init       dma.o
    0x080022f8   0x080022f8   0x0000004c   Code   RO          170    i.MX_GPIO_Init      gpio.o
    0x08002344   0x08002344   0x00000002   Code   RO          314    i.MemManage_Handler  stm32g4xx_it.o
    0x08002346   0x08002346   0x00000002   Code   RO          315    i.NMI_Handler       stm32g4xx_it.o
    0x08002348   0x08002348   0x00000002   Code   RO          316    i.PendSV_Handler    stm32g4xx_it.o
    0x0800234a   0x0800234a   0x00000002   Code   RO          317    i.SVC_Handler       stm32g4xx_it.o
    0x0800234c   0x0800234c   0x00000004   Code   RO          318    i.SysTick_Handler   stm32g4xx_it.o
    0x08002350   0x08002350   0x00000066   Code   RO           14    i.SystemClock_Config  main.o
    0x080023b6   0x080023b6   0x00000002   PAD
    0x080023b8   0x080023b8   0x00000010   Code   RO         2668    i.SystemInit        system_stm32g4xx.o
    0x080023c8   0x080023c8   0x00000002   Code   RO          319    i.UsageFault_Handler  stm32g4xx_it.o
    0x080023ca   0x080023ca   0x00000020   Code   RO         2226    i.__NVIC_SetPriority  stm32g4xx_hal_cortex.o
    0x080023ea   0x080023ea   0x00000002   PAD
    0x080023ec   0x080023ec   0x0000005c   Code   RO           15    i.main              main.o
    0x08002448   0x08002448   0x0000000a   Code   RO         2795    x$fpl$fpinit        fz_wm.l(fpinit.o)
    0x08002452   0x08002452   0x00000010   Data   RO         2669    .constdata          system_stm32g4xx.o
    0x08002462   0x08002462   0x00000002   PAD
    0x08002464   0x08002464   0x00000020   Data   RO         2863    Region$$Table       anon$$obj.o


    Execution Region RW_IRAM1 (Exec base: 0x20000000, Load base: 0x08002484, Size: 0x00000828, Max: 0x00008000, ABSOLUTE)

    Exec Addr    Load Addr    Size         Type   Attr      Idx    E Section Name        Object

    0x20000000   0x08002484   0x00000008   Data   RW           16    .data               main.o
    0x20000008   0x0800248c   0x00000004   Data   RW          199    .data               adc.o
    0x2000000c   0x08002490   0x0000000c   Data   RW          903    .data               stm32g4xx_hal.o
    0x20000018   0x0800249c   0x00000004   Data   RW         2671    .data               system_stm32g4xx.o
    0x2000001c        -       0x00000198   Zero   RW          198    .bss                adc.o
    0x200001b4        -       0x00000014   Zero   RW          246    .bss                dac.o
    0x200001c8        -       0x00000060   Zero   RW         2737    .bss                c_w.l(libspace.o)
    0x20000228        -       0x00000200   Zero   RW            2    HEAP                startup_stm32g431xx.o
    0x20000428        -       0x00000400   Zero   RW            1    STACK               startup_stm32g431xx.o


==============================================================================

Image component sizes


      Code (inc. data)   RO Data    RW Data    ZI Data      Debug   Object Name

       652         52          0          4        408       2878   adc.o
       180         18          0          0         20       1701   dac.o
        76          4          0          0          0        810   dma.o
        76          6          0          0          0        863   gpio.o
       198         16          0          8          0     600557   main.o
        64         26        472          0       1536        840   startup_stm32g431xx.o
       162         24          0         12          0       4297   stm32g4xx_hal.o
      2148        114          0          0          0      79493   stm32g4xx_hal_adc.o
       224          8          0          0          0      67623   stm32g4xx_hal_adc_ex.o
       198         14          0          0          0      33815   stm32g4xx_hal_cortex.o
       606          8          0          0          0       4118   stm32g4xx_hal_dac.o
       680         30          0          0          0       5043   stm32g4xx_hal_dma.o
       584         34          0          0          0       1676   stm32g4xx_hal_gpio.o
        48          6          0          0          0        854   stm32g4xx_hal_msp.o
       204         18          0          0          0       1397   stm32g4xx_hal_pwr_ex.o
      1636         74          0          0          0       5542   stm32g4xx_hal_rcc.o
       648         10          0          0          0       1868   stm32g4xx_hal_rcc_ex.o
        44         12          0          0          0       5088   stm32g4xx_it.o
        16          4         16          4          0       1115   system_stm32g4xx.o

    ----------------------------------------------------------------------
      8458        478        522         28       1964     819578   Object Totals
         0          0         32          0          0          0   (incl. Generated)
        14          0          2          0          0          0   (incl. Padding)

    ----------------------------------------------------------------------

      Code (inc. data)   RO Data    RW Data    ZI Data      Debug   Library Member Name

         8          0          0          0          0         68   __main.o
         0          0          0          0          0          0   __rtentry.o
        12          0          0          0          0          0   __rtentry2.o
         6          0          0          0          0          0   __rtentry4.o
        52          8          0          0          0          0   __scatter.o
        26          0          0          0          0          0   __scatter_copy.o
        28          0          0          0          0          0   __scatter_zi.o
        18          0          0          0          0         80   exit.o
         6          0          0          0          0        152   heapauxi.o
         0          0          0          0          0          0   indicate_semi.o
         2          0          0          0          0          0   libinit.o
         6          0          0          0          0          0   libinit2.o
         2          0          0          0          0          0   libshutdown.o
         2          0          0          0          0          0   libshutdown2.o
         8          4          0          0         96         68   libspace.o
        78          0          0          0          0         80   rt_memclr_w.o
         2          0          0          0          0          0   rtexit.o
        10          0          0          0          0          0   rtexit2.o
        12          4          0          0          0         68   sys_exit.o
        74          0          0          0          0         80   sys_stackheap_outer.o
         2          0          0          0          0         68   use_no_semi.o
        10          0          0          0          0        116   fpinit.o

    ----------------------------------------------------------------------
       368         16          0          0         96        780   Library Totals
         4          0          0          0          0          0   (incl. Padding)

    ----------------------------------------------------------------------

      Code (inc. data)   RO Data    RW Data    ZI Data      Debug   Library Name

       354         16          0          0         96        664   c_w.l
        10          0          0          0          0        116   fz_wm.l

    ----------------------------------------------------------------------
       368         16          0          0         96        780   Library Totals

    ----------------------------------------------------------------------

==============================================================================


      Code (inc. data)   RO Data    RW Data    ZI Data      Debug   

      8826        494        522         28       2060     814050   Grand Totals
      8826        494        522         28       2060     814050   ELF Image Totals
      8826        494        522         28          0          0   ROM Totals

==============================================================================

    Total RO  Size (Code + RO Data)                 9348 (   9.13kB)
    Total RW  Size (RW Data + ZI Data)              2088 (   2.04kB)
    Total ROM Size (Code + RO Data + RW Data)       9376 (   9.16kB)

==============================================================================

