<html>
<body>
<pre>
<h1>µVision Build Log</h1>
<h2>Tool Versions:</h2>
IDE-Version: ¦ÌVision V5.35.0.0
Copyright (C) 2021 ARM Ltd and ARM Germany GmbH. All rights reserved.
License Information: NOX NOX, NOX, LIC=ATTQ1-CJSB7-QD5KD-8FSKL-6BJKI-TGE5Q
 
Tool Versions:
Toolchain:       MDK-ARM Plus  Version: 5.35.0.2
Toolchain Path:  C:\Keil_v5\ARM\ARMCC\Bin
C Compiler:      Armcc.exe V5.06 update 7 (build 960)
Assembler:       Armasm.exe V5.06 update 7 (build 960)
Linker/Locator:  ArmLink.exe V5.06 update 7 (build 960)
Library Manager: ArmAr.exe V5.06 update 7 (build 960)
Hex Converter:   FromElf.exe V5.06 update 7 (build 960)
CPU DLL:         SARMCM3.DLL V5.35.0.2
Dialog DLL:      DCM.DLL V1.17.3.0
Target DLL:      STLink\ST-LINKIII-KEIL_SWO.dll V3.0.9.0
Dialog DLL:      TCM.DLL V1.53.0.0
 
<h2>Project:</h2>
E:\Code\disnox_g4\Driver\vofa+\MDK-ARM\vofa.uvprojx
Project File Date:  07/30/2023

<h2>Output:</h2>
*** Using Compiler 'V5.06 update 7 (build 960)', folder: 'C:\Keil_v5\ARM\ARMCC\Bin'
Build target 'vofa'
assembling startup_stm32g431xx.s...
compiling tim.c...
compiling usart.c...
compiling stm32g4xx_hal_msp.c...
compiling main.c...
../Core/Src/main.c(82): warning:  #177-D: variable "time"  was declared but never referenced
  	uint32_t time;
../Core/Src/main.c: 1 warning, 0 errors
compiling usbd_conf.c...
compiling gpio.c...
compiling usbd_cdc_if.c...
compiling usb_device.c...
compiling adc.c...
compiling stm32g4xx_hal_pcd.c...
compiling stm32g4xx_it.c...
compiling usbd_desc.c...
compiling stm32g4xx_hal_pcd_ex.c...
compiling stm32g4xx_hal_flash_ex.c...
compiling stm32g4xx_ll_usb.c...
compiling stm32g4xx_hal_flash_ramfunc.c...
compiling stm32g4xx_hal_gpio.c...
compiling stm32g4xx_hal_dma_ex.c...
compiling stm32g4xx_hal.c...
compiling stm32g4xx_hal_flash.c...
compiling stm32g4xx_hal_exti.c...
compiling stm32g4xx_hal_rcc_ex.c...
compiling stm32g4xx_ll_adc.c...
compiling stm32g4xx_hal_dma.c...
compiling stm32g4xx_hal_rcc.c...
compiling stm32g4xx_hal_pwr.c...
compiling stm32g4xx_hal_pwr_ex.c...
compiling stm32g4xx_hal_uart_ex.c...
compiling stm32g4xx_hal_uart.c...
compiling stm32g4xx_hal_cortex.c...
compiling stm32g4xx_hal_adc_ex.c...
compiling usbd_core.c...
compiling stm32g4xx_hal_adc.c...
compiling system_stm32g4xx.c...
compiling stm32g4xx_hal_tim_ex.c...
compiling usbd_ctlreq.c...
compiling stm32g4xx_hal_tim.c...
compiling usbd_ioreq.c...
compiling usbd_cdc.c...
compiling vofa.c...
linking...
Program Size: Code=28178 RO-data=862 RW-data=404 ZI-data=7564  
FromELF: creating hex file...
"vofa\vofa.axf" - 0 Error(s), 1 Warning(s).

<h2>Software Packages used:</h2>

Package Vendor: ARM
                http://www.keil.com/pack/ARM.CMSIS.5.8.0.pack
                ARM.CMSIS.5.8.0
                CMSIS (Common Microcontroller Software Interface Standard)
   * Component: CORE Version: 5.5.0

Package Vendor: Keil
                http://www.keil.com/pack/Keil.STM32G4xx_DFP.1.2.0.pack
                Keil.STM32G4xx_DFP.1.2.0
                STMicroelectronics STM32G4 Series Device Support, Drivers and Examples

<h2>Collection of Component include folders:</h2>
  .\RTE\_vofa
  C:\Users\QQ452\AppData\Local\Arm\Packs\ARM\CMSIS\5.8.0\CMSIS\Core\Include
  C:\Users\QQ452\AppData\Local\Arm\Packs\Keil\STM32G4xx_DFP\1.2.0\Drivers\CMSIS\Device\ST\STM32G4xx\Include

<h2>Collection of Component Files used:</h2>

   * Component: ARM::CMSIS:CORE:5.5.0
      Include file:  CMSIS\Core\Include\tz_context.h
Build Time Elapsed:  00:00:36
</pre>
</body>
</html>
