Component: ARM Compiler 5.06 update 6 (build 750) Tool: armlink [4d35ed]

==============================================================================

Section Cross References

    startup_stm32g431xx.o(STACK) refers (Special) to heapauxi.o(.text) for __use_two_region_memory
    startup_stm32g431xx.o(HEAP) refers (Special) to heapauxi.o(.text) for __use_two_region_memory
    startup_stm32g431xx.o(RESET) refers (Special) to heapauxi.o(.text) for __use_two_region_memory
    startup_stm32g431xx.o(RESET) refers to startup_stm32g431xx.o(STACK) for __initial_sp
    startup_stm32g431xx.o(RESET) refers to startup_stm32g431xx.o(.text) for Reset_Handler
    startup_stm32g431xx.o(RESET) refers to stm32g4xx_it.o(i.NMI_Handler) for NMI_Handler
    startup_stm32g431xx.o(RESET) refers to stm32g4xx_it.o(i.HardFault_Handler) for HardFault_Handler
    startup_stm32g431xx.o(RESET) refers to stm32g4xx_it.o(i.MemManage_Handler) for MemManage_Handler
    startup_stm32g431xx.o(RESET) refers to stm32g4xx_it.o(i.BusFault_Handler) for BusFault_Handler
    startup_stm32g431xx.o(RESET) refers to stm32g4xx_it.o(i.UsageFault_Handler) for UsageFault_Handler
    startup_stm32g431xx.o(RESET) refers to stm32g4xx_it.o(i.SVC_Handler) for SVC_Handler
    startup_stm32g431xx.o(RESET) refers to stm32g4xx_it.o(i.DebugMon_Handler) for DebugMon_Handler
    startup_stm32g431xx.o(RESET) refers to stm32g4xx_it.o(i.PendSV_Handler) for PendSV_Handler
    startup_stm32g431xx.o(RESET) refers to stm32g4xx_it.o(i.SysTick_Handler) for SysTick_Handler
    startup_stm32g431xx.o(RESET) refers to stm32g4xx_it.o(i.ADC1_2_IRQHandler) for ADC1_2_IRQHandler
    startup_stm32g431xx.o(RESET) refers to stm32g4xx_it.o(i.USB_LP_IRQHandler) for USB_LP_IRQHandler
    startup_stm32g431xx.o(.text) refers (Special) to heapauxi.o(.text) for __use_two_region_memory
    startup_stm32g431xx.o(.text) refers to system_stm32g4xx.o(i.SystemInit) for SystemInit
    startup_stm32g431xx.o(.text) refers to __main.o(!!!main) for __main
    startup_stm32g431xx.o(.text) refers to startup_stm32g431xx.o(HEAP) for Heap_Mem
    startup_stm32g431xx.o(.text) refers to startup_stm32g431xx.o(STACK) for Stack_Mem
    main.o(i.SystemClock_Config) refers to rt_memclr_w.o(.text) for __aeabi_memclr4
    main.o(i.SystemClock_Config) refers to stm32g4xx_hal_pwr_ex.o(i.HAL_PWREx_ControlVoltageScaling) for HAL_PWREx_ControlVoltageScaling
    main.o(i.SystemClock_Config) refers to stm32g4xx_hal_rcc.o(i.HAL_RCC_OscConfig) for HAL_RCC_OscConfig
    main.o(i.SystemClock_Config) refers to stm32g4xx_hal_rcc.o(i.HAL_RCC_ClockConfig) for HAL_RCC_ClockConfig
    main.o(i.main) refers to stm32g4xx_hal.o(i.HAL_Init) for HAL_Init
    main.o(i.main) refers to main.o(i.SystemClock_Config) for SystemClock_Config
    main.o(i.main) refers to gpio.o(i.MX_GPIO_Init) for MX_GPIO_Init
    main.o(i.main) refers to usb_device.o(i.MX_USB_Device_Init) for MX_USB_Device_Init
    main.o(i.main) refers to adc.o(i.MX_ADC1_Init) for MX_ADC1_Init
    main.o(i.main) refers to tim.o(i.MX_TIM1_Init) for MX_TIM1_Init
    main.o(i.main) refers to usart.o(i.MX_USART3_UART_Init) for MX_USART3_UART_Init
    main.o(i.main) refers to stm32g4xx_hal_tim.o(i.HAL_TIM_PWM_Start) for HAL_TIM_PWM_Start
    main.o(i.main) refers to adc_driver.o(i.adc_driver_init) for adc_driver_init
    main.o(i.main) refers to foc_driver.o(i.motor_foc_para_init) for motor_foc_para_init
    main.o(i.main) refers to tim.o(.bss) for htim1
    adc.o(i.HAL_ADC_MspDeInit) refers to stm32g4xx_hal_gpio.o(i.HAL_GPIO_DeInit) for HAL_GPIO_DeInit
    adc.o(i.HAL_ADC_MspDeInit) refers to stm32g4xx_hal_cortex.o(i.HAL_NVIC_DisableIRQ) for HAL_NVIC_DisableIRQ
    adc.o(i.HAL_ADC_MspInit) refers to rt_memclr_w.o(.text) for __aeabi_memclr4
    adc.o(i.HAL_ADC_MspInit) refers to stm32g4xx_hal_rcc_ex.o(i.HAL_RCCEx_PeriphCLKConfig) for HAL_RCCEx_PeriphCLKConfig
    adc.o(i.HAL_ADC_MspInit) refers to main.o(i.Error_Handler) for Error_Handler
    adc.o(i.HAL_ADC_MspInit) refers to stm32g4xx_hal_gpio.o(i.HAL_GPIO_Init) for HAL_GPIO_Init
    adc.o(i.HAL_ADC_MspInit) refers to stm32g4xx_hal_cortex.o(i.HAL_NVIC_SetPriority) for HAL_NVIC_SetPriority
    adc.o(i.HAL_ADC_MspInit) refers to stm32g4xx_hal_cortex.o(i.HAL_NVIC_EnableIRQ) for HAL_NVIC_EnableIRQ
    adc.o(i.MX_ADC1_Init) refers to rt_memclr_w.o(.text) for __aeabi_memclr4
    adc.o(i.MX_ADC1_Init) refers to stm32g4xx_hal_adc.o(i.HAL_ADC_Init) for HAL_ADC_Init
    adc.o(i.MX_ADC1_Init) refers to main.o(i.Error_Handler) for Error_Handler
    adc.o(i.MX_ADC1_Init) refers to stm32g4xx_hal_adc_ex.o(i.HAL_ADCEx_MultiModeConfigChannel) for HAL_ADCEx_MultiModeConfigChannel
    adc.o(i.MX_ADC1_Init) refers to stm32g4xx_hal_adc.o(i.HAL_ADC_ConfigChannel) for HAL_ADC_ConfigChannel
    adc.o(i.MX_ADC1_Init) refers to stm32g4xx_hal_adc_ex.o(i.HAL_ADCEx_InjectedConfigChannel) for HAL_ADCEx_InjectedConfigChannel
    adc.o(i.MX_ADC1_Init) refers to adc.o(.bss) for .bss
    tim.o(i.MX_TIM1_Init) refers to rt_memclr_w.o(.text) for __aeabi_memclr4
[...]
    i.USB_EPClearStall                       0x080054ca   Section        0  stm32g4xx_ll_usb.o(i.USB_EPClearStall)
    i.USB_EPSetStall                         0x08005542   Section        0  stm32g4xx_ll_usb.o(i.USB_EPSetStall)
    i.USB_EPStartXfer                        0x08005574   Section        0  stm32g4xx_ll_usb.o(i.USB_EPStartXfer)
    i.USB_EnableGlobalInt                    0x080059fa   Section        0  stm32g4xx_ll_usb.o(i.USB_EnableGlobalInt)
    i.USB_LP_IRQHandler                      0x08005a0c   Section        0  stm32g4xx_it.o(i.USB_LP_IRQHandler)
    i.USB_ReadInterrupts                     0x08005a18   Section        0  stm32g4xx_ll_usb.o(i.USB_ReadInterrupts)
    i.USB_ReadPMA                            0x08005a1e   Section        0  stm32g4xx_ll_usb.o(i.USB_ReadPMA)
    i.USB_SetDevAddress                      0x08005a46   Section        0  stm32g4xx_ll_usb.o(i.USB_SetDevAddress)
    i.USB_WritePMA                           0x08005a54   Section        0  stm32g4xx_ll_usb.o(i.USB_WritePMA)
    i.UsageFault_Handler                     0x08005a7a   Section        0  stm32g4xx_it.o(i.UsageFault_Handler)
    i.__ARM_fpclassifyf                      0x08005a7c   Section        0  fpclassifyf.o(i.__ARM_fpclassifyf)
    i.__NVIC_SetPriority                     0x08005aa2   Section        0  stm32g4xx_hal_cortex.o(i.__NVIC_SetPriority)
    __NVIC_SetPriority                       0x08005aa3   Thumb Code    32  stm32g4xx_hal_cortex.o(i.__NVIC_SetPriority)
    i.__hardfp_cosf                          0x08005ac4   Section        0  cosf.o(i.__hardfp_cosf)
    i.__hardfp_sinf                          0x08005c14   Section        0  sinf.o(i.__hardfp_sinf)
    i.__mathlib_flt_infnan                   0x08005da4   Section        0  funder.o(i.__mathlib_flt_infnan)
    i.__mathlib_flt_invalid                  0x08005dac   Section        0  funder.o(i.__mathlib_flt_invalid)
    i.__mathlib_flt_underflow                0x08005dbc   Section        0  funder.o(i.__mathlib_flt_underflow)
    i.__mathlib_rredf2                       0x08005dcc   Section        0  rredf.o(i.__mathlib_rredf2)
    i.adc1_injected_callback                 0x08005f20   Section        0  foc_control.o(i.adc1_injected_callback)
    i.adc_bsp_init                           0x08005f88   Section        0  adc_bsp.o(i.adc_bsp_init)
    i.adc_driver_init                        0x08005f94   Section        0  adc_driver.o(i.adc_driver_init)
    i.clarke_transform                       0x08005f98   Section        0  foc_calculate.o(i.clarke_transform)
    i.foc_calculate                          0x08005fc0   Section        0  foc_calculate.o(i.foc_calculate)
    i.inverse_park                           0x08005ffc   Section        0  foc_calculate.o(i.inverse_park)
    i.main                                   0x08006028   Section        0  main.o(i.main)
    i.motor_foc_para_init                    0x0800605c   Section        0  foc_driver.o(i.motor_foc_para_init)
    i.park_transform                         0x08006088   Section        0  foc_calculate.o(i.park_transform)
    i.sin_cos_val                            0x080060b2   Section        0  foc_calculate.o(i.sin_cos_val)
    i.svm                                    0x080060d0   Section        0  foc_calculate.o(i.svm)
    i.svpwm_sector                           0x08006230   Section        0  foc_calculate.o(i.svpwm_sector)
    i.vofa_send_data                         0x08006358   Section        0  vofa.o(i.vofa_send_data)
    i.vofa_sendframetail                     0x0800638c   Section        0  vofa.o(i.vofa_sendframetail)
    i.vofa_start                             0x080063c8   Section        0  vofa.o(i.vofa_start)
    i.vofa_transmit                          0x08006484   Section        0  vofa.o(i.vofa_transmit)
    x$fpl$fpinit                             0x08006488   Section       10  fpinit.o(x$fpl$fpinit)
    $v0                                      0x08006488   Number         0  fpinit.o(x$fpl$fpinit)
    .constdata                               0x08006492   Section       24  stm32g4xx_hal_uart.o(.constdata)
    x$fpl$usenofp                            0x08006492   Section        0  usenofp.o(x$fpl$usenofp)
    .constdata                               0x080064aa   Section       16  stm32g4xx_hal_uart_ex.o(.constdata)
    numerator                                0x080064aa   Data           8  stm32g4xx_hal_uart_ex.o(.constdata)
    denominator                              0x080064b2   Data           8  stm32g4xx_hal_uart_ex.o(.constdata)
    .constdata                               0x080064ba   Section       16  system_stm32g4xx.o(.constdata)
    .constdata                               0x080064ca   Section        8  system_stm32g4xx.o(.constdata)
    .constdata                               0x080064d4   Section       32  rredf.o(.constdata)
    twooverpi                                0x080064d4   Data          32  rredf.o(.constdata)
    .data                                    0x20000000   Section       32  usbd_desc.o(.data)
    .data                                    0x20000020   Section       50  usbd_desc.o(.data)
    .data                                    0x20000054   Section       20  usbd_cdc_if.o(.data)
    .data                                    0x20000068   Section       12  stm32g4xx_hal.o(.data)
    .data                                    0x20000074   Section        4  system_stm32g4xx.o(.data)
    .data                                    0x20000078   Section        1  usbd_ctlreq.o(.data)
    cfgidx                                   0x20000078   Data           1  usbd_ctlreq.o(.data)
    .data                                    0x2000007c   Section      215  usbd_cdc.o(.data)
    USBD_CDC_DeviceQualifierDesc             0x2000007c   Data          10  usbd_cdc.o(.data)
    USBD_CDC_CfgHSDesc                       0x20000088   Data          67  usbd_cdc.o(.data)
    USBD_CDC_CfgFSDesc                       0x200000cc   Data          67  usbd_cdc.o(.data)
    USBD_CDC_OtherSpeedCfgDesc               0x20000110   Data          67  usbd_cdc.o(.data)
    .data                                    0x20000154   Section       56  usbd_cdc.o(.data)
    .data                                    0x2000018c   Section        8  vofa.o(.data)
    scnt                                     0x20000190   Data           4  vofa.o(.data)
    .data                                    0x20000194   Section       12  foc_calculate.o(.data)
    .bss                                     0x200001a0   Section      108  adc.o(.bss)
    .bss                                     0x2000020c   Section       76  tim.o(.bss)
    .bss                                     0x20000258   Section      144  usart.o(.bss)
    .bss                                     0x200002e8   Section     1300  usbd_conf.o(.bss)
    mem                                      0x200002e8   Data         544  usbd_conf.o(.bss)
    .bss                                     0x200007fc   Section      720  usb_device.o(.bss)
    .bss                                     0x20000acc   Section      512  usbd_desc.o(.bss)
    .bss                                     0x20000ccc   Section     2048  usbd_cdc_if.o(.bss)
    .bss                                     0x200014cc   Section     1024  vofa.o(.bss)
    .bss                                     0x200018cc   Section      112  foc_control.o(.bss)
    .bss                                     0x2000193c   Section       96  libspace.o(.bss)
    HEAP                                     0x200019a0   Section      512  startup_stm32g431xx.o(HEAP)
    Heap_Mem                                 0x200019a0   Data         512  startup_stm32g431xx.o(HEAP)
    STACK                                    0x20001ba0   Section     1024  startup_stm32g431xx.o(STACK)
    Stack_Mem                                0x20001ba0   Data        1024  startup_stm32g431xx.o(STACK)
    __initial_sp                             0x20001fa0   Data           0  startup_stm32g431xx.o(STACK)

    Global Symbols

    Symbol Name                              Value     Ov Type        Size  Object(Section)

    BuildAttributes$$THM_ISAv4$E$P$D$K$B$S$7EM$VFPi3$EXTD16$VFPS$VFMA$PE$A:L22UL41UL21$X:L11$S22US41US21$IEEE1$IW$USESV6$~STKCKD$USESV7$~SHL$OTIME$ROPI$IEEEX$EBA8$UX$STANDARDLIB$REQ8$PRES8$EABIv2 0x00000000   Number         0  anon$$obj.o ABSOLUTE
    __ARM_use_no_argv                        0x00000000   Number         0  main.o ABSOLUTE
    __ARM_exceptions_init                     - Undefined Weak Reference
    __alloca_initialize                       - Undefined Weak Reference
    __arm_preinit_                            - Undefined Weak Reference
    __cpp_initialize__aeabi_                  - Undefined Weak Reference
    __cxa_finalize                            - Undefined Weak Reference
    __rt_locale                               - Undefined Weak Reference
    __sigvec_lookup                           - Undefined Weak Reference
    _atexit_init                              - Undefined Weak Reference
    _call_atexit_fns                          - Undefined Weak Reference
    _clock_init                               - Undefined Weak Reference
    _fp_trap_init                             - Undefined Weak Reference
    _fp_trap_shutdown                         - Undefined Weak Reference
    _get_lc_collate                           - Undefined Weak Reference
    _get_lc_ctype                             - Undefined Weak Reference
    _get_lc_monetary                          - Undefined Weak Reference
    _get_lc_numeric                           - Undefined Weak Reference
    _get_lc_time                              - Undefined Weak Reference
    _getenv_init                              - Undefined Weak Reference
    _handle_redirection                       - Undefined Weak Reference
    _init_alloc                               - Undefined Weak Reference
    _init_user_alloc                          - Undefined Weak Reference
    _initio                                   - Undefined Weak Reference
    _rand_init                                - Undefined Weak Reference
    _signal_finish                            - Undefined Weak Reference
    _signal_init                              - Undefined Weak Reference
    _terminate_alloc                          - Undefined Weak Reference
    _terminate_user_alloc                     - Undefined Weak Reference
    _terminateio                              - Undefined Weak Reference
    __Vectors_Size                           0x000001d8   Number         0  startup_stm32g431xx.o ABSOLUTE
    __Vectors                                0x08000000   Data           4  startup_stm32g431xx.o(RESET)
    __Vectors_End                            0x080001d8   Data           0  startup_stm32g431xx.o(RESET)
    __main                                   0x080001d9   Thumb Code     8  __main.o(!!!main)
    __scatterload                            0x080001e1   Thumb Code     0  __scatter.o(!!!scatter)
    __scatterload_rt2                        0x080001e1   Thumb Code    44  __scatter.o(!!!scatter)
    __scatterload_rt2_thumb_only             0x080001e1   Thumb Code     0  __scatter.o(!!!scatter)
    __scatterload_null                       0x080001ef   Thumb Code     0  __scatter.o(!!!scatter)
    __decompress                             0x08000215   Thumb Code    90  __dczerorl2.o(!!dczerorl2)
    __decompress1                            0x08000215   Thumb Code     0  __dczerorl2.o(!!dczerorl2)
    __scatterload_zeroinit                   0x08000271   Thumb Code    28  __scatter_zi.o(!!handler_zi)
    __rt_lib_init                            0x0800028d   Thumb Code     0  libinit.o(.ARM.Collect$$libinit$$00000000)
    __rt_lib_init_fp_1                       0x0800028f   Thumb Code     0  libinit2.o(.ARM.Collect$$libinit$$00000001)
    __rt_lib_init_alloca_1                   0x08000293   Thumb Code     0  libinit2.o(.ARM.Collect$$libinit$$0000002E)
    __rt_lib_init_argv_1                     0x08000293   Thumb Code     0  libinit2.o(.ARM.Collect$$libinit$$0000002C)
    __rt_lib_init_atexit_1                   0x08000293   Thumb Code     0  libinit2.o(.ARM.Collect$$libinit$$0000001B)
    __rt_lib_init_clock_1                    0x08000293   Thumb Code     0  libinit2.o(.ARM.Collect$$libinit$$00000021)
    __rt_lib_init_cpp_1                      0x08000293   Thumb Code     0  libinit2.o(.ARM.Collect$$libinit$$00000032)
    __rt_lib_init_exceptions_1               0x08000293   Thumb Code     0  libinit2.o(.ARM.Collect$$libinit$$00000030)
    __rt_lib_init_fp_trap_1                  0x08000293   Thumb Code     0  libinit2.o(.ARM.Collect$$libinit$$0000001F)
    __rt_lib_init_getenv_1                   0x08000293   Thumb Code     0  libinit2.o(.ARM.Collect$$libinit$$00000023)
    __rt_lib_init_heap_1                     0x08000293   Thumb Code     0  libinit2.o(.ARM.Collect$$libinit$$0000000A)
    __rt_lib_init_lc_collate_1               0x08000293   Thumb Code     0  libinit2.o(.ARM.Collect$$libinit$$00000011)
    __rt_lib_init_lc_ctype_1                 0x08000293   Thumb Code     0  libinit2.o(.ARM.Collect$$libinit$$00000013)
    __rt_lib_init_lc_monetary_1              0x08000293   Thumb Code     0  libinit2.o(.ARM.Collect$$libinit$$00000015)
    __rt_lib_init_lc_numeric_1               0x08000293   Thumb Code     0  libinit2.o(.ARM.Collect$$libinit$$00000017)
    __rt_lib_init_lc_time_1                  0x08000293   Thumb Code     0  libinit2.o(.ARM.Collect$$libinit$$00000019)
    __rt_lib_init_preinit_1                  0x08000293   Thumb Code     0  libinit2.o(.ARM.Collect$$libinit$$00000004)
    __rt_lib_init_rand_1                     0x08000293   Thumb Code     0  libinit2.o(.ARM.Collect$$libinit$$0000000E)
    __rt_lib_init_return                     0x08000293   Thumb Code     0  libinit2.o(.ARM.Collect$$libinit$$00000033)
    __rt_lib_init_signal_1                   0x08000293   Thumb Code     0  libinit2.o(.ARM.Collect$$libinit$$0000001D)
    __rt_lib_init_stdio_1                    0x08000293   Thumb Code     0  libinit2.o(.ARM.Collect$$libinit$$00000025)
    __rt_lib_init_user_alloc_1               0x08000293   Thumb Code     0  libinit2.o(.ARM.Collect$$libinit$$0000000C)
    __rt_lib_shutdown                        0x08000295   Thumb Code     0  libshutdown.o(.ARM.Collect$$libshutdown$$00000000)
    __rt_lib_shutdown_cpp_1                  0x08000297   Thumb Code     0  libshutdown2.o(.ARM.Collect$$libshutdown$$00000002)
    __rt_lib_shutdown_fp_trap_1              0x08000297   Thumb Code     0  libshutdown2.o(.ARM.Collect$$libshutdown$$00000007)
    __rt_lib_shutdown_heap_1                 0x08000297   Thumb Code     0  libshutdown2.o(.ARM.Collect$$libshutdown$$0000000F)
    __rt_lib_shutdown_return                 0x08000297   Thumb Code     0  libshutdown2.o(.ARM.Collect$$libshutdown$$00000010)
    __rt_lib_shutdown_signal_1               0x08000297   Thumb Code     0  libshutdown2.o(.ARM.Collect$$libshutdown$$0000000A)
    __rt_lib_shutdown_stdio_1                0x08000297   Thumb Code     0  libshutdown2.o(.ARM.Collect$$libshutdown$$00000004)
    __rt_lib_shutdown_user_alloc_1           0x08000297   Thumb Code     0  libshutdown2.o(.ARM.Collect$$libshutdown$$0000000C)
    __rt_entry                               0x08000299   Thumb Code     0  __rtentry.o(.ARM.Collect$$rtentry$$00000000)
    __rt_entry_presh_1                       0x08000299   Thumb Code     0  __rtentry2.o(.ARM.Collect$$rtentry$$00000002)
    __rt_entry_sh                            0x08000299   Thumb Code     0  __rtentry4.o(.ARM.Collect$$rtentry$$00000004)
    __rt_entry_li                            0x0800029f   Thumb Code     0  __rtentry2.o(.ARM.Collect$$rtentry$$0000000A)
    __rt_entry_postsh_1                      0x0800029f   Thumb Code     0  __rtentry2.o(.ARM.Collect$$rtentry$$00000009)
    __rt_entry_main                          0x080002a3   Thumb Code     0  __rtentry2.o(.ARM.Collect$$rtentry$$0000000D)
    __rt_entry_postli_1                      0x080002a3   Thumb Code     0  __rtentry2.o(.ARM.Collect$$rtentry$$0000000C)
    __rt_exit                                0x080002ab   Thumb Code     0  rtexit.o(.ARM.Collect$$rtexit$$00000000)
    __rt_exit_ls                             0x080002ad   Thumb Code     0  rtexit2.o(.ARM.Collect$$rtexit$$00000003)
    __rt_exit_prels_1                        0x080002ad   Thumb Code     0  rtexit2.o(.ARM.Collect$$rtexit$$00000002)
    __rt_exit_exit                           0x080002b1   Thumb Code     0  rtexit2.o(.ARM.Collect$$rtexit$$00000004)
    Reset_Handler                            0x080002b9   Thumb Code     8  startup_stm32g431xx.o(.text)
    COMP1_2_3_IRQHandler                     0x080002d3   Thumb Code     0  startup_stm32g431xx.o(.text)
    COMP4_IRQHandler                         0x080002d3   Thumb Code     0  startup_stm32g431xx.o(.text)
    CORDIC_IRQHandler                        0x080002d3   Thumb Code     0  startup_stm32g431xx.o(.text)
    CRS_IRQHandler                           0x080002d3   Thumb Code     0  startup_stm32g431xx.o(.text)
    DMA1_Channel1_IRQHandler                 0x080002d3   Thumb Code     0  startup_stm32g431xx.o(.text)
    DMA1_Channel2_IRQHandler                 0x080002d3   Thumb Code     0  startup_stm32g431xx.o(.text)
    DMA1_Channel3_IRQHandler                 0x080002d3   Thumb Code     0  startup_stm32g431xx.o(.text)
    DMA1_Channel4_IRQHandler                 0x080002d3   Thumb Code     0  startup_stm32g431xx.o(.text)
    DMA1_Channel5_IRQHandler                 0x080002d3   Thumb Code     0  startup_stm32g431xx.o(.text)
    DMA1_Channel6_IRQHandler                 0x080002d3   Thumb Code     0  startup_stm32g431xx.o(.text)
    DMA2_Channel1_IRQHandler                 0x080002d3   Thumb Code     0  startup_stm32g431xx.o(.text)
    DMA2_Channel2_IRQHandler                 0x080002d3   Thumb Code     0  startup_stm32g431xx.o(.text)
    DMA2_Channel3_IRQHandler                 0x080002d3   Thumb Code     0  startup_stm32g431xx.o(.text)
    DMA2_Channel4_IRQHandler                 0x080002d3   Thumb Code     0  startup_stm32g431xx.o(.text)
    DMA2_Channel5_IRQHandler                 0x080002d3   Thumb Code     0  startup_stm32g431xx.o(.text)
    DMA2_Channel6_IRQHandler                 0x080002d3   Thumb Code     0  startup_stm32g431xx.o(.text)
    DMAMUX_OVR_IRQHandler                    0x080002d3   Thumb Code     0  startup_stm32g431xx.o(.text)
    EXTI0_IRQHandler                         0x080002d3   Thumb Code     0  startup_stm32g431xx.o(.text)
    EXTI15_10_IRQHandler                     0x080002d3   Thumb Code     0  startup_stm32g431xx.o(.text)
    EXTI1_IRQHandler                         0x080002d3   Thumb Code     0  startup_stm32g431xx.o(.text)
    EXTI2_IRQHandler                         0x080002d3   Thumb Code     0  startup_stm32g431xx.o(.text)
    EXTI3_IRQHandler                         0x080002d3   Thumb Code     0  startup_stm32g431xx.o(.text)
    EXTI4_IRQHandler                         0x080002d3   Thumb Code     0  startup_stm32g431xx.o(.text)
    EXTI9_5_IRQHandler                       0x080002d3   Thumb Code     0  startup_stm32g431xx.o(.text)
    FDCAN1_IT0_IRQHandler                    0x080002d3   Thumb Code     0  startup_stm32g431xx.o(.text)
    FDCAN1_IT1_IRQHandler                    0x080002d3   Thumb Code     0  startup_stm32g431xx.o(.text)
    FLASH_IRQHandler                         0x080002d3   Thumb Code     0  startup_stm32g431xx.o(.text)
    FMAC_IRQHandler                          0x080002d3   Thumb Code     0  startup_stm32g431xx.o(.text)
    FPU_IRQHandler                           0x080002d3   Thumb Code     0  startup_stm32g431xx.o(.text)
    I2C1_ER_IRQHandler                       0x080002d3   Thumb Code     0  startup_stm32g431xx.o(.text)
    I2C1_EV_IRQHandler                       0x080002d3   Thumb Code     0  startup_stm32g431xx.o(.text)
    I2C2_ER_IRQHandler                       0x080002d3   Thumb Code     0  startup_stm32g431xx.o(.text)
    I2C2_EV_IRQHandler                       0x080002d3   Thumb Code     0  startup_stm32g431xx.o(.text)
    I2C3_ER_IRQHandler                       0x080002d3   Thumb Code     0  startup_stm32g431xx.o(.text)
    I2C3_EV_IRQHandler                       0x080002d3   Thumb Code     0  startup_stm32g431xx.o(.text)
    LPTIM1_IRQHandler                        0x080002d3   Thumb Code     0  startup_stm32g431xx.o(.text)
    LPUART1_IRQHandler                       0x080002d3   Thumb Code     0  startup_stm32g431xx.o(.text)
    PVD_PVM_IRQHandler                       0x080002d3   Thumb Code     0  startup_stm32g431xx.o(.text)
    RCC_IRQHandler                           0x080002d3   Thumb Code     0  startup_stm32g431xx.o(.text)
    RNG_IRQHandler                           0x080002d3   Thumb Code     0  startup_stm32g431xx.o(.text)
    RTC_Alarm_IRQHandler                     0x080002d3   Thumb Code     0  startup_stm32g431xx.o(.text)
    RTC_TAMP_LSECSS_IRQHandler               0x080002d3   Thumb Code     0  startup_stm32g431xx.o(.text)
    RTC_WKUP_IRQHandler                      0x080002d3   Thumb Code     0  startup_stm32g431xx.o(.text)
    SAI1_IRQHandler                          0x080002d3   Thumb Code     0  startup_stm32g431xx.o(.text)
    SPI1_IRQHandler                          0x080002d3   Thumb Code     0  startup_stm32g431xx.o(.text)
    SPI2_IRQHandler                          0x080002d3   Thumb Code     0  startup_stm32g431xx.o(.text)
    SPI3_IRQHandler                          0x080002d3   Thumb Code     0  startup_stm32g431xx.o(.text)
    TIM1_BRK_TIM15_IRQHandler                0x080002d3   Thumb Code     0  startup_stm32g431xx.o(.text)
    TIM1_CC_IRQHandler                       0x080002d3   Thumb Code     0  startup_stm32g431xx.o(.text)
    TIM1_TRG_COM_TIM17_IRQHandler            0x080002d3   Thumb Code     0  startup_stm32g431xx.o(.text)
    TIM1_UP_TIM16_IRQHandler                 0x080002d3   Thumb Code     0  startup_stm32g431xx.o(.text)
    TIM2_IRQHandler                          0x080002d3   Thumb Code     0  startup_stm32g431xx.o(.text)
    TIM3_IRQHandler                          0x080002d3   Thumb Code     0  startup_stm32g431xx.o(.text)
    TIM4_IRQHandler                          0x080002d3   Thumb Code     0  startup_stm32g431xx.o(.text)
    TIM6_DAC_IRQHandler                      0x080002d3   Thumb Code     0  startup_stm32g431xx.o(.text)
    TIM7_IRQHandler                          0x080002d3   Thumb Code     0  startup_stm32g431xx.o(.text)
    TIM8_BRK_IRQHandler                      0x080002d3   Thumb Code     0  startup_stm32g431xx.o(.text)
    TIM8_CC_IRQHandler                       0x080002d3   Thumb Code     0  startup_stm32g431xx.o(.text)
    TIM8_TRG_COM_IRQHandler                  0x080002d3   Thumb Code     0  startup_stm32g431xx.o(.text)
    TIM8_UP_IRQHandler                       0x080002d3   Thumb Code     0  startup_stm32g431xx.o(.text)
    UART4_IRQHandler                         0x080002d3   Thumb Code     0  startup_stm32g431xx.o(.text)
    UCPD1_IRQHandler                         0x080002d3   Thumb Code     0  startup_stm32g431xx.o(.text)
    USART1_IRQHandler                        0x080002d3   Thumb Code     0  startup_stm32g431xx.o(.text)
    USART2_IRQHandler                        0x080002d3   Thumb Code     0  startup_stm32g431xx.o(.text)
    USART3_IRQHandler                        0x080002d3   Thumb Code     0  startup_stm32g431xx.o(.text)
    USBWakeUp_IRQHandler                     0x080002d3   Thumb Code     0  startup_stm32g431xx.o(.text)
    USB_HP_IRQHandler                        0x080002d3   Thumb Code     0  startup_stm32g431xx.o(.text)
    WWDG_IRQHandler                          0x080002d3   Thumb Code     0  startup_stm32g431xx.o(.text)
    __user_initial_stackheap                 0x080002d5   Thumb Code     0  startup_stm32g431xx.o(.text)
    __aeabi_uldivmod                         0x080002f9   Thumb Code     0  lludivv7m.o(.text)
    _ll_udiv                                 0x080002f9   Thumb Code   238  lludivv7m.o(.text)
    __aeabi_memcpy4                          0x080003e7   Thumb Code     0  rt_memcpy_w.o(.text)
    __aeabi_memcpy8                          0x080003e7   Thumb Code     0  rt_memcpy_w.o(.text)
    __rt_memcpy_w                            0x080003e7   Thumb Code   100  rt_memcpy_w.o(.text)
    _memcpy_lastbytes_aligned                0x0800042f   Thumb Code     0  rt_memcpy_w.o(.text)
    __aeabi_memclr4                          0x0800044b   Thumb Code     0  rt_memclr_w.o(.text)
    __aeabi_memclr8                          0x0800044b   Thumb Code     0  rt_memclr_w.o(.text)
    __rt_memclr_w                            0x0800044b   Thumb Code    78  rt_memclr_w.o(.text)
    _memset_w                                0x0800044f   Thumb Code     0  rt_memclr_w.o(.text)
    __use_two_region_memory                  0x08000499   Thumb Code     2  heapauxi.o(.text)
    __rt_heap_escrow$2region                 0x0800049b   Thumb Code     2  heapauxi.o(.text)
    __rt_heap_expand$2region                 0x0800049d   Thumb Code     2  heapauxi.o(.text)
    __read_errno                             0x0800049f   Thumb Code    10  _rserrno.o(.text)
    __set_errno                              0x080004a9   Thumb Code    12  _rserrno.o(.text)
    __aeabi_errno_addr                       0x080004b5   Thumb Code     8  rt_errno_addr_intlibspace.o(.text)
    __errno$intlibspace                      0x080004b5   Thumb Code     0  rt_errno_addr_intlibspace.o(.text)
    __rt_errno_addr$intlibspace              0x080004b5   Thumb Code     0  rt_errno_addr_intlibspace.o(.text)
    __user_libspace                          0x080004bd   Thumb Code     8  libspace.o(.text)
    __user_perproc_libspace                  0x080004bd   Thumb Code     0  libspace.o(.text)
    __user_perthread_libspace                0x080004bd   Thumb Code     0  libspace.o(.text)
    __user_setup_stackheap                   0x080004c5   Thumb Code    74  sys_stackheap_outer.o(.text)
    exit                                     0x0800050f   Thumb Code    18  exit.o(.text)
    _sys_exit                                0x08000521   Thumb Code     8  sys_exit.o(.text)
    __I$use$semihosting                      0x0800052d   Thumb Code     0  use_no_semi.o(.text)
    __use_no_semihosting_swi                 0x0800052d   Thumb Code     2  use_no_semi.o(.text)
    __semihosting_library_function           0x0800052f   Thumb Code     0  indicate_semi.o(.text)
    ADC1_2_IRQHandler                        0x08000531   Thumb Code     6  stm32g4xx_it.o(i.ADC1_2_IRQHandler)
    ADC_Enable                               0x0800053d   Thumb Code   110  stm32g4xx_hal_adc.o(i.ADC_Enable)
    BusFault_Handler                         0x080005b1   Thumb Code     2  stm32g4xx_it.o(i.BusFault_Handler)
    CDC_Transmit_FS                          0x080005fd   Thumb Code    38  usbd_cdc_if.o(i.CDC_Transmit_FS)
    DebugMon_Handler                         0x08000629   Thumb Code     2  stm32g4xx_it.o(i.DebugMon_Handler)
    Error_Handler                            0x0800062b   Thumb Code     4  main.o(i.Error_Handler)
    HAL_ADCEx_EndOfSamplingCallback          0x0800062f   Thumb Code     2  stm32g4xx_hal_adc_ex.o(i.HAL_ADCEx_EndOfSamplingCallback)
    HAL_ADCEx_InjectedConfigChannel          0x08000631   Thumb Code  1250  stm32g4xx_hal_adc_ex.o(i.HAL_ADCEx_InjectedConfigChannel)
    HAL_ADCEx_InjectedConvCpltCallback       0x08000b3d   Thumb Code    14  adc_bsp.o(i.HAL_ADCEx_InjectedConvCpltCallback)
    HAL_ADCEx_InjectedQueueOverflowCallback  0x08000b51   Thumb Code     2  stm32g4xx_hal_adc_ex.o(i.HAL_ADCEx_InjectedQueueOverflowCallback)
    HAL_ADCEx_InjectedStart_IT               0x08000b55   Thumb Code   282  stm32g4xx_hal_adc_ex.o(i.HAL_ADCEx_InjectedStart_IT)
    HAL_ADCEx_LevelOutOfWindow2Callback      0x08000c7d   Thumb Code     2  stm32g4xx_hal_adc_ex.o(i.HAL_ADCEx_LevelOutOfWindow2Callback)
    HAL_ADCEx_LevelOutOfWindow3Callback      0x08000c7f   Thumb Code     2  stm32g4xx_hal_adc_ex.o(i.HAL_ADCEx_LevelOutOfWindow3Callback)
    HAL_ADCEx_MultiModeConfigChannel         0x08000c81   Thumb Code   208  stm32g4xx_hal_adc_ex.o(i.HAL_ADCEx_MultiModeConfigChannel)
    HAL_ADC_ConfigChannel                    0x08000d59   Thumb Code   998  stm32g4xx_hal_adc.o(i.HAL_ADC_ConfigChannel)
    HAL_ADC_ConvCpltCallback                 0x08001171   Thumb Code     2  stm32g4xx_hal_adc.o(i.HAL_ADC_ConvCpltCallback)
    HAL_ADC_ErrorCallback                    0x08001173   Thumb Code     2  stm32g4xx_hal_adc.o(i.HAL_ADC_ErrorCallback)
    HAL_ADC_IRQHandler                       0x08001175   Thumb Code   612  stm32g4xx_hal_adc.o(i.HAL_ADC_IRQHandler)
    HAL_ADC_Init                             0x080013e1   Thumb Code   476  stm32g4xx_hal_adc.o(i.HAL_ADC_Init)
    HAL_ADC_LevelOutOfWindowCallback         0x080015dd   Thumb Code     2  stm32g4xx_hal_adc.o(i.HAL_ADC_LevelOutOfWindowCallback)
    HAL_ADC_MspInit                          0x080015e1   Thumb Code   126  adc.o(i.HAL_ADC_MspInit)
    HAL_GPIO_Init                            0x08001669   Thumb Code   550  stm32g4xx_hal_gpio.o(i.HAL_GPIO_Init)
    HAL_GetTick                              0x080018b1   Thumb Code     6  stm32g4xx_hal.o(i.HAL_GetTick)
    HAL_IncTick                              0x080018bd   Thumb Code    12  stm32g4xx_hal.o(i.HAL_IncTick)
    HAL_Init                                 0x080018cd   Thumb Code    30  stm32g4xx_hal.o(i.HAL_Init)
    HAL_InitTick                             0x080018ed   Thumb Code    58  stm32g4xx_hal.o(i.HAL_InitTick)
    HAL_MspInit                              0x08001931   Thumb Code    42  stm32g4xx_hal_msp.o(i.HAL_MspInit)
    HAL_NVIC_EnableIRQ                       0x08001961   Thumb Code    26  stm32g4xx_hal_cortex.o(i.HAL_NVIC_EnableIRQ)
    HAL_NVIC_SetPriority                     0x0800197d   Thumb Code    60  stm32g4xx_hal_cortex.o(i.HAL_NVIC_SetPriority)
    HAL_NVIC_SetPriorityGrouping             0x080019bd   Thumb Code    26  stm32g4xx_hal_cortex.o(i.HAL_NVIC_SetPriorityGrouping)
    HAL_PCDEx_ActivateLPM                    0x080019e1   Thumb Code    36  stm32g4xx_hal_pcd_ex.o(i.HAL_PCDEx_ActivateLPM)
    HAL_PCDEx_LPM_Callback                   0x08001a05   Thumb Code    64  usbd_conf.o(i.HAL_PCDEx_LPM_Callback)
    HAL_PCDEx_PMAConfig                      0x08001a49   Thumb Code    60  stm32g4xx_hal_pcd_ex.o(i.HAL_PCDEx_PMAConfig)
    HAL_PCD_DataInStageCallback              0x08001a85   Thumb Code    18  usbd_conf.o(i.HAL_PCD_DataInStageCallback)
    HAL_PCD_DataOutStageCallback             0x08001a97   Thumb Code    20  usbd_conf.o(i.HAL_PCD_DataOutStageCallback)
    HAL_PCD_EP_Close                         0x08001aab   Thumb Code    76  stm32g4xx_hal_pcd.o(i.HAL_PCD_EP_Close)
    HAL_PCD_EP_ClrStall                      0x08001af7   Thumb Code    92  stm32g4xx_hal_pcd.o(i.HAL_PCD_EP_ClrStall)
    HAL_PCD_EP_GetRxCount                    0x08001f5f   Thumb Code    18  stm32g4xx_hal_pcd.o(i.HAL_PCD_EP_GetRxCount)
    HAL_PCD_EP_Open                          0x08001f71   Thumb Code    96  stm32g4xx_hal_pcd.o(i.HAL_PCD_EP_Open)
    HAL_PCD_EP_Receive                       0x08001fd1   Thumb Code    50  stm32g4xx_hal_pcd.o(i.HAL_PCD_EP_Receive)
    HAL_PCD_EP_SetStall                      0x08002003   Thumb Code    96  stm32g4xx_hal_pcd.o(i.HAL_PCD_EP_SetStall)
    HAL_PCD_EP_Transmit                      0x08002063   Thumb Code    52  stm32g4xx_hal_pcd.o(i.HAL_PCD_EP_Transmit)
    HAL_PCD_IRQHandler                       0x08002097   Thumb Code   330  stm32g4xx_hal_pcd.o(i.HAL_PCD_IRQHandler)
    HAL_PCD_Init                             0x080021e1   Thumb Code   178  stm32g4xx_hal_pcd.o(i.HAL_PCD_Init)
    HAL_PCD_MspInit                          0x08002295   Thumb Code    80  usbd_conf.o(i.HAL_PCD_MspInit)
    HAL_PCD_ResetCallback                    0x080022ed   Thumb Code    38  usbd_conf.o(i.HAL_PCD_ResetCallback)
    HAL_PCD_ResumeCallback                   0x08002315   Thumb Code    34  usbd_conf.o(i.HAL_PCD_ResumeCallback)
    HAL_PCD_SOFCallback                      0x0800233d   Thumb Code     8  usbd_conf.o(i.HAL_PCD_SOFCallback)
    HAL_PCD_SetAddress                       0x08002345   Thumb Code    40  stm32g4xx_hal_pcd.o(i.HAL_PCD_SetAddress)
    HAL_PCD_SetupStageCallback               0x0800236d   Thumb Code    14  usbd_conf.o(i.HAL_PCD_SetupStageCallback)
    HAL_PCD_Start                            0x0800237b   Thumb Code    42  stm32g4xx_hal_pcd.o(i.HAL_PCD_Start)
    HAL_PCD_SuspendCallback                  0x080023a5   Thumb Code    30  usbd_conf.o(i.HAL_PCD_SuspendCallback)
    HAL_PWREx_ControlVoltageScaling          0x080023c9   Thumb Code   174  stm32g4xx_hal_pwr_ex.o(i.HAL_PWREx_ControlVoltageScaling)
    HAL_PWREx_DisableUCPDDeadBattery         0x08002485   Thumb Code    12  stm32g4xx_hal_pwr_ex.o(i.HAL_PWREx_DisableUCPDDeadBattery)
    HAL_RCCEx_PeriphCLKConfig                0x08002495   Thumb Code   638  stm32g4xx_hal_rcc_ex.o(i.HAL_RCCEx_PeriphCLKConfig)
    HAL_RCC_ClockConfig                      0x0800271d   Thumb Code   444  stm32g4xx_hal_rcc.o(i.HAL_RCC_ClockConfig)
    HAL_RCC_GetPCLK1Freq                     0x080028f9   Thumb Code    24  stm32g4xx_hal_rcc.o(i.HAL_RCC_GetPCLK1Freq)
    HAL_RCC_GetPCLK2Freq                     0x0800291d   Thumb Code    24  stm32g4xx_hal_rcc.o(i.HAL_RCC_GetPCLK2Freq)
    HAL_RCC_GetSysClockFreq                  0x08002941   Thumb Code    98  stm32g4xx_hal_rcc.o(i.HAL_RCC_GetSysClockFreq)
    HAL_RCC_OscConfig                        0x080029b1   Thumb Code  1036  stm32g4xx_hal_rcc.o(i.HAL_RCC_OscConfig)
    HAL_SYSTICK_Config                       0x08002dbd   Thumb Code    40  stm32g4xx_hal_cortex.o(i.HAL_SYSTICK_Config)
    HAL_TIMEx_ConfigBreakDeadTime            0x08002de5   Thumb Code   164  stm32g4xx_hal_tim_ex.o(i.HAL_TIMEx_ConfigBreakDeadTime)
    HAL_TIMEx_MasterConfigSynchronization    0x08002e91   Thumb Code   132  stm32g4xx_hal_tim_ex.o(i.HAL_TIMEx_MasterConfigSynchronization)
    HAL_TIM_PWM_ConfigChannel                0x08002f2d   Thumb Code   292  stm32g4xx_hal_tim.o(i.HAL_TIM_PWM_ConfigChannel)
    HAL_TIM_PWM_Init                         0x08003051   Thumb Code    98  stm32g4xx_hal_tim.o(i.HAL_TIM_PWM_Init)
    HAL_TIM_PWM_MspInit                      0x080030b5   Thumb Code    30  tim.o(i.HAL_TIM_PWM_MspInit)
    HAL_TIM_PWM_Start                        0x080030dd   Thumb Code   218  stm32g4xx_hal_tim.o(i.HAL_TIM_PWM_Start)
    HAL_UARTEx_DisableFifoMode               0x080031d9   Thumb Code    62  stm32g4xx_hal_uart_ex.o(i.HAL_UARTEx_DisableFifoMode)
    HAL_UARTEx_SetRxFifoThreshold            0x08003217   Thumb Code    76  stm32g4xx_hal_uart_ex.o(i.HAL_UARTEx_SetRxFifoThreshold)
    HAL_UARTEx_SetTxFifoThreshold            0x08003263   Thumb Code    76  stm32g4xx_hal_uart_ex.o(i.HAL_UARTEx_SetTxFifoThreshold)
    HAL_UART_Init                            0x080032af   Thumb Code   106  stm32g4xx_hal_uart.o(i.HAL_UART_Init)
    HAL_UART_MspInit                         0x08003319   Thumb Code   114  usart.o(i.HAL_UART_MspInit)
    HardFault_Handler                        0x08003399   Thumb Code     2  stm32g4xx_it.o(i.HardFault_Handler)
    MX_ADC1_Init                             0x08003479   Thumb Code   208  adc.o(i.MX_ADC1_Init)
    MX_GPIO_Init                             0x08003551   Thumb Code    70  gpio.o(i.MX_GPIO_Init)
    MX_TIM1_Init                             0x0800359d   Thumb Code   166  tim.o(i.MX_TIM1_Init)
    MX_USART3_UART_Init                      0x0800364d   Thumb Code    94  usart.o(i.MX_USART3_UART_Init)
    MX_USB_Device_Init                       0x080036b5   Thumb Code    66  usb_device.o(i.MX_USB_Device_Init)
    MemManage_Handler                        0x08003709   Thumb Code     2  stm32g4xx_it.o(i.MemManage_Handler)
    NMI_Handler                              0x0800370b   Thumb Code     2  stm32g4xx_it.o(i.NMI_Handler)
    PendSV_Handler                           0x08003a87   Thumb Code     2  stm32g4xx_it.o(i.PendSV_Handler)
    SVC_Handler                              0x08003a89   Thumb Code     2  stm32g4xx_it.o(i.SVC_Handler)
    SysTick_Handler                          0x08003a95   Thumb Code     4  stm32g4xx_it.o(i.SysTick_Handler)
    SystemClock_Config                       0x08003a99   Thumb Code   110  main.o(i.SystemClock_Config)
    SystemInit                               0x08003b09   Thumb Code    12  system_stm32g4xx.o(i.SystemInit)
    TIM_Base_SetConfig                       0x08003b19   Thumb Code   146  stm32g4xx_hal_tim.o(i.TIM_Base_SetConfig)
    TIM_CCxChannelCmd                        0x08003bc9   Thumb Code    26  stm32g4xx_hal_tim.o(i.TIM_CCxChannelCmd)
    TIM_OC2_SetConfig                        0x08003c81   Thumb Code   120  stm32g4xx_hal_tim.o(i.TIM_OC2_SetConfig)
    UART_AdvFeatureConfig                    0x08003f55   Thumb Code   200  stm32g4xx_hal_uart.o(i.UART_AdvFeatureConfig)
    UART_CheckIdleState                      0x0800401d   Thumb Code    96  stm32g4xx_hal_uart.o(i.UART_CheckIdleState)
    UART_SetConfig                           0x0800407d   Thumb Code   582  stm32g4xx_hal_uart.o(i.UART_SetConfig)
    UART_WaitOnFlagUntilTimeout              0x080042f1   Thumb Code   198  stm32g4xx_hal_uart.o(i.UART_WaitOnFlagUntilTimeout)
    USBD_CDC_ConfigStrDescriptor             0x080043b9   Thumb Code    16  usbd_desc.o(i.USBD_CDC_ConfigStrDescriptor)
    USBD_CDC_DeviceDescriptor                0x080044a9   Thumb Code     8  usbd_desc.o(i.USBD_CDC_DeviceDescriptor)
    USBD_CDC_GetDeviceQualifierDescriptor    0x080044e5   Thumb Code     8  usbd_cdc.o(i.USBD_CDC_GetDeviceQualifierDescriptor)
    USBD_CDC_InterfaceStrDescriptor          0x080045b9   Thumb Code    16  usbd_desc.o(i.USBD_CDC_InterfaceStrDescriptor)
    USBD_CDC_LangIDStrDescriptor             0x080045dd   Thumb Code     8  usbd_desc.o(i.USBD_CDC_LangIDStrDescriptor)
    USBD_CDC_ManufacturerStrDescriptor       0x080045e9   Thumb Code    16  usbd_desc.o(i.USBD_CDC_ManufacturerStrDescriptor)
    USBD_CDC_ProductStrDescriptor            0x08004611   Thumb Code    16  usbd_desc.o(i.USBD_CDC_ProductStrDescriptor)
    USBD_CDC_ReceivePacket                   0x0800463d   Thumb Code    40  usbd_cdc.o(i.USBD_CDC_ReceivePacket)
    USBD_CDC_RegisterInterface               0x08004665   Thumb Code    14  usbd_cdc.o(i.USBD_CDC_RegisterInterface)
    USBD_CDC_SerialStrDescriptor             0x08004675   Thumb Code    48  usbd_desc.o(i.USBD_CDC_SerialStrDescriptor)
    USBD_CDC_SetRxBuffer                     0x080046ad   Thumb Code    18  usbd_cdc.o(i.USBD_CDC_SetRxBuffer)
    USBD_CDC_SetTxBuffer                     0x080046bf   Thumb Code    22  usbd_cdc.o(i.USBD_CDC_SetTxBuffer)
    USBD_CDC_TransmitPacket                  0x08004793   Thumb Code    54  usbd_cdc.o(i.USBD_CDC_TransmitPacket)
    USBD_ClrClassConfig                      0x080047c9   Thumb Code    16  usbd_core.o(i.USBD_ClrClassConfig)
    USBD_CtlContinueRx                       0x080047d9   Thumb Code    16  usbd_ioreq.o(i.USBD_CtlContinueRx)
    USBD_CtlContinueSendData                 0x080047e9   Thumb Code    16  usbd_ioreq.o(i.USBD_CtlContinueSendData)
    USBD_CtlError                            0x080047f9   Thumb Code    22  usbd_ctlreq.o(i.USBD_CtlError)
    USBD_CtlPrepareRx                        0x0800480f   Thumb Code    30  usbd_ioreq.o(i.USBD_CtlPrepareRx)
    USBD_CtlReceiveStatus                    0x0800482d   Thumb Code    22  usbd_ioreq.o(i.USBD_CtlReceiveStatus)
    USBD_CtlSendData                         0x08004843   Thumb Code    26  usbd_ioreq.o(i.USBD_CtlSendData)
    USBD_CtlSendStatus                       0x0800485d   Thumb Code    22  usbd_ioreq.o(i.USBD_CtlSendStatus)
    USBD_GetString                           0x0800496d   Thumb Code    72  usbd_ctlreq.o(i.USBD_GetString)
    USBD_Init                                0x080049cd   Thumb Code    38  usbd_core.o(i.USBD_Init)
    USBD_LL_ClearStallEP                     0x080049f3   Thumb Code    18  usbd_conf.o(i.USBD_LL_ClearStallEP)
    USBD_LL_CloseEP                          0x08004a05   Thumb Code    18  usbd_conf.o(i.USBD_LL_CloseEP)
    USBD_LL_DataInStage                      0x08004a17   Thumb Code   168  usbd_core.o(i.USBD_LL_DataInStage)
    USBD_LL_DataOutStage                     0x08004abf   Thumb Code   108  usbd_core.o(i.USBD_LL_DataOutStage)
    USBD_LL_GetRxDataSize                    0x08004b2b   Thumb Code     8  usbd_conf.o(i.USBD_LL_GetRxDataSize)
    USBD_LL_Init                             0x08004b35   Thumb Code   124  usbd_conf.o(i.USBD_LL_Init)
    USBD_LL_IsStallEP                        0x08004bb9   Thumb Code    32  usbd_conf.o(i.USBD_LL_IsStallEP)
    USBD_LL_OpenEP                           0x08004bd9   Thumb Code    24  usbd_conf.o(i.USBD_LL_OpenEP)
    USBD_LL_PrepareReceive                   0x08004bf1   Thumb Code    18  usbd_conf.o(i.USBD_LL_PrepareReceive)
    USBD_LL_Reset                            0x08004c03   Thumb Code    90  usbd_core.o(i.USBD_LL_Reset)
    USBD_LL_Resume                           0x08004c5d   Thumb Code    20  usbd_core.o(i.USBD_LL_Resume)
    USBD_LL_SOF                              0x08004c71   Thumb Code    32  usbd_core.o(i.USBD_LL_SOF)
    USBD_LL_SetSpeed                         0x08004c91   Thumb Code     6  usbd_core.o(i.USBD_LL_SetSpeed)
    USBD_LL_SetUSBAddress                    0x08004c97   Thumb Code    18  usbd_conf.o(i.USBD_LL_SetUSBAddress)
    USBD_LL_SetupStage                       0x08004ca9   Thumb Code    96  usbd_core.o(i.USBD_LL_SetupStage)
    USBD_LL_StallEP                          0x08004d09   Thumb Code    18  usbd_conf.o(i.USBD_LL_StallEP)
    USBD_LL_Start                            0x08004d1b   Thumb Code    18  usbd_conf.o(i.USBD_LL_Start)
    USBD_LL_Suspend                          0x08004d2d   Thumb Code    18  usbd_core.o(i.USBD_LL_Suspend)
    USBD_LL_Transmit                         0x08004d3f   Thumb Code    18  usbd_conf.o(i.USBD_LL_Transmit)
    USBD_ParseSetupRequest                   0x08004d51   Thumb Code    44  usbd_ctlreq.o(i.USBD_ParseSetupRequest)
    USBD_RegisterClass                       0x08004d7d   Thumb Code    36  usbd_core.o(i.USBD_RegisterClass)
    USBD_SetClassConfig                      0x08004da1   Thumb Code    20  usbd_core.o(i.USBD_SetClassConfig)
    USBD_Start                               0x08004e71   Thumb Code     4  usbd_core.o(i.USBD_Start)
    USBD_StdDevReq                           0x08004e75   Thumb Code   276  usbd_ctlreq.o(i.USBD_StdDevReq)
    USBD_StdEPReq                            0x08004f89   Thumb Code   320  usbd_ctlreq.o(i.USBD_StdEPReq)
    USBD_StdItfReq                           0x080050c9   Thumb Code    82  usbd_ctlreq.o(i.USBD_StdItfReq)
    USBD_static_free                         0x0800511b   Thumb Code     2  usbd_conf.o(i.USBD_static_free)
    USBD_static_malloc                       0x0800511d   Thumb Code     4  usbd_conf.o(i.USBD_static_malloc)
    USB_ActivateEndpoint                     0x08005125   Thumb Code   616  stm32g4xx_ll_usb.o(i.USB_ActivateEndpoint)
    USB_DeactivateEndpoint                   0x0800538d   Thumb Code   270  stm32g4xx_ll_usb.o(i.USB_DeactivateEndpoint)
    USB_DevConnect                           0x0800549b   Thumb Code    14  stm32g4xx_ll_usb.o(i.USB_DevConnect)
    USB_DevInit                              0x080054a9   Thumb Code    18  stm32g4xx_ll_usb.o(i.USB_DevInit)
    USB_DisableGlobalInt                     0x080054bb   Thumb Code    16  stm32g4xx_ll_usb.o(i.USB_DisableGlobalInt)
    USB_EPClearStall                         0x080054cb   Thumb Code   120  stm32g4xx_ll_usb.o(i.USB_EPClearStall)
    USB_EPSetStall                           0x08005543   Thumb Code    50  stm32g4xx_ll_usb.o(i.USB_EPSetStall)
    USB_EPStartXfer                          0x08005575   Thumb Code  1158  stm32g4xx_ll_usb.o(i.USB_EPStartXfer)
    USB_EnableGlobalInt                      0x080059fb   Thumb Code    18  stm32g4xx_ll_usb.o(i.USB_EnableGlobalInt)
    USB_LP_IRQHandler                        0x08005a0d   Thumb Code     6  stm32g4xx_it.o(i.USB_LP_IRQHandler)
    USB_ReadInterrupts                       0x08005a19   Thumb Code     6  stm32g4xx_ll_usb.o(i.USB_ReadInterrupts)
    USB_ReadPMA                              0x08005a1f   Thumb Code    40  stm32g4xx_ll_usb.o(i.USB_ReadPMA)
    USB_SetDevAddress                        0x08005a47   Thumb Code    12  stm32g4xx_ll_usb.o(i.USB_SetDevAddress)
    USB_WritePMA                             0x08005a55   Thumb Code    38  stm32g4xx_ll_usb.o(i.USB_WritePMA)
    UsageFault_Handler                       0x08005a7b   Thumb Code     2  stm32g4xx_it.o(i.UsageFault_Handler)
    __ARM_fpclassifyf                        0x08005a7d   Thumb Code    38  fpclassifyf.o(i.__ARM_fpclassifyf)
    __hardfp_cosf                            0x08005ac5   Thumb Code   280  cosf.o(i.__hardfp_cosf)
    __hardfp_sinf                            0x08005c15   Thumb Code   344  sinf.o(i.__hardfp_sinf)
    __mathlib_flt_infnan                     0x08005da5   Thumb Code     6  funder.o(i.__mathlib_flt_infnan)
    __mathlib_flt_invalid                    0x08005dad   Thumb Code    10  funder.o(i.__mathlib_flt_invalid)
    __mathlib_flt_underflow                  0x08005dbd   Thumb Code    10  funder.o(i.__mathlib_flt_underflow)
    __mathlib_rredf2                         0x08005dcd   Thumb Code   316  rredf.o(i.__mathlib_rredf2)
    adc1_injected_callback                   0x08005f21   Thumb Code    86  foc_control.o(i.adc1_injected_callback)
    adc_bsp_init                             0x08005f89   Thumb Code     6  adc_bsp.o(i.adc_bsp_init)
    adc_driver_init                          0x08005f95   Thumb Code     4  adc_driver.o(i.adc_driver_init)
    clarke_transform                         0x08005f99   Thumb Code    34  foc_calculate.o(i.clarke_transform)
    foc_calculate                            0x08005fc1   Thumb Code    54  foc_calculate.o(i.foc_calculate)
    inverse_park                             0x08005ffd   Thumb Code    42  foc_calculate.o(i.inverse_park)
    main                                     0x08006029   Thumb Code    46  main.o(i.main)
    motor_foc_para_init                      0x0800605d   Thumb Code    28  foc_driver.o(i.motor_foc_para_init)
    park_transform                           0x08006089   Thumb Code    42  foc_calculate.o(i.park_transform)
    sin_cos_val                              0x080060b3   Thumb Code    30  foc_calculate.o(i.sin_cos_val)
    svm                                      0x080060d1   Thumb Code   334  foc_calculate.o(i.svm)
    svpwm_sector                             0x08006231   Thumb Code   286  foc_calculate.o(i.svpwm_sector)
    vofa_send_data                           0x08006359   Thumb Code    44  vofa.o(i.vofa_send_data)
    vofa_sendframetail                       0x0800638d   Thumb Code    50  vofa.o(i.vofa_sendframetail)
    vofa_start                               0x080063c9   Thumb Code   168  vofa.o(i.vofa_start)
    vofa_transmit                            0x08006485   Thumb Code     4  vofa.o(i.vofa_transmit)
    _fp_init                                 0x08006489   Thumb Code    10  fpinit.o(x$fpl$fpinit)
    __fplib_config_fpu_vfp                   0x08006491   Thumb Code     0  fpinit.o(x$fpl$fpinit)
    __fplib_config_pureend_doubles           0x08006491   Thumb Code     0  fpinit.o(x$fpl$fpinit)
    UARTPrescTable                           0x08006492   Data          24  stm32g4xx_hal_uart.o(.constdata)
    __I$use$fp                               0x08006492   Number         0  usenofp.o(x$fpl$usenofp)
    AHBPrescTable                            0x080064ba   Data          16  system_stm32g4xx.o(.constdata)
    APBPrescTable                            0x080064ca   Data           8  system_stm32g4xx.o(.constdata)
    Region$$Table$$Base                      0x080064f4   Number         0  anon$$obj.o(Region$$Table)
    Region$$Table$$Limit                     0x08006514   Number         0  anon$$obj.o(Region$$Table)
    CDC_Desc                                 0x20000000   Data          32  usbd_desc.o(.data)
    USBD_LangIDDesc                          0x20000020   Data           4  usbd_desc.o(.data)
    USBD_CDC_DeviceDesc                      0x20000024   Data          18  usbd_desc.o(.data)
    USBD_StringSerial                        0x20000038   Data          26  usbd_desc.o(.data)
    USBD_Interface_fops_FS                   0x20000054   Data          20  usbd_cdc_if.o(.data)
    uwTickPrio                               0x20000068   Data           4  stm32g4xx_hal.o(.data)
    uwTickFreq                               0x2000006c   Data           4  stm32g4xx_hal.o(.data)
    uwTick                                   0x20000070   Data           4  stm32g4xx_hal.o(.data)
    SystemCoreClock                          0x20000074   Data           4  system_stm32g4xx.o(.data)
    USBD_CDC                                 0x20000154   Data          56  usbd_cdc.o(.data)
    cnt                                      0x2000018c   Data           2  vofa.o(.data)
    a                                        0x20000194   Data           4  foc_calculate.o(.data)
    b                                        0x20000198   Data           4  foc_calculate.o(.data)
    c                                        0x2000019c   Data           4  foc_calculate.o(.data)
    hadc1                                    0x200001a0   Data         108  adc.o(.bss)
    htim1                                    0x2000020c   Data          76  tim.o(.bss)
    huart3                                   0x20000258   Data         144  usart.o(.bss)
    hpcd_USB_FS                              0x20000508   Data         756  usbd_conf.o(.bss)
    hUsbDeviceFS                             0x200007fc   Data         720  usb_device.o(.bss)
    USBD_StrDesc                             0x20000acc   Data         512  usbd_desc.o(.bss)
    UserRxBufferFS                           0x20000ccc   Data        1024  usbd_cdc_if.o(.bss)
    UserTxBufferFS                           0x200010cc   Data        1024  usbd_cdc_if.o(.bss)
    send_buf                                 0x200014cc   Data        1024  vofa.o(.bss)
    motor                                    0x200018cc   Data         112  foc_control.o(.bss)
    __libspace_start                         0x2000193c   Data          96  libspace.o(.bss)
    __temporary_stack_top$libspace           0x2000199c   Data           0  libspace.o(.bss)



==============================================================================

Memory Map of the image

  Image Entry point : 0x080001d9

  Load Region LR_IROM1 (Base: 0x08000000, Size: 0x000066b4, Max: 0x00020000, ABSOLUTE, COMPRESSED[0x000065dc])

    Execution Region ER_IROM1 (Exec base: 0x08000000, Load base: 0x08000000, Size: 0x00006514, Max: 0x00020000, ABSOLUTE)

    Exec Addr    Load Addr    Size         Type   Attr      Idx    E Section Name        Object

    0x08000000   0x08000000   0x000001d8   Data   RO            3    RESET               startup_stm32g431xx.o
    0x080001d8   0x080001d8   0x00000008   Code   RO         5636  * !!!main             c_w.l(__main.o)
    0x080001e0   0x080001e0   0x00000034   Code   RO         5942    !!!scatter          c_w.l(__scatter.o)
    0x08000214   0x08000214   0x0000005a   Code   RO         5940    !!dczerorl2         c_w.l(__dczerorl2.o)
    0x0800026e   0x0800026e   0x00000002   PAD
    0x08000270   0x08000270   0x0000001c   Code   RO         5944    !!handler_zi        c_w.l(__scatter_zi.o)
    0x0800028c   0x0800028c   0x00000002   Code   RO         5813    .ARM.Collect$$libinit$$00000000  c_w.l(libinit.o)
    0x0800028e   0x0800028e   0x00000004   Code   RO         5822    .ARM.Collect$$libinit$$00000001  c_w.l(libinit2.o)
    0x08000292   0x08000292   0x00000000   Code   RO         5825    .ARM.Collect$$libinit$$00000004  c_w.l(libinit2.o)
    0x08000292   0x08000292   0x00000000   Code   RO         5828    .ARM.Collect$$libinit$$0000000A  c_w.l(libinit2.o)
    0x08000292   0x08000292   0x00000000   Code   RO         5830    .ARM.Collect$$libinit$$0000000C  c_w.l(libinit2.o)
    0x08000292   0x08000292   0x00000000   Code   RO         5832    .ARM.Collect$$libinit$$0000000E  c_w.l(libinit2.o)
    0x08000292   0x08000292   0x00000000   Code   RO         5835    .ARM.Collect$$libinit$$00000011  c_w.l(libinit2.o)
    0x08000292   0x08000292   0x00000000   Code   RO         5837    .ARM.Collect$$libinit$$00000013  c_w.l(libinit2.o)
    0x08000292   0x08000292   0x00000000   Code   RO         5839    .ARM.Collect$$libinit$$00000015  c_w.l(libinit2.o)
    0x08000292   0x08000292   0x00000000   Code   RO         5841    .ARM.Collect$$libinit$$00000017  c_w.l(libinit2.o)
    0x08000292   0x08000292   0x00000000   Code   RO         5843    .ARM.Collect$$libinit$$00000019  c_w.l(libinit2.o)
    0x08000292   0x08000292   0x00000000   Code   RO         5845    .ARM.Collect$$libinit$$0000001B  c_w.l(libinit2.o)
    0x08000292   0x08000292   0x00000000   Code   RO         5847    .ARM.Collect$$libinit$$0000001D  c_w.l(libinit2.o)
    0x08000292   0x08000292   0x00000000   Code   RO         5849    .ARM.Collect$$libinit$$0000001F  c_w.l(libinit2.o)
    0x08000292   0x08000292   0x00000000   Code   RO         5851    .ARM.Collect$$libinit$$00000021  c_w.l(libinit2.o)
    0x08000292   0x08000292   0x00000000   Code   RO         5853    .ARM.Collect$$libinit$$00000023  c_w.l(libinit2.o)
    0x08000292   0x08000292   0x00000000   Code   RO         5855    .ARM.Collect$$libinit$$00000025  c_w.l(libinit2.o)
    0x08000292   0x08000292   0x00000000   Code   RO         5859    .ARM.Collect$$libinit$$0000002C  c_w.l(libinit2.o)
    0x08000292   0x08000292   0x00000000   Code   RO         5861    .ARM.Collect$$libinit$$0000002E  c_w.l(libinit2.o)
    0x08000292   0x08000292   0x00000000   Code   RO         5863    .ARM.Collect$$libinit$$00000030  c_w.l(libinit2.o)
    0x08000292   0x08000292   0x00000000   Code   RO         5865    .ARM.Collect$$libinit$$00000032  c_w.l(libinit2.o)
    0x08000292   0x08000292   0x00000002   Code   RO         5866    .ARM.Collect$$libinit$$00000033  c_w.l(libinit2.o)
    0x08000294   0x08000294   0x00000002   Code   RO         5897    .ARM.Collect$$libshutdown$$00000000  c_w.l(libshutdown.o)
    0x08000296   0x08000296   0x00000000   Code   RO         5923    .ARM.Collect$$libshutdown$$00000002  c_w.l(libshutdown2.o)
    0x08000296   0x08000296   0x00000000   Code   RO         5925    .ARM.Collect$$libshutdown$$00000004  c_w.l(libshutdown2.o)
    0x08000296   0x08000296   0x00000000   Code   RO         5928    .ARM.Collect$$libshutdown$$00000007  c_w.l(libshutdown2.o)
    0x08000296   0x08000296   0x00000000   Code   RO         5931    .ARM.Collect$$libshutdown$$0000000A  c_w.l(libshutdown2.o)
    0x08000296   0x08000296   0x00000000   Code   RO         5933    .ARM.Collect$$libshutdown$$0000000C  c_w.l(libshutdown2.o)
    0x08000296   0x08000296   0x00000000   Code   RO         5936    .ARM.Collect$$libshutdown$$0000000F  c_w.l(libshutdown2.o)
    0x08000296   0x08000296   0x00000002   Code   RO         5937    .ARM.Collect$$libshutdown$$00000010  c_w.l(libshutdown2.o)
    0x08000298   0x08000298   0x00000000   Code   RO         5690    .ARM.Collect$$rtentry$$00000000  c_w.l(__rtentry.o)
    0x08000298   0x08000298   0x00000000   Code   RO         5756    .ARM.Collect$$rtentry$$00000002  c_w.l(__rtentry2.o)
    0x08000298   0x08000298   0x00000006   Code   RO         5768    .ARM.Collect$$rtentry$$00000004  c_w.l(__rtentry4.o)
    0x0800029e   0x0800029e   0x00000000   Code   RO         5758    .ARM.Collect$$rtentry$$00000009  c_w.l(__rtentry2.o)
    0x0800029e   0x0800029e   0x00000004   Code   RO         5759    .ARM.Collect$$rtentry$$0000000A  c_w.l(__rtentry2.o)
    0x080002a2   0x080002a2   0x00000000   Code   RO         5761    .ARM.Collect$$rtentry$$0000000C  c_w.l(__rtentry2.o)
    0x080002a2   0x080002a2   0x00000008   Code   RO         5762    .ARM.Collect$$rtentry$$0000000D  c_w.l(__rtentry2.o)
    0x080002aa   0x080002aa   0x00000002   Code   RO         5814    .ARM.Collect$$rtexit$$00000000  c_w.l(rtexit.o)
    0x080002ac   0x080002ac   0x00000000   Code   RO         5870    .ARM.Collect$$rtexit$$00000002  c_w.l(rtexit2.o)
    0x080002ac   0x080002ac   0x00000004   Code   RO         5871    .ARM.Collect$$rtexit$$00000003  c_w.l(rtexit2.o)
    0x080002b0   0x080002b0   0x00000006   Code   RO         5872    .ARM.Collect$$rtexit$$00000004  c_w.l(rtexit2.o)
    0x080002b6   0x080002b6   0x00000002   PAD
    0x080002b8   0x080002b8   0x00000040   Code   RO            4    .text               startup_stm32g431xx.o
    0x080002f8   0x080002f8   0x000000ee   Code   RO         5628    .text               c_w.l(lludivv7m.o)
    0x080003e6   0x080003e6   0x00000064   Code   RO         5630    .text               c_w.l(rt_memcpy_w.o)
    0x0800044a   0x0800044a   0x0000004e   Code   RO         5632    .text               c_w.l(rt_memclr_w.o)
    0x08000498   0x08000498   0x00000006   Code   RO         5634    .text               c_w.l(heapauxi.o)
    0x0800049e   0x0800049e   0x00000016   Code   RO         5695    .text               c_w.l(_rserrno.o)
    0x080004b4   0x080004b4   0x00000008   Code   RO         5775    .text               c_w.l(rt_errno_addr_intlibspace.o)
    0x080004bc   0x080004bc   0x00000008   Code   RO         5797    .text               c_w.l(libspace.o)
    0x080004c4   0x080004c4   0x0000004a   Code   RO         5800    .text               c_w.l(sys_stackheap_outer.o)
    0x0800050e   0x0800050e   0x00000012   Code   RO         5802    .text               c_w.l(exit.o)
    0x08000520   0x08000520   0x0000000c   Code   RO         5867    .text               c_w.l(sys_exit.o)
    0x0800052c   0x0800052c   0x00000002   Code   RO         5886    .text               c_w.l(use_no_semi.o)
    0x0800052e   0x0800052e   0x00000000   Code   RO         5888    .text               c_w.l(indicate_semi.o)
    0x0800052e   0x0800052e   0x00000002   PAD
    0x08000530   0x08000530   0x0000000c   Code   RO          392    i.ADC1_2_IRQHandler  stm32g4xx_it.o
    0x0800053c   0x0800053c   0x00000074   Code   RO         2793    i.ADC_Enable        stm32g4xx_hal_adc.o
    0x080005b0   0x080005b0   0x00000002   Code   RO          393    i.BusFault_Handler  stm32g4xx_it.o
    0x080005b2   0x080005b2   0x00000004   Code   RO          833    i.CDC_Control_FS    usbd_cdc_if.o
    0x080005b6   0x080005b6   0x00000004   Code   RO          834    i.CDC_DeInit_FS     usbd_cdc_if.o
    0x080005ba   0x080005ba   0x00000002   PAD
    0x080005bc   0x080005bc   0x00000024   Code   RO          835    i.CDC_Init_FS       usbd_cdc_if.o
    0x080005e0   0x080005e0   0x00000018   Code   RO          836    i.CDC_Receive_FS    usbd_cdc_if.o
    0x080005f8   0x080005f8   0x00000004   Code   RO          837    i.CDC_TransmitCplt_FS  usbd_cdc_if.o
    0x080005fc   0x080005fc   0x0000002c   Code   RO          838    i.CDC_Transmit_FS   usbd_cdc_if.o
    0x08000628   0x08000628   0x00000002   Code   RO          394    i.DebugMon_Handler  stm32g4xx_it.o
    0x0800062a   0x0800062a   0x00000004   Code   RO           13    i.Error_Handler     main.o
    0x0800062e   0x0800062e   0x00000002   Code   RO         3030    i.HAL_ADCEx_EndOfSamplingCallback  stm32g4xx_hal_adc_ex.o
    0x08000630   0x08000630   0x0000050c   Code   RO         3032    i.HAL_ADCEx_InjectedConfigChannel  stm32g4xx_hal_adc_ex.o
    0x08000b3c   0x08000b3c   0x00000014   Code   RO         5327    i.HAL_ADCEx_InjectedConvCpltCallback  adc_bsp.o
    0x08000b50   0x08000b50   0x00000002   Code   RO         3036    i.HAL_ADCEx_InjectedQueueOverflowCallback  stm32g4xx_hal_adc_ex.o
    0x08000b52   0x08000b52   0x00000002   PAD
    0x08000b54   0x08000b54   0x00000128   Code   RO         3038    i.HAL_ADCEx_InjectedStart_IT  stm32g4xx_hal_adc_ex.o
    0x08000c7c   0x08000c7c   0x00000002   Code   RO         3041    i.HAL_ADCEx_LevelOutOfWindow2Callback  stm32g4xx_hal_adc_ex.o
    0x08000c7e   0x08000c7e   0x00000002   Code   RO         3042    i.HAL_ADCEx_LevelOutOfWindow3Callback  stm32g4xx_hal_adc_ex.o
    0x08000c80   0x08000c80   0x000000d8   Code   RO         3043    i.HAL_ADCEx_MultiModeConfigChannel  stm32g4xx_hal_adc_ex.o
    0x08000d58   0x08000d58   0x00000418   Code   RO         2795    i.HAL_ADC_ConfigChannel  stm32g4xx_hal_adc.o
    0x08001170   0x08001170   0x00000002   Code   RO         2796    i.HAL_ADC_ConvCpltCallback  stm32g4xx_hal_adc.o
    0x08001172   0x08001172   0x00000002   Code   RO         2799    i.HAL_ADC_ErrorCallback  stm32g4xx_hal_adc.o
    0x08001174   0x08001174   0x0000026c   Code   RO         2803    i.HAL_ADC_IRQHandler  stm32g4xx_hal_adc.o
    0x080013e0   0x080013e0   0x000001fc   Code   RO         2804    i.HAL_ADC_Init      stm32g4xx_hal_adc.o
    0x080015dc   0x080015dc   0x00000002   Code   RO         2805    i.HAL_ADC_LevelOutOfWindowCallback  stm32g4xx_hal_adc.o
    0x080015de   0x080015de   0x00000002   PAD
    0x080015e0   0x080015e0   0x00000088   Code   RO          267    i.HAL_ADC_MspInit   adc.o
    0x08001668   0x08001668   0x00000248   Code   RO         2011    i.HAL_GPIO_Init     stm32g4xx_hal_gpio.o
    0x080018b0   0x080018b0   0x0000000c   Code   RO         1324    i.HAL_GetTick       stm32g4xx_hal.o
    0x080018bc   0x080018bc   0x00000010   Code   RO         1327    i.HAL_IncTick       stm32g4xx_hal.o
    0x080018cc   0x080018cc   0x0000001e   Code   RO         1328    i.HAL_Init          stm32g4xx_hal.o
    0x080018ea   0x080018ea   0x00000002   PAD
    0x080018ec   0x080018ec   0x00000044   Code   RO         1329    i.HAL_InitTick      stm32g4xx_hal.o
    0x08001930   0x08001930   0x00000030   Code   RO          480    i.HAL_MspInit       stm32g4xx_hal_msp.o
    0x08001960   0x08001960   0x0000001a   Code   RO         2658    i.HAL_NVIC_EnableIRQ  stm32g4xx_hal_cortex.o
    0x0800197a   0x0800197a   0x00000002   PAD
    0x0800197c   0x0800197c   0x00000040   Code   RO         2664    i.HAL_NVIC_SetPriority  stm32g4xx_hal_cortex.o
    0x080019bc   0x080019bc   0x00000024   Code   RO         2665    i.HAL_NVIC_SetPriorityGrouping  stm32g4xx_hal_cortex.o
    0x080019e0   0x080019e0   0x00000024   Code   RO         1116    i.HAL_PCDEx_ActivateLPM  stm32g4xx_hal_pcd_ex.o
    0x08001a04   0x08001a04   0x00000044   Code   RO          504    i.HAL_PCDEx_LPM_Callback  usbd_conf.o
    0x08001a48   0x08001a48   0x0000003c   Code   RO         1122    i.HAL_PCDEx_PMAConfig  stm32g4xx_hal_pcd_ex.o
    0x08001a84   0x08001a84   0x00000012   Code   RO          506    i.HAL_PCD_DataInStageCallback  usbd_conf.o
    0x08001a96   0x08001a96   0x00000014   Code   RO          507    i.HAL_PCD_DataOutStageCallback  usbd_conf.o
    0x08001aaa   0x08001aaa   0x0000004c   Code   RO          899    i.HAL_PCD_EP_Close  stm32g4xx_hal_pcd.o
    0x08001af6   0x08001af6   0x0000005c   Code   RO          900    i.HAL_PCD_EP_ClrStall  stm32g4xx_hal_pcd.o
    0x08001b52   0x08001b52   0x000000dc   Code   RO          901    i.HAL_PCD_EP_DB_Receive  stm32g4xx_hal_pcd.o
    0x08001c2e   0x08001c2e   0x00000330   Code   RO          902    i.HAL_PCD_EP_DB_Transmit  stm32g4xx_hal_pcd.o
    0x08001f5e   0x08001f5e   0x00000012   Code   RO          904    i.HAL_PCD_EP_GetRxCount  stm32g4xx_hal_pcd.o
    0x08001f70   0x08001f70   0x00000060   Code   RO          905    i.HAL_PCD_EP_Open   stm32g4xx_hal_pcd.o
    0x08001fd0   0x08001fd0   0x00000032   Code   RO          906    i.HAL_PCD_EP_Receive  stm32g4xx_hal_pcd.o
    0x08002002   0x08002002   0x00000060   Code   RO          907    i.HAL_PCD_EP_SetStall  stm32g4xx_hal_pcd.o
    0x08002062   0x08002062   0x00000034   Code   RO          908    i.HAL_PCD_EP_Transmit  stm32g4xx_hal_pcd.o
    0x08002096   0x08002096   0x0000014a   Code   RO          910    i.HAL_PCD_IRQHandler  stm32g4xx_hal_pcd.o
    0x080021e0   0x080021e0   0x000000b2   Code   RO          913    i.HAL_PCD_Init      stm32g4xx_hal_pcd.o
    0x08002292   0x08002292   0x00000002   PAD
    0x08002294   0x08002294   0x00000058   Code   RO          512    i.HAL_PCD_MspInit   usbd_conf.o
    0x080022ec   0x080022ec   0x00000026   Code   RO          513    i.HAL_PCD_ResetCallback  usbd_conf.o
    0x08002312   0x08002312   0x00000002   PAD
    0x08002314   0x08002314   0x00000028   Code   RO          514    i.HAL_PCD_ResumeCallback  usbd_conf.o
    0x0800233c   0x0800233c   0x00000008   Code   RO          515    i.HAL_PCD_SOFCallback  usbd_conf.o
    0x08002344   0x08002344   0x00000028   Code   RO          919    i.HAL_PCD_SetAddress  stm32g4xx_hal_pcd.o
    0x0800236c   0x0800236c   0x0000000e   Code   RO          516    i.HAL_PCD_SetupStageCallback  usbd_conf.o
    0x0800237a   0x0800237a   0x0000002a   Code   RO          921    i.HAL_PCD_Start     stm32g4xx_hal_pcd.o
    0x080023a4   0x080023a4   0x00000024   Code   RO          517    i.HAL_PCD_SuspendCallback  usbd_conf.o
    0x080023c8   0x080023c8   0x000000bc   Code   RO         2414    i.HAL_PWREx_ControlVoltageScaling  stm32g4xx_hal_pwr_ex.o
    0x08002484   0x08002484   0x00000010   Code   RO         2426    i.HAL_PWREx_DisableUCPDDeadBattery  stm32g4xx_hal_pwr_ex.o
    0x08002494   0x08002494   0x00000288   Code   RO         1673    i.HAL_RCCEx_PeriphCLKConfig  stm32g4xx_hal_rcc_ex.o
    0x0800271c   0x0800271c   0x000001dc   Code   RO         1548    i.HAL_RCC_ClockConfig  stm32g4xx_hal_rcc.o
    0x080028f8   0x080028f8   0x00000024   Code   RO         1556    i.HAL_RCC_GetPCLK1Freq  stm32g4xx_hal_rcc.o
    0x0800291c   0x0800291c   0x00000024   Code   RO         1557    i.HAL_RCC_GetPCLK2Freq  stm32g4xx_hal_rcc.o
    0x08002940   0x08002940   0x00000070   Code   RO         1558    i.HAL_RCC_GetSysClockFreq  stm32g4xx_hal_rcc.o
    0x080029b0   0x080029b0   0x0000040c   Code   RO         1561    i.HAL_RCC_OscConfig  stm32g4xx_hal_rcc.o
    0x08002dbc   0x08002dbc   0x00000028   Code   RO         2669    i.HAL_SYSTICK_Config  stm32g4xx_hal_cortex.o
    0x08002de4   0x08002de4   0x000000ac   Code   RO         3956    i.HAL_TIMEx_ConfigBreakDeadTime  stm32g4xx_hal_tim_ex.o
    0x08002e90   0x08002e90   0x0000009c   Code   RO         3993    i.HAL_TIMEx_MasterConfigSynchronization  stm32g4xx_hal_tim_ex.o
    0x08002f2c   0x08002f2c   0x00000124   Code   RO         3309    i.HAL_TIM_PWM_ConfigChannel  stm32g4xx_hal_tim.o
    0x08003050   0x08003050   0x00000062   Code   RO         3312    i.HAL_TIM_PWM_Init  stm32g4xx_hal_tim.o
    0x080030b2   0x080030b2   0x00000002   PAD
    0x080030b4   0x080030b4   0x00000028   Code   RO          309    i.HAL_TIM_PWM_MspInit  tim.o
    0x080030dc   0x080030dc   0x000000fc   Code   RO         3317    i.HAL_TIM_PWM_Start  stm32g4xx_hal_tim.o
    0x080031d8   0x080031d8   0x0000003e   Code   RO         4800    i.HAL_UARTEx_DisableFifoMode  stm32g4xx_hal_uart_ex.o
    0x08003216   0x08003216   0x0000004c   Code   RO         4808    i.HAL_UARTEx_SetRxFifoThreshold  stm32g4xx_hal_uart_ex.o
    0x08003262   0x08003262   0x0000004c   Code   RO         4809    i.HAL_UARTEx_SetTxFifoThreshold  stm32g4xx_hal_uart_ex.o
    0x080032ae   0x080032ae   0x0000006a   Code   RO         4409    i.HAL_UART_Init     stm32g4xx_hal_uart.o
    0x08003318   0x08003318   0x00000080   Code   RO          351    i.HAL_UART_MspInit  usart.o
    0x08003398   0x08003398   0x00000002   Code   RO          395    i.HardFault_Handler  stm32g4xx_it.o
    0x0800339a   0x0800339a   0x00000002   PAD
    0x0800339c   0x0800339c   0x00000038   Code   RO          747    i.IntToUnicode      usbd_desc.o
    0x080033d4   0x080033d4   0x0000000c   Code   RO         2818    i.LL_ADC_GetOffsetChannel  stm32g4xx_hal_adc.o
    0x080033e0   0x080033e0   0x0000000c   Code   RO         3051    i.LL_ADC_GetOffsetChannel  stm32g4xx_hal_adc_ex.o
    0x080033ec   0x080033ec   0x00000008   Code   RO         2819    i.LL_ADC_INJ_IsConversionOngoing  stm32g4xx_hal_adc.o
    0x080033f4   0x080033f4   0x00000008   Code   RO         3052    i.LL_ADC_INJ_IsConversionOngoing  stm32g4xx_hal_adc_ex.o
    0x080033fc   0x080033fc   0x00000008   Code   RO         2820    i.LL_ADC_REG_IsConversionOngoing  stm32g4xx_hal_adc.o
    0x08003404   0x08003404   0x00000008   Code   RO         3053    i.LL_ADC_REG_IsConversionOngoing  stm32g4xx_hal_adc_ex.o
    0x0800340c   0x0800340c   0x00000010   Code   RO         2821    i.LL_ADC_REG_IsTriggerSourceSWStart  stm32g4xx_hal_adc.o
    0x0800341c   0x0800341c   0x0000001e   Code   RO         2823    i.LL_ADC_SetChannelSamplingTime  stm32g4xx_hal_adc.o
    0x0800343a   0x0800343a   0x0000001e   Code   RO         3054    i.LL_ADC_SetChannelSamplingTime  stm32g4xx_hal_adc_ex.o
    0x08003458   0x08003458   0x00000010   Code   RO         2824    i.LL_ADC_SetOffsetState  stm32g4xx_hal_adc.o
    0x08003468   0x08003468   0x00000010   Code   RO         3055    i.LL_ADC_SetOffsetState  stm32g4xx_hal_adc_ex.o
    0x08003478   0x08003478   0x000000d8   Code   RO          268    i.MX_ADC1_Init      adc.o
    0x08003550   0x08003550   0x0000004c   Code   RO          242    i.MX_GPIO_Init      gpio.o
    0x0800359c   0x0800359c   0x000000b0   Code   RO          310    i.MX_TIM1_Init      tim.o
    0x0800364c   0x0800364c   0x00000068   Code   RO          352    i.MX_USART3_UART_Init  usart.o
    0x080036b4   0x080036b4   0x00000054   Code   RO          716    i.MX_USB_Device_Init  usb_device.o
    0x08003708   0x08003708   0x00000002   Code   RO          396    i.MemManage_Handler  stm32g4xx_it.o
    0x0800370a   0x0800370a   0x00000002   Code   RO          397    i.NMI_Handler       stm32g4xx_it.o
    0x0800370c   0x0800370c   0x0000037a   Code   RO          924    i.PCD_EP_ISR_Handler  stm32g4xx_hal_pcd.o
    0x08003a86   0x08003a86   0x00000002   Code   RO          398    i.PendSV_Handler    stm32g4xx_it.o
    0x08003a88   0x08003a88   0x00000002   Code   RO          399    i.SVC_Handler       stm32g4xx_it.o
    0x08003a8a   0x08003a8a   0x0000000a   Code   RO         5088    i.SWAPBYTE          usbd_ctlreq.o
    0x08003a94   0x08003a94   0x00000004   Code   RO          400    i.SysTick_Handler   stm32g4xx_it.o
    0x08003a98   0x08003a98   0x0000006e   Code   RO           14    i.SystemClock_Config  main.o
    0x08003b06   0x08003b06   0x00000002   PAD
    0x08003b08   0x08003b08   0x00000010   Code   RO         4913    i.SystemInit        system_stm32g4xx.o
    0x08003b18   0x08003b18   0x000000b0   Code   RO         3330    i.TIM_Base_SetConfig  stm32g4xx_hal_tim.o
    0x08003bc8   0x08003bc8   0x0000001a   Code   RO         3331    i.TIM_CCxChannelCmd  stm32g4xx_hal_tim.o
    0x08003be2   0x08003be2   0x00000002   PAD
    0x08003be4   0x08003be4   0x0000009c   Code   RO         3343    i.TIM_OC1_SetConfig  stm32g4xx_hal_tim.o
    0x08003c80   0x08003c80   0x00000090   Code   RO         3344    i.TIM_OC2_SetConfig  stm32g4xx_hal_tim.o
    0x08003d10   0x08003d10   0x00000090   Code   RO         3345    i.TIM_OC3_SetConfig  stm32g4xx_hal_tim.o
    0x08003da0   0x08003da0   0x00000090   Code   RO         3346    i.TIM_OC4_SetConfig  stm32g4xx_hal_tim.o
    0x08003e30   0x08003e30   0x00000070   Code   RO         3347    i.TIM_OC5_SetConfig  stm32g4xx_hal_tim.o
    0x08003ea0   0x08003ea0   0x00000070   Code   RO         3348    i.TIM_OC6_SetConfig  stm32g4xx_hal_tim.o
    0x08003f10   0x08003f10   0x00000044   Code   RO         4813    i.UARTEx_SetNbDataToProcess  stm32g4xx_hal_uart_ex.o
    0x08003f54   0x08003f54   0x000000c8   Code   RO         4423    i.UART_AdvFeatureConfig  stm32g4xx_hal_uart.o
    0x0800401c   0x0800401c   0x00000060   Code   RO         4424    i.UART_CheckIdleState  stm32g4xx_hal_uart.o
    0x0800407c   0x0800407c   0x00000274   Code   RO         4441    i.UART_SetConfig    stm32g4xx_hal_uart.o
    0x080042f0   0x080042f0   0x000000c6   Code   RO         4448    i.UART_WaitOnFlagUntilTimeout  stm32g4xx_hal_uart.o
    0x080043b6   0x080043b6   0x00000002   PAD
    0x080043b8   0x080043b8   0x00000020   Code   RO          748    i.USBD_CDC_ConfigStrDescriptor  usbd_desc.o
    0x080043d8   0x080043d8   0x0000005e   Code   RO         5221    i.USBD_CDC_DataIn   usbd_cdc.o
    0x08004436   0x08004436   0x0000002a   Code   RO         5222    i.USBD_CDC_DataOut  usbd_cdc.o
    0x08004460   0x08004460   0x00000048   Code   RO         5223    i.USBD_CDC_DeInit   usbd_cdc.o
    0x080044a8   0x080044a8   0x0000000c   Code   RO          749    i.USBD_CDC_DeviceDescriptor  usbd_desc.o
    0x080044b4   0x080044b4   0x0000002e   Code   RO         5224    i.USBD_CDC_EP0_RxReady  usbd_cdc.o
    0x080044e2   0x080044e2   0x00000002   PAD
    0x080044e4   0x080044e4   0x0000000c   Code   RO         5225    i.USBD_CDC_GetDeviceQualifierDescriptor  usbd_cdc.o
    0x080044f0   0x080044f0   0x0000000c   Code   RO         5226    i.USBD_CDC_GetFSCfgDesc  usbd_cdc.o
    0x080044fc   0x080044fc   0x0000000c   Code   RO         5227    i.USBD_CDC_GetHSCfgDesc  usbd_cdc.o
    0x08004508   0x08004508   0x0000000c   Code   RO         5228    i.USBD_CDC_GetOtherSpeedCfgDesc  usbd_cdc.o
    0x08004514   0x08004514   0x000000a2   Code   RO         5229    i.USBD_CDC_Init     usbd_cdc.o
    0x080045b6   0x080045b6   0x00000002   PAD
    0x080045b8   0x080045b8   0x00000024   Code   RO          750    i.USBD_CDC_InterfaceStrDescriptor  usbd_desc.o
    0x080045dc   0x080045dc   0x0000000c   Code   RO          751    i.USBD_CDC_LangIDStrDescriptor  usbd_desc.o
    0x080045e8   0x080045e8   0x00000028   Code   RO          752    i.USBD_CDC_ManufacturerStrDescriptor  usbd_desc.o
    0x08004610   0x08004610   0x0000002c   Code   RO          753    i.USBD_CDC_ProductStrDescriptor  usbd_desc.o
    0x0800463c   0x0800463c   0x00000028   Code   RO         5230    i.USBD_CDC_ReceivePacket  usbd_cdc.o
    0x08004664   0x08004664   0x0000000e   Code   RO         5231    i.USBD_CDC_RegisterInterface  usbd_cdc.o
    0x08004672   0x08004672   0x00000002   PAD
    0x08004674   0x08004674   0x00000038   Code   RO          754    i.USBD_CDC_SerialStrDescriptor  usbd_desc.o
    0x080046ac   0x080046ac   0x00000012   Code   RO         5232    i.USBD_CDC_SetRxBuffer  usbd_cdc.o
    0x080046be   0x080046be   0x00000016   Code   RO         5233    i.USBD_CDC_SetTxBuffer  usbd_cdc.o
    0x080046d4   0x080046d4   0x000000be   Code   RO         5234    i.USBD_CDC_Setup    usbd_cdc.o
    0x08004792   0x08004792   0x00000036   Code   RO         5235    i.USBD_CDC_TransmitPacket  usbd_cdc.o
    0x080047c8   0x080047c8   0x00000010   Code   RO         4950    i.USBD_ClrClassConfig  usbd_core.o
    0x080047d8   0x080047d8   0x00000010   Code   RO         5161    i.USBD_CtlContinueRx  usbd_ioreq.o
    0x080047e8   0x080047e8   0x00000010   Code   RO         5162    i.USBD_CtlContinueSendData  usbd_ioreq.o
    0x080047f8   0x080047f8   0x00000016   Code   RO         5089    i.USBD_CtlError     usbd_ctlreq.o
    0x0800480e   0x0800480e   0x0000001e   Code   RO         5163    i.USBD_CtlPrepareRx  usbd_ioreq.o
    0x0800482c   0x0800482c   0x00000016   Code   RO         5164    i.USBD_CtlReceiveStatus  usbd_ioreq.o
    0x08004842   0x08004842   0x0000001a   Code   RO         5165    i.USBD_CtlSendData  usbd_ioreq.o
    0x0800485c   0x0800485c   0x00000016   Code   RO         5166    i.USBD_CtlSendStatus  usbd_ioreq.o
    0x08004872   0x08004872   0x000000fa   Code   RO         5090    i.USBD_GetDescriptor  usbd_ctlreq.o
    0x0800496c   0x0800496c   0x00000048   Code   RO         5091    i.USBD_GetString    usbd_ctlreq.o
    0x080049b4   0x080049b4   0x00000018   Code   RO          518    i.USBD_Get_USB_Status  usbd_conf.o
    0x080049cc   0x080049cc   0x00000026   Code   RO         4952    i.USBD_Init         usbd_core.o
    0x080049f2   0x080049f2   0x00000012   Code   RO          519    i.USBD_LL_ClearStallEP  usbd_conf.o
    0x08004a04   0x08004a04   0x00000012   Code   RO          520    i.USBD_LL_CloseEP   usbd_conf.o
    0x08004a16   0x08004a16   0x000000a8   Code   RO         4953    i.USBD_LL_DataInStage  usbd_core.o
    0x08004abe   0x08004abe   0x0000006c   Code   RO         4954    i.USBD_LL_DataOutStage  usbd_core.o
    0x08004b2a   0x08004b2a   0x00000008   Code   RO          524    i.USBD_LL_GetRxDataSize  usbd_conf.o
    0x08004b32   0x08004b32   0x00000002   PAD
    0x08004b34   0x08004b34   0x00000084   Code   RO          525    i.USBD_LL_Init      usbd_conf.o
    0x08004bb8   0x08004bb8   0x00000020   Code   RO          526    i.USBD_LL_IsStallEP  usbd_conf.o
    0x08004bd8   0x08004bd8   0x00000018   Code   RO          527    i.USBD_LL_OpenEP    usbd_conf.o
    0x08004bf0   0x08004bf0   0x00000012   Code   RO          528    i.USBD_LL_PrepareReceive  usbd_conf.o
    0x08004c02   0x08004c02   0x0000005a   Code   RO         4959    i.USBD_LL_Reset     usbd_core.o
    0x08004c5c   0x08004c5c   0x00000014   Code   RO         4960    i.USBD_LL_Resume    usbd_core.o
    0x08004c70   0x08004c70   0x00000020   Code   RO         4961    i.USBD_LL_SOF       usbd_core.o
    0x08004c90   0x08004c90   0x00000006   Code   RO         4962    i.USBD_LL_SetSpeed  usbd_core.o
    0x08004c96   0x08004c96   0x00000012   Code   RO          529    i.USBD_LL_SetUSBAddress  usbd_conf.o
    0x08004ca8   0x08004ca8   0x00000060   Code   RO         4963    i.USBD_LL_SetupStage  usbd_core.o
    0x08004d08   0x08004d08   0x00000012   Code   RO          530    i.USBD_LL_StallEP   usbd_conf.o
    0x08004d1a   0x08004d1a   0x00000012   Code   RO          531    i.USBD_LL_Start     usbd_conf.o
    0x08004d2c   0x08004d2c   0x00000012   Code   RO         4964    i.USBD_LL_Suspend   usbd_core.o
    0x08004d3e   0x08004d3e   0x00000012   Code   RO          533    i.USBD_LL_Transmit  usbd_conf.o
    0x08004d50   0x08004d50   0x0000002c   Code   RO         5092    i.USBD_ParseSetupRequest  usbd_ctlreq.o
    0x08004d7c   0x08004d7c   0x00000024   Code   RO         4965    i.USBD_RegisterClass  usbd_core.o
    0x08004da0   0x08004da0   0x00000014   Code   RO         4967    i.USBD_SetClassConfig  usbd_core.o
    0x08004db4   0x08004db4   0x000000bc   Code   RO         5093    i.USBD_SetConfig    usbd_ctlreq.o
    0x08004e70   0x08004e70   0x00000004   Code   RO         4968    i.USBD_Start        usbd_core.o
    0x08004e74   0x08004e74   0x00000114   Code   RO         5094    i.USBD_StdDevReq    usbd_ctlreq.o
    0x08004f88   0x08004f88   0x00000140   Code   RO         5095    i.USBD_StdEPReq     usbd_ctlreq.o
    0x080050c8   0x080050c8   0x00000052   Code   RO         5096    i.USBD_StdItfReq    usbd_ctlreq.o
    0x0800511a   0x0800511a   0x00000002   Code   RO          534    i.USBD_static_free  usbd_conf.o
    0x0800511c   0x0800511c   0x00000008   Code   RO          535    i.USBD_static_malloc  usbd_conf.o
    0x08005124   0x08005124   0x00000268   Code   RO         1181    i.USB_ActivateEndpoint  stm32g4xx_ll_usb.o
    0x0800538c   0x0800538c   0x0000010e   Code   RO         1185    i.USB_DeactivateEndpoint  stm32g4xx_ll_usb.o
    0x0800549a   0x0800549a   0x0000000e   Code   RO         1186    i.USB_DevConnect    stm32g4xx_ll_usb.o
    0x080054a8   0x080054a8   0x00000012   Code   RO         1188    i.USB_DevInit       stm32g4xx_ll_usb.o
    0x080054ba   0x080054ba   0x00000010   Code   RO         1189    i.USB_DisableGlobalInt  stm32g4xx_ll_usb.o
    0x080054ca   0x080054ca   0x00000078   Code   RO         1190    i.USB_EPClearStall  stm32g4xx_ll_usb.o
    0x08005542   0x08005542   0x00000032   Code   RO         1191    i.USB_EPSetStall    stm32g4xx_ll_usb.o
    0x08005574   0x08005574   0x00000486   Code   RO         1192    i.USB_EPStartXfer   stm32g4xx_ll_usb.o
    0x080059fa   0x080059fa   0x00000012   Code   RO         1193    i.USB_EnableGlobalInt  stm32g4xx_ll_usb.o
    0x08005a0c   0x08005a0c   0x0000000c   Code   RO          401    i.USB_LP_IRQHandler  stm32g4xx_it.o
    0x08005a18   0x08005a18   0x00000006   Code   RO         1194    i.USB_ReadInterrupts  stm32g4xx_ll_usb.o
    0x08005a1e   0x08005a1e   0x00000028   Code   RO         1195    i.USB_ReadPMA       stm32g4xx_ll_usb.o
    0x08005a46   0x08005a46   0x0000000c   Code   RO         1197    i.USB_SetDevAddress  stm32g4xx_ll_usb.o
    0x08005a52   0x08005a52   0x00000002   PAD
    0x08005a54   0x08005a54   0x00000026   Code   RO         1199    i.USB_WritePMA      stm32g4xx_ll_usb.o
    0x08005a7a   0x08005a7a   0x00000002   Code   RO          402    i.UsageFault_Handler  stm32g4xx_it.o
    0x08005a7c   0x08005a7c   0x00000026   Code   RO         5725    i.__ARM_fpclassifyf  m_wm.l(fpclassifyf.o)
    0x08005aa2   0x08005aa2   0x00000020   Code   RO         2671    i.__NVIC_SetPriority  stm32g4xx_hal_cortex.o
    0x08005ac2   0x08005ac2   0x00000002   PAD
    0x08005ac4   0x08005ac4   0x00000150   Code   RO         5654    i.__hardfp_cosf     m_wm.l(cosf.o)
    0x08005c14   0x08005c14   0x00000190   Code   RO         5678    i.__hardfp_sinf     m_wm.l(sinf.o)
    0x08005da4   0x08005da4   0x00000006   Code   RO         5728    i.__mathlib_flt_infnan  m_wm.l(funder.o)
    0x08005daa   0x08005daa   0x00000002   PAD
    0x08005dac   0x08005dac   0x00000010   Code   RO         5730    i.__mathlib_flt_invalid  m_wm.l(funder.o)
    0x08005dbc   0x08005dbc   0x00000010   Code   RO         5733    i.__mathlib_flt_underflow  m_wm.l(funder.o)
    0x08005dcc   0x08005dcc   0x00000154   Code   RO         5746    i.__mathlib_rredf2  m_wm.l(rredf.o)
    0x08005f20   0x08005f20   0x00000068   Code   RO         5521    i.adc1_injected_callback  foc_control.o
    0x08005f88   0x08005f88   0x0000000c   Code   RO         5330    i.adc_bsp_init      adc_bsp.o
    0x08005f94   0x08005f94   0x00000004   Code   RO         5380    i.adc_driver_init   adc_driver.o
    0x08005f98   0x08005f98   0x00000028   Code   RO         5554    i.clarke_transform  foc_calculate.o
    0x08005fc0   0x08005fc0   0x0000003c   Code   RO         5555    i.foc_calculate     foc_calculate.o
    0x08005ffc   0x08005ffc   0x0000002a   Code   RO         5557    i.inverse_park      foc_calculate.o
    0x08006026   0x08006026   0x00000002   PAD
    0x08006028   0x08006028   0x00000034   Code   RO           15    i.main              main.o
    0x0800605c   0x0800605c   0x0000002c   Code   RO         5482    i.motor_foc_para_init  foc_driver.o
    0x08006088   0x08006088   0x0000002a   Code   RO         5558    i.park_transform    foc_calculate.o
    0x080060b2   0x080060b2   0x0000001e   Code   RO         5559    i.sin_cos_val       foc_calculate.o
    0x080060d0   0x080060d0   0x00000160   Code   RO         5560    i.svm               foc_calculate.o
    0x08006230   0x08006230   0x00000128   Code   RO         5562    i.svpwm_sector      foc_calculate.o
    0x08006358   0x08006358   0x00000034   Code   RO         5425    i.vofa_send_data    vofa.o
    0x0800638c   0x0800638c   0x0000003c   Code   RO         5426    i.vofa_sendframetail  vofa.o
    0x080063c8   0x080063c8   0x000000bc   Code   RO         5427    i.vofa_start        vofa.o
    0x08006484   0x08006484   0x00000004   Code   RO         5428    i.vofa_transmit     vofa.o
    0x08006488   0x08006488   0x0000000a   Code   RO         5882    x$fpl$fpinit        fz_wm.l(fpinit.o)
    0x08006492   0x08006492   0x00000000   Code   RO         5707    x$fpl$usenofp       fz_wm.l(usenofp.o)
    0x08006492   0x08006492   0x00000018   Data   RO         4449    .constdata          stm32g4xx_hal_uart.o
    0x080064aa   0x080064aa   0x00000010   Data   RO         4814    .constdata          stm32g4xx_hal_uart_ex.o
    0x080064ba   0x080064ba   0x00000010   Data   RO         4914    .constdata          system_stm32g4xx.o
    0x080064ca   0x080064ca   0x00000008   Data   RO         4915    .constdata          system_stm32g4xx.o
    0x080064d2   0x080064d2   0x00000002   PAD
    0x080064d4   0x080064d4   0x00000020   Data   RO         5747    .constdata          m_wm.l(rredf.o)
    0x080064f4   0x080064f4   0x00000020   Data   RO         5938    Region$$Table       anon$$obj.o


    Execution Region RW_IRAM1 (Exec base: 0x20000000, Load base: 0x08006514, Size: 0x00001fa0, Max: 0x00008000, ABSOLUTE, COMPRESSED[0x000000c8])

    Exec Addr    Load Addr    Size         Type   Attr      Idx    E Section Name        Object

    0x20000000   COMPRESSED   0x00000020   Data   RW          756    .data               usbd_desc.o
    0x20000020   COMPRESSED   0x00000032   Data   RW          757    .data               usbd_desc.o
    0x20000052   COMPRESSED   0x00000002   PAD
    0x20000054   COMPRESSED   0x00000014   Data   RW          840    .data               usbd_cdc_if.o
    0x20000068   COMPRESSED   0x0000000c   Data   RW         1348    .data               stm32g4xx_hal.o
    0x20000074   COMPRESSED   0x00000004   Data   RW         4916    .data               system_stm32g4xx.o
    0x20000078   COMPRESSED   0x00000001   Data   RW         5097    .data               usbd_ctlreq.o
    0x20000079   COMPRESSED   0x00000003   PAD
    0x2000007c   COMPRESSED   0x000000d7   Data   RW         5236    .data               usbd_cdc.o
    0x20000153   COMPRESSED   0x00000001   PAD
    0x20000154   COMPRESSED   0x00000038   Data   RW         5237    .data               usbd_cdc.o
    0x2000018c   COMPRESSED   0x00000008   Data   RW         5430    .data               vofa.o
    0x20000194   COMPRESSED   0x0000000c   Data   RW         5563    .data               foc_calculate.o
    0x200001a0        -       0x0000006c   Zero   RW          269    .bss                adc.o
    0x2000020c        -       0x0000004c   Zero   RW          311    .bss                tim.o
    0x20000258        -       0x00000090   Zero   RW          353    .bss                usart.o
    0x200002e8        -       0x00000514   Zero   RW          536    .bss                usbd_conf.o
    0x200007fc        -       0x000002d0   Zero   RW          717    .bss                usb_device.o
    0x20000acc        -       0x00000200   Zero   RW          755    .bss                usbd_desc.o
    0x20000ccc        -       0x00000800   Zero   RW          839    .bss                usbd_cdc_if.o
    0x200014cc        -       0x00000400   Zero   RW         5429    .bss                vofa.o
    0x200018cc        -       0x00000070   Zero   RW         5522    .bss                foc_control.o
    0x2000193c        -       0x00000060   Zero   RW         5798    .bss                c_w.l(libspace.o)
    0x2000199c   COMPRESSED   0x00000004   PAD
    0x200019a0        -       0x00000200   Zero   RW            2    HEAP                startup_stm32g431xx.o
    0x20001ba0        -       0x00000400   Zero   RW            1    STACK               startup_stm32g431xx.o


==============================================================================

Image component sizes


      Code (inc. data)   RO Data    RW Data    ZI Data      Debug   Object Name

       352         18          0          0        108       1897   adc.o
        32         12          0          0          0       1324   adc_bsp.o
         4          0          0          0          0        458   adc_driver.o
       862         40          0         12          0       6568   foc_calculate.o
       104         18          0          0        112       1141   foc_control.o
        44         16          0          0          0        474   foc_driver.o
        76          6          0          0          0        851   gpio.o
       166          6          0          0          0     700672   main.o
        64         26        472          0       1536        836   startup_stm32g431xx.o
       126         20          0         12          0       3629   stm32g4xx_hal.o
      2388         96          0          0          0      78015   stm32g4xx_hal_adc.o
      1886         76          0          0          0      76490   stm32g4xx_hal_adc_ex.o
       198         14          0          0          0      33775   stm32g4xx_hal_cortex.o
       584         34          0          0          0       1668   stm32g4xx_hal_gpio.o
        48          6          0          0          0        846   stm32g4xx_hal_msp.o
      2996          0          0          0          0      14629   stm32g4xx_hal_pcd.o
        96          0          0          0          0       1924   stm32g4xx_hal_pcd_ex.o
       204         18          0          0          0       1385   stm32g4xx_hal_pwr_ex.o
      1696         92          0          0          0       6220   stm32g4xx_hal_rcc.o
       648         10          0          0          0       1860   stm32g4xx_hal_rcc_ex.o
      1656        212          0          0          0       9982   stm32g4xx_hal_tim.o
       328         32          0          0          0       2348   stm32g4xx_hal_tim_ex.o
      1228         66         24          0          0      24242   stm32g4xx_hal_uart.o
       282          6         16          0          0       3621   stm32g4xx_hal_uart_ex.o
        44         12          0          0          0       5002   stm32g4xx_it.o
      2376          0          0          0          0      14244   stm32g4xx_ll_usb.o
        16          4         24          4          0       1103   system_stm32g4xx.o
       216         20          0          0         76       1677   tim.o
       232         24          0          0        144       1758   usart.o
        84         18          0          0        720        788   usb_device.o
       802         16          0        271          0      13597   usbd_cdc.o
       116         22          0         20       2048       3844   usbd_cdc_if.o
       686         36          0          0       1300      15103   usbd_conf.o
       652          0          0          0          0       9771   usbd_core.o
      1264         22          0          1          0      14256   usbd_ctlreq.o
       288        104          0         82        512       6078   usbd_desc.o
       132          0          0          0          0       4464   usbd_ioreq.o
       304         38          0          8       1024       3334   vofa.o

    ----------------------------------------------------------------------
     23318       1140        570        416       7580    1069874   Object Totals
         0          0         32          0          0          0   (incl. Generated)
        38          0          2          6          0          0   (incl. Padding)

    ----------------------------------------------------------------------

      Code (inc. data)   RO Data    RW Data    ZI Data      Debug   Library Member Name

        90          0          0          0          0          0   __dczerorl2.o
         8          0          0          0          0         68   __main.o
         0          0          0          0          0          0   __rtentry.o
        12          0          0          0          0          0   __rtentry2.o
         6          0          0          0          0          0   __rtentry4.o
        52          8          0          0          0          0   __scatter.o
        28          0          0          0          0          0   __scatter_zi.o
        22          0          0          0          0        100   _rserrno.o
        18          0          0          0          0         80   exit.o
         6          0          0          0          0        152   heapauxi.o
         0          0          0          0          0          0   indicate_semi.o
         2          0          0          0          0          0   libinit.o
         6          0          0          0          0          0   libinit2.o
         2          0          0          0          0          0   libshutdown.o
         2          0          0          0          0          0   libshutdown2.o
         8          4          0          0         96         68   libspace.o
       238          0          0          0          0        100   lludivv7m.o
         8          4          0          0          0         68   rt_errno_addr_intlibspace.o
        78          0          0          0          0         80   rt_memclr_w.o
       100          0          0          0          0         80   rt_memcpy_w.o
         2          0          0          0          0          0   rtexit.o
        10          0          0          0          0          0   rtexit2.o
        12          4          0          0          0         68   sys_exit.o
        74          0          0          0          0         80   sys_stackheap_outer.o
         2          0          0          0          0         68   use_no_semi.o
        10          0          0          0          0        116   fpinit.o
         0          0          0          0          0          0   usenofp.o
       336         56          0          0          0        136   cosf.o
        38          0          0          0          0        116   fpclassifyf.o
        38         12          0          0          0        348   funder.o
       340         24         32          0          0        160   rredf.o
       400         56          0          0          0        212   sinf.o

    ----------------------------------------------------------------------
      1956        168         32          0        100       2100   Library Totals
         8          0          0          0          4          0   (incl. Padding)

    ----------------------------------------------------------------------

      Code (inc. data)   RO Data    RW Data    ZI Data      Debug   Library Name

       786         20          0          0         96       1012   c_w.l
        10          0          0          0          0        116   fz_wm.l
      1152        148         32          0          0        972   m_wm.l

    ----------------------------------------------------------------------
      1956        168         32          0        100       2100   Library Totals

    ----------------------------------------------------------------------

==============================================================================


      Code (inc. data)   RO Data    RW Data    ZI Data      Debug   

     25274       1308        602        416       7680    1050758   Grand Totals
     25274       1308        602        200       7680    1050758   ELF Image Totals (compressed)
     25274       1308        602        200          0          0   ROM Totals

==============================================================================

    Total RO  Size (Code + RO Data)                25876 (  25.27kB)
    Total RW  Size (RW Data + ZI Data)              8096 (   7.91kB)
    Total ROM Size (Code + RO Data + RW Data)      26076 (  25.46kB)

==============================================================================

