<!doctype html public "-//w3c//dtd html 4.0 transitional//en">
<html><head>
<title>Static Call Graph - [LED\LED.axf]</title></head>
<body><HR>
<H1>Static Call Graph for image LED\LED.axf</H1><HR>
<BR><P>#&#060CALLGRAPH&#062# ARM Linker, 6190004: Last Updated: Wed Dec 13 16:16:30 2023
<BR><P>
<H3>Maximum Stack Usage =        368 bytes + Unknown(Functions without stacksize, Cycles, Untraceable Function Pointers)</H3><H3>
Call chain for Maximum Stack Depth:</H3>
__rt_entry_main &rArr; main &rArr; LCD_ShowFloatNum1 &rArr; LCD_ShowChar &rArr; LCD_Address_Set &rArr; HAL_SPI_Transmit &rArr; SPI_WaitFifoStateUntilTimeout
<P>
<H3>
Functions with no stack information
</H3><UL>
 <LI><a href="#[64]">__user_initial_stackheap</a>
</UL>
</UL>
<P>
<H3>
Mutually Recursive functions
</H3> <LI><a href="#[1b]">ADC1_2_IRQHandler</a>&nbsp;&nbsp;&nbsp;&rArr;&nbsp;&nbsp;&nbsp;<a href="#[1b]">ADC1_2_IRQHandler</a><BR>
 <LI><a href="#[4]">BusFault_Handler</a>&nbsp;&nbsp;&nbsp;&rArr;&nbsp;&nbsp;&nbsp;<a href="#[4]">BusFault_Handler</a><BR>
 <LI><a href="#[2]">HardFault_Handler</a>&nbsp;&nbsp;&nbsp;&rArr;&nbsp;&nbsp;&nbsp;<a href="#[2]">HardFault_Handler</a><BR>
 <LI><a href="#[3]">MemManage_Handler</a>&nbsp;&nbsp;&nbsp;&rArr;&nbsp;&nbsp;&nbsp;<a href="#[3]">MemManage_Handler</a><BR>
 <LI><a href="#[1]">NMI_Handler</a>&nbsp;&nbsp;&nbsp;&rArr;&nbsp;&nbsp;&nbsp;<a href="#[1]">NMI_Handler</a><BR>
 <LI><a href="#[5]">UsageFault_Handler</a>&nbsp;&nbsp;&nbsp;&rArr;&nbsp;&nbsp;&nbsp;<a href="#[5]">UsageFault_Handler</a><BR>
</UL>
<P>
<H3>
Function Pointers
</H3><UL>
 <LI><a href="#[1b]">ADC1_2_IRQHandler</a> from startup_stm32g431xx.o(.text) referenced from startup_stm32g431xx.o(RESET)
 <LI><a href="#[4]">BusFault_Handler</a> from stm32g4xx_it.o(.text.BusFault_Handler) referenced from startup_stm32g431xx.o(RESET)
 <LI><a href="#[43]">COMP1_2_3_IRQHandler</a> from startup_stm32g431xx.o(.text) referenced from startup_stm32g431xx.o(RESET)
 <LI><a href="#[44]">COMP4_IRQHandler</a> from startup_stm32g431xx.o(.text) referenced from startup_stm32g431xx.o(RESET)
 <LI><a href="#[4e]">CORDIC_IRQHandler</a> from startup_stm32g431xx.o(.text) referenced from startup_stm32g431xx.o(RESET)
 <LI><a href="#[45]">CRS_IRQHandler</a> from startup_stm32g431xx.o(.text) referenced from startup_stm32g431xx.o(RESET)
 <LI><a href="#[15]">DMA1_Channel1_IRQHandler</a> from startup_stm32g431xx.o(.text) referenced from startup_stm32g431xx.o(RESET)
 <LI><a href="#[16]">DMA1_Channel2_IRQHandler</a> from startup_stm32g431xx.o(.text) referenced from startup_stm32g431xx.o(RESET)
 <LI><a href="#[17]">DMA1_Channel3_IRQHandler</a> from startup_stm32g431xx.o(.text) referenced from startup_stm32g431xx.o(RESET)
 <LI><a href="#[18]">DMA1_Channel4_IRQHandler</a> from startup_stm32g431xx.o(.text) referenced from startup_stm32g431xx.o(RESET)
 <LI><a href="#[19]">DMA1_Channel5_IRQHandler</a> from startup_stm32g431xx.o(.text) referenced from startup_stm32g431xx.o(RESET)
 <LI><a href="#[1a]">DMA1_Channel6_IRQHandler</a> from startup_stm32g431xx.o(.text) referenced from startup_stm32g431xx.o(RESET)
 <LI><a href="#[3d]">DMA2_Channel1_IRQHandler</a> from startup_stm32g431xx.o(.text) referenced from startup_stm32g431xx.o(RESET)
 <LI><a href="#[3e]">DMA2_Channel2_IRQHandler</a> from startup_stm32g431xx.o(.text) referenced from startup_stm32g431xx.o(RESET)
 <LI><a href="#[3f]">DMA2_Channel3_IRQHandler</a> from startup_stm32g431xx.o(.text) referenced from startup_stm32g431xx.o(RESET)
 <LI><a href="#[40]">DMA2_Channel4_IRQHandler</a> from startup_stm32g431xx.o(.text) referenced from startup_stm32g431xx.o(RESET)
 <LI><a href="#[41]">DMA2_Channel5_IRQHandler</a> from startup_stm32g431xx.o(.text) referenced from startup_stm32g431xx.o(RESET)
 <LI><a href="#[4d]">DMA2_Channel6_IRQHandler</a> from startup_stm32g431xx.o(.text) referenced from startup_stm32g431xx.o(RESET)
 <LI><a href="#[4c]">DMAMUX_OVR_IRQHandler</a> from startup_stm32g431xx.o(.text) referenced from startup_stm32g431xx.o(RESET)
 <LI><a href="#[7]">DebugMon_Handler</a> from stm32g4xx_it.o(.text.DebugMon_Handler) referenced from startup_stm32g431xx.o(RESET)
 <LI><a href="#[10]">EXTI0_IRQHandler</a> from startup_stm32g431xx.o(.text) referenced from startup_stm32g431xx.o(RESET)
 <LI><a href="#[31]">EXTI15_10_IRQHandler</a> from startup_stm32g431xx.o(.text) referenced from startup_stm32g431xx.o(RESET)
 <LI><a href="#[11]">EXTI1_IRQHandler</a> from startup_stm32g431xx.o(.text) referenced from startup_stm32g431xx.o(RESET)
 <LI><a href="#[12]">EXTI2_IRQHandler</a> from startup_stm32g431xx.o(.text) referenced from startup_stm32g431xx.o(RESET)
 <LI><a href="#[13]">EXTI3_IRQHandler</a> from startup_stm32g431xx.o(.text) referenced from startup_stm32g431xx.o(RESET)
 <LI><a href="#[14]">EXTI4_IRQHandler</a> from startup_stm32g431xx.o(.text) referenced from startup_stm32g431xx.o(RESET)
 <LI><a href="#[20]">EXTI9_5_IRQHandler</a> from startup_stm32g431xx.o(.text) referenced from startup_stm32g431xx.o(RESET)
 <LI><a href="#[1e]">FDCAN1_IT0_IRQHandler</a> from startup_stm32g431xx.o(.text) referenced from startup_stm32g431xx.o(RESET)
 <LI><a href="#[1f]">FDCAN1_IT1_IRQHandler</a> from startup_stm32g431xx.o(.text) referenced from startup_stm32g431xx.o(RESET)
 <LI><a href="#[e]">FLASH_IRQHandler</a> from startup_stm32g431xx.o(.text) referenced from startup_stm32g431xx.o(RESET)
 <LI><a href="#[4f]">FMAC_IRQHandler</a> from startup_stm32g431xx.o(.text) referenced from startup_stm32g431xx.o(RESET)
 <LI><a href="#[47]">FPU_IRQHandler</a> from startup_stm32g431xx.o(.text) referenced from startup_stm32g431xx.o(RESET)
 <LI><a href="#[2]">HardFault_Handler</a> from stm32g4xx_it.o(.text.HardFault_Handler) referenced from startup_stm32g431xx.o(RESET)
 <LI><a href="#[29]">I2C1_ER_IRQHandler</a> from startup_stm32g431xx.o(.text) referenced from startup_stm32g431xx.o(RESET)
 <LI><a href="#[28]">I2C1_EV_IRQHandler</a> from startup_stm32g431xx.o(.text) referenced from startup_stm32g431xx.o(RESET)
 <LI><a href="#[2b]">I2C2_ER_IRQHandler</a> from startup_stm32g431xx.o(.text) referenced from startup_stm32g431xx.o(RESET)
 <LI><a href="#[2a]">I2C2_EV_IRQHandler</a> from startup_stm32g431xx.o(.text) referenced from startup_stm32g431xx.o(RESET)
 <LI><a href="#[4b]">I2C3_ER_IRQHandler</a> from startup_stm32g431xx.o(.text) referenced from startup_stm32g431xx.o(RESET)
 <LI><a href="#[4a]">I2C3_EV_IRQHandler</a> from startup_stm32g431xx.o(.text) referenced from startup_stm32g431xx.o(RESET)
 <LI><a href="#[38]">LPTIM1_IRQHandler</a> from startup_stm32g431xx.o(.text) referenced from startup_stm32g431xx.o(RESET)
 <LI><a href="#[49]">LPUART1_IRQHandler</a> from startup_stm32g431xx.o(.text) referenced from startup_stm32g431xx.o(RESET)
 <LI><a href="#[3]">MemManage_Handler</a> from stm32g4xx_it.o(.text.MemManage_Handler) referenced from startup_stm32g431xx.o(RESET)
 <LI><a href="#[1]">NMI_Handler</a> from stm32g4xx_it.o(.text.NMI_Handler) referenced from startup_stm32g431xx.o(RESET)
 <LI><a href="#[b]">PVD_PVM_IRQHandler</a> from startup_stm32g431xx.o(.text) referenced from startup_stm32g431xx.o(RESET)
 <LI><a href="#[8]">PendSV_Handler</a> from stm32g4xx_it.o(.text.PendSV_Handler) referenced from startup_stm32g431xx.o(RESET)
 <LI><a href="#[f]">RCC_IRQHandler</a> from startup_stm32g431xx.o(.text) referenced from startup_stm32g431xx.o(RESET)
 <LI><a href="#[48]">RNG_IRQHandler</a> from startup_stm32g431xx.o(.text) referenced from startup_stm32g431xx.o(RESET)
 <LI><a href="#[32]">RTC_Alarm_IRQHandler</a> from startup_stm32g431xx.o(.text) referenced from startup_stm32g431xx.o(RESET)
 <LI><a href="#[c]">RTC_TAMP_LSECSS_IRQHandler</a> from startup_stm32g431xx.o(.text) referenced from startup_stm32g431xx.o(RESET)
 <LI><a href="#[d]">RTC_WKUP_IRQHandler</a> from startup_stm32g431xx.o(.text) referenced from startup_stm32g431xx.o(RESET)
 <LI><a href="#[0]">Reset_Handler</a> from startup_stm32g431xx.o(.text) referenced from startup_stm32g431xx.o(RESET)
 <LI><a href="#[46]">SAI1_IRQHandler</a> from startup_stm32g431xx.o(.text) referenced from startup_stm32g431xx.o(RESET)
 <LI><a href="#[2c]">SPI1_IRQHandler</a> from startup_stm32g431xx.o(.text) referenced from startup_stm32g431xx.o(RESET)
 <LI><a href="#[2d]">SPI2_IRQHandler</a> from startup_stm32g431xx.o(.text) referenced from startup_stm32g431xx.o(RESET)
 <LI><a href="#[39]">SPI3_IRQHandler</a> from startup_stm32g431xx.o(.text) referenced from startup_stm32g431xx.o(RESET)
 <LI><a href="#[6]">SVC_Handler</a> from stm32g4xx_it.o(.text.SVC_Handler) referenced from startup_stm32g431xx.o(RESET)
 <LI><a href="#[9]">SysTick_Handler</a> from stm32g4xx_it.o(.text.SysTick_Handler) referenced from startup_stm32g431xx.o(RESET)
 <LI><a href="#[50]">SystemInit</a> from system_stm32g4xx.o(.text.SystemInit) referenced from startup_stm32g431xx.o(.text)
 <LI><a href="#[21]">TIM1_BRK_TIM15_IRQHandler</a> from startup_stm32g431xx.o(.text) referenced from startup_stm32g431xx.o(RESET)
 <LI><a href="#[24]">TIM1_CC_IRQHandler</a> from startup_stm32g431xx.o(.text) referenced from startup_stm32g431xx.o(RESET)
 <LI><a href="#[23]">TIM1_TRG_COM_TIM17_IRQHandler</a> from startup_stm32g431xx.o(.text) referenced from startup_stm32g431xx.o(RESET)
 <LI><a href="#[22]">TIM1_UP_TIM16_IRQHandler</a> from startup_stm32g431xx.o(.text) referenced from startup_stm32g431xx.o(RESET)
 <LI><a href="#[25]">TIM2_IRQHandler</a> from startup_stm32g431xx.o(.text) referenced from startup_stm32g431xx.o(RESET)
 <LI><a href="#[26]">TIM3_IRQHandler</a> from startup_stm32g431xx.o(.text) referenced from startup_stm32g431xx.o(RESET)
 <LI><a href="#[27]">TIM4_IRQHandler</a> from startup_stm32g431xx.o(.text) referenced from startup_stm32g431xx.o(RESET)
 <LI><a href="#[3b]">TIM6_DAC_IRQHandler</a> from startup_stm32g431xx.o(.text) referenced from startup_stm32g431xx.o(RESET)
 <LI><a href="#[3c]">TIM7_IRQHandler</a> from startup_stm32g431xx.o(.text) referenced from startup_stm32g431xx.o(RESET)
 <LI><a href="#[34]">TIM8_BRK_IRQHandler</a> from startup_stm32g431xx.o(.text) referenced from startup_stm32g431xx.o(RESET)
 <LI><a href="#[37]">TIM8_CC_IRQHandler</a> from startup_stm32g431xx.o(.text) referenced from startup_stm32g431xx.o(RESET)
 <LI><a href="#[36]">TIM8_TRG_COM_IRQHandler</a> from startup_stm32g431xx.o(.text) referenced from startup_stm32g431xx.o(RESET)
 <LI><a href="#[35]">TIM8_UP_IRQHandler</a> from startup_stm32g431xx.o(.text) referenced from startup_stm32g431xx.o(RESET)
 <LI><a href="#[3a]">UART4_IRQHandler</a> from startup_stm32g431xx.o(.text) referenced from startup_stm32g431xx.o(RESET)
 <LI><a href="#[42]">UCPD1_IRQHandler</a> from startup_stm32g431xx.o(.text) referenced from startup_stm32g431xx.o(RESET)
 <LI><a href="#[2e]">USART1_IRQHandler</a> from startup_stm32g431xx.o(.text) referenced from startup_stm32g431xx.o(RESET)
 <LI><a href="#[2f]">USART2_IRQHandler</a> from startup_stm32g431xx.o(.text) referenced from startup_stm32g431xx.o(RESET)
 <LI><a href="#[30]">USART3_IRQHandler</a> from startup_stm32g431xx.o(.text) referenced from startup_stm32g431xx.o(RESET)
 <LI><a href="#[33]">USBWakeUp_IRQHandler</a> from startup_stm32g431xx.o(.text) referenced from startup_stm32g431xx.o(RESET)
 <LI><a href="#[1c]">USB_HP_IRQHandler</a> from startup_stm32g431xx.o(.text) referenced from startup_stm32g431xx.o(RESET)
 <LI><a href="#[1d]">USB_LP_IRQHandler</a> from startup_stm32g431xx.o(.text) referenced from startup_stm32g431xx.o(RESET)
 <LI><a href="#[5]">UsageFault_Handler</a> from stm32g4xx_it.o(.text.UsageFault_Handler) referenced from startup_stm32g431xx.o(RESET)
 <LI><a href="#[a]">WWDG_IRQHandler</a> from startup_stm32g431xx.o(.text) referenced from startup_stm32g431xx.o(RESET)
 <LI><a href="#[51]">__main</a> from __main.o(!!!main) referenced from startup_stm32g431xx.o(.text)
</UL>
<P>
<H3>
Global Symbols
</H3>
<P><STRONG><a name="[51]"></a>__main</STRONG> (Thumb, 8 bytes, Stack size 0 bytes, __main.o(!!!main))
<BR><BR>[Calls]<UL><LI><a href="#[53]">&gt;&gt;</a>&nbsp;&nbsp;&nbsp;__rt_entry
<LI><a href="#[52]">&gt;&gt;</a>&nbsp;&nbsp;&nbsp;__scatterload
</UL>
<BR>[Address Reference Count : 1]<UL><LI> startup_stm32g431xx.o(.text)
</UL>
<P><STRONG><a name="[52]"></a>__scatterload</STRONG> (Thumb, 0 bytes, Stack size unknown bytes, __scatter.o(!!!scatter))
<BR><BR>[Called By]<UL><LI><a href="#[51]">&gt;&gt;</a>&nbsp;&nbsp;&nbsp;__main
</UL>

<P><STRONG><a name="[54]"></a>__scatterload_rt2</STRONG> (Thumb, 44 bytes, Stack size unknown bytes, __scatter.o(!!!scatter), UNUSED)
<BR><BR>[Calls]<UL><LI><a href="#[53]">&gt;&gt;</a>&nbsp;&nbsp;&nbsp;__rt_entry
</UL>

<P><STRONG><a name="[85]"></a>__scatterload_rt2_thumb_only</STRONG> (Thumb, 0 bytes, Stack size unknown bytes, __scatter.o(!!!scatter), UNUSED)

<P><STRONG><a name="[86]"></a>__scatterload_null</STRONG> (Thumb, 0 bytes, Stack size unknown bytes, __scatter.o(!!!scatter), UNUSED)

<P><STRONG><a name="[55]"></a>__scatterload_copy</STRONG> (Thumb, 26 bytes, Stack size unknown bytes, __scatter_copy.o(!!handler_copy), UNUSED)
<BR><BR>[Calls]<UL><LI><a href="#[55]">&gt;&gt;</a>&nbsp;&nbsp;&nbsp;__scatterload_copy
</UL>
<BR>[Called By]<UL><LI><a href="#[55]">&gt;&gt;</a>&nbsp;&nbsp;&nbsp;__scatterload_copy
</UL>

<P><STRONG><a name="[87]"></a>__scatterload_zeroinit</STRONG> (Thumb, 28 bytes, Stack size unknown bytes, __scatter_zi.o(!!handler_zi), UNUSED)

<P><STRONG><a name="[5b]"></a>__rt_lib_init</STRONG> (Thumb, 0 bytes, Stack size unknown bytes, libinit.o(.ARM.Collect$$libinit$$00000000))
<BR><BR>[Called By]<UL><LI><a href="#[5a]">&gt;&gt;</a>&nbsp;&nbsp;&nbsp;__rt_entry_li
</UL>

<P><STRONG><a name="[56]"></a>__rt_lib_init_fp_1</STRONG> (Thumb, 0 bytes, Stack size unknown bytes, libinit2.o(.ARM.Collect$$libinit$$00000001))
<BR><BR>[Calls]<UL><LI><a href="#[57]">&gt;&gt;</a>&nbsp;&nbsp;&nbsp;_fp_init
</UL>

<P><STRONG><a name="[88]"></a>__rt_lib_init_alloca_1</STRONG> (Thumb, 0 bytes, Stack size unknown bytes, libinit2.o(.ARM.Collect$$libinit$$00000030))

<P><STRONG><a name="[89]"></a>__rt_lib_init_argv_1</STRONG> (Thumb, 0 bytes, Stack size unknown bytes, libinit2.o(.ARM.Collect$$libinit$$0000002E))

<P><STRONG><a name="[8a]"></a>__rt_lib_init_atexit_1</STRONG> (Thumb, 0 bytes, Stack size unknown bytes, libinit2.o(.ARM.Collect$$libinit$$0000001D))

<P><STRONG><a name="[8b]"></a>__rt_lib_init_clock_1</STRONG> (Thumb, 0 bytes, Stack size unknown bytes, libinit2.o(.ARM.Collect$$libinit$$00000023))

<P><STRONG><a name="[8c]"></a>__rt_lib_init_cpp_1</STRONG> (Thumb, 0 bytes, Stack size unknown bytes, libinit2.o(.ARM.Collect$$libinit$$00000034))

<P><STRONG><a name="[8d]"></a>__rt_lib_init_exceptions_1</STRONG> (Thumb, 0 bytes, Stack size unknown bytes, libinit2.o(.ARM.Collect$$libinit$$00000032))

<P><STRONG><a name="[8e]"></a>__rt_lib_init_fp_trap_1</STRONG> (Thumb, 0 bytes, Stack size unknown bytes, libinit2.o(.ARM.Collect$$libinit$$00000021))

<P><STRONG><a name="[8f]"></a>__rt_lib_init_getenv_1</STRONG> (Thumb, 0 bytes, Stack size unknown bytes, libinit2.o(.ARM.Collect$$libinit$$00000025))

<P><STRONG><a name="[90]"></a>__rt_lib_init_heap_1</STRONG> (Thumb, 0 bytes, Stack size unknown bytes, libinit2.o(.ARM.Collect$$libinit$$0000000C))

<P><STRONG><a name="[91]"></a>__rt_lib_init_lc_collate_1</STRONG> (Thumb, 0 bytes, Stack size unknown bytes, libinit2.o(.ARM.Collect$$libinit$$00000013))

<P><STRONG><a name="[92]"></a>__rt_lib_init_lc_ctype_1</STRONG> (Thumb, 0 bytes, Stack size unknown bytes, libinit2.o(.ARM.Collect$$libinit$$00000015))

<P><STRONG><a name="[93]"></a>__rt_lib_init_lc_monetary_1</STRONG> (Thumb, 0 bytes, Stack size unknown bytes, libinit2.o(.ARM.Collect$$libinit$$00000017))

<P><STRONG><a name="[94]"></a>__rt_lib_init_lc_numeric_1</STRONG> (Thumb, 0 bytes, Stack size unknown bytes, libinit2.o(.ARM.Collect$$libinit$$00000019))

<P><STRONG><a name="[95]"></a>__rt_lib_init_lc_time_1</STRONG> (Thumb, 0 bytes, Stack size unknown bytes, libinit2.o(.ARM.Collect$$libinit$$0000001B))

<P><STRONG><a name="[96]"></a>__rt_lib_init_preinit_1</STRONG> (Thumb, 0 bytes, Stack size unknown bytes, libinit2.o(.ARM.Collect$$libinit$$00000006))

<P><STRONG><a name="[97]"></a>__rt_lib_init_rand_1</STRONG> (Thumb, 0 bytes, Stack size unknown bytes, libinit2.o(.ARM.Collect$$libinit$$00000010))

<P><STRONG><a name="[98]"></a>__rt_lib_init_relocate_pie_1</STRONG> (Thumb, 0 bytes, Stack size unknown bytes, libinit2.o(.ARM.Collect$$libinit$$00000004))

<P><STRONG><a name="[99]"></a>__rt_lib_init_return</STRONG> (Thumb, 0 bytes, Stack size unknown bytes, libinit2.o(.ARM.Collect$$libinit$$00000035))

<P><STRONG><a name="[9a]"></a>__rt_lib_init_signal_1</STRONG> (Thumb, 0 bytes, Stack size unknown bytes, libinit2.o(.ARM.Collect$$libinit$$0000001F))

<P><STRONG><a name="[9b]"></a>__rt_lib_init_stdio_1</STRONG> (Thumb, 0 bytes, Stack size unknown bytes, libinit2.o(.ARM.Collect$$libinit$$00000027))

<P><STRONG><a name="[9c]"></a>__rt_lib_init_user_alloc_1</STRONG> (Thumb, 0 bytes, Stack size unknown bytes, libinit2.o(.ARM.Collect$$libinit$$0000000E))

<P><STRONG><a name="[60]"></a>__rt_lib_shutdown</STRONG> (Thumb, 0 bytes, Stack size unknown bytes, libshutdown.o(.ARM.Collect$$libshutdown$$00000000))
<BR><BR>[Called By]<UL><LI><a href="#[5f]">&gt;&gt;</a>&nbsp;&nbsp;&nbsp;__rt_exit_ls
</UL>

<P><STRONG><a name="[9d]"></a>__rt_lib_shutdown_cpp_1</STRONG> (Thumb, 0 bytes, Stack size unknown bytes, libshutdown2.o(.ARM.Collect$$libshutdown$$00000002))

<P><STRONG><a name="[9e]"></a>__rt_lib_shutdown_fp_trap_1</STRONG> (Thumb, 0 bytes, Stack size unknown bytes, libshutdown2.o(.ARM.Collect$$libshutdown$$00000007))

<P><STRONG><a name="[9f]"></a>__rt_lib_shutdown_heap_1</STRONG> (Thumb, 0 bytes, Stack size unknown bytes, libshutdown2.o(.ARM.Collect$$libshutdown$$0000000F))

<P><STRONG><a name="[a0]"></a>__rt_lib_shutdown_return</STRONG> (Thumb, 0 bytes, Stack size unknown bytes, libshutdown2.o(.ARM.Collect$$libshutdown$$00000010))

<P><STRONG><a name="[a1]"></a>__rt_lib_shutdown_signal_1</STRONG> (Thumb, 0 bytes, Stack size unknown bytes, libshutdown2.o(.ARM.Collect$$libshutdown$$0000000A))

<P><STRONG><a name="[a2]"></a>__rt_lib_shutdown_stdio_1</STRONG> (Thumb, 0 bytes, Stack size unknown bytes, libshutdown2.o(.ARM.Collect$$libshutdown$$00000004))

<P><STRONG><a name="[a3]"></a>__rt_lib_shutdown_user_alloc_1</STRONG> (Thumb, 0 bytes, Stack size unknown bytes, libshutdown2.o(.ARM.Collect$$libshutdown$$0000000C))

<P><STRONG><a name="[53]"></a>__rt_entry</STRONG> (Thumb, 0 bytes, Stack size unknown bytes, __rtentry.o(.ARM.Collect$$rtentry$$00000000))
<BR><BR>[Called By]<UL><LI><a href="#[51]">&gt;&gt;</a>&nbsp;&nbsp;&nbsp;__main
<LI><a href="#[54]">&gt;&gt;</a>&nbsp;&nbsp;&nbsp;__scatterload_rt2
</UL>

<P><STRONG><a name="[a4]"></a>__rt_entry_presh_1</STRONG> (Thumb, 0 bytes, Stack size unknown bytes, __rtentry2.o(.ARM.Collect$$rtentry$$00000002))

<P><STRONG><a name="[58]"></a>__rt_entry_sh</STRONG> (Thumb, 0 bytes, Stack size unknown bytes, __rtentry4.o(.ARM.Collect$$rtentry$$00000004))
<BR><BR>[Stack]<UL><LI>Max Depth = 8 + Unknown Stack Size
<LI>Call Chain = __rt_entry_sh &rArr; __user_setup_stackheap
</UL>
<BR>[Calls]<UL><LI><a href="#[59]">&gt;&gt;</a>&nbsp;&nbsp;&nbsp;__user_setup_stackheap
</UL>

<P><STRONG><a name="[5a]"></a>__rt_entry_li</STRONG> (Thumb, 0 bytes, Stack size unknown bytes, __rtentry2.o(.ARM.Collect$$rtentry$$0000000A))
<BR><BR>[Calls]<UL><LI><a href="#[5b]">&gt;&gt;</a>&nbsp;&nbsp;&nbsp;__rt_lib_init
</UL>

<P><STRONG><a name="[a5]"></a>__rt_entry_postsh_1</STRONG> (Thumb, 0 bytes, Stack size unknown bytes, __rtentry2.o(.ARM.Collect$$rtentry$$00000009))

<P><STRONG><a name="[5c]"></a>__rt_entry_main</STRONG> (Thumb, 0 bytes, Stack size unknown bytes, __rtentry2.o(.ARM.Collect$$rtentry$$0000000D))
<BR><BR>[Stack]<UL><LI>Max Depth = 368 + Unknown Stack Size
<LI>Call Chain = __rt_entry_main &rArr; main &rArr; LCD_ShowFloatNum1 &rArr; LCD_ShowChar &rArr; LCD_Address_Set &rArr; HAL_SPI_Transmit &rArr; SPI_WaitFifoStateUntilTimeout
</UL>
<BR>[Calls]<UL><LI><a href="#[5e]">&gt;&gt;</a>&nbsp;&nbsp;&nbsp;exit
<LI><a href="#[5d]">&gt;&gt;</a>&nbsp;&nbsp;&nbsp;main
</UL>

<P><STRONG><a name="[a6]"></a>__rt_entry_postli_1</STRONG> (Thumb, 0 bytes, Stack size unknown bytes, __rtentry2.o(.ARM.Collect$$rtentry$$0000000C))

<P><STRONG><a name="[65]"></a>__rt_exit</STRONG> (Thumb, 0 bytes, Stack size unknown bytes, rtexit.o(.ARM.Collect$$rtexit$$00000000))
<BR><BR>[Called By]<UL><LI><a href="#[5e]">&gt;&gt;</a>&nbsp;&nbsp;&nbsp;exit
</UL>

<P><STRONG><a name="[5f]"></a>__rt_exit_ls</STRONG> (Thumb, 0 bytes, Stack size unknown bytes, rtexit2.o(.ARM.Collect$$rtexit$$00000003))
<BR><BR>[Calls]<UL><LI><a href="#[60]">&gt;&gt;</a>&nbsp;&nbsp;&nbsp;__rt_lib_shutdown
</UL>

<P><STRONG><a name="[a7]"></a>__rt_exit_prels_1</STRONG> (Thumb, 0 bytes, Stack size unknown bytes, rtexit2.o(.ARM.Collect$$rtexit$$00000002))

<P><STRONG><a name="[61]"></a>__rt_exit_exit</STRONG> (Thumb, 0 bytes, Stack size unknown bytes, rtexit2.o(.ARM.Collect$$rtexit$$00000004))
<BR><BR>[Calls]<UL><LI><a href="#[62]">&gt;&gt;</a>&nbsp;&nbsp;&nbsp;_sys_exit
</UL>

<P><STRONG><a name="[0]"></a>Reset_Handler</STRONG> (Thumb, 8 bytes, Stack size 0 bytes, startup_stm32g431xx.o(.text))
<BR>[Address Reference Count : 1]<UL><LI> startup_stm32g431xx.o(RESET)
</UL>
<P><STRONG><a name="[1b]"></a>ADC1_2_IRQHandler</STRONG> (Thumb, 0 bytes, Stack size 0 bytes, startup_stm32g431xx.o(.text))
<BR><BR>[Calls]<UL><LI><a href="#[1b]">&gt;&gt;</a>&nbsp;&nbsp;&nbsp;ADC1_2_IRQHandler
</UL>
<BR>[Called By]<UL><LI><a href="#[1b]">&gt;&gt;</a>&nbsp;&nbsp;&nbsp;ADC1_2_IRQHandler
</UL>
<BR>[Address Reference Count : 1]<UL><LI> startup_stm32g431xx.o(RESET)
</UL>
<P><STRONG><a name="[43]"></a>COMP1_2_3_IRQHandler</STRONG> (Thumb, 0 bytes, Stack size 0 bytes, startup_stm32g431xx.o(.text))
<BR>[Address Reference Count : 1]<UL><LI> startup_stm32g431xx.o(RESET)
</UL>
<P><STRONG><a name="[44]"></a>COMP4_IRQHandler</STRONG> (Thumb, 0 bytes, Stack size 0 bytes, startup_stm32g431xx.o(.text))
<BR>[Address Reference Count : 1]<UL><LI> startup_stm32g431xx.o(RESET)
</UL>
<P><STRONG><a name="[4e]"></a>CORDIC_IRQHandler</STRONG> (Thumb, 0 bytes, Stack size 0 bytes, startup_stm32g431xx.o(.text))
<BR>[Address Reference Count : 1]<UL><LI> startup_stm32g431xx.o(RESET)
</UL>
<P><STRONG><a name="[45]"></a>CRS_IRQHandler</STRONG> (Thumb, 0 bytes, Stack size 0 bytes, startup_stm32g431xx.o(.text))
<BR>[Address Reference Count : 1]<UL><LI> startup_stm32g431xx.o(RESET)
</UL>
<P><STRONG><a name="[15]"></a>DMA1_Channel1_IRQHandler</STRONG> (Thumb, 0 bytes, Stack size 0 bytes, startup_stm32g431xx.o(.text))
<BR>[Address Reference Count : 1]<UL><LI> startup_stm32g431xx.o(RESET)
</UL>
<P><STRONG><a name="[16]"></a>DMA1_Channel2_IRQHandler</STRONG> (Thumb, 0 bytes, Stack size 0 bytes, startup_stm32g431xx.o(.text))
<BR>[Address Reference Count : 1]<UL><LI> startup_stm32g431xx.o(RESET)
</UL>
<P><STRONG><a name="[17]"></a>DMA1_Channel3_IRQHandler</STRONG> (Thumb, 0 bytes, Stack size 0 bytes, startup_stm32g431xx.o(.text))
<BR>[Address Reference Count : 1]<UL><LI> startup_stm32g431xx.o(RESET)
</UL>
<P><STRONG><a name="[18]"></a>DMA1_Channel4_IRQHandler</STRONG> (Thumb, 0 bytes, Stack size 0 bytes, startup_stm32g431xx.o(.text))
<BR>[Address Reference Count : 1]<UL><LI> startup_stm32g431xx.o(RESET)
</UL>
<P><STRONG><a name="[19]"></a>DMA1_Channel5_IRQHandler</STRONG> (Thumb, 0 bytes, Stack size 0 bytes, startup_stm32g431xx.o(.text))
<BR>[Address Reference Count : 1]<UL><LI> startup_stm32g431xx.o(RESET)
</UL>
<P><STRONG><a name="[1a]"></a>DMA1_Channel6_IRQHandler</STRONG> (Thumb, 0 bytes, Stack size 0 bytes, startup_stm32g431xx.o(.text))
<BR>[Address Reference Count : 1]<UL><LI> startup_stm32g431xx.o(RESET)
</UL>
<P><STRONG><a name="[3d]"></a>DMA2_Channel1_IRQHandler</STRONG> (Thumb, 0 bytes, Stack size 0 bytes, startup_stm32g431xx.o(.text))
<BR>[Address Reference Count : 1]<UL><LI> startup_stm32g431xx.o(RESET)
</UL>
<P><STRONG><a name="[3e]"></a>DMA2_Channel2_IRQHandler</STRONG> (Thumb, 0 bytes, Stack size 0 bytes, startup_stm32g431xx.o(.text))
<BR>[Address Reference Count : 1]<UL><LI> startup_stm32g431xx.o(RESET)
</UL>
<P><STRONG><a name="[3f]"></a>DMA2_Channel3_IRQHandler</STRONG> (Thumb, 0 bytes, Stack size 0 bytes, startup_stm32g431xx.o(.text))
<BR>[Address Reference Count : 1]<UL><LI> startup_stm32g431xx.o(RESET)
</UL>
<P><STRONG><a name="[40]"></a>DMA2_Channel4_IRQHandler</STRONG> (Thumb, 0 bytes, Stack size 0 bytes, startup_stm32g431xx.o(.text))
<BR>[Address Reference Count : 1]<UL><LI> startup_stm32g431xx.o(RESET)
</UL>
<P><STRONG><a name="[41]"></a>DMA2_Channel5_IRQHandler</STRONG> (Thumb, 0 bytes, Stack size 0 bytes, startup_stm32g431xx.o(.text))
<BR>[Address Reference Count : 1]<UL><LI> startup_stm32g431xx.o(RESET)
</UL>
<P><STRONG><a name="[4d]"></a>DMA2_Channel6_IRQHandler</STRONG> (Thumb, 0 bytes, Stack size 0 bytes, startup_stm32g431xx.o(.text))
<BR>[Address Reference Count : 1]<UL><LI> startup_stm32g431xx.o(RESET)
</UL>
<P><STRONG><a name="[4c]"></a>DMAMUX_OVR_IRQHandler</STRONG> (Thumb, 0 bytes, Stack size 0 bytes, startup_stm32g431xx.o(.text))
<BR>[Address Reference Count : 1]<UL><LI> startup_stm32g431xx.o(RESET)
</UL>
<P><STRONG><a name="[10]"></a>EXTI0_IRQHandler</STRONG> (Thumb, 0 bytes, Stack size 0 bytes, startup_stm32g431xx.o(.text))
<BR>[Address Reference Count : 1]<UL><LI> startup_stm32g431xx.o(RESET)
</UL>
<P><STRONG><a name="[31]"></a>EXTI15_10_IRQHandler</STRONG> (Thumb, 0 bytes, Stack size 0 bytes, startup_stm32g431xx.o(.text))
<BR>[Address Reference Count : 1]<UL><LI> startup_stm32g431xx.o(RESET)
</UL>
<P><STRONG><a name="[11]"></a>EXTI1_IRQHandler</STRONG> (Thumb, 0 bytes, Stack size 0 bytes, startup_stm32g431xx.o(.text))
<BR>[Address Reference Count : 1]<UL><LI> startup_stm32g431xx.o(RESET)
</UL>
<P><STRONG><a name="[12]"></a>EXTI2_IRQHandler</STRONG> (Thumb, 0 bytes, Stack size 0 bytes, startup_stm32g431xx.o(.text))
<BR>[Address Reference Count : 1]<UL><LI> startup_stm32g431xx.o(RESET)
</UL>
<P><STRONG><a name="[13]"></a>EXTI3_IRQHandler</STRONG> (Thumb, 0 bytes, Stack size 0 bytes, startup_stm32g431xx.o(.text))
<BR>[Address Reference Count : 1]<UL><LI> startup_stm32g431xx.o(RESET)
</UL>
<P><STRONG><a name="[14]"></a>EXTI4_IRQHandler</STRONG> (Thumb, 0 bytes, Stack size 0 bytes, startup_stm32g431xx.o(.text))
<BR>[Address Reference Count : 1]<UL><LI> startup_stm32g431xx.o(RESET)
</UL>
<P><STRONG><a name="[20]"></a>EXTI9_5_IRQHandler</STRONG> (Thumb, 0 bytes, Stack size 0 bytes, startup_stm32g431xx.o(.text))
<BR>[Address Reference Count : 1]<UL><LI> startup_stm32g431xx.o(RESET)
</UL>
<P><STRONG><a name="[1e]"></a>FDCAN1_IT0_IRQHandler</STRONG> (Thumb, 0 bytes, Stack size 0 bytes, startup_stm32g431xx.o(.text))
<BR>[Address Reference Count : 1]<UL><LI> startup_stm32g431xx.o(RESET)
</UL>
<P><STRONG><a name="[1f]"></a>FDCAN1_IT1_IRQHandler</STRONG> (Thumb, 0 bytes, Stack size 0 bytes, startup_stm32g431xx.o(.text))
<BR>[Address Reference Count : 1]<UL><LI> startup_stm32g431xx.o(RESET)
</UL>
<P><STRONG><a name="[e]"></a>FLASH_IRQHandler</STRONG> (Thumb, 0 bytes, Stack size 0 bytes, startup_stm32g431xx.o(.text))
<BR>[Address Reference Count : 1]<UL><LI> startup_stm32g431xx.o(RESET)
</UL>
<P><STRONG><a name="[4f]"></a>FMAC_IRQHandler</STRONG> (Thumb, 0 bytes, Stack size 0 bytes, startup_stm32g431xx.o(.text))
<BR>[Address Reference Count : 1]<UL><LI> startup_stm32g431xx.o(RESET)
</UL>
<P><STRONG><a name="[47]"></a>FPU_IRQHandler</STRONG> (Thumb, 0 bytes, Stack size 0 bytes, startup_stm32g431xx.o(.text))
<BR>[Address Reference Count : 1]<UL><LI> startup_stm32g431xx.o(RESET)
</UL>
<P><STRONG><a name="[29]"></a>I2C1_ER_IRQHandler</STRONG> (Thumb, 0 bytes, Stack size 0 bytes, startup_stm32g431xx.o(.text))
<BR>[Address Reference Count : 1]<UL><LI> startup_stm32g431xx.o(RESET)
</UL>
<P><STRONG><a name="[28]"></a>I2C1_EV_IRQHandler</STRONG> (Thumb, 0 bytes, Stack size 0 bytes, startup_stm32g431xx.o(.text))
<BR>[Address Reference Count : 1]<UL><LI> startup_stm32g431xx.o(RESET)
</UL>
<P><STRONG><a name="[2b]"></a>I2C2_ER_IRQHandler</STRONG> (Thumb, 0 bytes, Stack size 0 bytes, startup_stm32g431xx.o(.text))
<BR>[Address Reference Count : 1]<UL><LI> startup_stm32g431xx.o(RESET)
</UL>
<P><STRONG><a name="[2a]"></a>I2C2_EV_IRQHandler</STRONG> (Thumb, 0 bytes, Stack size 0 bytes, startup_stm32g431xx.o(.text))
<BR>[Address Reference Count : 1]<UL><LI> startup_stm32g431xx.o(RESET)
</UL>
<P><STRONG><a name="[4b]"></a>I2C3_ER_IRQHandler</STRONG> (Thumb, 0 bytes, Stack size 0 bytes, startup_stm32g431xx.o(.text))
<BR>[Address Reference Count : 1]<UL><LI> startup_stm32g431xx.o(RESET)
</UL>
<P><STRONG><a name="[4a]"></a>I2C3_EV_IRQHandler</STRONG> (Thumb, 0 bytes, Stack size 0 bytes, startup_stm32g431xx.o(.text))
<BR>[Address Reference Count : 1]<UL><LI> startup_stm32g431xx.o(RESET)
</UL>
<P><STRONG><a name="[38]"></a>LPTIM1_IRQHandler</STRONG> (Thumb, 0 bytes, Stack size 0 bytes, startup_stm32g431xx.o(.text))
<BR>[Address Reference Count : 1]<UL><LI> startup_stm32g431xx.o(RESET)
</UL>
<P><STRONG><a name="[49]"></a>LPUART1_IRQHandler</STRONG> (Thumb, 0 bytes, Stack size 0 bytes, startup_stm32g431xx.o(.text))
<BR>[Address Reference Count : 1]<UL><LI> startup_stm32g431xx.o(RESET)
</UL>
<P><STRONG><a name="[b]"></a>PVD_PVM_IRQHandler</STRONG> (Thumb, 0 bytes, Stack size 0 bytes, startup_stm32g431xx.o(.text))
<BR>[Address Reference Count : 1]<UL><LI> startup_stm32g431xx.o(RESET)
</UL>
<P><STRONG><a name="[f]"></a>RCC_IRQHandler</STRONG> (Thumb, 0 bytes, Stack size 0 bytes, startup_stm32g431xx.o(.text))
<BR>[Address Reference Count : 1]<UL><LI> startup_stm32g431xx.o(RESET)
</UL>
<P><STRONG><a name="[48]"></a>RNG_IRQHandler</STRONG> (Thumb, 0 bytes, Stack size 0 bytes, startup_stm32g431xx.o(.text))
<BR>[Address Reference Count : 1]<UL><LI> startup_stm32g431xx.o(RESET)
</UL>
<P><STRONG><a name="[32]"></a>RTC_Alarm_IRQHandler</STRONG> (Thumb, 0 bytes, Stack size 0 bytes, startup_stm32g431xx.o(.text))
<BR>[Address Reference Count : 1]<UL><LI> startup_stm32g431xx.o(RESET)
</UL>
<P><STRONG><a name="[c]"></a>RTC_TAMP_LSECSS_IRQHandler</STRONG> (Thumb, 0 bytes, Stack size 0 bytes, startup_stm32g431xx.o(.text))
<BR>[Address Reference Count : 1]<UL><LI> startup_stm32g431xx.o(RESET)
</UL>
<P><STRONG><a name="[d]"></a>RTC_WKUP_IRQHandler</STRONG> (Thumb, 0 bytes, Stack size 0 bytes, startup_stm32g431xx.o(.text))
<BR>[Address Reference Count : 1]<UL><LI> startup_stm32g431xx.o(RESET)
</UL>
<P><STRONG><a name="[46]"></a>SAI1_IRQHandler</STRONG> (Thumb, 0 bytes, Stack size 0 bytes, startup_stm32g431xx.o(.text))
<BR>[Address Reference Count : 1]<UL><LI> startup_stm32g431xx.o(RESET)
</UL>
<P><STRONG><a name="[2c]"></a>SPI1_IRQHandler</STRONG> (Thumb, 0 bytes, Stack size 0 bytes, startup_stm32g431xx.o(.text))
<BR>[Address Reference Count : 1]<UL><LI> startup_stm32g431xx.o(RESET)
</UL>
<P><STRONG><a name="[2d]"></a>SPI2_IRQHandler</STRONG> (Thumb, 0 bytes, Stack size 0 bytes, startup_stm32g431xx.o(.text))
<BR>[Address Reference Count : 1]<UL><LI> startup_stm32g431xx.o(RESET)
</UL>
<P><STRONG><a name="[39]"></a>SPI3_IRQHandler</STRONG> (Thumb, 0 bytes, Stack size 0 bytes, startup_stm32g431xx.o(.text))
<BR>[Address Reference Count : 1]<UL><LI> startup_stm32g431xx.o(RESET)
</UL>
<P><STRONG><a name="[21]"></a>TIM1_BRK_TIM15_IRQHandler</STRONG> (Thumb, 0 bytes, Stack size 0 bytes, startup_stm32g431xx.o(.text))
<BR>[Address Reference Count : 1]<UL><LI> startup_stm32g431xx.o(RESET)
</UL>
<P><STRONG><a name="[24]"></a>TIM1_CC_IRQHandler</STRONG> (Thumb, 0 bytes, Stack size 0 bytes, startup_stm32g431xx.o(.text))
<BR>[Address Reference Count : 1]<UL><LI> startup_stm32g431xx.o(RESET)
</UL>
<P><STRONG><a name="[23]"></a>TIM1_TRG_COM_TIM17_IRQHandler</STRONG> (Thumb, 0 bytes, Stack size 0 bytes, startup_stm32g431xx.o(.text))
<BR>[Address Reference Count : 1]<UL><LI> startup_stm32g431xx.o(RESET)
</UL>
<P><STRONG><a name="[22]"></a>TIM1_UP_TIM16_IRQHandler</STRONG> (Thumb, 0 bytes, Stack size 0 bytes, startup_stm32g431xx.o(.text))
<BR>[Address Reference Count : 1]<UL><LI> startup_stm32g431xx.o(RESET)
</UL>
<P><STRONG><a name="[25]"></a>TIM2_IRQHandler</STRONG> (Thumb, 0 bytes, Stack size 0 bytes, startup_stm32g431xx.o(.text))
<BR>[Address Reference Count : 1]<UL><LI> startup_stm32g431xx.o(RESET)
</UL>
<P><STRONG><a name="[26]"></a>TIM3_IRQHandler</STRONG> (Thumb, 0 bytes, Stack size 0 bytes, startup_stm32g431xx.o(.text))
<BR>[Address Reference Count : 1]<UL><LI> startup_stm32g431xx.o(RESET)
</UL>
<P><STRONG><a name="[27]"></a>TIM4_IRQHandler</STRONG> (Thumb, 0 bytes, Stack size 0 bytes, startup_stm32g431xx.o(.text))
<BR>[Address Reference Count : 1]<UL><LI> startup_stm32g431xx.o(RESET)
</UL>
<P><STRONG><a name="[3b]"></a>TIM6_DAC_IRQHandler</STRONG> (Thumb, 0 bytes, Stack size 0 bytes, startup_stm32g431xx.o(.text))
<BR>[Address Reference Count : 1]<UL><LI> startup_stm32g431xx.o(RESET)
</UL>
<P><STRONG><a name="[3c]"></a>TIM7_IRQHandler</STRONG> (Thumb, 0 bytes, Stack size 0 bytes, startup_stm32g431xx.o(.text))
<BR>[Address Reference Count : 1]<UL><LI> startup_stm32g431xx.o(RESET)
</UL>
<P><STRONG><a name="[34]"></a>TIM8_BRK_IRQHandler</STRONG> (Thumb, 0 bytes, Stack size 0 bytes, startup_stm32g431xx.o(.text))
<BR>[Address Reference Count : 1]<UL><LI> startup_stm32g431xx.o(RESET)
</UL>
<P><STRONG><a name="[37]"></a>TIM8_CC_IRQHandler</STRONG> (Thumb, 0 bytes, Stack size 0 bytes, startup_stm32g431xx.o(.text))
<BR>[Address Reference Count : 1]<UL><LI> startup_stm32g431xx.o(RESET)
</UL>
<P><STRONG><a name="[36]"></a>TIM8_TRG_COM_IRQHandler</STRONG> (Thumb, 0 bytes, Stack size 0 bytes, startup_stm32g431xx.o(.text))
<BR>[Address Reference Count : 1]<UL><LI> startup_stm32g431xx.o(RESET)
</UL>
<P><STRONG><a name="[35]"></a>TIM8_UP_IRQHandler</STRONG> (Thumb, 0 bytes, Stack size 0 bytes, startup_stm32g431xx.o(.text))
<BR>[Address Reference Count : 1]<UL><LI> startup_stm32g431xx.o(RESET)
</UL>
<P><STRONG><a name="[3a]"></a>UART4_IRQHandler</STRONG> (Thumb, 0 bytes, Stack size 0 bytes, startup_stm32g431xx.o(.text))
<BR>[Address Reference Count : 1]<UL><LI> startup_stm32g431xx.o(RESET)
</UL>
<P><STRONG><a name="[42]"></a>UCPD1_IRQHandler</STRONG> (Thumb, 0 bytes, Stack size 0 bytes, startup_stm32g431xx.o(.text))
<BR>[Address Reference Count : 1]<UL><LI> startup_stm32g431xx.o(RESET)
</UL>
<P><STRONG><a name="[2e]"></a>USART1_IRQHandler</STRONG> (Thumb, 0 bytes, Stack size 0 bytes, startup_stm32g431xx.o(.text))
<BR>[Address Reference Count : 1]<UL><LI> startup_stm32g431xx.o(RESET)
</UL>
<P><STRONG><a name="[2f]"></a>USART2_IRQHandler</STRONG> (Thumb, 0 bytes, Stack size 0 bytes, startup_stm32g431xx.o(.text))
<BR>[Address Reference Count : 1]<UL><LI> startup_stm32g431xx.o(RESET)
</UL>
<P><STRONG><a name="[30]"></a>USART3_IRQHandler</STRONG> (Thumb, 0 bytes, Stack size 0 bytes, startup_stm32g431xx.o(.text))
<BR>[Address Reference Count : 1]<UL><LI> startup_stm32g431xx.o(RESET)
</UL>
<P><STRONG><a name="[33]"></a>USBWakeUp_IRQHandler</STRONG> (Thumb, 0 bytes, Stack size 0 bytes, startup_stm32g431xx.o(.text))
<BR>[Address Reference Count : 1]<UL><LI> startup_stm32g431xx.o(RESET)
</UL>
<P><STRONG><a name="[1c]"></a>USB_HP_IRQHandler</STRONG> (Thumb, 0 bytes, Stack size 0 bytes, startup_stm32g431xx.o(.text))
<BR>[Address Reference Count : 1]<UL><LI> startup_stm32g431xx.o(RESET)
</UL>
<P><STRONG><a name="[1d]"></a>USB_LP_IRQHandler</STRONG> (Thumb, 0 bytes, Stack size 0 bytes, startup_stm32g431xx.o(.text))
<BR>[Address Reference Count : 1]<UL><LI> startup_stm32g431xx.o(RESET)
</UL>
<P><STRONG><a name="[a]"></a>WWDG_IRQHandler</STRONG> (Thumb, 0 bytes, Stack size 0 bytes, startup_stm32g431xx.o(.text))
<BR>[Address Reference Count : 1]<UL><LI> startup_stm32g431xx.o(RESET)
</UL>
<P><STRONG><a name="[64]"></a>__user_initial_stackheap</STRONG> (Thumb, 0 bytes, Stack size unknown bytes, startup_stm32g431xx.o(.text))
<BR><BR>[Called By]<UL><LI><a href="#[59]">&gt;&gt;</a>&nbsp;&nbsp;&nbsp;__user_setup_stackheap
</UL>

<P><STRONG><a name="[a8]"></a>__use_two_region_memory</STRONG> (Thumb, 2 bytes, Stack size 0 bytes, heapauxi.o(.text), UNUSED)

<P><STRONG><a name="[a9]"></a>__rt_heap_escrow$2region</STRONG> (Thumb, 2 bytes, Stack size 0 bytes, heapauxi.o(.text), UNUSED)

<P><STRONG><a name="[aa]"></a>__rt_heap_expand$2region</STRONG> (Thumb, 2 bytes, Stack size 0 bytes, heapauxi.o(.text), UNUSED)

<P><STRONG><a name="[59]"></a>__user_setup_stackheap</STRONG> (Thumb, 74 bytes, Stack size 8 bytes, sys_stackheap_outer.o(.text))
<BR><BR>[Stack]<UL><LI>Max Depth = 8 + Unknown Stack Size
<LI>Call Chain = __user_setup_stackheap
</UL>
<BR>[Calls]<UL><LI><a href="#[63]">&gt;&gt;</a>&nbsp;&nbsp;&nbsp;__user_perproc_libspace
<LI><a href="#[64]">&gt;&gt;</a>&nbsp;&nbsp;&nbsp;__user_initial_stackheap
</UL>
<BR>[Called By]<UL><LI><a href="#[58]">&gt;&gt;</a>&nbsp;&nbsp;&nbsp;__rt_entry_sh
</UL>

<P><STRONG><a name="[5e]"></a>exit</STRONG> (Thumb, 18 bytes, Stack size 8 bytes, exit.o(.text))
<BR><BR>[Stack]<UL><LI>Max Depth = 8 + Unknown Stack Size
<LI>Call Chain = exit
</UL>
<BR>[Calls]<UL><LI><a href="#[65]">&gt;&gt;</a>&nbsp;&nbsp;&nbsp;__rt_exit
</UL>
<BR>[Called By]<UL><LI><a href="#[5c]">&gt;&gt;</a>&nbsp;&nbsp;&nbsp;__rt_entry_main
</UL>

<P><STRONG><a name="[ab]"></a>__user_libspace</STRONG> (Thumb, 8 bytes, Stack size 0 bytes, libspace.o(.text), UNUSED)

<P><STRONG><a name="[63]"></a>__user_perproc_libspace</STRONG> (Thumb, 0 bytes, Stack size 0 bytes, libspace.o(.text))
<BR><BR>[Called By]<UL><LI><a href="#[59]">&gt;&gt;</a>&nbsp;&nbsp;&nbsp;__user_setup_stackheap
</UL>

<P><STRONG><a name="[ac]"></a>__user_perthread_libspace</STRONG> (Thumb, 0 bytes, Stack size 0 bytes, libspace.o(.text), UNUSED)

<P><STRONG><a name="[62]"></a>_sys_exit</STRONG> (Thumb, 8 bytes, Stack size 0 bytes, sys_exit.o(.text))
<BR><BR>[Called By]<UL><LI><a href="#[61]">&gt;&gt;</a>&nbsp;&nbsp;&nbsp;__rt_exit_exit
</UL>

<P><STRONG><a name="[ad]"></a>__I$use$semihosting</STRONG> (Thumb, 0 bytes, Stack size 0 bytes, use_no_semi.o(.text), UNUSED)

<P><STRONG><a name="[ae]"></a>__use_no_semihosting_swi</STRONG> (Thumb, 2 bytes, Stack size 0 bytes, use_no_semi.o(.text), UNUSED)

<P><STRONG><a name="[af]"></a>__semihosting_library_function</STRONG> (Thumb, 0 bytes, Stack size unknown bytes, indicate_semi.o(.text), UNUSED)

<P><STRONG><a name="[4]"></a>BusFault_Handler</STRONG> (Thumb, 2 bytes, Stack size 0 bytes, stm32g4xx_it.o(.text.BusFault_Handler))
<BR><BR>[Calls]<UL><LI><a href="#[4]">&gt;&gt;</a>&nbsp;&nbsp;&nbsp;BusFault_Handler
</UL>
<BR>[Called By]<UL><LI><a href="#[4]">&gt;&gt;</a>&nbsp;&nbsp;&nbsp;BusFault_Handler
</UL>
<BR>[Address Reference Count : 1]<UL><LI> startup_stm32g431xx.o(RESET)
</UL>
<P><STRONG><a name="[7]"></a>DebugMon_Handler</STRONG> (Thumb, 2 bytes, Stack size 0 bytes, stm32g4xx_it.o(.text.DebugMon_Handler))
<BR>[Address Reference Count : 1]<UL><LI> startup_stm32g431xx.o(RESET)
</UL>
<P><STRONG><a name="[81]"></a>Error_Handler</STRONG> (Thumb, 10 bytes, Stack size 0 bytes, main.o(.text.Error_Handler))
<BR><BR>[Called By]<UL><LI><a href="#[80]">&gt;&gt;</a>&nbsp;&nbsp;&nbsp;MX_SPI3_Init
</UL>

<P><STRONG><a name="[66]"></a>HAL_Delay</STRONG> (Thumb, 40 bytes, Stack size 16 bytes, stm32g4xx_hal.o(.text.HAL_Delay))
<BR><BR>[Stack]<UL><LI>Max Depth = 16<LI>Call Chain = HAL_Delay
</UL>
<BR>[Calls]<UL><LI><a href="#[67]">&gt;&gt;</a>&nbsp;&nbsp;&nbsp;HAL_GetTick
</UL>
<BR>[Called By]<UL><LI><a href="#[7b]">&gt;&gt;</a>&nbsp;&nbsp;&nbsp;LCD_Init
</UL>

<P><STRONG><a name="[73]"></a>HAL_GPIO_Init</STRONG> (Thumb, 426 bytes, Stack size 44 bytes, stm32g4xx_hal_gpio.o(.text.HAL_GPIO_Init))
<BR><BR>[Stack]<UL><LI>Max Depth = 44<LI>Call Chain = HAL_GPIO_Init
</UL>
<BR>[Called By]<UL><LI><a href="#[72]">&gt;&gt;</a>&nbsp;&nbsp;&nbsp;HAL_SPI_MspInit
<LI><a href="#[7f]">&gt;&gt;</a>&nbsp;&nbsp;&nbsp;MX_GPIO_Init
</UL>

<P><STRONG><a name="[84]"></a>HAL_GPIO_TogglePin</STRONG> (Thumb, 16 bytes, Stack size 0 bytes, stm32g4xx_hal_gpio.o(.text.HAL_GPIO_TogglePin))
<BR><BR>[Called By]<UL><LI><a href="#[5d]">&gt;&gt;</a>&nbsp;&nbsp;&nbsp;main
</UL>

<P><STRONG><a name="[78]"></a>HAL_GPIO_WritePin</STRONG> (Thumb, 12 bytes, Stack size 0 bytes, stm32g4xx_hal_gpio.o(.text.HAL_GPIO_WritePin))
<BR><BR>[Called By]<UL><LI><a href="#[7c]">&gt;&gt;</a>&nbsp;&nbsp;&nbsp;LCD_ShowChar
<LI><a href="#[77]">&gt;&gt;</a>&nbsp;&nbsp;&nbsp;LCD_Address_Set
<LI><a href="#[79]">&gt;&gt;</a>&nbsp;&nbsp;&nbsp;LCD_DrawLine
<LI><a href="#[7a]">&gt;&gt;</a>&nbsp;&nbsp;&nbsp;LCD_Fill
<LI><a href="#[7b]">&gt;&gt;</a>&nbsp;&nbsp;&nbsp;LCD_Init
<LI><a href="#[7f]">&gt;&gt;</a>&nbsp;&nbsp;&nbsp;MX_GPIO_Init
<LI><a href="#[5d]">&gt;&gt;</a>&nbsp;&nbsp;&nbsp;main
</UL>

<P><STRONG><a name="[67]"></a>HAL_GetTick</STRONG> (Thumb, 12 bytes, Stack size 0 bytes, stm32g4xx_hal.o(.text.HAL_GetTick))
<BR><BR>[Called By]<UL><LI><a href="#[66]">&gt;&gt;</a>&nbsp;&nbsp;&nbsp;HAL_Delay
<LI><a href="#[74]">&gt;&gt;</a>&nbsp;&nbsp;&nbsp;HAL_SPI_Transmit
<LI><a href="#[76]">&gt;&gt;</a>&nbsp;&nbsp;&nbsp;SPI_WaitFlagStateUntilTimeout
<LI><a href="#[75]">&gt;&gt;</a>&nbsp;&nbsp;&nbsp;SPI_WaitFifoStateUntilTimeout
<LI><a href="#[6f]">&gt;&gt;</a>&nbsp;&nbsp;&nbsp;HAL_RCC_ClockConfig
<LI><a href="#[70]">&gt;&gt;</a>&nbsp;&nbsp;&nbsp;HAL_RCC_OscConfig
<LI><a href="#[5d]">&gt;&gt;</a>&nbsp;&nbsp;&nbsp;main
</UL>

<P><STRONG><a name="[82]"></a>HAL_IncTick</STRONG> (Thumb, 26 bytes, Stack size 0 bytes, stm32g4xx_hal.o(.text.HAL_IncTick))
<BR><BR>[Called By]<UL><LI><a href="#[9]">&gt;&gt;</a>&nbsp;&nbsp;&nbsp;SysTick_Handler
</UL>

<P><STRONG><a name="[68]"></a>HAL_Init</STRONG> (Thumb, 30 bytes, Stack size 8 bytes, stm32g4xx_hal.o(.text.HAL_Init))
<BR><BR>[Stack]<UL><LI>Max Depth = 32<LI>Call Chain = HAL_Init &rArr; HAL_InitTick &rArr; HAL_NVIC_SetPriority
</UL>
<BR>[Calls]<UL><LI><a href="#[6a]">&gt;&gt;</a>&nbsp;&nbsp;&nbsp;HAL_InitTick
<LI><a href="#[69]">&gt;&gt;</a>&nbsp;&nbsp;&nbsp;HAL_NVIC_SetPriorityGrouping
<LI><a href="#[6b]">&gt;&gt;</a>&nbsp;&nbsp;&nbsp;HAL_MspInit
</UL>
<BR>[Called By]<UL><LI><a href="#[5d]">&gt;&gt;</a>&nbsp;&nbsp;&nbsp;main
</UL>

<P><STRONG><a name="[6a]"></a>HAL_InitTick</STRONG> (Thumb, 76 bytes, Stack size 16 bytes, stm32g4xx_hal.o(.text.HAL_InitTick))
<BR><BR>[Stack]<UL><LI>Max Depth = 24<LI>Call Chain = HAL_InitTick &rArr; HAL_NVIC_SetPriority
</UL>
<BR>[Calls]<UL><LI><a href="#[6d]">&gt;&gt;</a>&nbsp;&nbsp;&nbsp;HAL_NVIC_SetPriority
<LI><a href="#[6c]">&gt;&gt;</a>&nbsp;&nbsp;&nbsp;HAL_SYSTICK_Config
</UL>
<BR>[Called By]<UL><LI><a href="#[6f]">&gt;&gt;</a>&nbsp;&nbsp;&nbsp;HAL_RCC_ClockConfig
<LI><a href="#[70]">&gt;&gt;</a>&nbsp;&nbsp;&nbsp;HAL_RCC_OscConfig
<LI><a href="#[68]">&gt;&gt;</a>&nbsp;&nbsp;&nbsp;HAL_Init
</UL>

<P><STRONG><a name="[6b]"></a>HAL_MspInit</STRONG> (Thumb, 52 bytes, Stack size 8 bytes, stm32g4xx_hal_msp.o(.text.HAL_MspInit))
<BR><BR>[Stack]<UL><LI>Max Depth = 8<LI>Call Chain = HAL_MspInit
</UL>
<BR>[Calls]<UL><LI><a href="#[6e]">&gt;&gt;</a>&nbsp;&nbsp;&nbsp;HAL_PWREx_DisableUCPDDeadBattery
</UL>
<BR>[Called By]<UL><LI><a href="#[68]">&gt;&gt;</a>&nbsp;&nbsp;&nbsp;HAL_Init
</UL>

<P><STRONG><a name="[6d]"></a>HAL_NVIC_SetPriority</STRONG> (Thumb, 86 bytes, Stack size 8 bytes, stm32g4xx_hal_cortex.o(.text.HAL_NVIC_SetPriority))
<BR><BR>[Stack]<UL><LI>Max Depth = 8<LI>Call Chain = HAL_NVIC_SetPriority
</UL>
<BR>[Called By]<UL><LI><a href="#[6a]">&gt;&gt;</a>&nbsp;&nbsp;&nbsp;HAL_InitTick
</UL>

<P><STRONG><a name="[69]"></a>HAL_NVIC_SetPriorityGrouping</STRONG> (Thumb, 32 bytes, Stack size 0 bytes, stm32g4xx_hal_cortex.o(.text.HAL_NVIC_SetPriorityGrouping))
<BR><BR>[Called By]<UL><LI><a href="#[68]">&gt;&gt;</a>&nbsp;&nbsp;&nbsp;HAL_Init
</UL>

<P><STRONG><a name="[83]"></a>HAL_PWREx_ControlVoltageScaling</STRONG> (Thumb, 294 bytes, Stack size 0 bytes, stm32g4xx_hal_pwr_ex.o(.text.HAL_PWREx_ControlVoltageScaling))
<BR><BR>[Called By]<UL><LI><a href="#[5d]">&gt;&gt;</a>&nbsp;&nbsp;&nbsp;main
</UL>

<P><STRONG><a name="[6e]"></a>HAL_PWREx_DisableUCPDDeadBattery</STRONG> (Thumb, 18 bytes, Stack size 0 bytes, stm32g4xx_hal_pwr_ex.o(.text.HAL_PWREx_DisableUCPDDeadBattery))
<BR><BR>[Called By]<UL><LI><a href="#[6b]">&gt;&gt;</a>&nbsp;&nbsp;&nbsp;HAL_MspInit
</UL>

<P><STRONG><a name="[6f]"></a>HAL_RCC_ClockConfig</STRONG> (Thumb, 788 bytes, Stack size 32 bytes, stm32g4xx_hal_rcc.o(.text.HAL_RCC_ClockConfig))
<BR><BR>[Stack]<UL><LI>Max Depth = 56<LI>Call Chain = HAL_RCC_ClockConfig &rArr; HAL_InitTick &rArr; HAL_NVIC_SetPriority
</UL>
<BR>[Calls]<UL><LI><a href="#[6a]">&gt;&gt;</a>&nbsp;&nbsp;&nbsp;HAL_InitTick
<LI><a href="#[67]">&gt;&gt;</a>&nbsp;&nbsp;&nbsp;HAL_GetTick
</UL>
<BR>[Called By]<UL><LI><a href="#[5d]">&gt;&gt;</a>&nbsp;&nbsp;&nbsp;main
</UL>

<P><STRONG><a name="[70]"></a>HAL_RCC_OscConfig</STRONG> (Thumb, 1200 bytes, Stack size 32 bytes, stm32g4xx_hal_rcc.o(.text.HAL_RCC_OscConfig))
<BR><BR>[Stack]<UL><LI>Max Depth = 56<LI>Call Chain = HAL_RCC_OscConfig &rArr; HAL_InitTick &rArr; HAL_NVIC_SetPriority
</UL>
<BR>[Calls]<UL><LI><a href="#[6a]">&gt;&gt;</a>&nbsp;&nbsp;&nbsp;HAL_InitTick
<LI><a href="#[67]">&gt;&gt;</a>&nbsp;&nbsp;&nbsp;HAL_GetTick
</UL>
<BR>[Called By]<UL><LI><a href="#[5d]">&gt;&gt;</a>&nbsp;&nbsp;&nbsp;main
</UL>

<P><STRONG><a name="[71]"></a>HAL_SPI_Init</STRONG> (Thumb, 228 bytes, Stack size 16 bytes, stm32g4xx_hal_spi.o(.text.HAL_SPI_Init))
<BR><BR>[Stack]<UL><LI>Max Depth = 92<LI>Call Chain = HAL_SPI_Init &rArr; HAL_SPI_MspInit &rArr; HAL_GPIO_Init
</UL>
<BR>[Calls]<UL><LI><a href="#[72]">&gt;&gt;</a>&nbsp;&nbsp;&nbsp;HAL_SPI_MspInit
</UL>
<BR>[Called By]<UL><LI><a href="#[80]">&gt;&gt;</a>&nbsp;&nbsp;&nbsp;MX_SPI3_Init
</UL>

<P><STRONG><a name="[72]"></a>HAL_SPI_MspInit</STRONG> (Thumb, 106 bytes, Stack size 32 bytes, spi.o(.text.HAL_SPI_MspInit))
<BR><BR>[Stack]<UL><LI>Max Depth = 76<LI>Call Chain = HAL_SPI_MspInit &rArr; HAL_GPIO_Init
</UL>
<BR>[Calls]<UL><LI><a href="#[73]">&gt;&gt;</a>&nbsp;&nbsp;&nbsp;HAL_GPIO_Init
</UL>
<BR>[Called By]<UL><LI><a href="#[71]">&gt;&gt;</a>&nbsp;&nbsp;&nbsp;HAL_SPI_Init
</UL>

<P><STRONG><a name="[74]"></a>HAL_SPI_Transmit</STRONG> (Thumb, 580 bytes, Stack size 32 bytes, stm32g4xx_hal_spi.o(.text.HAL_SPI_Transmit))
<BR><BR>[Stack]<UL><LI>Max Depth = 72<LI>Call Chain = HAL_SPI_Transmit &rArr; SPI_WaitFifoStateUntilTimeout
</UL>
<BR>[Calls]<UL><LI><a href="#[76]">&gt;&gt;</a>&nbsp;&nbsp;&nbsp;SPI_WaitFlagStateUntilTimeout
<LI><a href="#[75]">&gt;&gt;</a>&nbsp;&nbsp;&nbsp;SPI_WaitFifoStateUntilTimeout
<LI><a href="#[67]">&gt;&gt;</a>&nbsp;&nbsp;&nbsp;HAL_GetTick
</UL>
<BR>[Called By]<UL><LI><a href="#[7c]">&gt;&gt;</a>&nbsp;&nbsp;&nbsp;LCD_ShowChar
<LI><a href="#[77]">&gt;&gt;</a>&nbsp;&nbsp;&nbsp;LCD_Address_Set
<LI><a href="#[79]">&gt;&gt;</a>&nbsp;&nbsp;&nbsp;LCD_DrawLine
<LI><a href="#[7a]">&gt;&gt;</a>&nbsp;&nbsp;&nbsp;LCD_Fill
<LI><a href="#[7b]">&gt;&gt;</a>&nbsp;&nbsp;&nbsp;LCD_Init
</UL>

<P><STRONG><a name="[6c]"></a>HAL_SYSTICK_Config</STRONG> (Thumb, 44 bytes, Stack size 0 bytes, stm32g4xx_hal_cortex.o(.text.HAL_SYSTICK_Config))
<BR><BR>[Called By]<UL><LI><a href="#[6a]">&gt;&gt;</a>&nbsp;&nbsp;&nbsp;HAL_InitTick
</UL>

<P><STRONG><a name="[2]"></a>HardFault_Handler</STRONG> (Thumb, 2 bytes, Stack size 0 bytes, stm32g4xx_it.o(.text.HardFault_Handler))
<BR><BR>[Calls]<UL><LI><a href="#[2]">&gt;&gt;</a>&nbsp;&nbsp;&nbsp;HardFault_Handler
</UL>
<BR>[Called By]<UL><LI><a href="#[2]">&gt;&gt;</a>&nbsp;&nbsp;&nbsp;HardFault_Handler
</UL>
<BR>[Address Reference Count : 1]<UL><LI> startup_stm32g431xx.o(RESET)
</UL>
<P><STRONG><a name="[77]"></a>LCD_Address_Set</STRONG> (Thumb, 576 bytes, Stack size 48 bytes, lcd.o(.text.LCD_Address_Set))
<BR><BR>[Stack]<UL><LI>Max Depth = 120<LI>Call Chain = LCD_Address_Set &rArr; HAL_SPI_Transmit &rArr; SPI_WaitFifoStateUntilTimeout
</UL>
<BR>[Calls]<UL><LI><a href="#[74]">&gt;&gt;</a>&nbsp;&nbsp;&nbsp;HAL_SPI_Transmit
<LI><a href="#[78]">&gt;&gt;</a>&nbsp;&nbsp;&nbsp;HAL_GPIO_WritePin
</UL>
<BR>[Called By]<UL><LI><a href="#[7c]">&gt;&gt;</a>&nbsp;&nbsp;&nbsp;LCD_ShowChar
<LI><a href="#[79]">&gt;&gt;</a>&nbsp;&nbsp;&nbsp;LCD_DrawLine
<LI><a href="#[7a]">&gt;&gt;</a>&nbsp;&nbsp;&nbsp;LCD_Fill
</UL>

<P><STRONG><a name="[79]"></a>LCD_DrawLine</STRONG> (Thumb, 268 bytes, Stack size 64 bytes, lcd.o(.text.LCD_DrawLine))
<BR><BR>[Stack]<UL><LI>Max Depth = 184<LI>Call Chain = LCD_DrawLine &rArr; LCD_Address_Set &rArr; HAL_SPI_Transmit &rArr; SPI_WaitFifoStateUntilTimeout
</UL>
<BR>[Calls]<UL><LI><a href="#[77]">&gt;&gt;</a>&nbsp;&nbsp;&nbsp;LCD_Address_Set
<LI><a href="#[74]">&gt;&gt;</a>&nbsp;&nbsp;&nbsp;HAL_SPI_Transmit
<LI><a href="#[78]">&gt;&gt;</a>&nbsp;&nbsp;&nbsp;HAL_GPIO_WritePin
</UL>
<BR>[Called By]<UL><LI><a href="#[5d]">&gt;&gt;</a>&nbsp;&nbsp;&nbsp;main
</UL>

<P><STRONG><a name="[7a]"></a>LCD_Fill</STRONG> (Thumb, 192 bytes, Stack size 56 bytes, lcd.o(.text.LCD_Fill))
<BR><BR>[Stack]<UL><LI>Max Depth = 176<LI>Call Chain = LCD_Fill &rArr; LCD_Address_Set &rArr; HAL_SPI_Transmit &rArr; SPI_WaitFifoStateUntilTimeout
</UL>
<BR>[Calls]<UL><LI><a href="#[77]">&gt;&gt;</a>&nbsp;&nbsp;&nbsp;LCD_Address_Set
<LI><a href="#[74]">&gt;&gt;</a>&nbsp;&nbsp;&nbsp;HAL_SPI_Transmit
<LI><a href="#[78]">&gt;&gt;</a>&nbsp;&nbsp;&nbsp;HAL_GPIO_WritePin
</UL>
<BR>[Called By]<UL><LI><a href="#[7d]">&gt;&gt;</a>&nbsp;&nbsp;&nbsp;LCD_ShowFloatNum1
<LI><a href="#[5d]">&gt;&gt;</a>&nbsp;&nbsp;&nbsp;main
</UL>

<P><STRONG><a name="[7b]"></a>LCD_Init</STRONG> (Thumb, 2994 bytes, Stack size 40 bytes, lcd.o(.text.LCD_Init))
<BR><BR>[Stack]<UL><LI>Max Depth = 112<LI>Call Chain = LCD_Init &rArr; HAL_SPI_Transmit &rArr; SPI_WaitFifoStateUntilTimeout
</UL>
<BR>[Calls]<UL><LI><a href="#[66]">&gt;&gt;</a>&nbsp;&nbsp;&nbsp;HAL_Delay
<LI><a href="#[74]">&gt;&gt;</a>&nbsp;&nbsp;&nbsp;HAL_SPI_Transmit
<LI><a href="#[78]">&gt;&gt;</a>&nbsp;&nbsp;&nbsp;HAL_GPIO_WritePin
</UL>
<BR>[Called By]<UL><LI><a href="#[5d]">&gt;&gt;</a>&nbsp;&nbsp;&nbsp;main
</UL>

<P><STRONG><a name="[7c]"></a>LCD_ShowChar</STRONG> (Thumb, 758 bytes, Stack size 80 bytes, lcd.o(.text.LCD_ShowChar))
<BR><BR>[Stack]<UL><LI>Max Depth = 200<LI>Call Chain = LCD_ShowChar &rArr; LCD_Address_Set &rArr; HAL_SPI_Transmit &rArr; SPI_WaitFifoStateUntilTimeout
</UL>
<BR>[Calls]<UL><LI><a href="#[77]">&gt;&gt;</a>&nbsp;&nbsp;&nbsp;LCD_Address_Set
<LI><a href="#[74]">&gt;&gt;</a>&nbsp;&nbsp;&nbsp;HAL_SPI_Transmit
<LI><a href="#[78]">&gt;&gt;</a>&nbsp;&nbsp;&nbsp;HAL_GPIO_WritePin
</UL>
<BR>[Called By]<UL><LI><a href="#[7d]">&gt;&gt;</a>&nbsp;&nbsp;&nbsp;LCD_ShowFloatNum1
<LI><a href="#[7e]">&gt;&gt;</a>&nbsp;&nbsp;&nbsp;LCD_ShowString
</UL>

<P><STRONG><a name="[7d]"></a>LCD_ShowFloatNum1</STRONG> (Thumb, 450 bytes, Stack size 80 bytes, lcd.o(.text.LCD_ShowFloatNum1))
<BR><BR>[Stack]<UL><LI>Max Depth = 280<LI>Call Chain = LCD_ShowFloatNum1 &rArr; LCD_ShowChar &rArr; LCD_Address_Set &rArr; HAL_SPI_Transmit &rArr; SPI_WaitFifoStateUntilTimeout
</UL>
<BR>[Calls]<UL><LI><a href="#[7c]">&gt;&gt;</a>&nbsp;&nbsp;&nbsp;LCD_ShowChar
<LI><a href="#[7a]">&gt;&gt;</a>&nbsp;&nbsp;&nbsp;LCD_Fill
</UL>
<BR>[Called By]<UL><LI><a href="#[5d]">&gt;&gt;</a>&nbsp;&nbsp;&nbsp;main
</UL>

<P><STRONG><a name="[7e]"></a>LCD_ShowString</STRONG> (Thumb, 70 bytes, Stack size 48 bytes, lcd.o(.text.LCD_ShowString))
<BR><BR>[Stack]<UL><LI>Max Depth = 248<LI>Call Chain = LCD_ShowString &rArr; LCD_ShowChar &rArr; LCD_Address_Set &rArr; HAL_SPI_Transmit &rArr; SPI_WaitFifoStateUntilTimeout
</UL>
<BR>[Calls]<UL><LI><a href="#[7c]">&gt;&gt;</a>&nbsp;&nbsp;&nbsp;LCD_ShowChar
</UL>
<BR>[Called By]<UL><LI><a href="#[5d]">&gt;&gt;</a>&nbsp;&nbsp;&nbsp;main
</UL>

<P><STRONG><a name="[7f]"></a>MX_GPIO_Init</STRONG> (Thumb, 268 bytes, Stack size 64 bytes, gpio.o(.text.MX_GPIO_Init))
<BR><BR>[Stack]<UL><LI>Max Depth = 108<LI>Call Chain = MX_GPIO_Init &rArr; HAL_GPIO_Init
</UL>
<BR>[Calls]<UL><LI><a href="#[73]">&gt;&gt;</a>&nbsp;&nbsp;&nbsp;HAL_GPIO_Init
<LI><a href="#[78]">&gt;&gt;</a>&nbsp;&nbsp;&nbsp;HAL_GPIO_WritePin
</UL>
<BR>[Called By]<UL><LI><a href="#[5d]">&gt;&gt;</a>&nbsp;&nbsp;&nbsp;main
</UL>

<P><STRONG><a name="[80]"></a>MX_SPI3_Init</STRONG> (Thumb, 82 bytes, Stack size 16 bytes, spi.o(.text.MX_SPI3_Init))
<BR><BR>[Stack]<UL><LI>Max Depth = 108<LI>Call Chain = MX_SPI3_Init &rArr; HAL_SPI_Init &rArr; HAL_SPI_MspInit &rArr; HAL_GPIO_Init
</UL>
<BR>[Calls]<UL><LI><a href="#[71]">&gt;&gt;</a>&nbsp;&nbsp;&nbsp;HAL_SPI_Init
<LI><a href="#[81]">&gt;&gt;</a>&nbsp;&nbsp;&nbsp;Error_Handler
</UL>
<BR>[Called By]<UL><LI><a href="#[5d]">&gt;&gt;</a>&nbsp;&nbsp;&nbsp;main
</UL>

<P><STRONG><a name="[3]"></a>MemManage_Handler</STRONG> (Thumb, 2 bytes, Stack size 0 bytes, stm32g4xx_it.o(.text.MemManage_Handler))
<BR><BR>[Calls]<UL><LI><a href="#[3]">&gt;&gt;</a>&nbsp;&nbsp;&nbsp;MemManage_Handler
</UL>
<BR>[Called By]<UL><LI><a href="#[3]">&gt;&gt;</a>&nbsp;&nbsp;&nbsp;MemManage_Handler
</UL>
<BR>[Address Reference Count : 1]<UL><LI> startup_stm32g431xx.o(RESET)
</UL>
<P><STRONG><a name="[1]"></a>NMI_Handler</STRONG> (Thumb, 2 bytes, Stack size 0 bytes, stm32g4xx_it.o(.text.NMI_Handler))
<BR><BR>[Calls]<UL><LI><a href="#[1]">&gt;&gt;</a>&nbsp;&nbsp;&nbsp;NMI_Handler
</UL>
<BR>[Called By]<UL><LI><a href="#[1]">&gt;&gt;</a>&nbsp;&nbsp;&nbsp;NMI_Handler
</UL>
<BR>[Address Reference Count : 1]<UL><LI> startup_stm32g431xx.o(RESET)
</UL>
<P><STRONG><a name="[8]"></a>PendSV_Handler</STRONG> (Thumb, 2 bytes, Stack size 0 bytes, stm32g4xx_it.o(.text.PendSV_Handler))
<BR>[Address Reference Count : 1]<UL><LI> startup_stm32g431xx.o(RESET)
</UL>
<P><STRONG><a name="[6]"></a>SVC_Handler</STRONG> (Thumb, 2 bytes, Stack size 0 bytes, stm32g4xx_it.o(.text.SVC_Handler))
<BR>[Address Reference Count : 1]<UL><LI> startup_stm32g431xx.o(RESET)
</UL>
<P><STRONG><a name="[9]"></a>SysTick_Handler</STRONG> (Thumb, 4 bytes, Stack size 0 bytes, stm32g4xx_it.o(.text.SysTick_Handler))
<BR><BR>[Calls]<UL><LI><a href="#[82]">&gt;&gt;</a>&nbsp;&nbsp;&nbsp;HAL_IncTick
</UL>
<BR>[Address Reference Count : 1]<UL><LI> startup_stm32g431xx.o(RESET)
</UL>
<P><STRONG><a name="[50]"></a>SystemInit</STRONG> (Thumb, 18 bytes, Stack size 0 bytes, system_stm32g4xx.o(.text.SystemInit))
<BR>[Address Reference Count : 1]<UL><LI> startup_stm32g431xx.o(.text)
</UL>
<P><STRONG><a name="[5]"></a>UsageFault_Handler</STRONG> (Thumb, 2 bytes, Stack size 0 bytes, stm32g4xx_it.o(.text.UsageFault_Handler))
<BR><BR>[Calls]<UL><LI><a href="#[5]">&gt;&gt;</a>&nbsp;&nbsp;&nbsp;UsageFault_Handler
</UL>
<BR>[Called By]<UL><LI><a href="#[5]">&gt;&gt;</a>&nbsp;&nbsp;&nbsp;UsageFault_Handler
</UL>
<BR>[Address Reference Count : 1]<UL><LI> startup_stm32g431xx.o(RESET)
</UL>
<P><STRONG><a name="[5d]"></a>main</STRONG> (Thumb, 1044 bytes, Stack size 88 bytes, main.o(.text.main))
<BR><BR>[Stack]<UL><LI>Max Depth = 368<LI>Call Chain = main &rArr; LCD_ShowFloatNum1 &rArr; LCD_ShowChar &rArr; LCD_Address_Set &rArr; HAL_SPI_Transmit &rArr; SPI_WaitFifoStateUntilTimeout
</UL>
<BR>[Calls]<UL><LI><a href="#[84]">&gt;&gt;</a>&nbsp;&nbsp;&nbsp;HAL_GPIO_TogglePin
<LI><a href="#[67]">&gt;&gt;</a>&nbsp;&nbsp;&nbsp;HAL_GetTick
<LI><a href="#[79]">&gt;&gt;</a>&nbsp;&nbsp;&nbsp;LCD_DrawLine
<LI><a href="#[7d]">&gt;&gt;</a>&nbsp;&nbsp;&nbsp;LCD_ShowFloatNum1
<LI><a href="#[7e]">&gt;&gt;</a>&nbsp;&nbsp;&nbsp;LCD_ShowString
<LI><a href="#[7a]">&gt;&gt;</a>&nbsp;&nbsp;&nbsp;LCD_Fill
<LI><a href="#[7b]">&gt;&gt;</a>&nbsp;&nbsp;&nbsp;LCD_Init
<LI><a href="#[78]">&gt;&gt;</a>&nbsp;&nbsp;&nbsp;HAL_GPIO_WritePin
<LI><a href="#[80]">&gt;&gt;</a>&nbsp;&nbsp;&nbsp;MX_SPI3_Init
<LI><a href="#[7f]">&gt;&gt;</a>&nbsp;&nbsp;&nbsp;MX_GPIO_Init
<LI><a href="#[6f]">&gt;&gt;</a>&nbsp;&nbsp;&nbsp;HAL_RCC_ClockConfig
<LI><a href="#[70]">&gt;&gt;</a>&nbsp;&nbsp;&nbsp;HAL_RCC_OscConfig
<LI><a href="#[83]">&gt;&gt;</a>&nbsp;&nbsp;&nbsp;HAL_PWREx_ControlVoltageScaling
<LI><a href="#[68]">&gt;&gt;</a>&nbsp;&nbsp;&nbsp;HAL_Init
</UL>
<BR>[Called By]<UL><LI><a href="#[5c]">&gt;&gt;</a>&nbsp;&nbsp;&nbsp;__rt_entry_main
</UL>

<P><STRONG><a name="[57]"></a>_fp_init</STRONG> (Thumb, 26 bytes, Stack size 0 bytes, fpinit.o(x$fpl$fpinit))
<BR><BR>[Called By]<UL><LI><a href="#[56]">&gt;&gt;</a>&nbsp;&nbsp;&nbsp;__rt_lib_init_fp_1
</UL>

<P><STRONG><a name="[b0]"></a>__fplib_config_fpu_vfp</STRONG> (Thumb, 0 bytes, Stack size unknown bytes, fpinit.o(x$fpl$fpinit), UNUSED)

<P><STRONG><a name="[b1]"></a>__fplib_config_pureend_doubles</STRONG> (Thumb, 0 bytes, Stack size unknown bytes, fpinit.o(x$fpl$fpinit), UNUSED)
<P>
<H3>
Local Symbols
</H3>
<P><STRONG><a name="[75]"></a>SPI_WaitFifoStateUntilTimeout</STRONG> (Thumb, 390 bytes, Stack size 40 bytes, stm32g4xx_hal_spi.o(.text.SPI_WaitFifoStateUntilTimeout))
<BR><BR>[Stack]<UL><LI>Max Depth = 40<LI>Call Chain = SPI_WaitFifoStateUntilTimeout
</UL>
<BR>[Calls]<UL><LI><a href="#[67]">&gt;&gt;</a>&nbsp;&nbsp;&nbsp;HAL_GetTick
</UL>
<BR>[Called By]<UL><LI><a href="#[74]">&gt;&gt;</a>&nbsp;&nbsp;&nbsp;HAL_SPI_Transmit
</UL>

<P><STRONG><a name="[76]"></a>SPI_WaitFlagStateUntilTimeout</STRONG> (Thumb, 206 bytes, Stack size 24 bytes, stm32g4xx_hal_spi.o(.text.SPI_WaitFlagStateUntilTimeout))
<BR><BR>[Stack]<UL><LI>Max Depth = 24<LI>Call Chain = SPI_WaitFlagStateUntilTimeout
</UL>
<BR>[Calls]<UL><LI><a href="#[67]">&gt;&gt;</a>&nbsp;&nbsp;&nbsp;HAL_GetTick
</UL>
<BR>[Called By]<UL><LI><a href="#[74]">&gt;&gt;</a>&nbsp;&nbsp;&nbsp;HAL_SPI_Transmit
</UL>
<P>
<H3>
Undefined Global Symbols
</H3><HR></body></html>
