<html>
<body>
<pre>
<h1>µVision Build Log</h1>
<h2>Tool Versions:</h2>
IDE-Version: ¦ÌVision V5.29.0.0
Copyright (C) 2019 ARM Ltd and ARM Germany GmbH. All rights reserved.
License Information: disnox disnox@qq.com, disnox, LIC=UJWP0-BXIFQ-Z9QG9-4JG55-PD1AC-8NKJT
 
Tool Versions:
Toolchain:       MDK-ARM Plus  Version: 5.29.0.0
Toolchain Path:  C:\Keil_v5\ARM\ARMCC\Bin
C Compiler:      Armcc.exe V5.06 update 6 (build 750)
Assembler:       Armasm.exe V5.06 update 6 (build 750)
Linker/Locator:  ArmLink.exe V5.06 update 6 (build 750)
Library Manager: ArmAr.exe V5.06 update 6 (build 750)
Hex Converter:   FromElf.exe V5.06 update 6 (build 750)
CPU DLL:         SARMCM3.DLL V5.29.0.0
Dialog DLL:      DCM.DLL V1.17.3.0
Target DLL:      STLink\ST-LINKIII-KEIL_SWO.dll V3.0.7.0
Dialog DLL:      TCM.DLL V1.36.5.0
 
<h2>Project:</h2>
D:\Git\disnox_g4\Driver\ano\MDK-ARM\ano.uvprojx
Project File Date:  07/21/2023

<h2>Output:</h2>
*** Using Compiler 'V5.06 update 6 (build 750)', folder: 'C:\Keil_v5\ARM\ARMCC\Bin'
Build target 'ano'
assembling startup_stm32g431xx.s...
compiling adc.c...
compiling usbd_desc.c...
compiling usb_device.c...
compiling stm32g4xx_hal_pcd.c...
compiling usbd_conf.c...
compiling stm32g4xx_it.c...
compiling tim.c...
compiling main.c...
../Core/Src/main.c(79): warning:  #177-D: variable "time2"  was declared but never referenced
  	uint32_t time1, time2;
../Core/Src/main.c: 1 warning, 0 errors
compiling stm32g4xx_hal_pcd_ex.c...
compiling stm32g4xx_hal_msp.c...
compiling gpio.c...
compiling usbd_cdc_if.c...
compiling stm32g4xx_ll_usb.c...
compiling stm32g4xx_hal_dma_ex.c...
compiling stm32g4xx_hal_rcc.c...
compiling stm32g4xx_hal_flash_ramfunc.c...
compiling stm32g4xx_hal_flash.c...
compiling stm32g4xx_hal_pwr.c...
compiling stm32g4xx_hal_flash_ex.c...
compiling stm32g4xx_hal_rcc_ex.c...
compiling stm32g4xx_hal_dma.c...
compiling stm32g4xx_hal_gpio.c...
compiling stm32g4xx_hal.c...
compiling stm32g4xx_hal_exti.c...
compiling stm32g4xx_hal_pwr_ex.c...
compiling usbd_ioreq.c...
compiling system_stm32g4xx.c...
compiling stm32g4xx_hal_cortex.c...
compiling ano.c...
compiling stm32g4xx_hal_adc_ex.c...
compiling usbd_ctlreq.c...
compiling usbd_core.c...
compiling stm32g4xx_hal_adc.c...
compiling usbd_cdc.c...
compiling stm32g4xx_hal_tim_ex.c...
compiling stm32g4xx_hal_tim.c...
linking...
Program Size: Code=26300 RO-data=812 RW-data=408 ZI-data=7624  
FromELF: creating hex file...
"ano\ano.axf" - 0 Error(s), 1 Warning(s).

<h2>Software Packages used:</h2>

Package Vendor: ARM
                http://www.keil.com/pack/ARM.CMSIS.5.8.0.pack
                ARM.CMSIS.5.8.0
                CMSIS (Common Microcontroller Software Interface Standard)
   * Component: CORE Version: 5.5.0

Package Vendor: Keil
                http://www.keil.com/pack/Keil.STM32G4xx_DFP.1.4.0.pack
                Keil.STM32G4xx_DFP.1.4.0
                STMicroelectronics STM32G4 Series Device Support, Drivers and Examples

<h2>Collection of Component include folders:</h2>
  .\RTE\_ano
  C:\Users\disno\AppData\Local\Arm\Packs\ARM\CMSIS\5.8.0\CMSIS\Core\Include
  C:\Users\disno\AppData\Local\Arm\Packs\Keil\STM32G4xx_DFP\1.4.0\Drivers\CMSIS\Device\ST\STM32G4xx\Include

<h2>Collection of Component Files used:</h2>

   * Component: ARM::CMSIS:CORE:5.5.0
      Include file:  CMSIS\Core\Include\tz_context.h
Build Time Elapsed:  00:00:28
</pre>
</body>
</html>
