Component: ARM Compiler 5.06 update 6 (build 750) Tool: armlink [4d35ed]

==============================================================================

Section Cross References

    startup_stm32g431xx.o(STACK) refers (Special) to heapauxi.o(.text) for __use_two_region_memory
    startup_stm32g431xx.o(HEAP) refers (Special) to heapauxi.o(.text) for __use_two_region_memory
    startup_stm32g431xx.o(RESET) refers (Special) to heapauxi.o(.text) for __use_two_region_memory
    startup_stm32g431xx.o(RESET) refers to startup_stm32g431xx.o(STACK) for __initial_sp
    startup_stm32g431xx.o(RESET) refers to startup_stm32g431xx.o(.text) for Reset_Handler
    startup_stm32g431xx.o(RESET) refers to stm32g4xx_it.o(i.NMI_Handler) for NMI_Handler
    startup_stm32g431xx.o(RESET) refers to stm32g4xx_it.o(i.HardFault_Handler) for HardFault_Handler
    startup_stm32g431xx.o(RESET) refers to stm32g4xx_it.o(i.MemManage_Handler) for MemManage_Handler
    startup_stm32g431xx.o(RESET) refers to stm32g4xx_it.o(i.BusFault_Handler) for BusFault_Handler
    startup_stm32g431xx.o(RESET) refers to stm32g4xx_it.o(i.UsageFault_Handler) for UsageFault_Handler
    startup_stm32g431xx.o(RESET) refers to stm32g4xx_it.o(i.SVC_Handler) for SVC_Handler
    startup_stm32g431xx.o(RESET) refers to stm32g4xx_it.o(i.DebugMon_Handler) for DebugMon_Handler
    startup_stm32g431xx.o(RESET) refers to stm32g4xx_it.o(i.PendSV_Handler) for PendSV_Handler
    startup_stm32g431xx.o(RESET) refers to stm32g4xx_it.o(i.SysTick_Handler) for SysTick_Handler
    startup_stm32g431xx.o(RESET) refers to stm32g4xx_it.o(i.ADC1_2_IRQHandler) for ADC1_2_IRQHandler
    startup_stm32g431xx.o(RESET) refers to stm32g4xx_it.o(i.USB_LP_IRQHandler) for USB_LP_IRQHandler
    startup_stm32g431xx.o(.text) refers (Special) to heapauxi.o(.text) for __use_two_region_memory
    startup_stm32g431xx.o(.text) refers to system_stm32g4xx.o(i.SystemInit) for SystemInit
    startup_stm32g431xx.o(.text) refers to __main.o(!!!main) for __main
    startup_stm32g431xx.o(.text) refers to startup_stm32g431xx.o(HEAP) for Heap_Mem
    startup_stm32g431xx.o(.text) refers to startup_stm32g431xx.o(STACK) for Stack_Mem
    main.o(i.HAL_ADCEx_InjectedConvCpltCallback) refers to ano.o(i.ano_start) for ano_start
    main.o(i.HAL_ADCEx_InjectedConvCpltCallback) refers to main.o(.data) for .data
    main.o(i.SystemClock_Config) refers to rt_memclr_w.o(.text) for __aeabi_memclr4
    main.o(i.SystemClock_Config) refers to stm32g4xx_hal_pwr_ex.o(i.HAL_PWREx_ControlVoltageScaling) for HAL_PWREx_ControlVoltageScaling
    main.o(i.SystemClock_Config) refers to stm32g4xx_hal_rcc.o(i.HAL_RCC_OscConfig) for HAL_RCC_OscConfig
    main.o(i.SystemClock_Config) refers to stm32g4xx_hal_rcc.o(i.HAL_RCC_ClockConfig) for HAL_RCC_ClockConfig
    main.o(i.main) refers to stm32g4xx_hal.o(i.HAL_Init) for HAL_Init
    main.o(i.main) refers to main.o(i.SystemClock_Config) for SystemClock_Config
    main.o(i.main) refers to gpio.o(i.MX_GPIO_Init) for MX_GPIO_Init
    main.o(i.main) refers to usb_device.o(i.MX_USB_Device_Init) for MX_USB_Device_Init
    main.o(i.main) refers to adc.o(i.MX_ADC1_Init) for MX_ADC1_Init
    main.o(i.main) refers to tim.o(i.MX_TIM1_Init) for MX_TIM1_Init
    main.o(i.main) refers to stm32g4xx_hal_tim.o(i.HAL_TIM_PWM_Start) for HAL_TIM_PWM_Start
    main.o(i.main) refers to stm32g4xx_hal_adc_ex.o(i.HAL_ADCEx_InjectedStart_IT) for HAL_ADCEx_InjectedStart_IT
    main.o(i.main) refers to stm32g4xx_hal.o(i.HAL_GetTick) for HAL_GetTick
    main.o(i.main) refers to tim.o(.bss) for htim1
    main.o(i.main) refers to adc.o(.bss) for hadc1
    adc.o(i.HAL_ADC_MspDeInit) refers to stm32g4xx_hal_gpio.o(i.HAL_GPIO_DeInit) for HAL_GPIO_DeInit
    adc.o(i.HAL_ADC_MspDeInit) refers to stm32g4xx_hal_cortex.o(i.HAL_NVIC_DisableIRQ) for HAL_NVIC_DisableIRQ
    adc.o(i.HAL_ADC_MspInit) refers to rt_memclr_w.o(.text) for __aeabi_memclr4
    adc.o(i.HAL_ADC_MspInit) refers to stm32g4xx_hal_rcc_ex.o(i.HAL_RCCEx_PeriphCLKConfig) for HAL_RCCEx_PeriphCLKConfig
    adc.o(i.HAL_ADC_MspInit) refers to main.o(i.Error_Handler) for Error_Handler
    adc.o(i.HAL_ADC_MspInit) refers to stm32g4xx_hal_gpio.o(i.HAL_GPIO_Init) for HAL_GPIO_Init
    adc.o(i.HAL_ADC_MspInit) refers to stm32g4xx_hal_cortex.o(i.HAL_NVIC_SetPriority) for HAL_NVIC_SetPriority
    adc.o(i.HAL_ADC_MspInit) refers to stm32g4xx_hal_cortex.o(i.HAL_NVIC_EnableIRQ) for HAL_NVIC_EnableIRQ
    adc.o(i.MX_ADC1_Init) refers to rt_memclr_w.o(.text) for __aeabi_memclr4
    adc.o(i.MX_ADC1_Init) refers to stm32g4xx_hal_adc.o(i.HAL_ADC_Init) for HAL_ADC_Init
    adc.o(i.MX_ADC1_Init) refers to main.o(i.Error_Handler) for Error_Handler
    adc.o(i.MX_ADC1_Init) refers to stm32g4xx_hal_adc_ex.o(i.HAL_ADCEx_MultiModeConfigChannel) for HAL_ADCEx_MultiModeConfigChannel
    adc.o(i.MX_ADC1_Init) refers to stm32g4xx_hal_adc.o(i.HAL_ADC_ConfigChannel) for HAL_ADC_ConfigChannel
[...]
    i.ano_send_buf                           0x08005d94   Section        0  ano.o(i.ano_send_buf)
    i.ano_send_f                             0x08005df8   Section        0  ano.o(i.ano_send_f)
    i.ano_send_u16                           0x08005e1e   Section        0  ano.o(i.ano_send_u16)
    i.ano_start                              0x08005e3c   Section        0  ano.o(i.ano_start)
    i.ano_start_transmit                     0x08005e6c   Section        0  ano.o(i.ano_start_transmit)
    i.ano_transmit                           0x08005ee0   Section        0  ano.o(i.ano_transmit)
    i.fabs                                   0x08005ee4   Section        0  fabs.o(i.fabs)
    i.main                                   0x08005efc   Section        0  main.o(i.main)
    i.store_data                             0x08005f40   Section        0  ano.o(i.store_data)
    x$fpl$basic                              0x08005f68   Section       24  basic.o(x$fpl$basic)
    $v0                                      0x08005f68   Number         0  basic.o(x$fpl$basic)
    x$fpl$d2f                                0x08005f80   Section       98  d2f.o(x$fpl$d2f)
    $v0                                      0x08005f80   Number         0  d2f.o(x$fpl$d2f)
    x$fpl$dadd                               0x08005fe4   Section      336  daddsub_clz.o(x$fpl$dadd)
    $v0                                      0x08005fe4   Number         0  daddsub_clz.o(x$fpl$dadd)
    _dadd1                                   0x08005ff5   Thumb Code     0  daddsub_clz.o(x$fpl$dadd)
    x$fpl$ddiv                               0x08006134   Section      688  ddiv.o(x$fpl$ddiv)
    $v0                                      0x08006134   Number         0  ddiv.o(x$fpl$ddiv)
    ddiv_entry                               0x0800613b   Thumb Code     0  ddiv.o(x$fpl$ddiv)
    x$fpl$dfix                               0x080063e4   Section       94  dfix.o(x$fpl$dfix)
    $v0                                      0x080063e4   Number         0  dfix.o(x$fpl$dfix)
    x$fpl$dflt                               0x08006442   Section       46  dflt_clz.o(x$fpl$dflt)
    $v0                                      0x08006442   Number         0  dflt_clz.o(x$fpl$dflt)
    x$fpl$dfltu                              0x08006470   Section       38  dflt_clz.o(x$fpl$dfltu)
    $v0                                      0x08006470   Number         0  dflt_clz.o(x$fpl$dfltu)
    x$fpl$dmul                               0x08006498   Section      340  dmul.o(x$fpl$dmul)
    $v0                                      0x08006498   Number         0  dmul.o(x$fpl$dmul)
    x$fpl$dnaninf                            0x080065ec   Section      156  dnaninf.o(x$fpl$dnaninf)
    $v0                                      0x080065ec   Number         0  dnaninf.o(x$fpl$dnaninf)
    x$fpl$dretinf                            0x08006688   Section       12  dretinf.o(x$fpl$dretinf)
    $v0                                      0x08006688   Number         0  dretinf.o(x$fpl$dretinf)
    x$fpl$drsb                               0x08006694   Section       22  daddsub_clz.o(x$fpl$drsb)
    $v0                                      0x08006694   Number         0  daddsub_clz.o(x$fpl$drsb)
    x$fpl$dsub                               0x080066ac   Section      468  daddsub_clz.o(x$fpl$dsub)
    $v0                                      0x080066ac   Number         0  daddsub_clz.o(x$fpl$dsub)
    _dsub1                                   0x080066bd   Thumb Code     0  daddsub_clz.o(x$fpl$dsub)
    x$fpl$fpinit                             0x08006880   Section       10  fpinit.o(x$fpl$fpinit)
    $v0                                      0x08006880   Number         0  fpinit.o(x$fpl$fpinit)
    x$fpl$fretinf                            0x0800688a   Section       10  fretinf.o(x$fpl$fretinf)
    $v0                                      0x0800688a   Number         0  fretinf.o(x$fpl$fretinf)
    .constdata                               0x08006894   Section       16  system_stm32g4xx.o(.constdata)
    x$fpl$usenofp                            0x08006894   Section        0  usenofp.o(x$fpl$usenofp)
    .constdata                               0x080068a8   Section       48  cos_i.o(.constdata)
    C                                        0x080068a8   Data          48  cos_i.o(.constdata)
    .constdata                               0x080068d8   Section      200  rred.o(.constdata)
    pio2s                                    0x080068d8   Data          48  rred.o(.constdata)
    twooverpi                                0x08006908   Data         152  rred.o(.constdata)
    .constdata                               0x080069a0   Section       40  sin_i.o(.constdata)
    S                                        0x080069a0   Data          40  sin_i.o(.constdata)
    .data                                    0x20000000   Section        4  main.o(.data)
    .data                                    0x20000004   Section       32  usbd_desc.o(.data)
    .data                                    0x20000024   Section       50  usbd_desc.o(.data)
    .data                                    0x20000058   Section       20  usbd_cdc_if.o(.data)
    .data                                    0x2000006c   Section       12  stm32g4xx_hal.o(.data)
    .data                                    0x20000078   Section        4  system_stm32g4xx.o(.data)
    .data                                    0x2000007c   Section        1  usbd_ctlreq.o(.data)
    cfgidx                                   0x2000007c   Data           1  usbd_ctlreq.o(.data)
    .data                                    0x20000080   Section      215  usbd_cdc.o(.data)
    USBD_CDC_DeviceQualifierDesc             0x20000080   Data          10  usbd_cdc.o(.data)
    USBD_CDC_CfgHSDesc                       0x2000008c   Data          67  usbd_cdc.o(.data)
    USBD_CDC_CfgFSDesc                       0x200000d0   Data          67  usbd_cdc.o(.data)
    USBD_CDC_OtherSpeedCfgDesc               0x20000114   Data          67  usbd_cdc.o(.data)
    .data                                    0x20000158   Section       56  usbd_cdc.o(.data)
    .data                                    0x20000190   Section        8  ano.o(.data)
    last_index                               0x20000192   Data           2  ano.o(.data)
    last_index                               0x20000194   Data           2  ano.o(.data)
    scnt                                     0x20000196   Data           2  ano.o(.data)
    .bss                                     0x20000198   Section      108  adc.o(.bss)
    .bss                                     0x20000204   Section       76  tim.o(.bss)
    .bss                                     0x20000250   Section     1300  usbd_conf.o(.bss)
    mem                                      0x20000250   Data         544  usbd_conf.o(.bss)
    .bss                                     0x20000764   Section      720  usb_device.o(.bss)
    .bss                                     0x20000a34   Section      512  usbd_desc.o(.bss)
    .bss                                     0x20000c34   Section     2048  usbd_cdc_if.o(.bss)
    .bss                                     0x20001434   Section     1228  ano.o(.bss)
    .bss                                     0x20001900   Section       96  libspace.o(.bss)
    HEAP                                     0x20001960   Section      512  startup_stm32g431xx.o(HEAP)
    Heap_Mem                                 0x20001960   Data         512  startup_stm32g431xx.o(HEAP)
    STACK                                    0x20001b60   Section     1024  startup_stm32g431xx.o(STACK)
    Stack_Mem                                0x20001b60   Data        1024  startup_stm32g431xx.o(STACK)
    __initial_sp                             0x20001f60   Data           0  startup_stm32g431xx.o(STACK)

    Global Symbols

    Symbol Name                              Value     Ov Type        Size  Object(Section)

    BuildAttributes$$THM_ISAv4$E$P$D$K$B$S$7EM$VFPi3$EXTD16$VFPS$VFMA$PE$A:L22UL41UL21$X:L11$S22US41US21$IEEE1$IW$USESV6$~STKCKD$USESV7$~SHL$OTIME$ROPI$IEEEX$EBA8$UX$STANDARDLIB$REQ8$PRES8$EABIv2 0x00000000   Number         0  anon$$obj.o ABSOLUTE
    __ARM_use_no_argv                        0x00000000   Number         0  main.o ABSOLUTE
    __ARM_exceptions_init                     - Undefined Weak Reference
    __alloca_initialize                       - Undefined Weak Reference
    __arm_preinit_                            - Undefined Weak Reference
    __cpp_initialize__aeabi_                  - Undefined Weak Reference
    __cxa_finalize                            - Undefined Weak Reference
    __rt_locale                               - Undefined Weak Reference
    __sigvec_lookup                           - Undefined Weak Reference
    _atexit_init                              - Undefined Weak Reference
    _call_atexit_fns                          - Undefined Weak Reference
    _clock_init                               - Undefined Weak Reference
    _fp_trap_init                             - Undefined Weak Reference
    _fp_trap_shutdown                         - Undefined Weak Reference
    _get_lc_collate                           - Undefined Weak Reference
    _get_lc_ctype                             - Undefined Weak Reference
    _get_lc_monetary                          - Undefined Weak Reference
    _get_lc_numeric                           - Undefined Weak Reference
    _get_lc_time                              - Undefined Weak Reference
    _getenv_init                              - Undefined Weak Reference
    _handle_redirection                       - Undefined Weak Reference
    _init_alloc                               - Undefined Weak Reference
    _init_user_alloc                          - Undefined Weak Reference
    _initio                                   - Undefined Weak Reference
    _rand_init                                - Undefined Weak Reference
    _signal_finish                            - Undefined Weak Reference
    _signal_init                              - Undefined Weak Reference
    _terminate_alloc                          - Undefined Weak Reference
    _terminate_user_alloc                     - Undefined Weak Reference
    _terminateio                              - Undefined Weak Reference
    __Vectors_Size                           0x000001d8   Number         0  startup_stm32g431xx.o ABSOLUTE
    __Vectors                                0x08000000   Data           4  startup_stm32g431xx.o(RESET)
    __Vectors_End                            0x080001d8   Data           0  startup_stm32g431xx.o(RESET)
    __main                                   0x080001d9   Thumb Code     8  __main.o(!!!main)
    __scatterload                            0x080001e1   Thumb Code     0  __scatter.o(!!!scatter)
    __scatterload_rt2                        0x080001e1   Thumb Code    44  __scatter.o(!!!scatter)
    __scatterload_rt2_thumb_only             0x080001e1   Thumb Code     0  __scatter.o(!!!scatter)
    __scatterload_null                       0x080001ef   Thumb Code     0  __scatter.o(!!!scatter)
    __decompress                             0x08000215   Thumb Code    90  __dczerorl2.o(!!dczerorl2)
    __decompress1                            0x08000215   Thumb Code     0  __dczerorl2.o(!!dczerorl2)
    __scatterload_zeroinit                   0x08000271   Thumb Code    28  __scatter_zi.o(!!handler_zi)
    __rt_lib_init                            0x0800028d   Thumb Code     0  libinit.o(.ARM.Collect$$libinit$$00000000)
    __rt_lib_init_fp_1                       0x0800028f   Thumb Code     0  libinit2.o(.ARM.Collect$$libinit$$00000001)
    __rt_lib_init_alloca_1                   0x08000293   Thumb Code     0  libinit2.o(.ARM.Collect$$libinit$$0000002E)
    __rt_lib_init_argv_1                     0x08000293   Thumb Code     0  libinit2.o(.ARM.Collect$$libinit$$0000002C)
    __rt_lib_init_atexit_1                   0x08000293   Thumb Code     0  libinit2.o(.ARM.Collect$$libinit$$0000001B)
    __rt_lib_init_clock_1                    0x08000293   Thumb Code     0  libinit2.o(.ARM.Collect$$libinit$$00000021)
    __rt_lib_init_cpp_1                      0x08000293   Thumb Code     0  libinit2.o(.ARM.Collect$$libinit$$00000032)
    __rt_lib_init_exceptions_1               0x08000293   Thumb Code     0  libinit2.o(.ARM.Collect$$libinit$$00000030)
    __rt_lib_init_fp_trap_1                  0x08000293   Thumb Code     0  libinit2.o(.ARM.Collect$$libinit$$0000001F)
    __rt_lib_init_getenv_1                   0x08000293   Thumb Code     0  libinit2.o(.ARM.Collect$$libinit$$00000023)
    __rt_lib_init_heap_1                     0x08000293   Thumb Code     0  libinit2.o(.ARM.Collect$$libinit$$0000000A)
    __rt_lib_init_lc_collate_1               0x08000293   Thumb Code     0  libinit2.o(.ARM.Collect$$libinit$$00000011)
    __rt_lib_init_lc_ctype_1                 0x08000293   Thumb Code     0  libinit2.o(.ARM.Collect$$libinit$$00000013)
    __rt_lib_init_lc_monetary_1              0x08000293   Thumb Code     0  libinit2.o(.ARM.Collect$$libinit$$00000015)
    __rt_lib_init_lc_numeric_1               0x08000293   Thumb Code     0  libinit2.o(.ARM.Collect$$libinit$$00000017)
    __rt_lib_init_lc_time_1                  0x08000293   Thumb Code     0  libinit2.o(.ARM.Collect$$libinit$$00000019)
    __rt_lib_init_preinit_1                  0x08000293   Thumb Code     0  libinit2.o(.ARM.Collect$$libinit$$00000004)
    __rt_lib_init_rand_1                     0x08000293   Thumb Code     0  libinit2.o(.ARM.Collect$$libinit$$0000000E)
    __rt_lib_init_return                     0x08000293   Thumb Code     0  libinit2.o(.ARM.Collect$$libinit$$00000033)
    __rt_lib_init_signal_1                   0x08000293   Thumb Code     0  libinit2.o(.ARM.Collect$$libinit$$0000001D)
    __rt_lib_init_stdio_1                    0x08000293   Thumb Code     0  libinit2.o(.ARM.Collect$$libinit$$00000025)
    __rt_lib_init_user_alloc_1               0x08000293   Thumb Code     0  libinit2.o(.ARM.Collect$$libinit$$0000000C)
    __rt_lib_shutdown                        0x08000295   Thumb Code     0  libshutdown.o(.ARM.Collect$$libshutdown$$00000000)
    __rt_lib_shutdown_cpp_1                  0x08000297   Thumb Code     0  libshutdown2.o(.ARM.Collect$$libshutdown$$00000002)
    __rt_lib_shutdown_fp_trap_1              0x08000297   Thumb Code     0  libshutdown2.o(.ARM.Collect$$libshutdown$$00000007)
    __rt_lib_shutdown_heap_1                 0x08000297   Thumb Code     0  libshutdown2.o(.ARM.Collect$$libshutdown$$0000000F)
    __rt_lib_shutdown_return                 0x08000297   Thumb Code     0  libshutdown2.o(.ARM.Collect$$libshutdown$$00000010)
    __rt_lib_shutdown_signal_1               0x08000297   Thumb Code     0  libshutdown2.o(.ARM.Collect$$libshutdown$$0000000A)
    __rt_lib_shutdown_stdio_1                0x08000297   Thumb Code     0  libshutdown2.o(.ARM.Collect$$libshutdown$$00000004)
    __rt_lib_shutdown_user_alloc_1           0x08000297   Thumb Code     0  libshutdown2.o(.ARM.Collect$$libshutdown$$0000000C)
    __rt_entry                               0x08000299   Thumb Code     0  __rtentry.o(.ARM.Collect$$rtentry$$00000000)
    __rt_entry_presh_1                       0x08000299   Thumb Code     0  __rtentry2.o(.ARM.Collect$$rtentry$$00000002)
    __rt_entry_sh                            0x08000299   Thumb Code     0  __rtentry4.o(.ARM.Collect$$rtentry$$00000004)
    __rt_entry_li                            0x0800029f   Thumb Code     0  __rtentry2.o(.ARM.Collect$$rtentry$$0000000A)
    __rt_entry_postsh_1                      0x0800029f   Thumb Code     0  __rtentry2.o(.ARM.Collect$$rtentry$$00000009)
    __rt_entry_main                          0x080002a3   Thumb Code     0  __rtentry2.o(.ARM.Collect$$rtentry$$0000000D)
    __rt_entry_postli_1                      0x080002a3   Thumb Code     0  __rtentry2.o(.ARM.Collect$$rtentry$$0000000C)
    __rt_exit                                0x080002ab   Thumb Code     0  rtexit.o(.ARM.Collect$$rtexit$$00000000)
    __rt_exit_ls                             0x080002ad   Thumb Code     0  rtexit2.o(.ARM.Collect$$rtexit$$00000003)
    __rt_exit_prels_1                        0x080002ad   Thumb Code     0  rtexit2.o(.ARM.Collect$$rtexit$$00000002)
    __rt_exit_exit                           0x080002b1   Thumb Code     0  rtexit2.o(.ARM.Collect$$rtexit$$00000004)
    Reset_Handler                            0x080002b9   Thumb Code     8  startup_stm32g431xx.o(.text)
    COMP1_2_3_IRQHandler                     0x080002d3   Thumb Code     0  startup_stm32g431xx.o(.text)
    COMP4_IRQHandler                         0x080002d3   Thumb Code     0  startup_stm32g431xx.o(.text)
    CORDIC_IRQHandler                        0x080002d3   Thumb Code     0  startup_stm32g431xx.o(.text)
    CRS_IRQHandler                           0x080002d3   Thumb Code     0  startup_stm32g431xx.o(.text)
    DMA1_Channel1_IRQHandler                 0x080002d3   Thumb Code     0  startup_stm32g431xx.o(.text)
    DMA1_Channel2_IRQHandler                 0x080002d3   Thumb Code     0  startup_stm32g431xx.o(.text)
    DMA1_Channel3_IRQHandler                 0x080002d3   Thumb Code     0  startup_stm32g431xx.o(.text)
    DMA1_Channel4_IRQHandler                 0x080002d3   Thumb Code     0  startup_stm32g431xx.o(.text)
    DMA1_Channel5_IRQHandler                 0x080002d3   Thumb Code     0  startup_stm32g431xx.o(.text)
    DMA1_Channel6_IRQHandler                 0x080002d3   Thumb Code     0  startup_stm32g431xx.o(.text)
    DMA2_Channel1_IRQHandler                 0x080002d3   Thumb Code     0  startup_stm32g431xx.o(.text)
    DMA2_Channel2_IRQHandler                 0x080002d3   Thumb Code     0  startup_stm32g431xx.o(.text)
    DMA2_Channel3_IRQHandler                 0x080002d3   Thumb Code     0  startup_stm32g431xx.o(.text)
    DMA2_Channel4_IRQHandler                 0x080002d3   Thumb Code     0  startup_stm32g431xx.o(.text)
    DMA2_Channel5_IRQHandler                 0x080002d3   Thumb Code     0  startup_stm32g431xx.o(.text)
    DMA2_Channel6_IRQHandler                 0x080002d3   Thumb Code     0  startup_stm32g431xx.o(.text)
    DMAMUX_OVR_IRQHandler                    0x080002d3   Thumb Code     0  startup_stm32g431xx.o(.text)
    EXTI0_IRQHandler                         0x080002d3   Thumb Code     0  startup_stm32g431xx.o(.text)
    EXTI15_10_IRQHandler                     0x080002d3   Thumb Code     0  startup_stm32g431xx.o(.text)
    EXTI1_IRQHandler                         0x080002d3   Thumb Code     0  startup_stm32g431xx.o(.text)
    EXTI2_IRQHandler                         0x080002d3   Thumb Code     0  startup_stm32g431xx.o(.text)
    EXTI3_IRQHandler                         0x080002d3   Thumb Code     0  startup_stm32g431xx.o(.text)
    EXTI4_IRQHandler                         0x080002d3   Thumb Code     0  startup_stm32g431xx.o(.text)
    EXTI9_5_IRQHandler                       0x080002d3   Thumb Code     0  startup_stm32g431xx.o(.text)
    FDCAN1_IT0_IRQHandler                    0x080002d3   Thumb Code     0  startup_stm32g431xx.o(.text)
    FDCAN1_IT1_IRQHandler                    0x080002d3   Thumb Code     0  startup_stm32g431xx.o(.text)
    FLASH_IRQHandler                         0x080002d3   Thumb Code     0  startup_stm32g431xx.o(.text)
    FMAC_IRQHandler                          0x080002d3   Thumb Code     0  startup_stm32g431xx.o(.text)
    FPU_IRQHandler                           0x080002d3   Thumb Code     0  startup_stm32g431xx.o(.text)
    I2C1_ER_IRQHandler                       0x080002d3   Thumb Code     0  startup_stm32g431xx.o(.text)
    I2C1_EV_IRQHandler                       0x080002d3   Thumb Code     0  startup_stm32g431xx.o(.text)
    I2C2_ER_IRQHandler                       0x080002d3   Thumb Code     0  startup_stm32g431xx.o(.text)
    I2C2_EV_IRQHandler                       0x080002d3   Thumb Code     0  startup_stm32g431xx.o(.text)
    I2C3_ER_IRQHandler                       0x080002d3   Thumb Code     0  startup_stm32g431xx.o(.text)
    I2C3_EV_IRQHandler                       0x080002d3   Thumb Code     0  startup_stm32g431xx.o(.text)
    LPTIM1_IRQHandler                        0x080002d3   Thumb Code     0  startup_stm32g431xx.o(.text)
    LPUART1_IRQHandler                       0x080002d3   Thumb Code     0  startup_stm32g431xx.o(.text)
    PVD_PVM_IRQHandler                       0x080002d3   Thumb Code     0  startup_stm32g431xx.o(.text)
    RCC_IRQHandler                           0x080002d3   Thumb Code     0  startup_stm32g431xx.o(.text)
    RNG_IRQHandler                           0x080002d3   Thumb Code     0  startup_stm32g431xx.o(.text)
    RTC_Alarm_IRQHandler                     0x080002d3   Thumb Code     0  startup_stm32g431xx.o(.text)
    RTC_TAMP_LSECSS_IRQHandler               0x080002d3   Thumb Code     0  startup_stm32g431xx.o(.text)
    RTC_WKUP_IRQHandler                      0x080002d3   Thumb Code     0  startup_stm32g431xx.o(.text)
    SAI1_IRQHandler                          0x080002d3   Thumb Code     0  startup_stm32g431xx.o(.text)
    SPI1_IRQHandler                          0x080002d3   Thumb Code     0  startup_stm32g431xx.o(.text)
    SPI2_IRQHandler                          0x080002d3   Thumb Code     0  startup_stm32g431xx.o(.text)
    SPI3_IRQHandler                          0x080002d3   Thumb Code     0  startup_stm32g431xx.o(.text)
    TIM1_BRK_TIM15_IRQHandler                0x080002d3   Thumb Code     0  startup_stm32g431xx.o(.text)
    TIM1_CC_IRQHandler                       0x080002d3   Thumb Code     0  startup_stm32g431xx.o(.text)
    TIM1_TRG_COM_TIM17_IRQHandler            0x080002d3   Thumb Code     0  startup_stm32g431xx.o(.text)
    TIM1_UP_TIM16_IRQHandler                 0x080002d3   Thumb Code     0  startup_stm32g431xx.o(.text)
    TIM2_IRQHandler                          0x080002d3   Thumb Code     0  startup_stm32g431xx.o(.text)
    TIM3_IRQHandler                          0x080002d3   Thumb Code     0  startup_stm32g431xx.o(.text)
    TIM4_IRQHandler                          0x080002d3   Thumb Code     0  startup_stm32g431xx.o(.text)
    TIM6_DAC_IRQHandler                      0x080002d3   Thumb Code     0  startup_stm32g431xx.o(.text)
    TIM7_IRQHandler                          0x080002d3   Thumb Code     0  startup_stm32g431xx.o(.text)
    TIM8_BRK_IRQHandler                      0x080002d3   Thumb Code     0  startup_stm32g431xx.o(.text)
    TIM8_CC_IRQHandler                       0x080002d3   Thumb Code     0  startup_stm32g431xx.o(.text)
    TIM8_TRG_COM_IRQHandler                  0x080002d3   Thumb Code     0  startup_stm32g431xx.o(.text)
    TIM8_UP_IRQHandler                       0x080002d3   Thumb Code     0  startup_stm32g431xx.o(.text)
    UART4_IRQHandler                         0x080002d3   Thumb Code     0  startup_stm32g431xx.o(.text)
    UCPD1_IRQHandler                         0x080002d3   Thumb Code     0  startup_stm32g431xx.o(.text)
    USART1_IRQHandler                        0x080002d3   Thumb Code     0  startup_stm32g431xx.o(.text)
    USART2_IRQHandler                        0x080002d3   Thumb Code     0  startup_stm32g431xx.o(.text)
    USART3_IRQHandler                        0x080002d3   Thumb Code     0  startup_stm32g431xx.o(.text)
    USBWakeUp_IRQHandler                     0x080002d3   Thumb Code     0  startup_stm32g431xx.o(.text)
    USB_HP_IRQHandler                        0x080002d3   Thumb Code     0  startup_stm32g431xx.o(.text)
    WWDG_IRQHandler                          0x080002d3   Thumb Code     0  startup_stm32g431xx.o(.text)
    __user_initial_stackheap                 0x080002d5   Thumb Code     0  startup_stm32g431xx.o(.text)
    __aeabi_memcpy4                          0x080002f9   Thumb Code     0  rt_memcpy_w.o(.text)
    __aeabi_memcpy8                          0x080002f9   Thumb Code     0  rt_memcpy_w.o(.text)
    __rt_memcpy_w                            0x080002f9   Thumb Code   100  rt_memcpy_w.o(.text)
    _memcpy_lastbytes_aligned                0x08000341   Thumb Code     0  rt_memcpy_w.o(.text)
    __aeabi_memclr                           0x0800035d   Thumb Code     0  rt_memclr.o(.text)
    __rt_memclr                              0x0800035d   Thumb Code    68  rt_memclr.o(.text)
    _memset                                  0x08000361   Thumb Code     0  rt_memclr.o(.text)
    __aeabi_memclr4                          0x080003a1   Thumb Code     0  rt_memclr_w.o(.text)
    __aeabi_memclr8                          0x080003a1   Thumb Code     0  rt_memclr_w.o(.text)
    __rt_memclr_w                            0x080003a1   Thumb Code    78  rt_memclr_w.o(.text)
    _memset_w                                0x080003a5   Thumb Code     0  rt_memclr_w.o(.text)
    __use_two_region_memory                  0x080003ef   Thumb Code     2  heapauxi.o(.text)
    __rt_heap_escrow$2region                 0x080003f1   Thumb Code     2  heapauxi.o(.text)
    __rt_heap_expand$2region                 0x080003f3   Thumb Code     2  heapauxi.o(.text)
    __read_errno                             0x080003f5   Thumb Code    10  _rserrno.o(.text)
    __set_errno                              0x080003ff   Thumb Code    12  _rserrno.o(.text)
    __aeabi_errno_addr                       0x0800040d   Thumb Code     8  rt_errno_addr_intlibspace.o(.text)
    __errno$intlibspace                      0x0800040d   Thumb Code     0  rt_errno_addr_intlibspace.o(.text)
    __rt_errno_addr$intlibspace              0x0800040d   Thumb Code     0  rt_errno_addr_intlibspace.o(.text)
    __user_libspace                          0x08000415   Thumb Code     8  libspace.o(.text)
    __user_perproc_libspace                  0x08000415   Thumb Code     0  libspace.o(.text)
    __user_perthread_libspace                0x08000415   Thumb Code     0  libspace.o(.text)
    __user_setup_stackheap                   0x0800041d   Thumb Code    74  sys_stackheap_outer.o(.text)
    exit                                     0x08000467   Thumb Code    18  exit.o(.text)
    _sys_exit                                0x08000479   Thumb Code     8  sys_exit.o(.text)
    __I$use$semihosting                      0x08000485   Thumb Code     0  use_no_semi.o(.text)
    __use_no_semihosting_swi                 0x08000485   Thumb Code     2  use_no_semi.o(.text)
    __semihosting_library_function           0x08000487   Thumb Code     0  indicate_semi.o(.text)
    ADC1_2_IRQHandler                        0x08000489   Thumb Code     6  stm32g4xx_it.o(i.ADC1_2_IRQHandler)
    ADC_Enable                               0x08000495   Thumb Code   110  stm32g4xx_hal_adc.o(i.ADC_Enable)
    BusFault_Handler                         0x08000509   Thumb Code     2  stm32g4xx_it.o(i.BusFault_Handler)
    CDC_Transmit_FS                          0x08000555   Thumb Code    38  usbd_cdc_if.o(i.CDC_Transmit_FS)
    DebugMon_Handler                         0x08000581   Thumb Code     2  stm32g4xx_it.o(i.DebugMon_Handler)
    Error_Handler                            0x08000583   Thumb Code     4  main.o(i.Error_Handler)
    HAL_ADCEx_EndOfSamplingCallback          0x08000587   Thumb Code     2  stm32g4xx_hal_adc_ex.o(i.HAL_ADCEx_EndOfSamplingCallback)
    HAL_ADCEx_InjectedConfigChannel          0x08000589   Thumb Code  1250  stm32g4xx_hal_adc_ex.o(i.HAL_ADCEx_InjectedConfigChannel)
    HAL_ADCEx_InjectedConvCpltCallback       0x08000a95   Thumb Code    30  main.o(i.HAL_ADCEx_InjectedConvCpltCallback)
    HAL_ADCEx_InjectedQueueOverflowCallback  0x08000ab9   Thumb Code     2  stm32g4xx_hal_adc_ex.o(i.HAL_ADCEx_InjectedQueueOverflowCallback)
    HAL_ADCEx_InjectedStart_IT               0x08000abd   Thumb Code   282  stm32g4xx_hal_adc_ex.o(i.HAL_ADCEx_InjectedStart_IT)
    HAL_ADCEx_LevelOutOfWindow2Callback      0x08000be5   Thumb Code     2  stm32g4xx_hal_adc_ex.o(i.HAL_ADCEx_LevelOutOfWindow2Callback)
    HAL_ADCEx_LevelOutOfWindow3Callback      0x08000be7   Thumb Code     2  stm32g4xx_hal_adc_ex.o(i.HAL_ADCEx_LevelOutOfWindow3Callback)
    HAL_ADCEx_MultiModeConfigChannel         0x08000be9   Thumb Code   208  stm32g4xx_hal_adc_ex.o(i.HAL_ADCEx_MultiModeConfigChannel)
    HAL_ADC_ConfigChannel                    0x08000cc1   Thumb Code   998  stm32g4xx_hal_adc.o(i.HAL_ADC_ConfigChannel)
    HAL_ADC_ConvCpltCallback                 0x080010d9   Thumb Code     2  stm32g4xx_hal_adc.o(i.HAL_ADC_ConvCpltCallback)
    HAL_ADC_ErrorCallback                    0x080010db   Thumb Code     2  stm32g4xx_hal_adc.o(i.HAL_ADC_ErrorCallback)
    HAL_ADC_IRQHandler                       0x080010dd   Thumb Code   612  stm32g4xx_hal_adc.o(i.HAL_ADC_IRQHandler)
    HAL_ADC_Init                             0x08001349   Thumb Code   476  stm32g4xx_hal_adc.o(i.HAL_ADC_Init)
    HAL_ADC_LevelOutOfWindowCallback         0x08001545   Thumb Code     2  stm32g4xx_hal_adc.o(i.HAL_ADC_LevelOutOfWindowCallback)
    HAL_ADC_MspInit                          0x08001549   Thumb Code   126  adc.o(i.HAL_ADC_MspInit)
    HAL_GPIO_Init                            0x080015d1   Thumb Code   550  stm32g4xx_hal_gpio.o(i.HAL_GPIO_Init)
    HAL_GetTick                              0x08001819   Thumb Code     6  stm32g4xx_hal.o(i.HAL_GetTick)
    HAL_IncTick                              0x08001825   Thumb Code    12  stm32g4xx_hal.o(i.HAL_IncTick)
    HAL_Init                                 0x08001835   Thumb Code    30  stm32g4xx_hal.o(i.HAL_Init)
    HAL_InitTick                             0x08001855   Thumb Code    58  stm32g4xx_hal.o(i.HAL_InitTick)
    HAL_MspInit                              0x08001899   Thumb Code    42  stm32g4xx_hal_msp.o(i.HAL_MspInit)
    HAL_NVIC_EnableIRQ                       0x080018c9   Thumb Code    26  stm32g4xx_hal_cortex.o(i.HAL_NVIC_EnableIRQ)
    HAL_NVIC_SetPriority                     0x080018e5   Thumb Code    60  stm32g4xx_hal_cortex.o(i.HAL_NVIC_SetPriority)
    HAL_NVIC_SetPriorityGrouping             0x08001925   Thumb Code    26  stm32g4xx_hal_cortex.o(i.HAL_NVIC_SetPriorityGrouping)
    HAL_PCDEx_ActivateLPM                    0x08001949   Thumb Code    36  stm32g4xx_hal_pcd_ex.o(i.HAL_PCDEx_ActivateLPM)
    HAL_PCDEx_LPM_Callback                   0x0800196d   Thumb Code    64  usbd_conf.o(i.HAL_PCDEx_LPM_Callback)
    HAL_PCDEx_PMAConfig                      0x080019b1   Thumb Code    60  stm32g4xx_hal_pcd_ex.o(i.HAL_PCDEx_PMAConfig)
    HAL_PCD_DataInStageCallback              0x080019ed   Thumb Code    18  usbd_conf.o(i.HAL_PCD_DataInStageCallback)
    HAL_PCD_DataOutStageCallback             0x080019ff   Thumb Code    20  usbd_conf.o(i.HAL_PCD_DataOutStageCallback)
    HAL_PCD_EP_Close                         0x08001a13   Thumb Code    76  stm32g4xx_hal_pcd.o(i.HAL_PCD_EP_Close)
    HAL_PCD_EP_ClrStall                      0x08001a5f   Thumb Code    92  stm32g4xx_hal_pcd.o(i.HAL_PCD_EP_ClrStall)
    HAL_PCD_EP_GetRxCount                    0x08001ec7   Thumb Code    18  stm32g4xx_hal_pcd.o(i.HAL_PCD_EP_GetRxCount)
    HAL_PCD_EP_Open                          0x08001ed9   Thumb Code    96  stm32g4xx_hal_pcd.o(i.HAL_PCD_EP_Open)
    HAL_PCD_EP_Receive                       0x08001f39   Thumb Code    50  stm32g4xx_hal_pcd.o(i.HAL_PCD_EP_Receive)
    HAL_PCD_EP_SetStall                      0x08001f6b   Thumb Code    96  stm32g4xx_hal_pcd.o(i.HAL_PCD_EP_SetStall)
    HAL_PCD_EP_Transmit                      0x08001fcb   Thumb Code    52  stm32g4xx_hal_pcd.o(i.HAL_PCD_EP_Transmit)
    HAL_PCD_IRQHandler                       0x08001fff   Thumb Code   330  stm32g4xx_hal_pcd.o(i.HAL_PCD_IRQHandler)
    HAL_PCD_Init                             0x08002149   Thumb Code   178  stm32g4xx_hal_pcd.o(i.HAL_PCD_Init)
    HAL_PCD_MspInit                          0x080021fd   Thumb Code    80  usbd_conf.o(i.HAL_PCD_MspInit)
    HAL_PCD_ResetCallback                    0x08002255   Thumb Code    38  usbd_conf.o(i.HAL_PCD_ResetCallback)
    HAL_PCD_ResumeCallback                   0x0800227d   Thumb Code    34  usbd_conf.o(i.HAL_PCD_ResumeCallback)
    HAL_PCD_SOFCallback                      0x080022a5   Thumb Code     8  usbd_conf.o(i.HAL_PCD_SOFCallback)
    HAL_PCD_SetAddress                       0x080022ad   Thumb Code    40  stm32g4xx_hal_pcd.o(i.HAL_PCD_SetAddress)
    HAL_PCD_SetupStageCallback               0x080022d5   Thumb Code    14  usbd_conf.o(i.HAL_PCD_SetupStageCallback)
    HAL_PCD_Start                            0x080022e3   Thumb Code    42  stm32g4xx_hal_pcd.o(i.HAL_PCD_Start)
    HAL_PCD_SuspendCallback                  0x0800230d   Thumb Code    30  usbd_conf.o(i.HAL_PCD_SuspendCallback)
    HAL_PWREx_ControlVoltageScaling          0x08002331   Thumb Code   174  stm32g4xx_hal_pwr_ex.o(i.HAL_PWREx_ControlVoltageScaling)
    HAL_PWREx_DisableUCPDDeadBattery         0x080023ed   Thumb Code    12  stm32g4xx_hal_pwr_ex.o(i.HAL_PWREx_DisableUCPDDeadBattery)
    HAL_RCCEx_PeriphCLKConfig                0x080023fd   Thumb Code   638  stm32g4xx_hal_rcc_ex.o(i.HAL_RCCEx_PeriphCLKConfig)
    HAL_RCC_ClockConfig                      0x08002685   Thumb Code   444  stm32g4xx_hal_rcc.o(i.HAL_RCC_ClockConfig)
    HAL_RCC_GetSysClockFreq                  0x08002861   Thumb Code    98  stm32g4xx_hal_rcc.o(i.HAL_RCC_GetSysClockFreq)
    HAL_RCC_OscConfig                        0x080028d1   Thumb Code  1036  stm32g4xx_hal_rcc.o(i.HAL_RCC_OscConfig)
    HAL_SYSTICK_Config                       0x08002cdd   Thumb Code    40  stm32g4xx_hal_cortex.o(i.HAL_SYSTICK_Config)
    HAL_TIMEx_ConfigBreakDeadTime            0x08002d05   Thumb Code   164  stm32g4xx_hal_tim_ex.o(i.HAL_TIMEx_ConfigBreakDeadTime)
    HAL_TIMEx_MasterConfigSynchronization    0x08002db1   Thumb Code   132  stm32g4xx_hal_tim_ex.o(i.HAL_TIMEx_MasterConfigSynchronization)
    HAL_TIM_PWM_ConfigChannel                0x08002e4d   Thumb Code   292  stm32g4xx_hal_tim.o(i.HAL_TIM_PWM_ConfigChannel)
    HAL_TIM_PWM_Init                         0x08002f71   Thumb Code    98  stm32g4xx_hal_tim.o(i.HAL_TIM_PWM_Init)
    HAL_TIM_PWM_MspInit                      0x08002fd5   Thumb Code    30  tim.o(i.HAL_TIM_PWM_MspInit)
    HAL_TIM_PWM_Start                        0x08002ffd   Thumb Code   218  stm32g4xx_hal_tim.o(i.HAL_TIM_PWM_Start)
    HardFault_Handler                        0x080030f9   Thumb Code     2  stm32g4xx_it.o(i.HardFault_Handler)
    MX_ADC1_Init                             0x080031d9   Thumb Code   208  adc.o(i.MX_ADC1_Init)
    MX_GPIO_Init                             0x080032b1   Thumb Code    54  gpio.o(i.MX_GPIO_Init)
    MX_TIM1_Init                             0x080032ed   Thumb Code   166  tim.o(i.MX_TIM1_Init)
    MX_USB_Device_Init                       0x0800339d   Thumb Code    66  usb_device.o(i.MX_USB_Device_Init)
    MemManage_Handler                        0x080033f1   Thumb Code     2  stm32g4xx_it.o(i.MemManage_Handler)
    NMI_Handler                              0x080033f3   Thumb Code     2  stm32g4xx_it.o(i.NMI_Handler)
    PendSV_Handler                           0x0800376f   Thumb Code     2  stm32g4xx_it.o(i.PendSV_Handler)
    SVC_Handler                              0x08003771   Thumb Code     2  stm32g4xx_it.o(i.SVC_Handler)
    SysTick_Handler                          0x0800377d   Thumb Code     4  stm32g4xx_it.o(i.SysTick_Handler)
    SystemClock_Config                       0x08003781   Thumb Code   110  main.o(i.SystemClock_Config)
    SystemInit                               0x080037f1   Thumb Code    12  system_stm32g4xx.o(i.SystemInit)
    TIM_Base_SetConfig                       0x08003801   Thumb Code   146  stm32g4xx_hal_tim.o(i.TIM_Base_SetConfig)
    TIM_CCxChannelCmd                        0x080038b1   Thumb Code    26  stm32g4xx_hal_tim.o(i.TIM_CCxChannelCmd)
    TIM_OC2_SetConfig                        0x08003969   Thumb Code   120  stm32g4xx_hal_tim.o(i.TIM_OC2_SetConfig)
    USBD_CDC_ConfigStrDescriptor             0x08003bf9   Thumb Code    16  usbd_desc.o(i.USBD_CDC_ConfigStrDescriptor)
    USBD_CDC_DeviceDescriptor                0x08003ce9   Thumb Code     8  usbd_desc.o(i.USBD_CDC_DeviceDescriptor)
    USBD_CDC_GetDeviceQualifierDescriptor    0x08003d25   Thumb Code     8  usbd_cdc.o(i.USBD_CDC_GetDeviceQualifierDescriptor)
    USBD_CDC_InterfaceStrDescriptor          0x08003df9   Thumb Code    16  usbd_desc.o(i.USBD_CDC_InterfaceStrDescriptor)
    USBD_CDC_LangIDStrDescriptor             0x08003e1d   Thumb Code     8  usbd_desc.o(i.USBD_CDC_LangIDStrDescriptor)
    USBD_CDC_ManufacturerStrDescriptor       0x08003e29   Thumb Code    16  usbd_desc.o(i.USBD_CDC_ManufacturerStrDescriptor)
    USBD_CDC_ProductStrDescriptor            0x08003e51   Thumb Code    16  usbd_desc.o(i.USBD_CDC_ProductStrDescriptor)
    USBD_CDC_ReceivePacket                   0x08003e7d   Thumb Code    40  usbd_cdc.o(i.USBD_CDC_ReceivePacket)
    USBD_CDC_RegisterInterface               0x08003ea5   Thumb Code    14  usbd_cdc.o(i.USBD_CDC_RegisterInterface)
    USBD_CDC_SerialStrDescriptor             0x08003eb5   Thumb Code    48  usbd_desc.o(i.USBD_CDC_SerialStrDescriptor)
    USBD_CDC_SetRxBuffer                     0x08003eed   Thumb Code    18  usbd_cdc.o(i.USBD_CDC_SetRxBuffer)
    USBD_CDC_SetTxBuffer                     0x08003eff   Thumb Code    22  usbd_cdc.o(i.USBD_CDC_SetTxBuffer)
    USBD_CDC_TransmitPacket                  0x08003fd3   Thumb Code    54  usbd_cdc.o(i.USBD_CDC_TransmitPacket)
    USBD_ClrClassConfig                      0x08004009   Thumb Code    16  usbd_core.o(i.USBD_ClrClassConfig)
    USBD_CtlContinueRx                       0x08004019   Thumb Code    16  usbd_ioreq.o(i.USBD_CtlContinueRx)
    USBD_CtlContinueSendData                 0x08004029   Thumb Code    16  usbd_ioreq.o(i.USBD_CtlContinueSendData)
    USBD_CtlError                            0x08004039   Thumb Code    22  usbd_ctlreq.o(i.USBD_CtlError)
    USBD_CtlPrepareRx                        0x0800404f   Thumb Code    30  usbd_ioreq.o(i.USBD_CtlPrepareRx)
    USBD_CtlReceiveStatus                    0x0800406d   Thumb Code    22  usbd_ioreq.o(i.USBD_CtlReceiveStatus)
    USBD_CtlSendData                         0x08004083   Thumb Code    26  usbd_ioreq.o(i.USBD_CtlSendData)
    USBD_CtlSendStatus                       0x0800409d   Thumb Code    22  usbd_ioreq.o(i.USBD_CtlSendStatus)
    USBD_GetString                           0x080041ad   Thumb Code    72  usbd_ctlreq.o(i.USBD_GetString)
    USBD_Init                                0x0800420d   Thumb Code    38  usbd_core.o(i.USBD_Init)
    USBD_LL_ClearStallEP                     0x08004233   Thumb Code    18  usbd_conf.o(i.USBD_LL_ClearStallEP)
    USBD_LL_CloseEP                          0x08004245   Thumb Code    18  usbd_conf.o(i.USBD_LL_CloseEP)
    USBD_LL_DataInStage                      0x08004257   Thumb Code   168  usbd_core.o(i.USBD_LL_DataInStage)
    USBD_LL_DataOutStage                     0x080042ff   Thumb Code   108  usbd_core.o(i.USBD_LL_DataOutStage)
    USBD_LL_GetRxDataSize                    0x0800436b   Thumb Code     8  usbd_conf.o(i.USBD_LL_GetRxDataSize)
    USBD_LL_Init                             0x08004375   Thumb Code   124  usbd_conf.o(i.USBD_LL_Init)
    USBD_LL_IsStallEP                        0x080043f9   Thumb Code    32  usbd_conf.o(i.USBD_LL_IsStallEP)
    USBD_LL_OpenEP                           0x08004419   Thumb Code    24  usbd_conf.o(i.USBD_LL_OpenEP)
    USBD_LL_PrepareReceive                   0x08004431   Thumb Code    18  usbd_conf.o(i.USBD_LL_PrepareReceive)
    USBD_LL_Reset                            0x08004443   Thumb Code    90  usbd_core.o(i.USBD_LL_Reset)
    USBD_LL_Resume                           0x0800449d   Thumb Code    20  usbd_core.o(i.USBD_LL_Resume)
    USBD_LL_SOF                              0x080044b1   Thumb Code    32  usbd_core.o(i.USBD_LL_SOF)
    USBD_LL_SetSpeed                         0x080044d1   Thumb Code     6  usbd_core.o(i.USBD_LL_SetSpeed)
    USBD_LL_SetUSBAddress                    0x080044d7   Thumb Code    18  usbd_conf.o(i.USBD_LL_SetUSBAddress)
    USBD_LL_SetupStage                       0x080044e9   Thumb Code    96  usbd_core.o(i.USBD_LL_SetupStage)
    USBD_LL_StallEP                          0x08004549   Thumb Code    18  usbd_conf.o(i.USBD_LL_StallEP)
    USBD_LL_Start                            0x0800455b   Thumb Code    18  usbd_conf.o(i.USBD_LL_Start)
    USBD_LL_Suspend                          0x0800456d   Thumb Code    18  usbd_core.o(i.USBD_LL_Suspend)
    USBD_LL_Transmit                         0x0800457f   Thumb Code    18  usbd_conf.o(i.USBD_LL_Transmit)
    USBD_ParseSetupRequest                   0x08004591   Thumb Code    44  usbd_ctlreq.o(i.USBD_ParseSetupRequest)
    USBD_RegisterClass                       0x080045bd   Thumb Code    36  usbd_core.o(i.USBD_RegisterClass)
    USBD_SetClassConfig                      0x080045e1   Thumb Code    20  usbd_core.o(i.USBD_SetClassConfig)
    USBD_Start                               0x080046b1   Thumb Code     4  usbd_core.o(i.USBD_Start)
    USBD_StdDevReq                           0x080046b5   Thumb Code   276  usbd_ctlreq.o(i.USBD_StdDevReq)
    USBD_StdEPReq                            0x080047c9   Thumb Code   320  usbd_ctlreq.o(i.USBD_StdEPReq)
    USBD_StdItfReq                           0x08004909   Thumb Code    82  usbd_ctlreq.o(i.USBD_StdItfReq)
    USBD_static_free                         0x0800495b   Thumb Code     2  usbd_conf.o(i.USBD_static_free)
    USBD_static_malloc                       0x0800495d   Thumb Code     4  usbd_conf.o(i.USBD_static_malloc)
    USB_ActivateEndpoint                     0x08004965   Thumb Code   616  stm32g4xx_ll_usb.o(i.USB_ActivateEndpoint)
    USB_DeactivateEndpoint                   0x08004bcd   Thumb Code   270  stm32g4xx_ll_usb.o(i.USB_DeactivateEndpoint)
    USB_DevConnect                           0x08004cdb   Thumb Code    14  stm32g4xx_ll_usb.o(i.USB_DevConnect)
    USB_DevInit                              0x08004ce9   Thumb Code    18  stm32g4xx_ll_usb.o(i.USB_DevInit)
    USB_DisableGlobalInt                     0x08004cfb   Thumb Code    16  stm32g4xx_ll_usb.o(i.USB_DisableGlobalInt)
    USB_EPClearStall                         0x08004d0b   Thumb Code   120  stm32g4xx_ll_usb.o(i.USB_EPClearStall)
    USB_EPSetStall                           0x08004d83   Thumb Code    50  stm32g4xx_ll_usb.o(i.USB_EPSetStall)
    USB_EPStartXfer                          0x08004db5   Thumb Code  1158  stm32g4xx_ll_usb.o(i.USB_EPStartXfer)
    USB_EnableGlobalInt                      0x0800523b   Thumb Code    18  stm32g4xx_ll_usb.o(i.USB_EnableGlobalInt)
    USB_LP_IRQHandler                        0x0800524d   Thumb Code     6  stm32g4xx_it.o(i.USB_LP_IRQHandler)
    USB_ReadInterrupts                       0x08005259   Thumb Code     6  stm32g4xx_ll_usb.o(i.USB_ReadInterrupts)
    USB_ReadPMA                              0x0800525f   Thumb Code    40  stm32g4xx_ll_usb.o(i.USB_ReadPMA)
    USB_SetDevAddress                        0x08005287   Thumb Code    12  stm32g4xx_ll_usb.o(i.USB_SetDevAddress)
    USB_WritePMA                             0x08005295   Thumb Code    38  stm32g4xx_ll_usb.o(i.USB_WritePMA)
    UsageFault_Handler                       0x080052bb   Thumb Code     2  stm32g4xx_it.o(i.UsageFault_Handler)
    __ARM_fpclassify                         0x080052bd   Thumb Code    48  fpclassify.o(i.__ARM_fpclassify)
    __hardfp_sin                             0x08005311   Thumb Code   180  sin.o(i.__hardfp_sin)
    __ieee754_rem_pio2                       0x080053d9   Thumb Code   938  rred.o(i.__ieee754_rem_pio2)
    __kernel_cos                             0x08005811   Thumb Code   322  cos_i.o(i.__kernel_cos)
    __kernel_poly                            0x08005981   Thumb Code   248  poly.o(i.__kernel_poly)
    __kernel_sin                             0x08005a79   Thumb Code   280  sin_i.o(i.__kernel_sin)
    __mathlib_dbl_infnan                     0x08005ba9   Thumb Code    20  dunder.o(i.__mathlib_dbl_infnan)
    __mathlib_dbl_invalid                    0x08005bc1   Thumb Code    24  dunder.o(i.__mathlib_dbl_invalid)
    __mathlib_dbl_underflow                  0x08005be1   Thumb Code    24  dunder.o(i.__mathlib_dbl_underflow)
    ano_check                                0x08005c01   Thumb Code    50  ano.o(i.ano_check)
    ano_demo                                 0x08005c35   Thumb Code   252  ano.o(i.ano_demo)
    ano_get_free_txbuf_index                 0x08005d45   Thumb Code    70  ano.o(i.ano_get_free_txbuf_index)
    ano_send_buf                             0x08005d95   Thumb Code    94  ano.o(i.ano_send_buf)
    ano_send_f                               0x08005df9   Thumb Code    38  ano.o(i.ano_send_f)
    ano_send_u16                             0x08005e1f   Thumb Code    30  ano.o(i.ano_send_u16)
    ano_start                                0x08005e3d   Thumb Code    40  ano.o(i.ano_start)
    ano_start_transmit                       0x08005e6d   Thumb Code   108  ano.o(i.ano_start_transmit)
    ano_transmit                             0x08005ee1   Thumb Code     4  ano.o(i.ano_transmit)
    fabs                                     0x08005ee5   Thumb Code    24  fabs.o(i.fabs)
    main                                     0x08005efd   Thumb Code    58  main.o(i.main)
    store_data                               0x08005f41   Thumb Code    30  ano.o(i.store_data)
    __aeabi_dneg                             0x08005f69   Thumb Code     0  basic.o(x$fpl$basic)
    _dneg                                    0x08005f69   Thumb Code     6  basic.o(x$fpl$basic)
    __aeabi_fneg                             0x08005f6f   Thumb Code     0  basic.o(x$fpl$basic)
    _fneg                                    0x08005f6f   Thumb Code     6  basic.o(x$fpl$basic)
    _dabs                                    0x08005f75   Thumb Code     6  basic.o(x$fpl$basic)
    _fabs                                    0x08005f7b   Thumb Code     6  basic.o(x$fpl$basic)
    __aeabi_d2f                              0x08005f81   Thumb Code     0  d2f.o(x$fpl$d2f)
    _d2f                                     0x08005f81   Thumb Code    98  d2f.o(x$fpl$d2f)
    __aeabi_dadd                             0x08005fe5   Thumb Code     0  daddsub_clz.o(x$fpl$dadd)
    _dadd                                    0x08005fe5   Thumb Code   332  daddsub_clz.o(x$fpl$dadd)
    __aeabi_ddiv                             0x08006135   Thumb Code     0  ddiv.o(x$fpl$ddiv)
    _ddiv                                    0x08006135   Thumb Code   552  ddiv.o(x$fpl$ddiv)
    __aeabi_d2iz                             0x080063e5   Thumb Code     0  dfix.o(x$fpl$dfix)
    _dfix                                    0x080063e5   Thumb Code    94  dfix.o(x$fpl$dfix)
    __aeabi_i2d                              0x08006443   Thumb Code     0  dflt_clz.o(x$fpl$dflt)
    _dflt                                    0x08006443   Thumb Code    46  dflt_clz.o(x$fpl$dflt)
    __aeabi_ui2d                             0x08006471   Thumb Code     0  dflt_clz.o(x$fpl$dfltu)
    _dfltu                                   0x08006471   Thumb Code    38  dflt_clz.o(x$fpl$dfltu)
    __aeabi_dmul                             0x08006499   Thumb Code     0  dmul.o(x$fpl$dmul)
    _dmul                                    0x08006499   Thumb Code   332  dmul.o(x$fpl$dmul)
    __fpl_dnaninf                            0x080065ed   Thumb Code   156  dnaninf.o(x$fpl$dnaninf)
    __fpl_dretinf                            0x08006689   Thumb Code    12  dretinf.o(x$fpl$dretinf)
    __aeabi_drsub                            0x08006695   Thumb Code     0  daddsub_clz.o(x$fpl$drsb)
    _drsb                                    0x08006695   Thumb Code    22  daddsub_clz.o(x$fpl$drsb)
    __aeabi_dsub                             0x080066ad   Thumb Code     0  daddsub_clz.o(x$fpl$dsub)
    _dsub                                    0x080066ad   Thumb Code   464  daddsub_clz.o(x$fpl$dsub)
    _fp_init                                 0x08006881   Thumb Code    10  fpinit.o(x$fpl$fpinit)
    __fplib_config_fpu_vfp                   0x08006889   Thumb Code     0  fpinit.o(x$fpl$fpinit)
    __fplib_config_pureend_doubles           0x08006889   Thumb Code     0  fpinit.o(x$fpl$fpinit)
    __fpl_fretinf                            0x0800688b   Thumb Code    10  fretinf.o(x$fpl$fretinf)
    AHBPrescTable                            0x08006894   Data          16  system_stm32g4xx.o(.constdata)
    __I$use$fp                               0x08006894   Number         0  usenofp.o(x$fpl$usenofp)
    Region$$Table$$Base                      0x080069c8   Number         0  anon$$obj.o(Region$$Table)
    Region$$Table$$Limit                     0x080069e8   Number         0  anon$$obj.o(Region$$Table)
    i                                        0x20000000   Data           4  main.o(.data)
    CDC_Desc                                 0x20000004   Data          32  usbd_desc.o(.data)
    USBD_LangIDDesc                          0x20000024   Data           4  usbd_desc.o(.data)
    USBD_CDC_DeviceDesc                      0x20000028   Data          18  usbd_desc.o(.data)
    USBD_StringSerial                        0x2000003c   Data          26  usbd_desc.o(.data)
    USBD_Interface_fops_FS                   0x20000058   Data          20  usbd_cdc_if.o(.data)
    uwTickPrio                               0x2000006c   Data           4  stm32g4xx_hal.o(.data)
    uwTickFreq                               0x20000070   Data           4  stm32g4xx_hal.o(.data)
    uwTick                                   0x20000074   Data           4  stm32g4xx_hal.o(.data)
    SystemCoreClock                          0x20000078   Data           4  system_stm32g4xx.o(.data)
    USBD_CDC                                 0x20000158   Data          56  usbd_cdc.o(.data)
    send_buf_index                           0x20000190   Data           1  ano.o(.data)
    hadc1                                    0x20000198   Data         108  adc.o(.bss)
    htim1                                    0x20000204   Data          76  tim.o(.bss)
    hpcd_USB_FS                              0x20000470   Data         756  usbd_conf.o(.bss)
    hUsbDeviceFS                             0x20000764   Data         720  usb_device.o(.bss)
    USBD_StrDesc                             0x20000a34   Data         512  usbd_desc.o(.bss)
    UserRxBufferFS                           0x20000c34   Data        1024  usbd_cdc_if.o(.bss)
    UserTxBufferFS                           0x20001034   Data        1024  usbd_cdc_if.o(.bss)
    send_buf                                 0x20001434   Data         128  ano.o(.bss)
    ano_send                                 0x200014b4   Data        1100  ano.o(.bss)
    __libspace_start                         0x20001900   Data          96  libspace.o(.bss)
    __temporary_stack_top$libspace           0x20001960   Data           0  libspace.o(.bss)



==============================================================================

Memory Map of the image

  Image Entry point : 0x080001d9

  Load Region LR_IROM1 (Base: 0x08000000, Size: 0x00006b80, Max: 0x00020000, ABSOLUTE, COMPRESSED[0x00006ab0])

    Execution Region ER_IROM1 (Exec base: 0x08000000, Load base: 0x08000000, Size: 0x000069e8, Max: 0x00020000, ABSOLUTE)

    Exec Addr    Load Addr    Size         Type   Attr      Idx    E Section Name        Object

    0x08000000   0x08000000   0x000001d8   Data   RO            3    RESET               startup_stm32g431xx.o
    0x080001d8   0x080001d8   0x00000008   Code   RO         4833  * !!!main             c_w.l(__main.o)
    0x080001e0   0x080001e0   0x00000034   Code   RO         5082    !!!scatter          c_w.l(__scatter.o)
    0x08000214   0x08000214   0x0000005a   Code   RO         5080    !!dczerorl2         c_w.l(__dczerorl2.o)
    0x0800026e   0x0800026e   0x00000002   PAD
    0x08000270   0x08000270   0x0000001c   Code   RO         5084    !!handler_zi        c_w.l(__scatter_zi.o)
    0x0800028c   0x0800028c   0x00000002   Code   RO         4953    .ARM.Collect$$libinit$$00000000  c_w.l(libinit.o)
    0x0800028e   0x0800028e   0x00000004   Code   RO         4956    .ARM.Collect$$libinit$$00000001  c_w.l(libinit2.o)
    0x08000292   0x08000292   0x00000000   Code   RO         4959    .ARM.Collect$$libinit$$00000004  c_w.l(libinit2.o)
    0x08000292   0x08000292   0x00000000   Code   RO         4962    .ARM.Collect$$libinit$$0000000A  c_w.l(libinit2.o)
    0x08000292   0x08000292   0x00000000   Code   RO         4964    .ARM.Collect$$libinit$$0000000C  c_w.l(libinit2.o)
    0x08000292   0x08000292   0x00000000   Code   RO         4966    .ARM.Collect$$libinit$$0000000E  c_w.l(libinit2.o)
    0x08000292   0x08000292   0x00000000   Code   RO         4969    .ARM.Collect$$libinit$$00000011  c_w.l(libinit2.o)
    0x08000292   0x08000292   0x00000000   Code   RO         4971    .ARM.Collect$$libinit$$00000013  c_w.l(libinit2.o)
    0x08000292   0x08000292   0x00000000   Code   RO         4973    .ARM.Collect$$libinit$$00000015  c_w.l(libinit2.o)
    0x08000292   0x08000292   0x00000000   Code   RO         4975    .ARM.Collect$$libinit$$00000017  c_w.l(libinit2.o)
    0x08000292   0x08000292   0x00000000   Code   RO         4977    .ARM.Collect$$libinit$$00000019  c_w.l(libinit2.o)
    0x08000292   0x08000292   0x00000000   Code   RO         4979    .ARM.Collect$$libinit$$0000001B  c_w.l(libinit2.o)
    0x08000292   0x08000292   0x00000000   Code   RO         4981    .ARM.Collect$$libinit$$0000001D  c_w.l(libinit2.o)
    0x08000292   0x08000292   0x00000000   Code   RO         4983    .ARM.Collect$$libinit$$0000001F  c_w.l(libinit2.o)
    0x08000292   0x08000292   0x00000000   Code   RO         4985    .ARM.Collect$$libinit$$00000021  c_w.l(libinit2.o)
    0x08000292   0x08000292   0x00000000   Code   RO         4987    .ARM.Collect$$libinit$$00000023  c_w.l(libinit2.o)
    0x08000292   0x08000292   0x00000000   Code   RO         4989    .ARM.Collect$$libinit$$00000025  c_w.l(libinit2.o)
    0x08000292   0x08000292   0x00000000   Code   RO         4993    .ARM.Collect$$libinit$$0000002C  c_w.l(libinit2.o)
    0x08000292   0x08000292   0x00000000   Code   RO         4995    .ARM.Collect$$libinit$$0000002E  c_w.l(libinit2.o)
    0x08000292   0x08000292   0x00000000   Code   RO         4997    .ARM.Collect$$libinit$$00000030  c_w.l(libinit2.o)
    0x08000292   0x08000292   0x00000000   Code   RO         4999    .ARM.Collect$$libinit$$00000032  c_w.l(libinit2.o)
    0x08000292   0x08000292   0x00000002   Code   RO         5000    .ARM.Collect$$libinit$$00000033  c_w.l(libinit2.o)
    0x08000294   0x08000294   0x00000002   Code   RO         5020    .ARM.Collect$$libshutdown$$00000000  c_w.l(libshutdown.o)
    0x08000296   0x08000296   0x00000000   Code   RO         5033    .ARM.Collect$$libshutdown$$00000002  c_w.l(libshutdown2.o)
    0x08000296   0x08000296   0x00000000   Code   RO         5035    .ARM.Collect$$libshutdown$$00000004  c_w.l(libshutdown2.o)
    0x08000296   0x08000296   0x00000000   Code   RO         5038    .ARM.Collect$$libshutdown$$00000007  c_w.l(libshutdown2.o)
    0x08000296   0x08000296   0x00000000   Code   RO         5041    .ARM.Collect$$libshutdown$$0000000A  c_w.l(libshutdown2.o)
    0x08000296   0x08000296   0x00000000   Code   RO         5043    .ARM.Collect$$libshutdown$$0000000C  c_w.l(libshutdown2.o)
    0x08000296   0x08000296   0x00000000   Code   RO         5046    .ARM.Collect$$libshutdown$$0000000F  c_w.l(libshutdown2.o)
    0x08000296   0x08000296   0x00000002   Code   RO         5047    .ARM.Collect$$libshutdown$$00000010  c_w.l(libshutdown2.o)
    0x08000298   0x08000298   0x00000000   Code   RO         4867    .ARM.Collect$$rtentry$$00000000  c_w.l(__rtentry.o)
    0x08000298   0x08000298   0x00000000   Code   RO         4908    .ARM.Collect$$rtentry$$00000002  c_w.l(__rtentry2.o)
    0x08000298   0x08000298   0x00000006   Code   RO         4920    .ARM.Collect$$rtentry$$00000004  c_w.l(__rtentry4.o)
    0x0800029e   0x0800029e   0x00000000   Code   RO         4910    .ARM.Collect$$rtentry$$00000009  c_w.l(__rtentry2.o)
    0x0800029e   0x0800029e   0x00000004   Code   RO         4911    .ARM.Collect$$rtentry$$0000000A  c_w.l(__rtentry2.o)
    0x080002a2   0x080002a2   0x00000000   Code   RO         4913    .ARM.Collect$$rtentry$$0000000C  c_w.l(__rtentry2.o)
    0x080002a2   0x080002a2   0x00000008   Code   RO         4914    .ARM.Collect$$rtentry$$0000000D  c_w.l(__rtentry2.o)
    0x080002aa   0x080002aa   0x00000002   Code   RO         4954    .ARM.Collect$$rtexit$$00000000  c_w.l(rtexit.o)
    0x080002ac   0x080002ac   0x00000000   Code   RO         5002    .ARM.Collect$$rtexit$$00000002  c_w.l(rtexit2.o)
    0x080002ac   0x080002ac   0x00000004   Code   RO         5003    .ARM.Collect$$rtexit$$00000003  c_w.l(rtexit2.o)
    0x080002b0   0x080002b0   0x00000006   Code   RO         5004    .ARM.Collect$$rtexit$$00000004  c_w.l(rtexit2.o)
    0x080002b6   0x080002b6   0x00000002   PAD
    0x080002b8   0x080002b8   0x00000040   Code   RO            4    .text               startup_stm32g431xx.o
    0x080002f8   0x080002f8   0x00000064   Code   RO         4825    .text               c_w.l(rt_memcpy_w.o)
    0x0800035c   0x0800035c   0x00000044   Code   RO         4827    .text               c_w.l(rt_memclr.o)
    0x080003a0   0x080003a0   0x0000004e   Code   RO         4829    .text               c_w.l(rt_memclr_w.o)
    0x080003ee   0x080003ee   0x00000006   Code   RO         4831    .text               c_w.l(heapauxi.o)
    0x080003f4   0x080003f4   0x00000016   Code   RO         4868    .text               c_w.l(_rserrno.o)
    0x0800040a   0x0800040a   0x00000002   PAD
    0x0800040c   0x0800040c   0x00000008   Code   RO         4925    .text               c_w.l(rt_errno_addr_intlibspace.o)
    0x08000414   0x08000414   0x00000008   Code   RO         4941    .text               c_w.l(libspace.o)
    0x0800041c   0x0800041c   0x0000004a   Code   RO         4944    .text               c_w.l(sys_stackheap_outer.o)
    0x08000466   0x08000466   0x00000012   Code   RO         4946    .text               c_w.l(exit.o)
    0x08000478   0x08000478   0x0000000c   Code   RO         5012    .text               c_w.l(sys_exit.o)
    0x08000484   0x08000484   0x00000002   Code   RO         5023    .text               c_w.l(use_no_semi.o)
    0x08000486   0x08000486   0x00000000   Code   RO         5025    .text               c_w.l(indicate_semi.o)
    0x08000486   0x08000486   0x00000002   PAD
    0x08000488   0x08000488   0x0000000c   Code   RO          312    i.ADC1_2_IRQHandler  stm32g4xx_it.o
    0x08000494   0x08000494   0x00000074   Code   RO         2730    i.ADC_Enable        stm32g4xx_hal_adc.o
    0x08000508   0x08000508   0x00000002   Code   RO          313    i.BusFault_Handler  stm32g4xx_it.o
    0x0800050a   0x0800050a   0x00000004   Code   RO          770    i.CDC_Control_FS    usbd_cdc_if.o
    0x0800050e   0x0800050e   0x00000004   Code   RO          771    i.CDC_DeInit_FS     usbd_cdc_if.o
    0x08000512   0x08000512   0x00000002   PAD
    0x08000514   0x08000514   0x00000024   Code   RO          772    i.CDC_Init_FS       usbd_cdc_if.o
    0x08000538   0x08000538   0x00000018   Code   RO          773    i.CDC_Receive_FS    usbd_cdc_if.o
    0x08000550   0x08000550   0x00000004   Code   RO          774    i.CDC_TransmitCplt_FS  usbd_cdc_if.o
    0x08000554   0x08000554   0x0000002c   Code   RO          775    i.CDC_Transmit_FS   usbd_cdc_if.o
    0x08000580   0x08000580   0x00000002   Code   RO          314    i.DebugMon_Handler  stm32g4xx_it.o
    0x08000582   0x08000582   0x00000004   Code   RO           13    i.Error_Handler     main.o
    0x08000586   0x08000586   0x00000002   Code   RO         2967    i.HAL_ADCEx_EndOfSamplingCallback  stm32g4xx_hal_adc_ex.o
    0x08000588   0x08000588   0x0000050c   Code   RO         2969    i.HAL_ADCEx_InjectedConfigChannel  stm32g4xx_hal_adc_ex.o
    0x08000a94   0x08000a94   0x00000024   Code   RO           14    i.HAL_ADCEx_InjectedConvCpltCallback  main.o
    0x08000ab8   0x08000ab8   0x00000002   Code   RO         2973    i.HAL_ADCEx_InjectedQueueOverflowCallback  stm32g4xx_hal_adc_ex.o
    0x08000aba   0x08000aba   0x00000002   PAD
    0x08000abc   0x08000abc   0x00000128   Code   RO         2975    i.HAL_ADCEx_InjectedStart_IT  stm32g4xx_hal_adc_ex.o
    0x08000be4   0x08000be4   0x00000002   Code   RO         2978    i.HAL_ADCEx_LevelOutOfWindow2Callback  stm32g4xx_hal_adc_ex.o
    0x08000be6   0x08000be6   0x00000002   Code   RO         2979    i.HAL_ADCEx_LevelOutOfWindow3Callback  stm32g4xx_hal_adc_ex.o
    0x08000be8   0x08000be8   0x000000d8   Code   RO         2980    i.HAL_ADCEx_MultiModeConfigChannel  stm32g4xx_hal_adc_ex.o
    0x08000cc0   0x08000cc0   0x00000418   Code   RO         2732    i.HAL_ADC_ConfigChannel  stm32g4xx_hal_adc.o
    0x080010d8   0x080010d8   0x00000002   Code   RO         2733    i.HAL_ADC_ConvCpltCallback  stm32g4xx_hal_adc.o
    0x080010da   0x080010da   0x00000002   Code   RO         2736    i.HAL_ADC_ErrorCallback  stm32g4xx_hal_adc.o
    0x080010dc   0x080010dc   0x0000026c   Code   RO         2740    i.HAL_ADC_IRQHandler  stm32g4xx_hal_adc.o
    0x08001348   0x08001348   0x000001fc   Code   RO         2741    i.HAL_ADC_Init      stm32g4xx_hal_adc.o
    0x08001544   0x08001544   0x00000002   Code   RO         2742    i.HAL_ADC_LevelOutOfWindowCallback  stm32g4xx_hal_adc.o
    0x08001546   0x08001546   0x00000002   PAD
    0x08001548   0x08001548   0x00000088   Code   RO          229    i.HAL_ADC_MspInit   adc.o
    0x080015d0   0x080015d0   0x00000248   Code   RO         1948    i.HAL_GPIO_Init     stm32g4xx_hal_gpio.o
    0x08001818   0x08001818   0x0000000c   Code   RO         1261    i.HAL_GetTick       stm32g4xx_hal.o
    0x08001824   0x08001824   0x00000010   Code   RO         1264    i.HAL_IncTick       stm32g4xx_hal.o
    0x08001834   0x08001834   0x0000001e   Code   RO         1265    i.HAL_Init          stm32g4xx_hal.o
    0x08001852   0x08001852   0x00000002   PAD
    0x08001854   0x08001854   0x00000044   Code   RO         1266    i.HAL_InitTick      stm32g4xx_hal.o
    0x08001898   0x08001898   0x00000030   Code   RO          400    i.HAL_MspInit       stm32g4xx_hal_msp.o
    0x080018c8   0x080018c8   0x0000001a   Code   RO         2595    i.HAL_NVIC_EnableIRQ  stm32g4xx_hal_cortex.o
    0x080018e2   0x080018e2   0x00000002   PAD
    0x080018e4   0x080018e4   0x00000040   Code   RO         2601    i.HAL_NVIC_SetPriority  stm32g4xx_hal_cortex.o
    0x08001924   0x08001924   0x00000024   Code   RO         2602    i.HAL_NVIC_SetPriorityGrouping  stm32g4xx_hal_cortex.o
    0x08001948   0x08001948   0x00000024   Code   RO         1053    i.HAL_PCDEx_ActivateLPM  stm32g4xx_hal_pcd_ex.o
    0x0800196c   0x0800196c   0x00000044   Code   RO          424    i.HAL_PCDEx_LPM_Callback  usbd_conf.o
    0x080019b0   0x080019b0   0x0000003c   Code   RO         1059    i.HAL_PCDEx_PMAConfig  stm32g4xx_hal_pcd_ex.o
    0x080019ec   0x080019ec   0x00000012   Code   RO          426    i.HAL_PCD_DataInStageCallback  usbd_conf.o
    0x080019fe   0x080019fe   0x00000014   Code   RO          427    i.HAL_PCD_DataOutStageCallback  usbd_conf.o
    0x08001a12   0x08001a12   0x0000004c   Code   RO          836    i.HAL_PCD_EP_Close  stm32g4xx_hal_pcd.o
    0x08001a5e   0x08001a5e   0x0000005c   Code   RO          837    i.HAL_PCD_EP_ClrStall  stm32g4xx_hal_pcd.o
    0x08001aba   0x08001aba   0x000000dc   Code   RO          838    i.HAL_PCD_EP_DB_Receive  stm32g4xx_hal_pcd.o
    0x08001b96   0x08001b96   0x00000330   Code   RO          839    i.HAL_PCD_EP_DB_Transmit  stm32g4xx_hal_pcd.o
    0x08001ec6   0x08001ec6   0x00000012   Code   RO          841    i.HAL_PCD_EP_GetRxCount  stm32g4xx_hal_pcd.o
    0x08001ed8   0x08001ed8   0x00000060   Code   RO          842    i.HAL_PCD_EP_Open   stm32g4xx_hal_pcd.o
    0x08001f38   0x08001f38   0x00000032   Code   RO          843    i.HAL_PCD_EP_Receive  stm32g4xx_hal_pcd.o
    0x08001f6a   0x08001f6a   0x00000060   Code   RO          844    i.HAL_PCD_EP_SetStall  stm32g4xx_hal_pcd.o
    0x08001fca   0x08001fca   0x00000034   Code   RO          845    i.HAL_PCD_EP_Transmit  stm32g4xx_hal_pcd.o
    0x08001ffe   0x08001ffe   0x0000014a   Code   RO          847    i.HAL_PCD_IRQHandler  stm32g4xx_hal_pcd.o
    0x08002148   0x08002148   0x000000b2   Code   RO          850    i.HAL_PCD_Init      stm32g4xx_hal_pcd.o
    0x080021fa   0x080021fa   0x00000002   PAD
    0x080021fc   0x080021fc   0x00000058   Code   RO          432    i.HAL_PCD_MspInit   usbd_conf.o
    0x08002254   0x08002254   0x00000026   Code   RO          433    i.HAL_PCD_ResetCallback  usbd_conf.o
    0x0800227a   0x0800227a   0x00000002   PAD
    0x0800227c   0x0800227c   0x00000028   Code   RO          434    i.HAL_PCD_ResumeCallback  usbd_conf.o
    0x080022a4   0x080022a4   0x00000008   Code   RO          435    i.HAL_PCD_SOFCallback  usbd_conf.o
    0x080022ac   0x080022ac   0x00000028   Code   RO          856    i.HAL_PCD_SetAddress  stm32g4xx_hal_pcd.o
    0x080022d4   0x080022d4   0x0000000e   Code   RO          436    i.HAL_PCD_SetupStageCallback  usbd_conf.o
    0x080022e2   0x080022e2   0x0000002a   Code   RO          858    i.HAL_PCD_Start     stm32g4xx_hal_pcd.o
    0x0800230c   0x0800230c   0x00000024   Code   RO          437    i.HAL_PCD_SuspendCallback  usbd_conf.o
    0x08002330   0x08002330   0x000000bc   Code   RO         2351    i.HAL_PWREx_ControlVoltageScaling  stm32g4xx_hal_pwr_ex.o
    0x080023ec   0x080023ec   0x00000010   Code   RO         2363    i.HAL_PWREx_DisableUCPDDeadBattery  stm32g4xx_hal_pwr_ex.o
    0x080023fc   0x080023fc   0x00000288   Code   RO         1610    i.HAL_RCCEx_PeriphCLKConfig  stm32g4xx_hal_rcc_ex.o
    0x08002684   0x08002684   0x000001dc   Code   RO         1485    i.HAL_RCC_ClockConfig  stm32g4xx_hal_rcc.o
    0x08002860   0x08002860   0x00000070   Code   RO         1495    i.HAL_RCC_GetSysClockFreq  stm32g4xx_hal_rcc.o
    0x080028d0   0x080028d0   0x0000040c   Code   RO         1498    i.HAL_RCC_OscConfig  stm32g4xx_hal_rcc.o
    0x08002cdc   0x08002cdc   0x00000028   Code   RO         2606    i.HAL_SYSTICK_Config  stm32g4xx_hal_cortex.o
    0x08002d04   0x08002d04   0x000000ac   Code   RO         3893    i.HAL_TIMEx_ConfigBreakDeadTime  stm32g4xx_hal_tim_ex.o
    0x08002db0   0x08002db0   0x0000009c   Code   RO         3930    i.HAL_TIMEx_MasterConfigSynchronization  stm32g4xx_hal_tim_ex.o
    0x08002e4c   0x08002e4c   0x00000124   Code   RO         3246    i.HAL_TIM_PWM_ConfigChannel  stm32g4xx_hal_tim.o
    0x08002f70   0x08002f70   0x00000062   Code   RO         3249    i.HAL_TIM_PWM_Init  stm32g4xx_hal_tim.o
    0x08002fd2   0x08002fd2   0x00000002   PAD
    0x08002fd4   0x08002fd4   0x00000028   Code   RO          271    i.HAL_TIM_PWM_MspInit  tim.o
    0x08002ffc   0x08002ffc   0x000000fc   Code   RO         3254    i.HAL_TIM_PWM_Start  stm32g4xx_hal_tim.o
    0x080030f8   0x080030f8   0x00000002   Code   RO          315    i.HardFault_Handler  stm32g4xx_it.o
    0x080030fa   0x080030fa   0x00000002   PAD
    0x080030fc   0x080030fc   0x00000038   Code   RO          684    i.IntToUnicode      usbd_desc.o
    0x08003134   0x08003134   0x0000000c   Code   RO         2755    i.LL_ADC_GetOffsetChannel  stm32g4xx_hal_adc.o
    0x08003140   0x08003140   0x0000000c   Code   RO         2988    i.LL_ADC_GetOffsetChannel  stm32g4xx_hal_adc_ex.o
    0x0800314c   0x0800314c   0x00000008   Code   RO         2756    i.LL_ADC_INJ_IsConversionOngoing  stm32g4xx_hal_adc.o
    0x08003154   0x08003154   0x00000008   Code   RO         2989    i.LL_ADC_INJ_IsConversionOngoing  stm32g4xx_hal_adc_ex.o
    0x0800315c   0x0800315c   0x00000008   Code   RO         2757    i.LL_ADC_REG_IsConversionOngoing  stm32g4xx_hal_adc.o
    0x08003164   0x08003164   0x00000008   Code   RO         2990    i.LL_ADC_REG_IsConversionOngoing  stm32g4xx_hal_adc_ex.o
    0x0800316c   0x0800316c   0x00000010   Code   RO         2758    i.LL_ADC_REG_IsTriggerSourceSWStart  stm32g4xx_hal_adc.o
    0x0800317c   0x0800317c   0x0000001e   Code   RO         2760    i.LL_ADC_SetChannelSamplingTime  stm32g4xx_hal_adc.o
    0x0800319a   0x0800319a   0x0000001e   Code   RO         2991    i.LL_ADC_SetChannelSamplingTime  stm32g4xx_hal_adc_ex.o
    0x080031b8   0x080031b8   0x00000010   Code   RO         2761    i.LL_ADC_SetOffsetState  stm32g4xx_hal_adc.o
    0x080031c8   0x080031c8   0x00000010   Code   RO         2992    i.LL_ADC_SetOffsetState  stm32g4xx_hal_adc_ex.o
    0x080031d8   0x080031d8   0x000000d8   Code   RO          230    i.MX_ADC1_Init      adc.o
    0x080032b0   0x080032b0   0x0000003c   Code   RO          204    i.MX_GPIO_Init      gpio.o
    0x080032ec   0x080032ec   0x000000b0   Code   RO          272    i.MX_TIM1_Init      tim.o
    0x0800339c   0x0800339c   0x00000054   Code   RO          649    i.MX_USB_Device_Init  usb_device.o
    0x080033f0   0x080033f0   0x00000002   Code   RO          316    i.MemManage_Handler  stm32g4xx_it.o
    0x080033f2   0x080033f2   0x00000002   Code   RO          317    i.NMI_Handler       stm32g4xx_it.o
    0x080033f4   0x080033f4   0x0000037a   Code   RO          861    i.PCD_EP_ISR_Handler  stm32g4xx_hal_pcd.o
    0x0800376e   0x0800376e   0x00000002   Code   RO          318    i.PendSV_Handler    stm32g4xx_it.o
    0x08003770   0x08003770   0x00000002   Code   RO          319    i.SVC_Handler       stm32g4xx_it.o
    0x08003772   0x08003772   0x0000000a   Code   RO         4493    i.SWAPBYTE          usbd_ctlreq.o
    0x0800377c   0x0800377c   0x00000004   Code   RO          320    i.SysTick_Handler   stm32g4xx_it.o
    0x08003780   0x08003780   0x0000006e   Code   RO           15    i.SystemClock_Config  main.o
    0x080037ee   0x080037ee   0x00000002   PAD
    0x080037f0   0x080037f0   0x00000010   Code   RO         4318    i.SystemInit        system_stm32g4xx.o
    0x08003800   0x08003800   0x000000b0   Code   RO         3267    i.TIM_Base_SetConfig  stm32g4xx_hal_tim.o
    0x080038b0   0x080038b0   0x0000001a   Code   RO         3268    i.TIM_CCxChannelCmd  stm32g4xx_hal_tim.o
    0x080038ca   0x080038ca   0x00000002   PAD
    0x080038cc   0x080038cc   0x0000009c   Code   RO         3280    i.TIM_OC1_SetConfig  stm32g4xx_hal_tim.o
    0x08003968   0x08003968   0x00000090   Code   RO         3281    i.TIM_OC2_SetConfig  stm32g4xx_hal_tim.o
    0x080039f8   0x080039f8   0x00000090   Code   RO         3282    i.TIM_OC3_SetConfig  stm32g4xx_hal_tim.o
    0x08003a88   0x08003a88   0x00000090   Code   RO         3283    i.TIM_OC4_SetConfig  stm32g4xx_hal_tim.o
    0x08003b18   0x08003b18   0x00000070   Code   RO         3284    i.TIM_OC5_SetConfig  stm32g4xx_hal_tim.o
    0x08003b88   0x08003b88   0x00000070   Code   RO         3285    i.TIM_OC6_SetConfig  stm32g4xx_hal_tim.o
    0x08003bf8   0x08003bf8   0x00000020   Code   RO          685    i.USBD_CDC_ConfigStrDescriptor  usbd_desc.o
    0x08003c18   0x08003c18   0x0000005e   Code   RO         4626    i.USBD_CDC_DataIn   usbd_cdc.o
    0x08003c76   0x08003c76   0x0000002a   Code   RO         4627    i.USBD_CDC_DataOut  usbd_cdc.o
    0x08003ca0   0x08003ca0   0x00000048   Code   RO         4628    i.USBD_CDC_DeInit   usbd_cdc.o
    0x08003ce8   0x08003ce8   0x0000000c   Code   RO          686    i.USBD_CDC_DeviceDescriptor  usbd_desc.o
    0x08003cf4   0x08003cf4   0x0000002e   Code   RO         4629    i.USBD_CDC_EP0_RxReady  usbd_cdc.o
    0x08003d22   0x08003d22   0x00000002   PAD
    0x08003d24   0x08003d24   0x0000000c   Code   RO         4630    i.USBD_CDC_GetDeviceQualifierDescriptor  usbd_cdc.o
    0x08003d30   0x08003d30   0x0000000c   Code   RO         4631    i.USBD_CDC_GetFSCfgDesc  usbd_cdc.o
    0x08003d3c   0x08003d3c   0x0000000c   Code   RO         4632    i.USBD_CDC_GetHSCfgDesc  usbd_cdc.o
    0x08003d48   0x08003d48   0x0000000c   Code   RO         4633    i.USBD_CDC_GetOtherSpeedCfgDesc  usbd_cdc.o
    0x08003d54   0x08003d54   0x000000a2   Code   RO         4634    i.USBD_CDC_Init     usbd_cdc.o
    0x08003df6   0x08003df6   0x00000002   PAD
    0x08003df8   0x08003df8   0x00000024   Code   RO          687    i.USBD_CDC_InterfaceStrDescriptor  usbd_desc.o
    0x08003e1c   0x08003e1c   0x0000000c   Code   RO          688    i.USBD_CDC_LangIDStrDescriptor  usbd_desc.o
    0x08003e28   0x08003e28   0x00000028   Code   RO          689    i.USBD_CDC_ManufacturerStrDescriptor  usbd_desc.o
    0x08003e50   0x08003e50   0x0000002c   Code   RO          690    i.USBD_CDC_ProductStrDescriptor  usbd_desc.o
    0x08003e7c   0x08003e7c   0x00000028   Code   RO         4635    i.USBD_CDC_ReceivePacket  usbd_cdc.o
    0x08003ea4   0x08003ea4   0x0000000e   Code   RO         4636    i.USBD_CDC_RegisterInterface  usbd_cdc.o
    0x08003eb2   0x08003eb2   0x00000002   PAD
    0x08003eb4   0x08003eb4   0x00000038   Code   RO          691    i.USBD_CDC_SerialStrDescriptor  usbd_desc.o
    0x08003eec   0x08003eec   0x00000012   Code   RO         4637    i.USBD_CDC_SetRxBuffer  usbd_cdc.o
    0x08003efe   0x08003efe   0x00000016   Code   RO         4638    i.USBD_CDC_SetTxBuffer  usbd_cdc.o
    0x08003f14   0x08003f14   0x000000be   Code   RO         4639    i.USBD_CDC_Setup    usbd_cdc.o
    0x08003fd2   0x08003fd2   0x00000036   Code   RO         4640    i.USBD_CDC_TransmitPacket  usbd_cdc.o
    0x08004008   0x08004008   0x00000010   Code   RO         4355    i.USBD_ClrClassConfig  usbd_core.o
    0x08004018   0x08004018   0x00000010   Code   RO         4566    i.USBD_CtlContinueRx  usbd_ioreq.o
    0x08004028   0x08004028   0x00000010   Code   RO         4567    i.USBD_CtlContinueSendData  usbd_ioreq.o
    0x08004038   0x08004038   0x00000016   Code   RO         4494    i.USBD_CtlError     usbd_ctlreq.o
    0x0800404e   0x0800404e   0x0000001e   Code   RO         4568    i.USBD_CtlPrepareRx  usbd_ioreq.o
    0x0800406c   0x0800406c   0x00000016   Code   RO         4569    i.USBD_CtlReceiveStatus  usbd_ioreq.o
    0x08004082   0x08004082   0x0000001a   Code   RO         4570    i.USBD_CtlSendData  usbd_ioreq.o
    0x0800409c   0x0800409c   0x00000016   Code   RO         4571    i.USBD_CtlSendStatus  usbd_ioreq.o
    0x080040b2   0x080040b2   0x000000fa   Code   RO         4495    i.USBD_GetDescriptor  usbd_ctlreq.o
    0x080041ac   0x080041ac   0x00000048   Code   RO         4496    i.USBD_GetString    usbd_ctlreq.o
    0x080041f4   0x080041f4   0x00000018   Code   RO          438    i.USBD_Get_USB_Status  usbd_conf.o
    0x0800420c   0x0800420c   0x00000026   Code   RO         4357    i.USBD_Init         usbd_core.o
    0x08004232   0x08004232   0x00000012   Code   RO          439    i.USBD_LL_ClearStallEP  usbd_conf.o
    0x08004244   0x08004244   0x00000012   Code   RO          440    i.USBD_LL_CloseEP   usbd_conf.o
    0x08004256   0x08004256   0x000000a8   Code   RO         4358    i.USBD_LL_DataInStage  usbd_core.o
    0x080042fe   0x080042fe   0x0000006c   Code   RO         4359    i.USBD_LL_DataOutStage  usbd_core.o
    0x0800436a   0x0800436a   0x00000008   Code   RO          444    i.USBD_LL_GetRxDataSize  usbd_conf.o
    0x08004372   0x08004372   0x00000002   PAD
    0x08004374   0x08004374   0x00000084   Code   RO          445    i.USBD_LL_Init      usbd_conf.o
    0x080043f8   0x080043f8   0x00000020   Code   RO          446    i.USBD_LL_IsStallEP  usbd_conf.o
    0x08004418   0x08004418   0x00000018   Code   RO          447    i.USBD_LL_OpenEP    usbd_conf.o
    0x08004430   0x08004430   0x00000012   Code   RO          448    i.USBD_LL_PrepareReceive  usbd_conf.o
    0x08004442   0x08004442   0x0000005a   Code   RO         4364    i.USBD_LL_Reset     usbd_core.o
    0x0800449c   0x0800449c   0x00000014   Code   RO         4365    i.USBD_LL_Resume    usbd_core.o
    0x080044b0   0x080044b0   0x00000020   Code   RO         4366    i.USBD_LL_SOF       usbd_core.o
    0x080044d0   0x080044d0   0x00000006   Code   RO         4367    i.USBD_LL_SetSpeed  usbd_core.o
    0x080044d6   0x080044d6   0x00000012   Code   RO          449    i.USBD_LL_SetUSBAddress  usbd_conf.o
    0x080044e8   0x080044e8   0x00000060   Code   RO         4368    i.USBD_LL_SetupStage  usbd_core.o
    0x08004548   0x08004548   0x00000012   Code   RO          450    i.USBD_LL_StallEP   usbd_conf.o
    0x0800455a   0x0800455a   0x00000012   Code   RO          451    i.USBD_LL_Start     usbd_conf.o
    0x0800456c   0x0800456c   0x00000012   Code   RO         4369    i.USBD_LL_Suspend   usbd_core.o
    0x0800457e   0x0800457e   0x00000012   Code   RO          453    i.USBD_LL_Transmit  usbd_conf.o
    0x08004590   0x08004590   0x0000002c   Code   RO         4497    i.USBD_ParseSetupRequest  usbd_ctlreq.o
    0x080045bc   0x080045bc   0x00000024   Code   RO         4370    i.USBD_RegisterClass  usbd_core.o
    0x080045e0   0x080045e0   0x00000014   Code   RO         4372    i.USBD_SetClassConfig  usbd_core.o
    0x080045f4   0x080045f4   0x000000bc   Code   RO         4498    i.USBD_SetConfig    usbd_ctlreq.o
    0x080046b0   0x080046b0   0x00000004   Code   RO         4373    i.USBD_Start        usbd_core.o
    0x080046b4   0x080046b4   0x00000114   Code   RO         4499    i.USBD_StdDevReq    usbd_ctlreq.o
    0x080047c8   0x080047c8   0x00000140   Code   RO         4500    i.USBD_StdEPReq     usbd_ctlreq.o
    0x08004908   0x08004908   0x00000052   Code   RO         4501    i.USBD_StdItfReq    usbd_ctlreq.o
    0x0800495a   0x0800495a   0x00000002   Code   RO          454    i.USBD_static_free  usbd_conf.o
    0x0800495c   0x0800495c   0x00000008   Code   RO          455    i.USBD_static_malloc  usbd_conf.o
    0x08004964   0x08004964   0x00000268   Code   RO         1118    i.USB_ActivateEndpoint  stm32g4xx_ll_usb.o
    0x08004bcc   0x08004bcc   0x0000010e   Code   RO         1122    i.USB_DeactivateEndpoint  stm32g4xx_ll_usb.o
    0x08004cda   0x08004cda   0x0000000e   Code   RO         1123    i.USB_DevConnect    stm32g4xx_ll_usb.o
    0x08004ce8   0x08004ce8   0x00000012   Code   RO         1125    i.USB_DevInit       stm32g4xx_ll_usb.o
    0x08004cfa   0x08004cfa   0x00000010   Code   RO         1126    i.USB_DisableGlobalInt  stm32g4xx_ll_usb.o
    0x08004d0a   0x08004d0a   0x00000078   Code   RO         1127    i.USB_EPClearStall  stm32g4xx_ll_usb.o
    0x08004d82   0x08004d82   0x00000032   Code   RO         1128    i.USB_EPSetStall    stm32g4xx_ll_usb.o
    0x08004db4   0x08004db4   0x00000486   Code   RO         1129    i.USB_EPStartXfer   stm32g4xx_ll_usb.o
    0x0800523a   0x0800523a   0x00000012   Code   RO         1130    i.USB_EnableGlobalInt  stm32g4xx_ll_usb.o
    0x0800524c   0x0800524c   0x0000000c   Code   RO          321    i.USB_LP_IRQHandler  stm32g4xx_it.o
    0x08005258   0x08005258   0x00000006   Code   RO         1131    i.USB_ReadInterrupts  stm32g4xx_ll_usb.o
    0x0800525e   0x0800525e   0x00000028   Code   RO         1132    i.USB_ReadPMA       stm32g4xx_ll_usb.o
    0x08005286   0x08005286   0x0000000c   Code   RO         1134    i.USB_SetDevAddress  stm32g4xx_ll_usb.o
    0x08005292   0x08005292   0x00000002   PAD
    0x08005294   0x08005294   0x00000026   Code   RO         1136    i.USB_WritePMA      stm32g4xx_ll_usb.o
    0x080052ba   0x080052ba   0x00000002   Code   RO          322    i.UsageFault_Handler  stm32g4xx_it.o
    0x080052bc   0x080052bc   0x00000030   Code   RO         4937    i.__ARM_fpclassify  m_wm.l(fpclassify.o)
    0x080052ec   0x080052ec   0x00000020   Code   RO         2608    i.__NVIC_SetPriority  stm32g4xx_hal_cortex.o
    0x0800530c   0x0800530c   0x00000004   PAD
    0x08005310   0x08005310   0x000000c8   Code   RO         4855    i.__hardfp_sin      m_wm.l(sin.o)
    0x080053d8   0x080053d8   0x00000438   Code   RO         4896    i.__ieee754_rem_pio2  m_wm.l(rred.o)
    0x08005810   0x08005810   0x00000170   Code   RO         4879    i.__kernel_cos      m_wm.l(cos_i.o)
    0x08005980   0x08005980   0x000000f8   Code   RO         4939    i.__kernel_poly     m_wm.l(poly.o)
    0x08005a78   0x08005a78   0x00000130   Code   RO         4901    i.__kernel_sin      m_wm.l(sin_i.o)
    0x08005ba8   0x08005ba8   0x00000014   Code   RO         4883    i.__mathlib_dbl_infnan  m_wm.l(dunder.o)
    0x08005bbc   0x08005bbc   0x00000004   PAD
    0x08005bc0   0x08005bc0   0x00000020   Code   RO         4885    i.__mathlib_dbl_invalid  m_wm.l(dunder.o)
    0x08005be0   0x08005be0   0x00000020   Code   RO         4888    i.__mathlib_dbl_underflow  m_wm.l(dunder.o)
    0x08005c00   0x08005c00   0x00000032   Code   RO         4732    i.ano_check         ano.o
    0x08005c32   0x08005c32   0x00000002   PAD
    0x08005c34   0x08005c34   0x00000110   Code   RO         4733    i.ano_demo          ano.o
    0x08005d44   0x08005d44   0x00000050   Code   RO         4734    i.ano_get_free_txbuf_index  ano.o
    0x08005d94   0x08005d94   0x00000064   Code   RO         4735    i.ano_send_buf      ano.o
    0x08005df8   0x08005df8   0x00000026   Code   RO         4736    i.ano_send_f        ano.o
    0x08005e1e   0x08005e1e   0x0000001e   Code   RO         4737    i.ano_send_u16      ano.o
    0x08005e3c   0x08005e3c   0x00000030   Code   RO         4739    i.ano_start         ano.o
    0x08005e6c   0x08005e6c   0x00000074   Code   RO         4740    i.ano_start_transmit  ano.o
    0x08005ee0   0x08005ee0   0x00000004   Code   RO         4741    i.ano_transmit      ano.o
    0x08005ee4   0x08005ee4   0x00000018   Code   RO         4933    i.fabs              m_wm.l(fabs.o)
    0x08005efc   0x08005efc   0x00000044   Code   RO           16    i.main              main.o
    0x08005f40   0x08005f40   0x00000028   Code   RO         4743    i.store_data        ano.o
    0x08005f68   0x08005f68   0x00000018   Code   RO         4870    x$fpl$basic         fz_wm.l(basic.o)
    0x08005f80   0x08005f80   0x00000062   Code   RO         4835    x$fpl$d2f           fz_wm.l(d2f.o)
    0x08005fe2   0x08005fe2   0x00000002   PAD
    0x08005fe4   0x08005fe4   0x00000150   Code   RO         4837    x$fpl$dadd          fz_wm.l(daddsub_clz.o)
    0x08006134   0x08006134   0x000002b0   Code   RO         4844    x$fpl$ddiv          fz_wm.l(ddiv.o)
    0x080063e4   0x080063e4   0x0000005e   Code   RO         4927    x$fpl$dfix          fz_wm.l(dfix.o)
    0x08006442   0x08006442   0x0000002e   Code   RO         4848    x$fpl$dflt          fz_wm.l(dflt_clz.o)
    0x08006470   0x08006470   0x00000026   Code   RO         4847    x$fpl$dfltu         fz_wm.l(dflt_clz.o)
    0x08006496   0x08006496   0x00000002   PAD
    0x08006498   0x08006498   0x00000154   Code   RO         4853    x$fpl$dmul          fz_wm.l(dmul.o)
    0x080065ec   0x080065ec   0x0000009c   Code   RO         4872    x$fpl$dnaninf       fz_wm.l(dnaninf.o)
    0x08006688   0x08006688   0x0000000c   Code   RO         4874    x$fpl$dretinf       fz_wm.l(dretinf.o)
    0x08006694   0x08006694   0x00000016   Code   RO         4838    x$fpl$drsb          fz_wm.l(daddsub_clz.o)
    0x080066aa   0x080066aa   0x00000002   PAD
    0x080066ac   0x080066ac   0x000001d4   Code   RO         4839    x$fpl$dsub          fz_wm.l(daddsub_clz.o)
    0x08006880   0x08006880   0x0000000a   Code   RO         5010    x$fpl$fpinit        fz_wm.l(fpinit.o)
    0x0800688a   0x0800688a   0x0000000a   Code   RO         4876    x$fpl$fretinf       fz_wm.l(fretinf.o)
    0x08006894   0x08006894   0x00000000   Code   RO         4878    x$fpl$usenofp       fz_wm.l(usenofp.o)
    0x08006894   0x08006894   0x00000010   Data   RO         4319    .constdata          system_stm32g4xx.o
    0x080068a4   0x080068a4   0x00000004   PAD
    0x080068a8   0x080068a8   0x00000030   Data   RO         4880    .constdata          m_wm.l(cos_i.o)
    0x080068d8   0x080068d8   0x000000c8   Data   RO         4898    .constdata          m_wm.l(rred.o)
    0x080069a0   0x080069a0   0x00000028   Data   RO         4902    .constdata          m_wm.l(sin_i.o)
    0x080069c8   0x080069c8   0x00000020   Data   RO         5078    Region$$Table       anon$$obj.o


    Execution Region RW_IRAM1 (Exec base: 0x20000000, Load base: 0x080069e8, Size: 0x00001f60, Max: 0x00008000, ABSOLUTE, COMPRESSED[0x000000c8])

    Exec Addr    Load Addr    Size         Type   Attr      Idx    E Section Name        Object

    0x20000000   COMPRESSED   0x00000004   Data   RW           17    .data               main.o
    0x20000004   COMPRESSED   0x00000020   Data   RW          693    .data               usbd_desc.o
    0x20000024   COMPRESSED   0x00000032   Data   RW          694    .data               usbd_desc.o
    0x20000056   COMPRESSED   0x00000002   PAD
    0x20000058   COMPRESSED   0x00000014   Data   RW          777    .data               usbd_cdc_if.o
    0x2000006c   COMPRESSED   0x0000000c   Data   RW         1285    .data               stm32g4xx_hal.o
    0x20000078   COMPRESSED   0x00000004   Data   RW         4321    .data               system_stm32g4xx.o
    0x2000007c   COMPRESSED   0x00000001   Data   RW         4502    .data               usbd_ctlreq.o
    0x2000007d   COMPRESSED   0x00000003   PAD
    0x20000080   COMPRESSED   0x000000d7   Data   RW         4641    .data               usbd_cdc.o
    0x20000157   COMPRESSED   0x00000001   PAD
    0x20000158   COMPRESSED   0x00000038   Data   RW         4642    .data               usbd_cdc.o
    0x20000190   COMPRESSED   0x00000008   Data   RW         4745    .data               ano.o
    0x20000198        -       0x0000006c   Zero   RW          231    .bss                adc.o
    0x20000204        -       0x0000004c   Zero   RW          273    .bss                tim.o
    0x20000250        -       0x00000514   Zero   RW          456    .bss                usbd_conf.o
    0x20000764        -       0x000002d0   Zero   RW          650    .bss                usb_device.o
    0x20000a34        -       0x00000200   Zero   RW          692    .bss                usbd_desc.o
    0x20000c34        -       0x00000800   Zero   RW          776    .bss                usbd_cdc_if.o
    0x20001434        -       0x000004cc   Zero   RW         4744    .bss                ano.o
    0x20001900        -       0x00000060   Zero   RW         4942    .bss                c_w.l(libspace.o)
    0x20001960        -       0x00000200   Zero   RW            2    HEAP                startup_stm32g431xx.o
    0x20001b60        -       0x00000400   Zero   RW            1    STACK               startup_stm32g431xx.o


==============================================================================

Image component sizes


      Code (inc. data)   RO Data    RW Data    ZI Data      Debug   Object Name

       352         18          0          0        108       1873   adc.o
       778         62          0          8       1228       6901   ano.o
        60          6          0          0          0        807   gpio.o
       218         16          0          4          0     675277   main.o
        64         26        472          0       1536        828   startup_stm32g431xx.o
       126         20          0         12          0       3597   stm32g4xx_hal.o
      2388         96          0          0          0      77943   stm32g4xx_hal_adc.o
      1886         76          0          0          0      76422   stm32g4xx_hal_adc_ex.o
       198         14          0          0          0      33751   stm32g4xx_hal_cortex.o
       584         34          0          0          0       1656   stm32g4xx_hal_gpio.o
        48          6          0          0          0        834   stm32g4xx_hal_msp.o
      2996          0          0          0          0      14561   stm32g4xx_hal_pcd.o
        96          0          0          0          0       1904   stm32g4xx_hal_pcd_ex.o
       204         18          0          0          0       1377   stm32g4xx_hal_pwr_ex.o
      1624         68          0          0          0       5030   stm32g4xx_hal_rcc.o
       648         10          0          0          0       1848   stm32g4xx_hal_rcc_ex.o
      1656        212          0          0          0       9930   stm32g4xx_hal_tim.o
       328         32          0          0          0       2336   stm32g4xx_hal_tim_ex.o
        44         12          0          0          0       4950   stm32g4xx_it.o
      2376          0          0          0          0      14180   stm32g4xx_ll_usb.o
        16          4         16          4          0       1087   system_stm32g4xx.o
       216         20          0          0         76       1653   tim.o
        84         18          0          0        720        776   usb_device.o
       802         16          0        271          0      13513   usbd_cdc.o
       116         22          0         20       2048       3804   usbd_cdc_if.o
       686         36          0          0       1300      16766   usbd_conf.o
       652          0          0          0          0       9703   usbd_core.o
      1264         22          0          1          0      14196   usbd_ctlreq.o
       288        104          0         82        512       6022   usbd_desc.o
       132          0          0          0          0       4428   usbd_ioreq.o

    ----------------------------------------------------------------------
     20968        968        524        408       7528    1007953   Object Totals
         0          0         32          0          0          0   (incl. Generated)
        38          0          4          6          0          0   (incl. Padding)

    ----------------------------------------------------------------------

      Code (inc. data)   RO Data    RW Data    ZI Data      Debug   Library Member Name

        90          0          0          0          0          0   __dczerorl2.o
         8          0          0          0          0         68   __main.o
         0          0          0          0          0          0   __rtentry.o
        12          0          0          0          0          0   __rtentry2.o
         6          0          0          0          0          0   __rtentry4.o
        52          8          0          0          0          0   __scatter.o
        28          0          0          0          0          0   __scatter_zi.o
        22          0          0          0          0        100   _rserrno.o
        18          0          0          0          0         80   exit.o
         6          0          0          0          0        152   heapauxi.o
         0          0          0          0          0          0   indicate_semi.o
         2          0          0          0          0          0   libinit.o
         6          0          0          0          0          0   libinit2.o
         2          0          0          0          0          0   libshutdown.o
         2          0          0          0          0          0   libshutdown2.o
         8          4          0          0         96         68   libspace.o
         8          4          0          0          0         68   rt_errno_addr_intlibspace.o
        68          0          0          0          0         68   rt_memclr.o
        78          0          0          0          0         80   rt_memclr_w.o
       100          0          0          0          0         80   rt_memcpy_w.o
         2          0          0          0          0          0   rtexit.o
        10          0          0          0          0          0   rtexit2.o
        12          4          0          0          0         68   sys_exit.o
        74          0          0          0          0         80   sys_stackheap_outer.o
         2          0          0          0          0         68   use_no_semi.o
        24          0          0          0          0        164   basic.o
        98          4          0          0          0        140   d2f.o
       826         16          0          0          0        492   daddsub_clz.o
       688        140          0          0          0        256   ddiv.o
        94          4          0          0          0        140   dfix.o
        84          0          0          0          0        232   dflt_clz.o
       340         12          0          0          0        152   dmul.o
       156          4          0          0          0        140   dnaninf.o
        12          0          0          0          0        116   dretinf.o
        10          0          0          0          0        116   fpinit.o
        10          0          0          0          0        116   fretinf.o
         0          0          0          0          0          0   usenofp.o
       368         46         48          0          0        200   cos_i.o
        84         16          0          0          0        372   dunder.o
        24          0          0          0          0        124   fabs.o
        48          0          0          0          0        124   fpclassify.o
       248          0          0          0          0        152   poly.o
      1080        142        200          0          0        188   rred.o
       200         20          0          0          0        164   sin.o
       304         24         40          0          0        208   sin_i.o

    ----------------------------------------------------------------------
      5332        448        288          0         96       4576   Library Totals
        18          0          0          0          0          0   (incl. Padding)

    ----------------------------------------------------------------------

      Code (inc. data)   RO Data    RW Data    ZI Data      Debug   Library Name

       616         20          0          0         96        980   c_w.l
      2342        180          0          0          0       2064   fz_wm.l
      2356        248        288          0          0       1532   m_wm.l

    ----------------------------------------------------------------------
      5332        448        288          0         96       4576   Library Totals

    ----------------------------------------------------------------------

==============================================================================


      Code (inc. data)   RO Data    RW Data    ZI Data      Debug   

     26300       1416        812        408       7624     991113   Grand Totals
     26300       1416        812        200       7624     991113   ELF Image Totals (compressed)
     26300       1416        812        200          0          0   ROM Totals

==============================================================================

    Total RO  Size (Code + RO Data)                27112 (  26.48kB)
    Total RW  Size (RW Data + ZI Data)              8032 (   7.84kB)
    Total ROM Size (Code + RO Data + RW Data)      27312 (  26.67kB)

==============================================================================

