Component: ARM Compiler 5.06 update 7 (build 960) Tool: armlink [4d3601]

==============================================================================

Section Cross References

    startup_stm32g431xx.o(STACK) refers (Special) to heapauxi.o(.text) for __use_two_region_memory
    startup_stm32g431xx.o(HEAP) refers (Special) to heapauxi.o(.text) for __use_two_region_memory
    startup_stm32g431xx.o(RESET) refers (Special) to heapauxi.o(.text) for __use_two_region_memory
    startup_stm32g431xx.o(RESET) refers to startup_stm32g431xx.o(STACK) for __initial_sp
    startup_stm32g431xx.o(RESET) refers to startup_stm32g431xx.o(.text) for Reset_Handler
    startup_stm32g431xx.o(RESET) refers to stm32g4xx_it.o(i.NMI_Handler) for NMI_Handler
    startup_stm32g431xx.o(RESET) refers to stm32g4xx_it.o(i.HardFault_Handler) for HardFault_Handler
    startup_stm32g431xx.o(RESET) refers to stm32g4xx_it.o(i.MemManage_Handler) for MemManage_Handler
    startup_stm32g431xx.o(RESET) refers to stm32g4xx_it.o(i.BusFault_Handler) for BusFault_Handler
    startup_stm32g431xx.o(RESET) refers to stm32g4xx_it.o(i.UsageFault_Handler) for UsageFault_Handler
    startup_stm32g431xx.o(RESET) refers to stm32g4xx_it.o(i.SVC_Handler) for SVC_Handler
    startup_stm32g431xx.o(RESET) refers to stm32g4xx_it.o(i.DebugMon_Handler) for DebugMon_Handler
    startup_stm32g431xx.o(RESET) refers to stm32g4xx_it.o(i.PendSV_Handler) for PendSV_Handler
    startup_stm32g431xx.o(RESET) refers to stm32g4xx_it.o(i.SysTick_Handler) for SysTick_Handler
    startup_stm32g431xx.o(.text) refers (Special) to heapauxi.o(.text) for __use_two_region_memory
    startup_stm32g431xx.o(.text) refers to system_stm32g4xx.o(i.SystemInit) for SystemInit
    startup_stm32g431xx.o(.text) refers to __main.o(!!!main) for __main
    startup_stm32g431xx.o(.text) refers to startup_stm32g431xx.o(HEAP) for Heap_Mem
    startup_stm32g431xx.o(.text) refers to startup_stm32g431xx.o(STACK) for Stack_Mem
    main.o(i.SystemClock_Config) refers to rt_memclr_w.o(.text) for __aeabi_memclr4
    main.o(i.SystemClock_Config) refers to stm32g4xx_hal_pwr_ex.o(i.HAL_PWREx_ControlVoltageScaling) for HAL_PWREx_ControlVoltageScaling
    main.o(i.SystemClock_Config) refers to stm32g4xx_hal_rcc.o(i.HAL_RCC_OscConfig) for HAL_RCC_OscConfig
    main.o(i.SystemClock_Config) refers to stm32g4xx_hal_rcc.o(i.HAL_RCC_ClockConfig) for HAL_RCC_ClockConfig
    main.o(i.main) refers to stm32g4xx_hal.o(i.HAL_Init) for HAL_Init
    main.o(i.main) refers to main.o(i.SystemClock_Config) for SystemClock_Config
    main.o(i.main) refers to gpio.o(i.MX_GPIO_Init) for MX_GPIO_Init
    main.o(i.main) refers to spi.o(i.MX_SPI3_Init) for MX_SPI3_Init
    main.o(i.main) refers to stm32g4xx_hal_gpio.o(i.HAL_GPIO_WritePin) for HAL_GPIO_WritePin
    main.o(i.main) refers to lcd.o(i.LCD_Init) for LCD_Init
    main.o(i.main) refers to lcd.o(i.LCD_Fill) for LCD_Fill
    main.o(i.main) refers to stm32g4xx_hal.o(i.HAL_GetTick) for HAL_GetTick
    main.o(i.main) refers to stm32g4xx_hal_gpio.o(i.HAL_GPIO_TogglePin) for HAL_GPIO_TogglePin
    main.o(i.main) refers to lcd.o(i.LCD_ShowString) for LCD_ShowString
    gpio.o(i.MX_GPIO_Init) refers to rt_memclr_w.o(.text) for __aeabi_memclr4
    gpio.o(i.MX_GPIO_Init) refers to stm32g4xx_hal_gpio.o(i.HAL_GPIO_WritePin) for HAL_GPIO_WritePin
    gpio.o(i.MX_GPIO_Init) refers to stm32g4xx_hal_gpio.o(i.HAL_GPIO_Init) for HAL_GPIO_Init
    spi.o(i.HAL_SPI_MspDeInit) refers to stm32g4xx_hal_gpio.o(i.HAL_GPIO_DeInit) for HAL_GPIO_DeInit
    spi.o(i.HAL_SPI_MspInit) refers to rt_memclr_w.o(.text) for __aeabi_memclr4
    spi.o(i.HAL_SPI_MspInit) refers to stm32g4xx_hal_gpio.o(i.HAL_GPIO_Init) for HAL_GPIO_Init
    spi.o(i.MX_SPI3_Init) refers to stm32g4xx_hal_spi.o(i.HAL_SPI_Init) for HAL_SPI_Init
    spi.o(i.MX_SPI3_Init) refers to main.o(i.Error_Handler) for Error_Handler
    spi.o(i.MX_SPI3_Init) refers to spi.o(.bss) for .bss
    stm32g4xx_it.o(i.SysTick_Handler) refers to stm32g4xx_hal.o(i.HAL_IncTick) for HAL_IncTick
    stm32g4xx_hal_msp.o(i.HAL_MspInit) refers to stm32g4xx_hal_pwr_ex.o(i.HAL_PWREx_DisableUCPDDeadBattery) for HAL_PWREx_DisableUCPDDeadBattery
    stm32g4xx_hal_spi.o(i.HAL_SPI_Abort) refers to stm32g4xx_hal_dma.o(i.HAL_DMA_Abort) for HAL_DMA_Abort
    stm32g4xx_hal_spi.o(i.HAL_SPI_Abort) refers to stm32g4xx_hal.o(i.HAL_GetTick) for HAL_GetTick
    stm32g4xx_hal_spi.o(i.HAL_SPI_Abort) refers to stm32g4xx_hal_spi.o(i.SPI_EndRxTxTransaction) for SPI_EndRxTxTransaction
    stm32g4xx_hal_spi.o(i.HAL_SPI_Abort) refers to stm32g4xx_hal_spi.o(i.SPI_WaitFifoStateUntilTimeout) for SPI_WaitFifoStateUntilTimeout
    stm32g4xx_hal_spi.o(i.HAL_SPI_Abort) refers to stm32g4xx_hal_spi.o(i.SPI_WaitFlagStateUntilTimeout) for SPI_WaitFlagStateUntilTimeout
    stm32g4xx_hal_spi.o(i.HAL_SPI_Abort) refers to system_stm32g4xx.o(.data) for SystemCoreClock
    stm32g4xx_hal_spi.o(i.HAL_SPI_Abort) refers to stm32g4xx_hal_spi.o(i.SPI_AbortTx_ISR) for SPI_AbortTx_ISR
[...]
    rtexit2.o(.ARM.exidx) refers to rtexit2.o(.ARM.Collect$$rtexit$$00000004) for .ARM.Collect$$rtexit$$00000004
    argv_veneer.o(.emb_text) refers to no_argv.o(.text) for __ARM_get_argv
    sys_exit.o(.text) refers (Special) to use_no_semi.o(.text) for __I$use$semihosting
    sys_exit.o(.text) refers (Special) to indicate_semi.o(.text) for __semihosting_library_function
    _get_argv_nomalloc.o(.text) refers (Special) to hrguard.o(.text) for __heap_region$guard
    _get_argv_nomalloc.o(.text) refers to defsig_rtmem_outer.o(.text) for __rt_SIGRTMEM
    _get_argv_nomalloc.o(.text) refers to sys_command.o(.text) for _sys_command_string
    libshutdown.o(.ARM.Collect$$libshutdown$$00000000) refers (Special) to libshutdown2.o(.ARM.Collect$$libshutdown$$00000004) for __rt_lib_shutdown_cpp_1
    libshutdown.o(.ARM.Collect$$libshutdown$$00000000) refers (Special) to libshutdown2.o(.ARM.Collect$$libshutdown$$00000002) for __rt_lib_shutdown_fini_1
    libshutdown.o(.ARM.Collect$$libshutdown$$00000000) refers (Special) to libshutdown2.o(.ARM.Collect$$libshutdown$$00000009) for __rt_lib_shutdown_fp_trap_1
    libshutdown.o(.ARM.Collect$$libshutdown$$00000000) refers (Special) to libshutdown2.o(.ARM.Collect$$libshutdown$$00000011) for __rt_lib_shutdown_heap_1
    libshutdown.o(.ARM.Collect$$libshutdown$$00000000) refers (Special) to libshutdown2.o(.ARM.Collect$$libshutdown$$00000012) for __rt_lib_shutdown_return
    libshutdown.o(.ARM.Collect$$libshutdown$$00000000) refers (Special) to libshutdown2.o(.ARM.Collect$$libshutdown$$0000000C) for __rt_lib_shutdown_signal_1
    libshutdown.o(.ARM.Collect$$libshutdown$$00000000) refers (Special) to libshutdown2.o(.ARM.Collect$$libshutdown$$00000006) for __rt_lib_shutdown_stdio_1
    libshutdown.o(.ARM.Collect$$libshutdown$$00000000) refers (Special) to libshutdown2.o(.ARM.Collect$$libshutdown$$0000000E) for __rt_lib_shutdown_user_alloc_1
    sys_command.o(.text) refers (Special) to use_no_semi.o(.text) for __I$use$semihosting
    sys_command.o(.text) refers (Special) to indicate_semi.o(.text) for __semihosting_library_function
    defsig_rtmem_outer.o(.text) refers to defsig_rtmem_inner.o(.text) for __rt_SIGRTMEM_inner
    defsig_rtmem_outer.o(.text) refers to defsig_exit.o(.text) for __sig_exit
    defsig_rtmem_formal.o(.text) refers to rt_raise.o(.text) for __rt_raise
    rt_raise.o(.text) refers to __raise.o(.text) for __raise
    rt_raise.o(.text) refers to sys_exit.o(.text) for _sys_exit
    defsig_exit.o(.text) refers to sys_exit.o(.text) for _sys_exit
    defsig_rtmem_inner.o(.text) refers to defsig_general.o(.text) for __default_signal_display
    __raise.o(.text) refers to defsig.o(CL$$defsig) for __default_signal_handler
    defsig_general.o(.text) refers to sys_wrch.o(.text) for _ttywrch
    sys_wrch.o(.text) refers (Special) to use_no_semi.o(.text) for __I$use$semihosting
    sys_wrch.o(.text) refers (Special) to indicate_semi.o(.text) for __semihosting_library_function
    defsig.o(CL$$defsig) refers to defsig_rtmem_inner.o(.text) for __rt_SIGRTMEM_inner
    defsig_abrt_inner.o(.text) refers to defsig_general.o(.text) for __default_signal_display
    defsig_fpe_inner.o(.text) refers to defsig_general.o(.text) for __default_signal_display
    defsig_rtred_inner.o(.text) refers to defsig_general.o(.text) for __default_signal_display
    defsig_stak_inner.o(.text) refers to defsig_general.o(.text) for __default_signal_display
    defsig_pvfn_inner.o(.text) refers to defsig_general.o(.text) for __default_signal_display
    defsig_cppl_inner.o(.text) refers to defsig_general.o(.text) for __default_signal_display
    defsig_segv_inner.o(.text) refers to defsig_general.o(.text) for __default_signal_display
    defsig_other.o(.text) refers to defsig_general.o(.text) for __default_signal_display


==============================================================================

Removing Unused input sections from the image.

    Removing main.o(.rev16_text), (4 bytes).
    Removing main.o(.revsh_text), (4 bytes).
    Removing main.o(.rrx_text), (6 bytes).
    Removing gpio.o(.rev16_text), (4 bytes).
    Removing gpio.o(.revsh_text), (4 bytes).
    Removing gpio.o(.rrx_text), (6 bytes).
    Removing spi.o(.rev16_text), (4 bytes).
    Removing spi.o(.revsh_text), (4 bytes).
    Removing spi.o(.rrx_text), (6 bytes).
    Removing spi.o(i.HAL_SPI_MspDeInit), (44 bytes).
    Removing stm32g4xx_it.o(.rev16_text), (4 bytes).
    Removing stm32g4xx_it.o(.revsh_text), (4 bytes).
    Removing stm32g4xx_it.o(.rrx_text), (6 bytes).
    Removing stm32g4xx_hal_msp.o(.rev16_text), (4 bytes).
    Removing stm32g4xx_hal_msp.o(.revsh_text), (4 bytes).
    Removing stm32g4xx_hal_msp.o(.rrx_text), (6 bytes).
    Removing stm32g4xx_hal_spi.o(.rev16_text), (4 bytes).
    Removing stm32g4xx_hal_spi.o(.revsh_text), (4 bytes).
    Removing stm32g4xx_hal_spi.o(.rrx_text), (6 bytes).
    Removing stm32g4xx_hal_spi.o(i.HAL_SPI_Abort), (368 bytes).
    Removing stm32g4xx_hal_spi.o(i.HAL_SPI_AbortCpltCallback), (2 bytes).
    Removing stm32g4xx_hal_spi.o(i.HAL_SPI_Abort_IT), (292 bytes).
    Removing stm32g4xx_hal_spi.o(i.HAL_SPI_DMAPause), (38 bytes).
    Removing stm32g4xx_hal_spi.o(i.HAL_SPI_DMAResume), (38 bytes).
    Removing stm32g4xx_hal_spi.o(i.HAL_SPI_DMAStop), (66 bytes).
    Removing stm32g4xx_hal_spi.o(i.HAL_SPI_DeInit), (46 bytes).
    Removing stm32g4xx_hal_spi.o(i.HAL_SPI_ErrorCallback), (2 bytes).
    Removing stm32g4xx_hal_spi.o(i.HAL_SPI_GetError), (4 bytes).
    Removing stm32g4xx_hal_spi.o(i.HAL_SPI_GetState), (6 bytes).
    Removing stm32g4xx_hal_spi.o(i.HAL_SPI_IRQHandler), (252 bytes).
    Removing stm32g4xx_hal_spi.o(i.HAL_SPI_MspDeInit), (2 bytes).
    Removing stm32g4xx_hal_spi.o(i.HAL_SPI_MspInit), (2 bytes).
    Removing stm32g4xx_hal_spi.o(i.HAL_SPI_Receive), (392 bytes).
    Removing stm32g4xx_hal_spi.o(i.HAL_SPI_Receive_DMA), (352 bytes).
    Removing stm32g4xx_hal_spi.o(i.HAL_SPI_Receive_IT), (200 bytes).
    Removing stm32g4xx_hal_spi.o(i.HAL_SPI_RxCpltCallback), (2 bytes).
    Removing stm32g4xx_hal_spi.o(i.HAL_SPI_RxHalfCpltCallback), (2 bytes).
    Removing stm32g4xx_hal_spi.o(i.HAL_SPI_TransmitReceive), (610 bytes).
    Removing stm32g4xx_hal_spi.o(i.HAL_SPI_TransmitReceive_DMA), (444 bytes).
    Removing stm32g4xx_hal_spi.o(i.HAL_SPI_TransmitReceive_IT), (196 bytes).
    Removing stm32g4xx_hal_spi.o(i.HAL_SPI_Transmit_DMA), (284 bytes).
    Removing stm32g4xx_hal_spi.o(i.HAL_SPI_Transmit_IT), (156 bytes).
    Removing stm32g4xx_hal_spi.o(i.HAL_SPI_TxCpltCallback), (2 bytes).
    Removing stm32g4xx_hal_spi.o(i.HAL_SPI_TxHalfCpltCallback), (2 bytes).
    Removing stm32g4xx_hal_spi.o(i.HAL_SPI_TxRxCpltCallback), (2 bytes).
    Removing stm32g4xx_hal_spi.o(i.HAL_SPI_TxRxHalfCpltCallback), (2 bytes).
    Removing stm32g4xx_hal_spi.o(i.SPI_2linesRxISR_16BIT), (54 bytes).
    Removing stm32g4xx_hal_spi.o(i.SPI_2linesRxISR_8BIT), (102 bytes).
    Removing stm32g4xx_hal_spi.o(i.SPI_2linesTxISR_16BIT), (50 bytes).
    Removing stm32g4xx_hal_spi.o(i.SPI_2linesTxISR_8BIT), (72 bytes).
    Removing stm32g4xx_hal_spi.o(i.SPI_AbortRx_ISR), (132 bytes).
    Removing stm32g4xx_hal_spi.o(i.SPI_AbortTx_ISR), (216 bytes).
    Removing stm32g4xx_hal_spi.o(i.SPI_CloseRxTx_ISR), (82 bytes).
    Removing stm32g4xx_hal_spi.o(i.SPI_CloseRx_ISR), (64 bytes).
    Removing stm32g4xx_hal_spi.o(i.SPI_CloseTx_ISR), (76 bytes).
    Removing stm32g4xx_hal_spi.o(i.SPI_DMAAbortOnError), (18 bytes).
    Removing stm32g4xx_hal_spi.o(i.SPI_DMAError), (34 bytes).
    Removing stm32g4xx_hal_spi.o(i.SPI_DMAHalfReceiveCplt), (10 bytes).
    Removing stm32g4xx_hal_spi.o(i.SPI_DMAHalfTransmitCplt), (10 bytes).
    Removing stm32g4xx_hal_spi.o(i.SPI_DMAHalfTransmitReceiveCplt), (10 bytes).
    Removing stm32g4xx_hal_spi.o(i.SPI_DMAReceiveCplt), (108 bytes).
    Removing stm32g4xx_hal_spi.o(i.SPI_DMARxAbortCallback), (128 bytes).
    Removing stm32g4xx_hal_spi.o(i.SPI_DMATransmitCplt), (100 bytes).
    Removing stm32g4xx_hal_spi.o(i.SPI_DMATransmitReceiveCplt), (92 bytes).
    Removing stm32g4xx_hal_spi.o(i.SPI_DMATxAbortCallback), (124 bytes).
    Removing stm32g4xx_hal_spi.o(i.SPI_EndRxTransaction), (116 bytes).
    Removing stm32g4xx_hal_spi.o(i.SPI_RxISR_16BIT), (38 bytes).
    Removing stm32g4xx_hal_spi.o(i.SPI_RxISR_8BIT), (38 bytes).
    Removing stm32g4xx_hal_spi.o(i.SPI_TxISR_16BIT), (32 bytes).
    Removing stm32g4xx_hal_spi.o(i.SPI_TxISR_8BIT), (32 bytes).
    Removing stm32g4xx_hal_spi_ex.o(.rev16_text), (4 bytes).
    Removing stm32g4xx_hal_spi_ex.o(.revsh_text), (4 bytes).
    Removing stm32g4xx_hal_spi_ex.o(.rrx_text), (6 bytes).
    Removing stm32g4xx_hal_spi_ex.o(i.HAL_SPIEx_FlushRxFifo), (36 bytes).
    Removing stm32g4xx_hal.o(.rev16_text), (4 bytes).
    Removing stm32g4xx_hal.o(.revsh_text), (4 bytes).
    Removing stm32g4xx_hal.o(.rrx_text), (6 bytes).
    Removing stm32g4xx_hal.o(i.HAL_DBGMCU_DisableDBGSleepMode), (16 bytes).
    Removing stm32g4xx_hal.o(i.HAL_DBGMCU_DisableDBGStandbyMode), (16 bytes).
    Removing stm32g4xx_hal.o(i.HAL_DBGMCU_DisableDBGStopMode), (16 bytes).
    Removing stm32g4xx_hal.o(i.HAL_DBGMCU_EnableDBGSleepMode), (16 bytes).
    Removing stm32g4xx_hal.o(i.HAL_DBGMCU_EnableDBGStandbyMode), (16 bytes).
    Removing stm32g4xx_hal.o(i.HAL_DBGMCU_EnableDBGStopMode), (16 bytes).
    Removing stm32g4xx_hal.o(i.HAL_DeInit), (44 bytes).
    Removing stm32g4xx_hal.o(i.HAL_GetDEVID), (16 bytes).
    Removing stm32g4xx_hal.o(i.HAL_GetHalVersion), (8 bytes).
    Removing stm32g4xx_hal.o(i.HAL_GetREVID), (12 bytes).
    Removing stm32g4xx_hal.o(i.HAL_GetTickFreq), (12 bytes).
    Removing stm32g4xx_hal.o(i.HAL_GetTickPrio), (12 bytes).
    Removing stm32g4xx_hal.o(i.HAL_MspDeInit), (2 bytes).
    Removing stm32g4xx_hal.o(i.HAL_MspInit), (2 bytes).
    Removing stm32g4xx_hal.o(i.HAL_ResumeTick), (14 bytes).
    Removing stm32g4xx_hal.o(i.HAL_SYSCFG_CCMSRAMErase), (24 bytes).
    Removing stm32g4xx_hal.o(i.HAL_SYSCFG_CCMSRAM_WriteProtectionEnable), (16 bytes).
    Removing stm32g4xx_hal.o(i.HAL_SYSCFG_DisableIOSwitchBooster), (16 bytes).
    Removing stm32g4xx_hal.o(i.HAL_SYSCFG_DisableIOSwitchVDD), (16 bytes).
    Removing stm32g4xx_hal.o(i.HAL_SYSCFG_DisableMemorySwappingBank), (16 bytes).
    Removing stm32g4xx_hal.o(i.HAL_SYSCFG_DisableVREFBUF), (16 bytes).
    Removing stm32g4xx_hal.o(i.HAL_SYSCFG_EnableIOSwitchBooster), (16 bytes).
    Removing stm32g4xx_hal.o(i.HAL_SYSCFG_EnableIOSwitchVDD), (16 bytes).
    Removing stm32g4xx_hal.o(i.HAL_SYSCFG_EnableMemorySwappingBank), (16 bytes).
    Removing stm32g4xx_hal.o(i.HAL_SYSCFG_EnableVREFBUF), (48 bytes).
    Removing stm32g4xx_hal.o(i.HAL_SYSCFG_VREFBUF_HighImpedanceConfig), (20 bytes).
    Removing stm32g4xx_hal.o(i.HAL_SYSCFG_VREFBUF_TrimmingConfig), (20 bytes).
    Removing stm32g4xx_hal.o(i.HAL_SYSCFG_VREFBUF_VoltageScalingConfig), (20 bytes).
    Removing stm32g4xx_hal.o(i.HAL_SetTickFreq), (36 bytes).
    Removing stm32g4xx_hal.o(i.HAL_SuspendTick), (14 bytes).
    Removing stm32g4xx_hal_rcc.o(.rev16_text), (4 bytes).
    Removing stm32g4xx_hal_rcc.o(.revsh_text), (4 bytes).
    Removing stm32g4xx_hal_rcc.o(.rrx_text), (6 bytes).
    Removing stm32g4xx_hal_rcc.o(i.HAL_RCC_CSSCallback), (2 bytes).
    Removing stm32g4xx_hal_rcc.o(i.HAL_RCC_DeInit), (184 bytes).
    Removing stm32g4xx_hal_rcc.o(i.HAL_RCC_DisableLSECSS), (20 bytes).
    Removing stm32g4xx_hal_rcc.o(i.HAL_RCC_EnableCSS), (16 bytes).
    Removing stm32g4xx_hal_rcc.o(i.HAL_RCC_EnableLSECSS), (20 bytes).
    Removing stm32g4xx_hal_rcc.o(i.HAL_RCC_GetClockConfig), (64 bytes).
    Removing stm32g4xx_hal_rcc.o(i.HAL_RCC_GetHCLKFreq), (12 bytes).
    Removing stm32g4xx_hal_rcc.o(i.HAL_RCC_GetOscConfig), (200 bytes).
    Removing stm32g4xx_hal_rcc.o(i.HAL_RCC_GetPCLK1Freq), (36 bytes).
    Removing stm32g4xx_hal_rcc.o(i.HAL_RCC_GetPCLK2Freq), (36 bytes).
    Removing stm32g4xx_hal_rcc.o(i.HAL_RCC_MCOConfig), (96 bytes).
    Removing stm32g4xx_hal_rcc.o(i.HAL_RCC_NMI_IRQHandler), (24 bytes).
    Removing stm32g4xx_hal_rcc_ex.o(.rev16_text), (4 bytes).
    Removing stm32g4xx_hal_rcc_ex.o(.revsh_text), (4 bytes).
    Removing stm32g4xx_hal_rcc_ex.o(.rrx_text), (6 bytes).
    Removing stm32g4xx_hal_rcc_ex.o(i.HAL_RCCEx_CRSConfig), (76 bytes).
    Removing stm32g4xx_hal_rcc_ex.o(i.HAL_RCCEx_CRSGetSynchronizationInfo), (36 bytes).
    Removing stm32g4xx_hal_rcc_ex.o(i.HAL_RCCEx_CRSSoftwareSynchronizationGenerate), (16 bytes).
    Removing stm32g4xx_hal_rcc_ex.o(i.HAL_RCCEx_CRSWaitSynchronization), (132 bytes).
    Removing stm32g4xx_hal_rcc_ex.o(i.HAL_RCCEx_CRS_ErrorCallback), (2 bytes).
    Removing stm32g4xx_hal_rcc_ex.o(i.HAL_RCCEx_CRS_ExpectedSyncCallback), (2 bytes).
    Removing stm32g4xx_hal_rcc_ex.o(i.HAL_RCCEx_CRS_IRQHandler), (108 bytes).
    Removing stm32g4xx_hal_rcc_ex.o(i.HAL_RCCEx_CRS_SyncOkCallback), (2 bytes).
    Removing stm32g4xx_hal_rcc_ex.o(i.HAL_RCCEx_CRS_SyncWarnCallback), (2 bytes).
    Removing stm32g4xx_hal_rcc_ex.o(i.HAL_RCCEx_DisableLSCO), (88 bytes).
    Removing stm32g4xx_hal_rcc_ex.o(i.HAL_RCCEx_DisableLSECSS), (28 bytes).
    Removing stm32g4xx_hal_rcc_ex.o(i.HAL_RCCEx_EnableLSCO), (140 bytes).
    Removing stm32g4xx_hal_rcc_ex.o(i.HAL_RCCEx_EnableLSECSS), (20 bytes).
    Removing stm32g4xx_hal_rcc_ex.o(i.HAL_RCCEx_EnableLSECSS_IT), (56 bytes).
    Removing stm32g4xx_hal_rcc_ex.o(i.HAL_RCCEx_GetPeriphCLKConfig), (148 bytes).
    Removing stm32g4xx_hal_rcc_ex.o(i.HAL_RCCEx_GetPeriphCLKFreq), (860 bytes).
    Removing stm32g4xx_hal_rcc_ex.o(i.HAL_RCCEx_LSECSS_Callback), (2 bytes).
    Removing stm32g4xx_hal_rcc_ex.o(i.HAL_RCCEx_LSECSS_IRQHandler), (24 bytes).
    Removing stm32g4xx_hal_rcc_ex.o(i.HAL_RCCEx_PeriphCLKConfig), (648 bytes).
    Removing stm32g4xx_hal_flash.o(.rev16_text), (4 bytes).
    Removing stm32g4xx_hal_flash.o(.revsh_text), (4 bytes).
    Removing stm32g4xx_hal_flash.o(.rrx_text), (6 bytes).
    Removing stm32g4xx_hal_flash.o(i.FLASH_Program_DoubleWord), (28 bytes).
    Removing stm32g4xx_hal_flash.o(i.FLASH_Program_Fast), (44 bytes).
    Removing stm32g4xx_hal_flash.o(i.FLASH_WaitForLastOperation), (96 bytes).
    Removing stm32g4xx_hal_flash.o(i.HAL_FLASH_EndOfOperationCallback), (2 bytes).
    Removing stm32g4xx_hal_flash.o(i.HAL_FLASH_GetError), (12 bytes).
    Removing stm32g4xx_hal_flash.o(i.HAL_FLASH_IRQHandler), (228 bytes).
    Removing stm32g4xx_hal_flash.o(i.HAL_FLASH_Lock), (28 bytes).
    Removing stm32g4xx_hal_flash.o(i.HAL_FLASH_OB_Launch), (24 bytes).
    Removing stm32g4xx_hal_flash.o(i.HAL_FLASH_OB_Lock), (28 bytes).
    Removing stm32g4xx_hal_flash.o(i.HAL_FLASH_OB_Unlock), (40 bytes).
    Removing stm32g4xx_hal_flash.o(i.HAL_FLASH_OperationErrorCallback), (2 bytes).
    Removing stm32g4xx_hal_flash.o(i.HAL_FLASH_Program), (124 bytes).
    Removing stm32g4xx_hal_flash.o(i.HAL_FLASH_Program_IT), (128 bytes).
    Removing stm32g4xx_hal_flash.o(i.HAL_FLASH_Unlock), (40 bytes).
    Removing stm32g4xx_hal_flash.o(.data), (32 bytes).
    Removing stm32g4xx_hal_flash_ex.o(.rev16_text), (4 bytes).
    Removing stm32g4xx_hal_flash_ex.o(.revsh_text), (4 bytes).
    Removing stm32g4xx_hal_flash_ex.o(.rrx_text), (6 bytes).
    Removing stm32g4xx_hal_flash_ex.o(i.FLASH_FlushCaches), (92 bytes).
    Removing stm32g4xx_hal_flash_ex.o(i.FLASH_MassErase), (28 bytes).
    Removing stm32g4xx_hal_flash_ex.o(i.FLASH_OB_UserConfig), (272 bytes).
    Removing stm32g4xx_hal_flash_ex.o(i.FLASH_PageErase), (40 bytes).
    Removing stm32g4xx_hal_flash_ex.o(i.HAL_FLASHEx_DisableDebugger), (16 bytes).
    Removing stm32g4xx_hal_flash_ex.o(i.HAL_FLASHEx_EnableDebugger), (16 bytes).
    Removing stm32g4xx_hal_flash_ex.o(i.HAL_FLASHEx_EnableSecMemProtection), (20 bytes).
    Removing stm32g4xx_hal_flash_ex.o(i.HAL_FLASHEx_Erase), (212 bytes).
    Removing stm32g4xx_hal_flash_ex.o(i.HAL_FLASHEx_Erase_IT), (140 bytes).
    Removing stm32g4xx_hal_flash_ex.o(i.HAL_FLASHEx_OBGetConfig), (176 bytes).
    Removing stm32g4xx_hal_flash_ex.o(i.HAL_FLASHEx_OBProgram), (388 bytes).
    Removing stm32g4xx_hal_flash_ramfunc.o(.rev16_text), (4 bytes).
    Removing stm32g4xx_hal_flash_ramfunc.o(.revsh_text), (4 bytes).
    Removing stm32g4xx_hal_flash_ramfunc.o(.rrx_text), (6 bytes).
    Removing stm32g4xx_hal_flash_ramfunc.o(i.HAL_FLASHEx_DisableRunPowerDown), (36 bytes).
    Removing stm32g4xx_hal_flash_ramfunc.o(i.HAL_FLASHEx_EnableRunPowerDown), (36 bytes).
    Removing stm32g4xx_hal_gpio.o(.rev16_text), (4 bytes).
    Removing stm32g4xx_hal_gpio.o(.revsh_text), (4 bytes).
    Removing stm32g4xx_hal_gpio.o(.rrx_text), (6 bytes).
    Removing stm32g4xx_hal_gpio.o(i.HAL_GPIO_DeInit), (336 bytes).
    Removing stm32g4xx_hal_gpio.o(i.HAL_GPIO_EXTI_Callback), (2 bytes).
    Removing stm32g4xx_hal_gpio.o(i.HAL_GPIO_EXTI_IRQHandler), (24 bytes).
    Removing stm32g4xx_hal_gpio.o(i.HAL_GPIO_LockPin), (34 bytes).
    Removing stm32g4xx_hal_gpio.o(i.HAL_GPIO_ReadPin), (10 bytes).
    Removing stm32g4xx_hal_exti.o(.rev16_text), (4 bytes).
    Removing stm32g4xx_hal_exti.o(.revsh_text), (4 bytes).
    Removing stm32g4xx_hal_exti.o(.rrx_text), (6 bytes).
    Removing stm32g4xx_hal_exti.o(i.HAL_EXTI_ClearConfigLine), (128 bytes).
    Removing stm32g4xx_hal_exti.o(i.HAL_EXTI_ClearPending), (28 bytes).
    Removing stm32g4xx_hal_exti.o(i.HAL_EXTI_GenerateSWI), (28 bytes).
    Removing stm32g4xx_hal_exti.o(i.HAL_EXTI_GetConfigLine), (156 bytes).
    Removing stm32g4xx_hal_exti.o(i.HAL_EXTI_GetHandle), (12 bytes).
    Removing stm32g4xx_hal_exti.o(i.HAL_EXTI_GetPending), (32 bytes).
    Removing stm32g4xx_hal_exti.o(i.HAL_EXTI_IRQHandler), (44 bytes).
    Removing stm32g4xx_hal_exti.o(i.HAL_EXTI_RegisterCallback), (16 bytes).
    Removing stm32g4xx_hal_exti.o(i.HAL_EXTI_SetConfigLine), (176 bytes).
    Removing stm32g4xx_hal_dma.o(.rev16_text), (4 bytes).
    Removing stm32g4xx_hal_dma.o(.revsh_text), (4 bytes).
    Removing stm32g4xx_hal_dma.o(.rrx_text), (6 bytes).
    Removing stm32g4xx_hal_dma.o(i.DMA_CalcDMAMUXChannelBaseAndMask), (64 bytes).
    Removing stm32g4xx_hal_dma.o(i.DMA_CalcDMAMUXRequestGenBaseAndMask), (36 bytes).
    Removing stm32g4xx_hal_dma.o(i.DMA_SetConfig), (62 bytes).
    Removing stm32g4xx_hal_dma.o(i.HAL_DMA_Abort), (106 bytes).
    Removing stm32g4xx_hal_dma.o(i.HAL_DMA_Abort_IT), (120 bytes).
    Removing stm32g4xx_hal_dma.o(i.HAL_DMA_DeInit), (168 bytes).
    Removing stm32g4xx_hal_dma.o(i.HAL_DMA_GetError), (4 bytes).
    Removing stm32g4xx_hal_dma.o(i.HAL_DMA_GetState), (6 bytes).
    Removing stm32g4xx_hal_dma.o(i.HAL_DMA_IRQHandler), (186 bytes).
    Removing stm32g4xx_hal_dma.o(i.HAL_DMA_Init), (192 bytes).
    Removing stm32g4xx_hal_dma.o(i.HAL_DMA_PollForTransfer), (274 bytes).
    Removing stm32g4xx_hal_dma.o(i.HAL_DMA_RegisterCallback), (74 bytes).
    Removing stm32g4xx_hal_dma.o(i.HAL_DMA_Start), (80 bytes).
    Removing stm32g4xx_hal_dma.o(i.HAL_DMA_Start_IT), (140 bytes).
    Removing stm32g4xx_hal_dma.o(i.HAL_DMA_UnRegisterCallback), (82 bytes).
    Removing stm32g4xx_hal_dma_ex.o(.rev16_text), (4 bytes).
    Removing stm32g4xx_hal_dma_ex.o(.revsh_text), (4 bytes).
    Removing stm32g4xx_hal_dma_ex.o(.rrx_text), (6 bytes).
    Removing stm32g4xx_hal_dma_ex.o(i.HAL_DMAEx_ConfigMuxRequestGenerator), (76 bytes).
    Removing stm32g4xx_hal_dma_ex.o(i.HAL_DMAEx_ConfigMuxSync), (84 bytes).
    Removing stm32g4xx_hal_dma_ex.o(i.HAL_DMAEx_DisableMuxRequestGenerator), (26 bytes).
    Removing stm32g4xx_hal_dma_ex.o(i.HAL_DMAEx_EnableMuxRequestGenerator), (26 bytes).
    Removing stm32g4xx_hal_dma_ex.o(i.HAL_DMAEx_MUX_IRQHandler), (100 bytes).
    Removing stm32g4xx_hal_pwr.o(.rev16_text), (4 bytes).
    Removing stm32g4xx_hal_pwr.o(.revsh_text), (4 bytes).
    Removing stm32g4xx_hal_pwr.o(.rrx_text), (6 bytes).
    Removing stm32g4xx_hal_pwr.o(i.HAL_PWR_ConfigPVD), (128 bytes).
    Removing stm32g4xx_hal_pwr.o(i.HAL_PWR_DeInit), (24 bytes).
    Removing stm32g4xx_hal_pwr.o(i.HAL_PWR_DisableBkUpAccess), (16 bytes).
    Removing stm32g4xx_hal_pwr.o(i.HAL_PWR_DisablePVD), (16 bytes).
    Removing stm32g4xx_hal_pwr.o(i.HAL_PWR_DisableSEVOnPend), (16 bytes).
    Removing stm32g4xx_hal_pwr.o(i.HAL_PWR_DisableSleepOnExit), (16 bytes).
    Removing stm32g4xx_hal_pwr.o(i.HAL_PWR_DisableWakeUpPin), (20 bytes).
    Removing stm32g4xx_hal_pwr.o(i.HAL_PWR_EnableBkUpAccess), (16 bytes).
    Removing stm32g4xx_hal_pwr.o(i.HAL_PWR_EnablePVD), (16 bytes).
    Removing stm32g4xx_hal_pwr.o(i.HAL_PWR_EnableSEVOnPend), (16 bytes).
    Removing stm32g4xx_hal_pwr.o(i.HAL_PWR_EnableSleepOnExit), (16 bytes).
    Removing stm32g4xx_hal_pwr.o(i.HAL_PWR_EnableWakeUpPin), (28 bytes).
    Removing stm32g4xx_hal_pwr.o(i.HAL_PWR_EnterSLEEPMode), (68 bytes).
    Removing stm32g4xx_hal_pwr.o(i.HAL_PWR_EnterSTANDBYMode), (36 bytes).
    Removing stm32g4xx_hal_pwr.o(i.HAL_PWR_EnterSTOPMode), (16 bytes).
    Removing stm32g4xx_hal_pwr.o(i.HAL_PWR_PVDCallback), (2 bytes).
    Removing stm32g4xx_hal_pwr_ex.o(.rev16_text), (4 bytes).
    Removing stm32g4xx_hal_pwr_ex.o(.revsh_text), (4 bytes).
    Removing stm32g4xx_hal_pwr_ex.o(.rrx_text), (6 bytes).
    Removing stm32g4xx_hal_pwr_ex.o(i.HAL_PWREx_ConfigPVM), (400 bytes).
    Removing stm32g4xx_hal_pwr_ex.o(i.HAL_PWREx_DisableBatteryCharging), (16 bytes).
    Removing stm32g4xx_hal_pwr_ex.o(i.HAL_PWREx_DisableGPIOPullDown), (100 bytes).
    Removing stm32g4xx_hal_pwr_ex.o(i.HAL_PWREx_DisableGPIOPullUp), (104 bytes).
    Removing stm32g4xx_hal_pwr_ex.o(i.HAL_PWREx_DisableInternalWakeUpLine), (16 bytes).
    Removing stm32g4xx_hal_pwr_ex.o(i.HAL_PWREx_DisableLowPowerRunMode), (64 bytes).
    Removing stm32g4xx_hal_pwr_ex.o(i.HAL_PWREx_DisablePVM1), (16 bytes).
    Removing stm32g4xx_hal_pwr_ex.o(i.HAL_PWREx_DisablePVM2), (16 bytes).
    Removing stm32g4xx_hal_pwr_ex.o(i.HAL_PWREx_DisablePVM3), (16 bytes).
    Removing stm32g4xx_hal_pwr_ex.o(i.HAL_PWREx_DisablePVM4), (16 bytes).
    Removing stm32g4xx_hal_pwr_ex.o(i.HAL_PWREx_DisablePullUpPullDownConfig), (16 bytes).
    Removing stm32g4xx_hal_pwr_ex.o(i.HAL_PWREx_DisableSRAM2ContentRetention), (16 bytes).
    Removing stm32g4xx_hal_pwr_ex.o(i.HAL_PWREx_DisableUCPDStandbyMode), (16 bytes).
    Removing stm32g4xx_hal_pwr_ex.o(i.HAL_PWREx_EnableBatteryCharging), (28 bytes).
    Removing stm32g4xx_hal_pwr_ex.o(i.HAL_PWREx_EnableGPIOPullDown), (152 bytes).
    Removing stm32g4xx_hal_pwr_ex.o(i.HAL_PWREx_EnableGPIOPullUp), (152 bytes).
    Removing stm32g4xx_hal_pwr_ex.o(i.HAL_PWREx_EnableInternalWakeUpLine), (16 bytes).
    Removing stm32g4xx_hal_pwr_ex.o(i.HAL_PWREx_EnableLowPowerRunMode), (16 bytes).
    Removing stm32g4xx_hal_pwr_ex.o(i.HAL_PWREx_EnablePVM1), (16 bytes).
    Removing stm32g4xx_hal_pwr_ex.o(i.HAL_PWREx_EnablePVM2), (16 bytes).
    Removing stm32g4xx_hal_pwr_ex.o(i.HAL_PWREx_EnablePVM3), (16 bytes).
    Removing stm32g4xx_hal_pwr_ex.o(i.HAL_PWREx_EnablePVM4), (16 bytes).
    Removing stm32g4xx_hal_pwr_ex.o(i.HAL_PWREx_EnablePullUpPullDownConfig), (16 bytes).
    Removing stm32g4xx_hal_pwr_ex.o(i.HAL_PWREx_EnableSRAM2ContentRetention), (16 bytes).
    Removing stm32g4xx_hal_pwr_ex.o(i.HAL_PWREx_EnableUCPDDeadBattery), (16 bytes).
    Removing stm32g4xx_hal_pwr_ex.o(i.HAL_PWREx_EnableUCPDStandbyMode), (16 bytes).
    Removing stm32g4xx_hal_pwr_ex.o(i.HAL_PWREx_EnterSHUTDOWNMode), (36 bytes).
    Removing stm32g4xx_hal_pwr_ex.o(i.HAL_PWREx_EnterSTOP0Mode), (52 bytes).
    Removing stm32g4xx_hal_pwr_ex.o(i.HAL_PWREx_EnterSTOP1Mode), (56 bytes).
    Removing stm32g4xx_hal_pwr_ex.o(i.HAL_PWREx_GetVoltageRange), (40 bytes).
    Removing stm32g4xx_hal_pwr_ex.o(i.HAL_PWREx_PVD_PVM_IRQHandler), (88 bytes).
    Removing stm32g4xx_hal_pwr_ex.o(i.HAL_PWREx_PVM1Callback), (2 bytes).
    Removing stm32g4xx_hal_pwr_ex.o(i.HAL_PWREx_PVM2Callback), (2 bytes).
    Removing stm32g4xx_hal_pwr_ex.o(i.HAL_PWREx_PVM3Callback), (2 bytes).
    Removing stm32g4xx_hal_pwr_ex.o(i.HAL_PWREx_PVM4Callback), (2 bytes).
    Removing stm32g4xx_hal_cortex.o(.rev16_text), (4 bytes).
    Removing stm32g4xx_hal_cortex.o(.revsh_text), (4 bytes).
    Removing stm32g4xx_hal_cortex.o(.rrx_text), (6 bytes).
    Removing stm32g4xx_hal_cortex.o(i.HAL_MPU_ConfigRegion), (84 bytes).
    Removing stm32g4xx_hal_cortex.o(i.HAL_MPU_Disable), (16 bytes).
    Removing stm32g4xx_hal_cortex.o(i.HAL_MPU_Enable), (24 bytes).
    Removing stm32g4xx_hal_cortex.o(i.HAL_NVIC_ClearPendingIRQ), (26 bytes).
    Removing stm32g4xx_hal_cortex.o(i.HAL_NVIC_DisableIRQ), (34 bytes).
    Removing stm32g4xx_hal_cortex.o(i.HAL_NVIC_EnableIRQ), (26 bytes).
    Removing stm32g4xx_hal_cortex.o(i.HAL_NVIC_GetActive), (36 bytes).
    Removing stm32g4xx_hal_cortex.o(i.HAL_NVIC_GetPendingIRQ), (36 bytes).
    Removing stm32g4xx_hal_cortex.o(i.HAL_NVIC_GetPriority), (82 bytes).
    Removing stm32g4xx_hal_cortex.o(i.HAL_NVIC_GetPriorityGrouping), (16 bytes).
    Removing stm32g4xx_hal_cortex.o(i.HAL_NVIC_SetPendingIRQ), (26 bytes).
    Removing stm32g4xx_hal_cortex.o(i.HAL_NVIC_SystemReset), (36 bytes).
    Removing stm32g4xx_hal_cortex.o(i.HAL_SYSTICK_CLKSourceConfig), (24 bytes).
    Removing stm32g4xx_hal_cortex.o(i.HAL_SYSTICK_Callback), (2 bytes).
    Removing stm32g4xx_hal_cortex.o(i.HAL_SYSTICK_IRQHandler), (8 bytes).
    Removing stm32g4xx_hal_tim.o(.rev16_text), (4 bytes).
    Removing stm32g4xx_hal_tim.o(.revsh_text), (4 bytes).
    Removing stm32g4xx_hal_tim.o(.rrx_text), (6 bytes).
    Removing stm32g4xx_hal_tim_ex.o(.rev16_text), (4 bytes).
    Removing stm32g4xx_hal_tim_ex.o(.revsh_text), (4 bytes).
    Removing stm32g4xx_hal_tim_ex.o(.rrx_text), (6 bytes).
    Removing system_stm32g4xx.o(.rev16_text), (4 bytes).
    Removing system_stm32g4xx.o(.revsh_text), (4 bytes).
    Removing system_stm32g4xx.o(.rrx_text), (6 bytes).
    Removing system_stm32g4xx.o(i.SystemCoreClockUpdate), (128 bytes).
    Removing system_stm32g4xx.o(.constdata), (8 bytes).
    Removing lcd.o(.rev16_text), (4 bytes).
    Removing lcd.o(.revsh_text), (4 bytes).
    Removing lcd.o(.rrx_text), (6 bytes).
    Removing lcd.o(i.Draw_Circle), (188 bytes).
    Removing lcd.o(i.LCD_DrawLine), (156 bytes).
    Removing lcd.o(i.LCD_DrawRectangle), (68 bytes).
    Removing lcd.o(i.LCD_ShowChinese), (140 bytes).
    Removing lcd.o(i.LCD_ShowChinese12x12), (248 bytes).
    Removing lcd.o(i.LCD_ShowChinese16x16), (244 bytes).
    Removing lcd.o(i.LCD_ShowChinese24x24), (248 bytes).
    Removing lcd.o(i.LCD_ShowChinese32x32), (244 bytes).
    Removing lcd.o(i.LCD_ShowFloatNum1), (152 bytes).
    Removing lcd.o(i.LCD_ShowIntNum), (126 bytes).
    Removing lcd.o(i.LCD_ShowPicture), (80 bytes).
    Removing lcd.o(i.LCD_WR_DATA8), (4 bytes).
    Removing lcd.o(i.mypow), (16 bytes).

329 unused section(s) (total 19366 bytes) removed from the image.

==============================================================================

Image Symbol Table

    Local Symbols

    Symbol Name                              Value     Ov Type        Size  Object(Section)

    ../Core/Src/gpio.c                       0x00000000   Number         0  gpio.o ABSOLUTE
    ../Core/Src/main.c                       0x00000000   Number         0  main.o ABSOLUTE
    ../Core/Src/spi.c                        0x00000000   Number         0  spi.o ABSOLUTE
    ../Core/Src/stm32g4xx_hal_msp.c          0x00000000   Number         0  stm32g4xx_hal_msp.o ABSOLUTE
    ../Core/Src/stm32g4xx_it.c               0x00000000   Number         0  stm32g4xx_it.o ABSOLUTE
    ../Core/Src/system_stm32g4xx.c           0x00000000   Number         0  system_stm32g4xx.o ABSOLUTE
    ../Drivers/STM32G4xx_HAL_Driver/Src/stm32g4xx_hal.c 0x00000000   Number         0  stm32g4xx_hal.o ABSOLUTE
    ../Drivers/STM32G4xx_HAL_Driver/Src/stm32g4xx_hal_cortex.c 0x00000000   Number         0  stm32g4xx_hal_cortex.o ABSOLUTE
    ../Drivers/STM32G4xx_HAL_Driver/Src/stm32g4xx_hal_dma.c 0x00000000   Number         0  stm32g4xx_hal_dma.o ABSOLUTE
    ../Drivers/STM32G4xx_HAL_Driver/Src/stm32g4xx_hal_dma_ex.c 0x00000000   Number         0  stm32g4xx_hal_dma_ex.o ABSOLUTE
    ../Drivers/STM32G4xx_HAL_Driver/Src/stm32g4xx_hal_exti.c 0x00000000   Number         0  stm32g4xx_hal_exti.o ABSOLUTE
    ../Drivers/STM32G4xx_HAL_Driver/Src/stm32g4xx_hal_flash.c 0x00000000   Number         0  stm32g4xx_hal_flash.o ABSOLUTE
    ../Drivers/STM32G4xx_HAL_Driver/Src/stm32g4xx_hal_flash_ex.c 0x00000000   Number         0  stm32g4xx_hal_flash_ex.o ABSOLUTE
    ../Drivers/STM32G4xx_HAL_Driver/Src/stm32g4xx_hal_flash_ramfunc.c 0x00000000   Number         0  stm32g4xx_hal_flash_ramfunc.o ABSOLUTE
    ../Drivers/STM32G4xx_HAL_Driver/Src/stm32g4xx_hal_gpio.c 0x00000000   Number         0  stm32g4xx_hal_gpio.o ABSOLUTE
    ../Drivers/STM32G4xx_HAL_Driver/Src/stm32g4xx_hal_pwr.c 0x00000000   Number         0  stm32g4xx_hal_pwr.o ABSOLUTE
    ../Drivers/STM32G4xx_HAL_Driver/Src/stm32g4xx_hal_pwr_ex.c 0x00000000   Number         0  stm32g4xx_hal_pwr_ex.o ABSOLUTE
    ../Drivers/STM32G4xx_HAL_Driver/Src/stm32g4xx_hal_rcc.c 0x00000000   Number         0  stm32g4xx_hal_rcc.o ABSOLUTE
    ../Drivers/STM32G4xx_HAL_Driver/Src/stm32g4xx_hal_rcc_ex.c 0x00000000   Number         0  stm32g4xx_hal_rcc_ex.o ABSOLUTE
    ../Drivers/STM32G4xx_HAL_Driver/Src/stm32g4xx_hal_spi.c 0x00000000   Number         0  stm32g4xx_hal_spi.o ABSOLUTE
    ../Drivers/STM32G4xx_HAL_Driver/Src/stm32g4xx_hal_spi_ex.c 0x00000000   Number         0  stm32g4xx_hal_spi_ex.o ABSOLUTE
    ../Drivers/STM32G4xx_HAL_Driver/Src/stm32g4xx_hal_tim.c 0x00000000   Number         0  stm32g4xx_hal_tim.o ABSOLUTE
    ../Drivers/STM32G4xx_HAL_Driver/Src/stm32g4xx_hal_tim_ex.c 0x00000000   Number         0  stm32g4xx_hal_tim_ex.o ABSOLUTE
    ../clib/angel/boardlib.s                 0x00000000   Number         0  boardinit3.o ABSOLUTE
    ../clib/angel/boardlib.s                 0x00000000   Number         0  boardinit1.o ABSOLUTE
    ../clib/angel/boardlib.s                 0x00000000   Number         0  boardinit2.o ABSOLUTE
    ../clib/angel/boardlib.s                 0x00000000   Number         0  boardshut.o ABSOLUTE
    ../clib/angel/handlers.s                 0x00000000   Number         0  __scatter_copy.o ABSOLUTE
    ../clib/angel/handlers.s                 0x00000000   Number         0  __scatter_zi.o ABSOLUTE
    ../clib/angel/kernel.s                   0x00000000   Number         0  rtexit2.o ABSOLUTE
    ../clib/angel/kernel.s                   0x00000000   Number         0  __rtentry.o ABSOLUTE
    ../clib/angel/kernel.s                   0x00000000   Number         0  __rtentry2.o ABSOLUTE
    ../clib/angel/kernel.s                   0x00000000   Number         0  __rtentry4.o ABSOLUTE
    ../clib/angel/kernel.s                   0x00000000   Number         0  rtexit.o ABSOLUTE
    ../clib/angel/rt.s                       0x00000000   Number         0  rt_raise.o ABSOLUTE
    ../clib/angel/scatter.s                  0x00000000   Number         0  __scatter.o ABSOLUTE
    ../clib/angel/startup.s                  0x00000000   Number         0  __main.o ABSOLUTE
    ../clib/angel/sys.s                      0x00000000   Number         0  sys_stackheap_outer.o ABSOLUTE
    ../clib/angel/sys.s                      0x00000000   Number         0  libspace.o ABSOLUTE
    ../clib/angel/sys.s                      0x00000000   Number         0  indicate_semi.o ABSOLUTE
    ../clib/angel/sys.s                      0x00000000   Number         0  use_no_semi.o ABSOLUTE
    ../clib/angel/sysapp.c                   0x00000000   Number         0  sys_command.o ABSOLUTE
    ../clib/angel/sysapp.c                   0x00000000   Number         0  sys_wrch.o ABSOLUTE
    ../clib/angel/sysapp.c                   0x00000000   Number         0  sys_exit.o ABSOLUTE
    ../clib/armsys.c                         0x00000000   Number         0  no_argv.o ABSOLUTE
    ../clib/armsys.c                         0x00000000   Number         0  _get_argv_nomalloc.o ABSOLUTE
    ../clib/armsys.c                         0x00000000   Number         0  argv_veneer.o ABSOLUTE
    ../clib/armsys.c                         0x00000000   Number         0  argv_veneer.o ABSOLUTE
    ../clib/heapalloc.c                      0x00000000   Number         0  hrguard.o ABSOLUTE
    ../clib/heapaux.c                        0x00000000   Number         0  heapauxi.o ABSOLUTE
    ../clib/libinit.s                        0x00000000   Number         0  libshutdown2.o ABSOLUTE
    ../clib/libinit.s                        0x00000000   Number         0  libinit2.o ABSOLUTE
    ../clib/libinit.s                        0x00000000   Number         0  libshutdown.o ABSOLUTE
    ../clib/libinit.s                        0x00000000   Number         0  libinit.o ABSOLUTE
    ../clib/memcpset.s                       0x00000000   Number         0  rt_memclr_w.o ABSOLUTE
    ../clib/signal.c                         0x00000000   Number         0  __raise.o ABSOLUTE
    ../clib/signal.c                         0x00000000   Number         0  defsig_rtmem_inner.o ABSOLUTE
    ../clib/signal.c                         0x00000000   Number         0  defsig_exit.o ABSOLUTE
    ../clib/signal.c                         0x00000000   Number         0  defsig_abrt_inner.o ABSOLUTE
    ../clib/signal.c                         0x00000000   Number         0  defsig_rtmem_formal.o ABSOLUTE
    ../clib/signal.c                         0x00000000   Number         0  defsig_fpe_inner.o ABSOLUTE
    ../clib/signal.c                         0x00000000   Number         0  defsig_rtmem_outer.o ABSOLUTE
    ../clib/signal.c                         0x00000000   Number         0  defsig_general.o ABSOLUTE
    ../clib/signal.c                         0x00000000   Number         0  defsig_rtred_inner.o ABSOLUTE
    ../clib/signal.c                         0x00000000   Number         0  defsig_stak_inner.o ABSOLUTE
    ../clib/signal.c                         0x00000000   Number         0  defsig_pvfn_inner.o ABSOLUTE
    ../clib/signal.c                         0x00000000   Number         0  defsig_cppl_inner.o ABSOLUTE
    ../clib/signal.c                         0x00000000   Number         0  defsig_segv_inner.o ABSOLUTE
    ../clib/signal.c                         0x00000000   Number         0  defsig_other.o ABSOLUTE
    ../clib/signal.s                         0x00000000   Number         0  defsig.o ABSOLUTE
    ../clib/stdlib.c                         0x00000000   Number         0  exit.o ABSOLUTE
    ../fplib/fpinit.s                        0x00000000   Number         0  fpinit.o ABSOLUTE
    ..\Core\Src\gpio.c                       0x00000000   Number         0  gpio.o ABSOLUTE
    ..\Core\Src\main.c                       0x00000000   Number         0  main.o ABSOLUTE
    ..\Core\Src\spi.c                        0x00000000   Number         0  spi.o ABSOLUTE
    ..\Core\Src\stm32g4xx_hal_msp.c          0x00000000   Number         0  stm32g4xx_hal_msp.o ABSOLUTE
    ..\Core\Src\stm32g4xx_it.c               0x00000000   Number         0  stm32g4xx_it.o ABSOLUTE
    ..\Core\Src\system_stm32g4xx.c           0x00000000   Number         0  system_stm32g4xx.o ABSOLUTE
    ..\Drivers\STM32G4xx_HAL_Driver\Src\stm32g4xx_hal.c 0x00000000   Number         0  stm32g4xx_hal.o ABSOLUTE
    ..\Drivers\STM32G4xx_HAL_Driver\Src\stm32g4xx_hal_cortex.c 0x00000000   Number         0  stm32g4xx_hal_cortex.o ABSOLUTE
    ..\Drivers\STM32G4xx_HAL_Driver\Src\stm32g4xx_hal_dma.c 0x00000000   Number         0  stm32g4xx_hal_dma.o ABSOLUTE
    ..\Drivers\STM32G4xx_HAL_Driver\Src\stm32g4xx_hal_dma_ex.c 0x00000000   Number         0  stm32g4xx_hal_dma_ex.o ABSOLUTE
    ..\Drivers\STM32G4xx_HAL_Driver\Src\stm32g4xx_hal_exti.c 0x00000000   Number         0  stm32g4xx_hal_exti.o ABSOLUTE
    ..\Drivers\STM32G4xx_HAL_Driver\Src\stm32g4xx_hal_flash.c 0x00000000   Number         0  stm32g4xx_hal_flash.o ABSOLUTE
    ..\Drivers\STM32G4xx_HAL_Driver\Src\stm32g4xx_hal_flash_ex.c 0x00000000   Number         0  stm32g4xx_hal_flash_ex.o ABSOLUTE
    ..\Drivers\STM32G4xx_HAL_Driver\Src\stm32g4xx_hal_flash_ramfunc.c 0x00000000   Number         0  stm32g4xx_hal_flash_ramfunc.o ABSOLUTE
    ..\Drivers\STM32G4xx_HAL_Driver\Src\stm32g4xx_hal_gpio.c 0x00000000   Number         0  stm32g4xx_hal_gpio.o ABSOLUTE
    ..\Drivers\STM32G4xx_HAL_Driver\Src\stm32g4xx_hal_pwr.c 0x00000000   Number         0  stm32g4xx_hal_pwr.o ABSOLUTE
    ..\Drivers\STM32G4xx_HAL_Driver\Src\stm32g4xx_hal_pwr_ex.c 0x00000000   Number         0  stm32g4xx_hal_pwr_ex.o ABSOLUTE
    ..\Drivers\STM32G4xx_HAL_Driver\Src\stm32g4xx_hal_rcc.c 0x00000000   Number         0  stm32g4xx_hal_rcc.o ABSOLUTE
    ..\Drivers\STM32G4xx_HAL_Driver\Src\stm32g4xx_hal_rcc_ex.c 0x00000000   Number         0  stm32g4xx_hal_rcc_ex.o ABSOLUTE
    ..\Drivers\STM32G4xx_HAL_Driver\Src\stm32g4xx_hal_spi.c 0x00000000   Number         0  stm32g4xx_hal_spi.o ABSOLUTE
    ..\Drivers\STM32G4xx_HAL_Driver\Src\stm32g4xx_hal_spi_ex.c 0x00000000   Number         0  stm32g4xx_hal_spi_ex.o ABSOLUTE
    ..\Drivers\STM32G4xx_HAL_Driver\Src\stm32g4xx_hal_tim.c 0x00000000   Number         0  stm32g4xx_hal_tim.o ABSOLUTE
    ..\Drivers\STM32G4xx_HAL_Driver\Src\stm32g4xx_hal_tim_ex.c 0x00000000   Number         0  stm32g4xx_hal_tim_ex.o ABSOLUTE
    ..\LCD\lcd.c                             0x00000000   Number         0  lcd.o ABSOLUTE
    ..\\LCD\\lcd.c                           0x00000000   Number         0  lcd.o ABSOLUTE
    dc.s                                     0x00000000   Number         0  dc.o ABSOLUTE
    startup_stm32g431xx.s                    0x00000000   Number         0  startup_stm32g431xx.o ABSOLUTE
    RESET                                    0x08000000   Section      472  startup_stm32g431xx.o(RESET)
    !!!main                                  0x080001d8   Section        8  __main.o(!!!main)
    !!!scatter                               0x080001e0   Section       52  __scatter.o(!!!scatter)
    !!handler_copy                           0x08000214   Section       26  __scatter_copy.o(!!handler_copy)
    !!handler_zi                             0x08000230   Section       28  __scatter_zi.o(!!handler_zi)
    .ARM.Collect$$libinit$$00000000          0x0800024c   Section        2  libinit.o(.ARM.Collect$$libinit$$00000000)
    .ARM.Collect$$libinit$$00000001          0x0800024e   Section        4  libinit2.o(.ARM.Collect$$libinit$$00000001)
    .ARM.Collect$$libinit$$00000004          0x08000252   Section        0  libinit2.o(.ARM.Collect$$libinit$$00000004)
    .ARM.Collect$$libinit$$0000000A          0x08000252   Section        0  libinit2.o(.ARM.Collect$$libinit$$0000000A)
    .ARM.Collect$$libinit$$0000000C          0x08000252   Section        0  libinit2.o(.ARM.Collect$$libinit$$0000000C)
    .ARM.Collect$$libinit$$0000000E          0x08000252   Section        0  libinit2.o(.ARM.Collect$$libinit$$0000000E)
    .ARM.Collect$$libinit$$00000011          0x08000252   Section        0  libinit2.o(.ARM.Collect$$libinit$$00000011)
    .ARM.Collect$$libinit$$00000013          0x08000252   Section        0  libinit2.o(.ARM.Collect$$libinit$$00000013)
    .ARM.Collect$$libinit$$00000015          0x08000252   Section        0  libinit2.o(.ARM.Collect$$libinit$$00000015)
    .ARM.Collect$$libinit$$00000017          0x08000252   Section        0  libinit2.o(.ARM.Collect$$libinit$$00000017)
    .ARM.Collect$$libinit$$00000019          0x08000252   Section        0  libinit2.o(.ARM.Collect$$libinit$$00000019)
    .ARM.Collect$$libinit$$0000001B          0x08000252   Section        0  libinit2.o(.ARM.Collect$$libinit$$0000001B)
    .ARM.Collect$$libinit$$0000001D          0x08000252   Section        0  libinit2.o(.ARM.Collect$$libinit$$0000001D)
    .ARM.Collect$$libinit$$0000001F          0x08000252   Section        0  libinit2.o(.ARM.Collect$$libinit$$0000001F)
    .ARM.Collect$$libinit$$00000021          0x08000252   Section        0  libinit2.o(.ARM.Collect$$libinit$$00000021)
    .ARM.Collect$$libinit$$00000023          0x08000252   Section        0  libinit2.o(.ARM.Collect$$libinit$$00000023)
    .ARM.Collect$$libinit$$00000025          0x08000252   Section        0  libinit2.o(.ARM.Collect$$libinit$$00000025)
    .ARM.Collect$$libinit$$0000002C          0x08000252   Section        0  libinit2.o(.ARM.Collect$$libinit$$0000002C)
    .ARM.Collect$$libinit$$0000002E          0x08000252   Section        0  libinit2.o(.ARM.Collect$$libinit$$0000002E)
    .ARM.Collect$$libinit$$00000030          0x08000252   Section        0  libinit2.o(.ARM.Collect$$libinit$$00000030)
    .ARM.Collect$$libinit$$00000032          0x08000252   Section        0  libinit2.o(.ARM.Collect$$libinit$$00000032)
    .ARM.Collect$$libinit$$00000033          0x08000252   Section        2  libinit2.o(.ARM.Collect$$libinit$$00000033)
    .ARM.Collect$$libshutdown$$00000000      0x08000254   Section        2  libshutdown.o(.ARM.Collect$$libshutdown$$00000000)
    .ARM.Collect$$libshutdown$$00000002      0x08000256   Section        0  libshutdown2.o(.ARM.Collect$$libshutdown$$00000002)
    .ARM.Collect$$libshutdown$$00000004      0x08000256   Section        0  libshutdown2.o(.ARM.Collect$$libshutdown$$00000004)
    .ARM.Collect$$libshutdown$$00000006      0x08000256   Section        0  libshutdown2.o(.ARM.Collect$$libshutdown$$00000006)
    .ARM.Collect$$libshutdown$$00000009      0x08000256   Section        0  libshutdown2.o(.ARM.Collect$$libshutdown$$00000009)
    .ARM.Collect$$libshutdown$$0000000C      0x08000256   Section        0  libshutdown2.o(.ARM.Collect$$libshutdown$$0000000C)
    .ARM.Collect$$libshutdown$$0000000E      0x08000256   Section        0  libshutdown2.o(.ARM.Collect$$libshutdown$$0000000E)
    .ARM.Collect$$libshutdown$$00000011      0x08000256   Section        0  libshutdown2.o(.ARM.Collect$$libshutdown$$00000011)
    .ARM.Collect$$libshutdown$$00000012      0x08000256   Section        2  libshutdown2.o(.ARM.Collect$$libshutdown$$00000012)
    .ARM.Collect$$rtentry$$00000000          0x08000258   Section        0  __rtentry.o(.ARM.Collect$$rtentry$$00000000)
    .ARM.Collect$$rtentry$$00000002          0x08000258   Section        0  __rtentry2.o(.ARM.Collect$$rtentry$$00000002)
    .ARM.Collect$$rtentry$$00000004          0x08000258   Section        6  __rtentry4.o(.ARM.Collect$$rtentry$$00000004)
    .ARM.Collect$$rtentry$$00000009          0x0800025e   Section        0  __rtentry2.o(.ARM.Collect$$rtentry$$00000009)
    .ARM.Collect$$rtentry$$0000000A          0x0800025e   Section        4  __rtentry2.o(.ARM.Collect$$rtentry$$0000000A)
    .ARM.Collect$$rtentry$$0000000C          0x08000262   Section        0  __rtentry2.o(.ARM.Collect$$rtentry$$0000000C)
    .ARM.Collect$$rtentry$$0000000D          0x08000262   Section        8  __rtentry2.o(.ARM.Collect$$rtentry$$0000000D)
    .ARM.Collect$$rtexit$$00000000           0x0800026a   Section        2  rtexit.o(.ARM.Collect$$rtexit$$00000000)
    .ARM.Collect$$rtexit$$00000002           0x0800026c   Section        0  rtexit2.o(.ARM.Collect$$rtexit$$00000002)
    .ARM.Collect$$rtexit$$00000003           0x0800026c   Section        4  rtexit2.o(.ARM.Collect$$rtexit$$00000003)
    .ARM.Collect$$rtexit$$00000004           0x08000270   Section        6  rtexit2.o(.ARM.Collect$$rtexit$$00000004)
    .text                                    0x08000278   Section       64  startup_stm32g431xx.o(.text)
    $v0                                      0x08000278   Number         0  startup_stm32g431xx.o(.text)
    .text                                    0x080002b8   Section       78  rt_memclr_w.o(.text)
    .text                                    0x08000306   Section        0  heapauxi.o(.text)
    .text                                    0x0800030c   Section       74  sys_stackheap_outer.o(.text)
    .text                                    0x08000356   Section        0  exit.o(.text)
    .text                                    0x08000368   Section        8  libspace.o(.text)
    .text                                    0x08000370   Section        0  sys_exit.o(.text)
    .text                                    0x0800037c   Section        2  use_no_semi.o(.text)
    .text                                    0x0800037e   Section        0  indicate_semi.o(.text)
    i.BusFault_Handler                       0x0800037e   Section        0  stm32g4xx_it.o(i.BusFault_Handler)
    i.DebugMon_Handler                       0x08000380   Section        0  stm32g4xx_it.o(i.DebugMon_Handler)
    i.Error_Handler                          0x08000382   Section        0  main.o(i.Error_Handler)
    i.HAL_Delay                              0x08000388   Section        0  stm32g4xx_hal.o(i.HAL_Delay)
    i.HAL_GPIO_Init                          0x080003ac   Section        0  stm32g4xx_hal_gpio.o(i.HAL_GPIO_Init)
    i.HAL_GPIO_TogglePin                     0x080005f4   Section        0  stm32g4xx_hal_gpio.o(i.HAL_GPIO_TogglePin)
    i.HAL_GPIO_WritePin                      0x08000604   Section        0  stm32g4xx_hal_gpio.o(i.HAL_GPIO_WritePin)
    i.HAL_GetTick                            0x08000610   Section        0  stm32g4xx_hal.o(i.HAL_GetTick)
    i.HAL_IncTick                            0x0800061c   Section        0  stm32g4xx_hal.o(i.HAL_IncTick)
    i.HAL_Init                               0x0800062c   Section        0  stm32g4xx_hal.o(i.HAL_Init)
    i.HAL_InitTick                           0x0800064c   Section        0  stm32g4xx_hal.o(i.HAL_InitTick)
    i.HAL_MspInit                            0x08000690   Section        0  stm32g4xx_hal_msp.o(i.HAL_MspInit)
    i.HAL_NVIC_SetPriority                   0x080006c0   Section        0  stm32g4xx_hal_cortex.o(i.HAL_NVIC_SetPriority)
    i.HAL_NVIC_SetPriorityGrouping           0x08000700   Section        0  stm32g4xx_hal_cortex.o(i.HAL_NVIC_SetPriorityGrouping)
    i.HAL_PWREx_ControlVoltageScaling        0x08000724   Section        0  stm32g4xx_hal_pwr_ex.o(i.HAL_PWREx_ControlVoltageScaling)
    i.HAL_PWREx_DisableUCPDDeadBattery       0x080007e0   Section        0  stm32g4xx_hal_pwr_ex.o(i.HAL_PWREx_DisableUCPDDeadBattery)
    i.HAL_RCC_ClockConfig                    0x080007f0   Section        0  stm32g4xx_hal_rcc.o(i.HAL_RCC_ClockConfig)
    i.HAL_RCC_GetSysClockFreq                0x080009cc   Section        0  stm32g4xx_hal_rcc.o(i.HAL_RCC_GetSysClockFreq)
    i.HAL_RCC_OscConfig                      0x08000a3c   Section        0  stm32g4xx_hal_rcc.o(i.HAL_RCC_OscConfig)
    i.HAL_SPI_Init                           0x08000e48   Section        0  stm32g4xx_hal_spi.o(i.HAL_SPI_Init)
    i.HAL_SPI_MspInit                        0x08000f34   Section        0  spi.o(i.HAL_SPI_MspInit)
    i.HAL_SPI_Transmit                       0x08000f98   Section        0  stm32g4xx_hal_spi.o(i.HAL_SPI_Transmit)
    i.HAL_SYSTICK_Config                     0x08001120   Section        0  stm32g4xx_hal_cortex.o(i.HAL_SYSTICK_Config)
    i.HardFault_Handler                      0x08001148   Section        0  stm32g4xx_it.o(i.HardFault_Handler)
    i.LCD_Address_Set                        0x0800114a   Section        0  lcd.o(i.LCD_Address_Set)
    i.LCD_DrawPoint                          0x0800118c   Section        0  lcd.o(i.LCD_DrawPoint)
    i.LCD_Fill                               0x080011a2   Section        0  lcd.o(i.LCD_Fill)
    i.LCD_Init                               0x080011e0   Section        0  lcd.o(i.LCD_Init)
    i.LCD_ShowChar                           0x08001390   Section        0  lcd.o(i.LCD_ShowChar)
    i.LCD_ShowString                         0x0800149c   Section        0  lcd.o(i.LCD_ShowString)
    i.LCD_WR_DATA                            0x080014d6   Section        0  lcd.o(i.LCD_WR_DATA)
    i.LCD_WR_REG                             0x080014ec   Section        0  lcd.o(i.LCD_WR_REG)
    i.LCD_Writ_Bus                           0x08001518   Section        0  lcd.o(i.LCD_Writ_Bus)
    i.MX_GPIO_Init                           0x08001548   Section        0  gpio.o(i.MX_GPIO_Init)
    i.MX_SPI3_Init                           0x08001644   Section        0  spi.o(i.MX_SPI3_Init)
    i.MemManage_Handler                      0x08001694   Section        0  stm32g4xx_it.o(i.MemManage_Handler)
    i.NMI_Handler                            0x08001696   Section        0  stm32g4xx_it.o(i.NMI_Handler)
    i.PendSV_Handler                         0x08001698   Section        0  stm32g4xx_it.o(i.PendSV_Handler)
    i.SPI_EndRxTxTransaction                 0x0800169a   Section        0  stm32g4xx_hal_spi.o(i.SPI_EndRxTxTransaction)
    SPI_EndRxTxTransaction                   0x0800169b   Thumb Code    72  stm32g4xx_hal_spi.o(i.SPI_EndRxTxTransaction)
    i.SPI_WaitFifoStateUntilTimeout          0x080016e4   Section        0  stm32g4xx_hal_spi.o(i.SPI_WaitFifoStateUntilTimeout)
    SPI_WaitFifoStateUntilTimeout            0x080016e5   Thumb Code   218  stm32g4xx_hal_spi.o(i.SPI_WaitFifoStateUntilTimeout)
    i.SPI_WaitFlagStateUntilTimeout          0x080017c4   Section        0  stm32g4xx_hal_spi.o(i.SPI_WaitFlagStateUntilTimeout)
    SPI_WaitFlagStateUntilTimeout            0x080017c5   Thumb Code   180  stm32g4xx_hal_spi.o(i.SPI_WaitFlagStateUntilTimeout)
    i.SVC_Handler                            0x0800187c   Section        0  stm32g4xx_it.o(i.SVC_Handler)
    i.SysTick_Handler                        0x0800187e   Section        0  stm32g4xx_it.o(i.SysTick_Handler)
    i.SystemClock_Config                     0x08001882   Section        0  main.o(i.SystemClock_Config)
    i.SystemInit                             0x080018e8   Section        0  system_stm32g4xx.o(i.SystemInit)
    i.UsageFault_Handler                     0x080018f8   Section        0  stm32g4xx_it.o(i.UsageFault_Handler)
    i.__NVIC_SetPriority                     0x080018fa   Section        0  stm32g4xx_hal_cortex.o(i.__NVIC_SetPriority)
    __NVIC_SetPriority                       0x080018fb   Thumb Code    32  stm32g4xx_hal_cortex.o(i.__NVIC_SetPriority)
    i.main                                   0x0800191c   Section        0  main.o(i.main)
    x$fpl$fpinit                             0x080019bc   Section       10  fpinit.o(x$fpl$fpinit)
    $v0                                      0x080019bc   Number         0  fpinit.o(x$fpl$fpinit)
    .constdata                               0x080019c6   Section       16  system_stm32g4xx.o(.constdata)
    .constdata                               0x080019d6   Section    14620  lcd.o(.constdata)
    .data                                    0x20000000   Section       12  stm32g4xx_hal.o(.data)
    .data                                    0x2000000c   Section        4  system_stm32g4xx.o(.data)
    .bss                                     0x20000010   Section      100  spi.o(.bss)
    .bss                                     0x20000074   Section       96  libspace.o(.bss)
    HEAP                                     0x200000d8   Section      512  startup_stm32g431xx.o(HEAP)
    Heap_Mem                                 0x200000d8   Data         512  startup_stm32g431xx.o(HEAP)
    STACK                                    0x200002d8   Section     1024  startup_stm32g431xx.o(STACK)
    Stack_Mem                                0x200002d8   Data        1024  startup_stm32g431xx.o(STACK)
    __initial_sp                             0x200006d8   Data           0  startup_stm32g431xx.o(STACK)

    Global Symbols

    Symbol Name                              Value     Ov Type        Size  Object(Section)

    BuildAttributes$$THM_ISAv4$E$P$D$K$B$S$7EM$VFPi3$EXTD16$VFPS$VFMA$PE$A:L22UL41UL21$X:L11$S22US41US21$IEEE1$IW$USESV6$~STKCKD$USESV7$~SHL$OSPACE$ROPI$EBA8$UX$STANDARDLIB$REQ8$PRES8$EABIv2 0x00000000   Number         0  anon$$obj.o ABSOLUTE
    __ARM_use_no_argv                        0x00000000   Number         0  main.o ABSOLUTE
    __ARM_exceptions_init                     - Undefined Weak Reference
    __alloca_initialize                       - Undefined Weak Reference
    __arm_fini_                               - Undefined Weak Reference
    __arm_preinit_                            - Undefined Weak Reference
    __cpp_initialize__aeabi_                  - Undefined Weak Reference
    __cxa_finalize                            - Undefined Weak Reference
    __rt_locale                               - Undefined Weak Reference
    __sigvec_lookup                           - Undefined Weak Reference
    _atexit_init                              - Undefined Weak Reference
    _call_atexit_fns                          - Undefined Weak Reference
    _clock_init                               - Undefined Weak Reference
    _fp_trap_init                             - Undefined Weak Reference
    _fp_trap_shutdown                         - Undefined Weak Reference
    _get_lc_collate                           - Undefined Weak Reference
    _get_lc_ctype                             - Undefined Weak Reference
    _get_lc_monetary                          - Undefined Weak Reference
    _get_lc_numeric                           - Undefined Weak Reference
    _get_lc_time                              - Undefined Weak Reference
    _getenv_init                              - Undefined Weak Reference
    _handle_redirection                       - Undefined Weak Reference
    _init_alloc                               - Undefined Weak Reference
    _init_user_alloc                          - Undefined Weak Reference
    _initio                                   - Undefined Weak Reference
    _rand_init                                - Undefined Weak Reference
    _signal_finish                            - Undefined Weak Reference
    _signal_init                              - Undefined Weak Reference
    _terminate_alloc                          - Undefined Weak Reference
    _terminate_user_alloc                     - Undefined Weak Reference
    _terminateio                              - Undefined Weak Reference
    __Vectors_Size                           0x000001d8   Number         0  startup_stm32g431xx.o ABSOLUTE
    __Vectors                                0x08000000   Data           4  startup_stm32g431xx.o(RESET)
    __Vectors_End                            0x080001d8   Data           0  startup_stm32g431xx.o(RESET)
    __main                                   0x080001d9   Thumb Code     8  __main.o(!!!main)
    __scatterload                            0x080001e1   Thumb Code     0  __scatter.o(!!!scatter)
    __scatterload_rt2                        0x080001e1   Thumb Code    44  __scatter.o(!!!scatter)
    __scatterload_rt2_thumb_only             0x080001e1   Thumb Code     0  __scatter.o(!!!scatter)
    __scatterload_null                       0x080001ef   Thumb Code     0  __scatter.o(!!!scatter)
    __scatterload_copy                       0x08000215   Thumb Code    26  __scatter_copy.o(!!handler_copy)
    __scatterload_zeroinit                   0x08000231   Thumb Code    28  __scatter_zi.o(!!handler_zi)
    __rt_lib_init                            0x0800024d   Thumb Code     0  libinit.o(.ARM.Collect$$libinit$$00000000)
    __rt_lib_init_fp_1                       0x0800024f   Thumb Code     0  libinit2.o(.ARM.Collect$$libinit$$00000001)
    __rt_lib_init_alloca_1                   0x08000253   Thumb Code     0  libinit2.o(.ARM.Collect$$libinit$$0000002E)
    __rt_lib_init_argv_1                     0x08000253   Thumb Code     0  libinit2.o(.ARM.Collect$$libinit$$0000002C)
    __rt_lib_init_atexit_1                   0x08000253   Thumb Code     0  libinit2.o(.ARM.Collect$$libinit$$0000001B)
    __rt_lib_init_clock_1                    0x08000253   Thumb Code     0  libinit2.o(.ARM.Collect$$libinit$$00000021)
    __rt_lib_init_cpp_1                      0x08000253   Thumb Code     0  libinit2.o(.ARM.Collect$$libinit$$00000032)
    __rt_lib_init_exceptions_1               0x08000253   Thumb Code     0  libinit2.o(.ARM.Collect$$libinit$$00000030)
    __rt_lib_init_fp_trap_1                  0x08000253   Thumb Code     0  libinit2.o(.ARM.Collect$$libinit$$0000001F)
    __rt_lib_init_getenv_1                   0x08000253   Thumb Code     0  libinit2.o(.ARM.Collect$$libinit$$00000023)
    __rt_lib_init_heap_1                     0x08000253   Thumb Code     0  libinit2.o(.ARM.Collect$$libinit$$0000000A)
    __rt_lib_init_lc_collate_1               0x08000253   Thumb Code     0  libinit2.o(.ARM.Collect$$libinit$$00000011)
    __rt_lib_init_lc_ctype_1                 0x08000253   Thumb Code     0  libinit2.o(.ARM.Collect$$libinit$$00000013)
    __rt_lib_init_lc_monetary_1              0x08000253   Thumb Code     0  libinit2.o(.ARM.Collect$$libinit$$00000015)
    __rt_lib_init_lc_numeric_1               0x08000253   Thumb Code     0  libinit2.o(.ARM.Collect$$libinit$$00000017)
    __rt_lib_init_lc_time_1                  0x08000253   Thumb Code     0  libinit2.o(.ARM.Collect$$libinit$$00000019)
    __rt_lib_init_preinit_1                  0x08000253   Thumb Code     0  libinit2.o(.ARM.Collect$$libinit$$00000004)
    __rt_lib_init_rand_1                     0x08000253   Thumb Code     0  libinit2.o(.ARM.Collect$$libinit$$0000000E)
    __rt_lib_init_return                     0x08000253   Thumb Code     0  libinit2.o(.ARM.Collect$$libinit$$00000033)
    __rt_lib_init_signal_1                   0x08000253   Thumb Code     0  libinit2.o(.ARM.Collect$$libinit$$0000001D)
    __rt_lib_init_stdio_1                    0x08000253   Thumb Code     0  libinit2.o(.ARM.Collect$$libinit$$00000025)
    __rt_lib_init_user_alloc_1               0x08000253   Thumb Code     0  libinit2.o(.ARM.Collect$$libinit$$0000000C)
    __rt_lib_shutdown                        0x08000255   Thumb Code     0  libshutdown.o(.ARM.Collect$$libshutdown$$00000000)
    __rt_lib_shutdown_cpp_1                  0x08000257   Thumb Code     0  libshutdown2.o(.ARM.Collect$$libshutdown$$00000004)
    __rt_lib_shutdown_fini_1                 0x08000257   Thumb Code     0  libshutdown2.o(.ARM.Collect$$libshutdown$$00000002)
    __rt_lib_shutdown_fp_trap_1              0x08000257   Thumb Code     0  libshutdown2.o(.ARM.Collect$$libshutdown$$00000009)
    __rt_lib_shutdown_heap_1                 0x08000257   Thumb Code     0  libshutdown2.o(.ARM.Collect$$libshutdown$$00000011)
    __rt_lib_shutdown_return                 0x08000257   Thumb Code     0  libshutdown2.o(.ARM.Collect$$libshutdown$$00000012)
    __rt_lib_shutdown_signal_1               0x08000257   Thumb Code     0  libshutdown2.o(.ARM.Collect$$libshutdown$$0000000C)
    __rt_lib_shutdown_stdio_1                0x08000257   Thumb Code     0  libshutdown2.o(.ARM.Collect$$libshutdown$$00000006)
    __rt_lib_shutdown_user_alloc_1           0x08000257   Thumb Code     0  libshutdown2.o(.ARM.Collect$$libshutdown$$0000000E)
    __rt_entry                               0x08000259   Thumb Code     0  __rtentry.o(.ARM.Collect$$rtentry$$00000000)
    __rt_entry_presh_1                       0x08000259   Thumb Code     0  __rtentry2.o(.ARM.Collect$$rtentry$$00000002)
    __rt_entry_sh                            0x08000259   Thumb Code     0  __rtentry4.o(.ARM.Collect$$rtentry$$00000004)
    __rt_entry_li                            0x0800025f   Thumb Code     0  __rtentry2.o(.ARM.Collect$$rtentry$$0000000A)
    __rt_entry_postsh_1                      0x0800025f   Thumb Code     0  __rtentry2.o(.ARM.Collect$$rtentry$$00000009)
    __rt_entry_main                          0x08000263   Thumb Code     0  __rtentry2.o(.ARM.Collect$$rtentry$$0000000D)
    __rt_entry_postli_1                      0x08000263   Thumb Code     0  __rtentry2.o(.ARM.Collect$$rtentry$$0000000C)
    __rt_exit                                0x0800026b   Thumb Code     0  rtexit.o(.ARM.Collect$$rtexit$$00000000)
    __rt_exit_ls                             0x0800026d   Thumb Code     0  rtexit2.o(.ARM.Collect$$rtexit$$00000003)
    __rt_exit_prels_1                        0x0800026d   Thumb Code     0  rtexit2.o(.ARM.Collect$$rtexit$$00000002)
    __rt_exit_exit                           0x08000271   Thumb Code     0  rtexit2.o(.ARM.Collect$$rtexit$$00000004)
    Reset_Handler                            0x08000279   Thumb Code     8  startup_stm32g431xx.o(.text)
    ADC1_2_IRQHandler                        0x08000293   Thumb Code     0  startup_stm32g431xx.o(.text)
    COMP1_2_3_IRQHandler                     0x08000293   Thumb Code     0  startup_stm32g431xx.o(.text)
    COMP4_IRQHandler                         0x08000293   Thumb Code     0  startup_stm32g431xx.o(.text)
    CORDIC_IRQHandler                        0x08000293   Thumb Code     0  startup_stm32g431xx.o(.text)
    CRS_IRQHandler                           0x08000293   Thumb Code     0  startup_stm32g431xx.o(.text)
    DMA1_Channel1_IRQHandler                 0x08000293   Thumb Code     0  startup_stm32g431xx.o(.text)
    DMA1_Channel2_IRQHandler                 0x08000293   Thumb Code     0  startup_stm32g431xx.o(.text)
    DMA1_Channel3_IRQHandler                 0x08000293   Thumb Code     0  startup_stm32g431xx.o(.text)
    DMA1_Channel4_IRQHandler                 0x08000293   Thumb Code     0  startup_stm32g431xx.o(.text)
    DMA1_Channel5_IRQHandler                 0x08000293   Thumb Code     0  startup_stm32g431xx.o(.text)
    DMA1_Channel6_IRQHandler                 0x08000293   Thumb Code     0  startup_stm32g431xx.o(.text)
    DMA2_Channel1_IRQHandler                 0x08000293   Thumb Code     0  startup_stm32g431xx.o(.text)
    DMA2_Channel2_IRQHandler                 0x08000293   Thumb Code     0  startup_stm32g431xx.o(.text)
    DMA2_Channel3_IRQHandler                 0x08000293   Thumb Code     0  startup_stm32g431xx.o(.text)
    DMA2_Channel4_IRQHandler                 0x08000293   Thumb Code     0  startup_stm32g431xx.o(.text)
    DMA2_Channel5_IRQHandler                 0x08000293   Thumb Code     0  startup_stm32g431xx.o(.text)
    DMA2_Channel6_IRQHandler                 0x08000293   Thumb Code     0  startup_stm32g431xx.o(.text)
    DMAMUX_OVR_IRQHandler                    0x08000293   Thumb Code     0  startup_stm32g431xx.o(.text)
    EXTI0_IRQHandler                         0x08000293   Thumb Code     0  startup_stm32g431xx.o(.text)
    EXTI15_10_IRQHandler                     0x08000293   Thumb Code     0  startup_stm32g431xx.o(.text)
    EXTI1_IRQHandler                         0x08000293   Thumb Code     0  startup_stm32g431xx.o(.text)
    EXTI2_IRQHandler                         0x08000293   Thumb Code     0  startup_stm32g431xx.o(.text)
    EXTI3_IRQHandler                         0x08000293   Thumb Code     0  startup_stm32g431xx.o(.text)
    EXTI4_IRQHandler                         0x08000293   Thumb Code     0  startup_stm32g431xx.o(.text)
    EXTI9_5_IRQHandler                       0x08000293   Thumb Code     0  startup_stm32g431xx.o(.text)
    FDCAN1_IT0_IRQHandler                    0x08000293   Thumb Code     0  startup_stm32g431xx.o(.text)
    FDCAN1_IT1_IRQHandler                    0x08000293   Thumb Code     0  startup_stm32g431xx.o(.text)
    FLASH_IRQHandler                         0x08000293   Thumb Code     0  startup_stm32g431xx.o(.text)
    FMAC_IRQHandler                          0x08000293   Thumb Code     0  startup_stm32g431xx.o(.text)
    FPU_IRQHandler                           0x08000293   Thumb Code     0  startup_stm32g431xx.o(.text)
    I2C1_ER_IRQHandler                       0x08000293   Thumb Code     0  startup_stm32g431xx.o(.text)
    I2C1_EV_IRQHandler                       0x08000293   Thumb Code     0  startup_stm32g431xx.o(.text)
    I2C2_ER_IRQHandler                       0x08000293   Thumb Code     0  startup_stm32g431xx.o(.text)
    I2C2_EV_IRQHandler                       0x08000293   Thumb Code     0  startup_stm32g431xx.o(.text)
    I2C3_ER_IRQHandler                       0x08000293   Thumb Code     0  startup_stm32g431xx.o(.text)
    I2C3_EV_IRQHandler                       0x08000293   Thumb Code     0  startup_stm32g431xx.o(.text)
    LPTIM1_IRQHandler                        0x08000293   Thumb Code     0  startup_stm32g431xx.o(.text)
    LPUART1_IRQHandler                       0x08000293   Thumb Code     0  startup_stm32g431xx.o(.text)
    PVD_PVM_IRQHandler                       0x08000293   Thumb Code     0  startup_stm32g431xx.o(.text)
    RCC_IRQHandler                           0x08000293   Thumb Code     0  startup_stm32g431xx.o(.text)
    RNG_IRQHandler                           0x08000293   Thumb Code     0  startup_stm32g431xx.o(.text)
    RTC_Alarm_IRQHandler                     0x08000293   Thumb Code     0  startup_stm32g431xx.o(.text)
    RTC_TAMP_LSECSS_IRQHandler               0x08000293   Thumb Code     0  startup_stm32g431xx.o(.text)
    RTC_WKUP_IRQHandler                      0x08000293   Thumb Code     0  startup_stm32g431xx.o(.text)
    SAI1_IRQHandler                          0x08000293   Thumb Code     0  startup_stm32g431xx.o(.text)
    SPI1_IRQHandler                          0x08000293   Thumb Code     0  startup_stm32g431xx.o(.text)
    SPI2_IRQHandler                          0x08000293   Thumb Code     0  startup_stm32g431xx.o(.text)
    SPI3_IRQHandler                          0x08000293   Thumb Code     0  startup_stm32g431xx.o(.text)
    TIM1_BRK_TIM15_IRQHandler                0x08000293   Thumb Code     0  startup_stm32g431xx.o(.text)
    TIM1_CC_IRQHandler                       0x08000293   Thumb Code     0  startup_stm32g431xx.o(.text)
    TIM1_TRG_COM_TIM17_IRQHandler            0x08000293   Thumb Code     0  startup_stm32g431xx.o(.text)
    TIM1_UP_TIM16_IRQHandler                 0x08000293   Thumb Code     0  startup_stm32g431xx.o(.text)
    TIM2_IRQHandler                          0x08000293   Thumb Code     0  startup_stm32g431xx.o(.text)
    TIM3_IRQHandler                          0x08000293   Thumb Code     0  startup_stm32g431xx.o(.text)
    TIM4_IRQHandler                          0x08000293   Thumb Code     0  startup_stm32g431xx.o(.text)
    TIM6_DAC_IRQHandler                      0x08000293   Thumb Code     0  startup_stm32g431xx.o(.text)
    TIM7_IRQHandler                          0x08000293   Thumb Code     0  startup_stm32g431xx.o(.text)
    TIM8_BRK_IRQHandler                      0x08000293   Thumb Code     0  startup_stm32g431xx.o(.text)
    TIM8_CC_IRQHandler                       0x08000293   Thumb Code     0  startup_stm32g431xx.o(.text)
    TIM8_TRG_COM_IRQHandler                  0x08000293   Thumb Code     0  startup_stm32g431xx.o(.text)
    TIM8_UP_IRQHandler                       0x08000293   Thumb Code     0  startup_stm32g431xx.o(.text)
    UART4_IRQHandler                         0x08000293   Thumb Code     0  startup_stm32g431xx.o(.text)
    UCPD1_IRQHandler                         0x08000293   Thumb Code     0  startup_stm32g431xx.o(.text)
    USART1_IRQHandler                        0x08000293   Thumb Code     0  startup_stm32g431xx.o(.text)
    USART2_IRQHandler                        0x08000293   Thumb Code     0  startup_stm32g431xx.o(.text)
    USART3_IRQHandler                        0x08000293   Thumb Code     0  startup_stm32g431xx.o(.text)
    USBWakeUp_IRQHandler                     0x08000293   Thumb Code     0  startup_stm32g431xx.o(.text)
    USB_HP_IRQHandler                        0x08000293   Thumb Code     0  startup_stm32g431xx.o(.text)
    USB_LP_IRQHandler                        0x08000293   Thumb Code     0  startup_stm32g431xx.o(.text)
    WWDG_IRQHandler                          0x08000293   Thumb Code     0  startup_stm32g431xx.o(.text)
    __user_initial_stackheap                 0x08000295   Thumb Code     0  startup_stm32g431xx.o(.text)
    __aeabi_memclr4                          0x080002b9   Thumb Code     0  rt_memclr_w.o(.text)
    __aeabi_memclr8                          0x080002b9   Thumb Code     0  rt_memclr_w.o(.text)
    __rt_memclr_w                            0x080002b9   Thumb Code    78  rt_memclr_w.o(.text)
    _memset_w                                0x080002bd   Thumb Code     0  rt_memclr_w.o(.text)
    __use_two_region_memory                  0x08000307   Thumb Code     2  heapauxi.o(.text)
    __rt_heap_escrow$2region                 0x08000309   Thumb Code     2  heapauxi.o(.text)
    __rt_heap_expand$2region                 0x0800030b   Thumb Code     2  heapauxi.o(.text)
    __user_setup_stackheap                   0x0800030d   Thumb Code    74  sys_stackheap_outer.o(.text)
    exit                                     0x08000357   Thumb Code    18  exit.o(.text)
    __user_libspace                          0x08000369   Thumb Code     8  libspace.o(.text)
    __user_perproc_libspace                  0x08000369   Thumb Code     0  libspace.o(.text)
    __user_perthread_libspace                0x08000369   Thumb Code     0  libspace.o(.text)
    _sys_exit                                0x08000371   Thumb Code     8  sys_exit.o(.text)
    __I$use$semihosting                      0x0800037d   Thumb Code     0  use_no_semi.o(.text)
    __use_no_semihosting_swi                 0x0800037d   Thumb Code     2  use_no_semi.o(.text)
    BusFault_Handler                         0x0800037f   Thumb Code     2  stm32g4xx_it.o(i.BusFault_Handler)
    __semihosting_library_function           0x0800037f   Thumb Code     0  indicate_semi.o(.text)
    DebugMon_Handler                         0x08000381   Thumb Code     2  stm32g4xx_it.o(i.DebugMon_Handler)
    Error_Handler                            0x08000383   Thumb Code     4  main.o(i.Error_Handler)
    HAL_Delay                                0x08000389   Thumb Code    32  stm32g4xx_hal.o(i.HAL_Delay)
    HAL_GPIO_Init                            0x080003ad   Thumb Code   550  stm32g4xx_hal_gpio.o(i.HAL_GPIO_Init)
    HAL_GPIO_TogglePin                       0x080005f5   Thumb Code    16  stm32g4xx_hal_gpio.o(i.HAL_GPIO_TogglePin)
    HAL_GPIO_WritePin                        0x08000605   Thumb Code    10  stm32g4xx_hal_gpio.o(i.HAL_GPIO_WritePin)
    HAL_GetTick                              0x08000611   Thumb Code     6  stm32g4xx_hal.o(i.HAL_GetTick)
    HAL_IncTick                              0x0800061d   Thumb Code    12  stm32g4xx_hal.o(i.HAL_IncTick)
    HAL_Init                                 0x0800062d   Thumb Code    30  stm32g4xx_hal.o(i.HAL_Init)
    HAL_InitTick                             0x0800064d   Thumb Code    58  stm32g4xx_hal.o(i.HAL_InitTick)
    HAL_MspInit                              0x08000691   Thumb Code    42  stm32g4xx_hal_msp.o(i.HAL_MspInit)
    HAL_NVIC_SetPriority                     0x080006c1   Thumb Code    60  stm32g4xx_hal_cortex.o(i.HAL_NVIC_SetPriority)
    HAL_NVIC_SetPriorityGrouping             0x08000701   Thumb Code    26  stm32g4xx_hal_cortex.o(i.HAL_NVIC_SetPriorityGrouping)
    HAL_PWREx_ControlVoltageScaling          0x08000725   Thumb Code   174  stm32g4xx_hal_pwr_ex.o(i.HAL_PWREx_ControlVoltageScaling)
    HAL_PWREx_DisableUCPDDeadBattery         0x080007e1   Thumb Code    12  stm32g4xx_hal_pwr_ex.o(i.HAL_PWREx_DisableUCPDDeadBattery)
    HAL_RCC_ClockConfig                      0x080007f1   Thumb Code   444  stm32g4xx_hal_rcc.o(i.HAL_RCC_ClockConfig)
    HAL_RCC_GetSysClockFreq                  0x080009cd   Thumb Code    98  stm32g4xx_hal_rcc.o(i.HAL_RCC_GetSysClockFreq)
    HAL_RCC_OscConfig                        0x08000a3d   Thumb Code  1036  stm32g4xx_hal_rcc.o(i.HAL_RCC_OscConfig)
    HAL_SPI_Init                             0x08000e49   Thumb Code   234  stm32g4xx_hal_spi.o(i.HAL_SPI_Init)
    HAL_SPI_MspInit                          0x08000f35   Thumb Code    88  spi.o(i.HAL_SPI_MspInit)
    HAL_SPI_Transmit                         0x08000f99   Thumb Code   392  stm32g4xx_hal_spi.o(i.HAL_SPI_Transmit)
    HAL_SYSTICK_Config                       0x08001121   Thumb Code    40  stm32g4xx_hal_cortex.o(i.HAL_SYSTICK_Config)
    HardFault_Handler                        0x08001149   Thumb Code     2  stm32g4xx_it.o(i.HardFault_Handler)
    LCD_Address_Set                          0x0800114b   Thumb Code    66  lcd.o(i.LCD_Address_Set)
    LCD_DrawPoint                            0x0800118d   Thumb Code    22  lcd.o(i.LCD_DrawPoint)
    LCD_Fill                                 0x080011a3   Thumb Code    62  lcd.o(i.LCD_Fill)
    LCD_Init                                 0x080011e1   Thumb Code   428  lcd.o(i.LCD_Init)
    LCD_ShowChar                             0x08001391   Thumb Code   252  lcd.o(i.LCD_ShowChar)
    LCD_ShowString                           0x0800149d   Thumb Code    58  lcd.o(i.LCD_ShowString)
    LCD_WR_DATA                              0x080014d7   Thumb Code    20  lcd.o(i.LCD_WR_DATA)
    LCD_WR_REG                               0x080014ed   Thumb Code    40  lcd.o(i.LCD_WR_REG)
    LCD_Writ_Bus                             0x08001519   Thumb Code    40  lcd.o(i.LCD_Writ_Bus)
    MX_GPIO_Init                             0x08001549   Thumb Code   236  gpio.o(i.MX_GPIO_Init)
    MX_SPI3_Init                             0x08001645   Thumb Code    72  spi.o(i.MX_SPI3_Init)
    MemManage_Handler                        0x08001695   Thumb Code     2  stm32g4xx_it.o(i.MemManage_Handler)
    NMI_Handler                              0x08001697   Thumb Code     2  stm32g4xx_it.o(i.NMI_Handler)
    PendSV_Handler                           0x08001699   Thumb Code     2  stm32g4xx_it.o(i.PendSV_Handler)
    SVC_Handler                              0x0800187d   Thumb Code     2  stm32g4xx_it.o(i.SVC_Handler)
    SysTick_Handler                          0x0800187f   Thumb Code     4  stm32g4xx_it.o(i.SysTick_Handler)
    SystemClock_Config                       0x08001883   Thumb Code   102  main.o(i.SystemClock_Config)
    SystemInit                               0x080018e9   Thumb Code    12  system_stm32g4xx.o(i.SystemInit)
    UsageFault_Handler                       0x080018f9   Thumb Code     2  stm32g4xx_it.o(i.UsageFault_Handler)
    main                                     0x0800191d   Thumb Code   142  main.o(i.main)
    _fp_init                                 0x080019bd   Thumb Code    10  fpinit.o(x$fpl$fpinit)
    __fplib_config_fpu_vfp                   0x080019c5   Thumb Code     0  fpinit.o(x$fpl$fpinit)
    __fplib_config_pureend_doubles           0x080019c5   Thumb Code     0  fpinit.o(x$fpl$fpinit)
    AHBPrescTable                            0x080019c6   Data          16  system_stm32g4xx.o(.constdata)
    ascii_1206                               0x080019d6   Data        1140  lcd.o(.constdata)
    ascii_1608                               0x08001e4a   Data        1520  lcd.o(.constdata)
    ascii_2412                               0x0800243a   Data        4560  lcd.o(.constdata)
    ascii_3216                               0x0800360a   Data        6080  lcd.o(.constdata)
    tfont12                                  0x08004dca   Data         130  lcd.o(.constdata)
    tfont16                                  0x08004e4c   Data         170  lcd.o(.constdata)
    tfont24                                  0x08004ef6   Data         370  lcd.o(.constdata)
    tfont32                                  0x08005068   Data         650  lcd.o(.constdata)
    Region$$Table$$Base                      0x080052f4   Number         0  anon$$obj.o(Region$$Table)
    Region$$Table$$Limit                     0x08005314   Number         0  anon$$obj.o(Region$$Table)
    uwTickPrio                               0x20000000   Data           4  stm32g4xx_hal.o(.data)
    uwTickFreq                               0x20000004   Data           4  stm32g4xx_hal.o(.data)
    uwTick                                   0x20000008   Data           4  stm32g4xx_hal.o(.data)
    SystemCoreClock                          0x2000000c   Data           4  system_stm32g4xx.o(.data)
    hspi3                                    0x20000010   Data         100  spi.o(.bss)
    __libspace_start                         0x20000074   Data          96  libspace.o(.bss)
    __temporary_stack_top$libspace           0x200000d4   Data           0  libspace.o(.bss)



==============================================================================

Memory Map of the image

  Image Entry point : 0x080001d9

  Load Region LR_IROM1 (Base: 0x08000000, Size: 0x00005324, Max: 0x00020000, ABSOLUTE)

    Execution Region ER_IROM1 (Exec base: 0x08000000, Load base: 0x08000000, Size: 0x00005314, Max: 0x00020000, ABSOLUTE)

    Exec Addr    Load Addr    Size         Type   Attr      Idx    E Section Name        Object

    0x08000000   0x08000000   0x000001d8   Data   RO            3    RESET               startup_stm32g431xx.o
    0x080001d8   0x080001d8   0x00000008   Code   RO         2376  * !!!main             c_w.l(__main.o)
    0x080001e0   0x080001e0   0x00000034   Code   RO         2535    !!!scatter          c_w.l(__scatter.o)
    0x08000214   0x08000214   0x0000001a   Code   RO         2537    !!handler_copy      c_w.l(__scatter_copy.o)
    0x0800022e   0x0800022e   0x00000002   PAD
    0x08000230   0x08000230   0x0000001c   Code   RO         2539    !!handler_zi        c_w.l(__scatter_zi.o)
    0x0800024c   0x0800024c   0x00000002   Code   RO         2403    .ARM.Collect$$libinit$$00000000  c_w.l(libinit.o)
    0x0800024e   0x0800024e   0x00000004   Code   RO         2409    .ARM.Collect$$libinit$$00000001  c_w.l(libinit2.o)
    0x08000252   0x08000252   0x00000000   Code   RO         2412    .ARM.Collect$$libinit$$00000004  c_w.l(libinit2.o)
    0x08000252   0x08000252   0x00000000   Code   RO         2415    .ARM.Collect$$libinit$$0000000A  c_w.l(libinit2.o)
    0x08000252   0x08000252   0x00000000   Code   RO         2417    .ARM.Collect$$libinit$$0000000C  c_w.l(libinit2.o)
    0x08000252   0x08000252   0x00000000   Code   RO         2419    .ARM.Collect$$libinit$$0000000E  c_w.l(libinit2.o)
    0x08000252   0x08000252   0x00000000   Code   RO         2422    .ARM.Collect$$libinit$$00000011  c_w.l(libinit2.o)
    0x08000252   0x08000252   0x00000000   Code   RO         2424    .ARM.Collect$$libinit$$00000013  c_w.l(libinit2.o)
    0x08000252   0x08000252   0x00000000   Code   RO         2426    .ARM.Collect$$libinit$$00000015  c_w.l(libinit2.o)
    0x08000252   0x08000252   0x00000000   Code   RO         2428    .ARM.Collect$$libinit$$00000017  c_w.l(libinit2.o)
    0x08000252   0x08000252   0x00000000   Code   RO         2430    .ARM.Collect$$libinit$$00000019  c_w.l(libinit2.o)
    0x08000252   0x08000252   0x00000000   Code   RO         2432    .ARM.Collect$$libinit$$0000001B  c_w.l(libinit2.o)
    0x08000252   0x08000252   0x00000000   Code   RO         2434    .ARM.Collect$$libinit$$0000001D  c_w.l(libinit2.o)
    0x08000252   0x08000252   0x00000000   Code   RO         2436    .ARM.Collect$$libinit$$0000001F  c_w.l(libinit2.o)
    0x08000252   0x08000252   0x00000000   Code   RO         2438    .ARM.Collect$$libinit$$00000021  c_w.l(libinit2.o)
    0x08000252   0x08000252   0x00000000   Code   RO         2440    .ARM.Collect$$libinit$$00000023  c_w.l(libinit2.o)
    0x08000252   0x08000252   0x00000000   Code   RO         2442    .ARM.Collect$$libinit$$00000025  c_w.l(libinit2.o)
    0x08000252   0x08000252   0x00000000   Code   RO         2446    .ARM.Collect$$libinit$$0000002C  c_w.l(libinit2.o)
    0x08000252   0x08000252   0x00000000   Code   RO         2448    .ARM.Collect$$libinit$$0000002E  c_w.l(libinit2.o)
    0x08000252   0x08000252   0x00000000   Code   RO         2450    .ARM.Collect$$libinit$$00000030  c_w.l(libinit2.o)
    0x08000252   0x08000252   0x00000000   Code   RO         2452    .ARM.Collect$$libinit$$00000032  c_w.l(libinit2.o)
    0x08000252   0x08000252   0x00000002   Code   RO         2453    .ARM.Collect$$libinit$$00000033  c_w.l(libinit2.o)
    0x08000254   0x08000254   0x00000002   Code   RO         2473    .ARM.Collect$$libshutdown$$00000000  c_w.l(libshutdown.o)
    0x08000256   0x08000256   0x00000000   Code   RO         2486    .ARM.Collect$$libshutdown$$00000002  c_w.l(libshutdown2.o)
    0x08000256   0x08000256   0x00000000   Code   RO         2488    .ARM.Collect$$libshutdown$$00000004  c_w.l(libshutdown2.o)
    0x08000256   0x08000256   0x00000000   Code   RO         2490    .ARM.Collect$$libshutdown$$00000006  c_w.l(libshutdown2.o)
    0x08000256   0x08000256   0x00000000   Code   RO         2493    .ARM.Collect$$libshutdown$$00000009  c_w.l(libshutdown2.o)
    0x08000256   0x08000256   0x00000000   Code   RO         2496    .ARM.Collect$$libshutdown$$0000000C  c_w.l(libshutdown2.o)
    0x08000256   0x08000256   0x00000000   Code   RO         2498    .ARM.Collect$$libshutdown$$0000000E  c_w.l(libshutdown2.o)
    0x08000256   0x08000256   0x00000000   Code   RO         2501    .ARM.Collect$$libshutdown$$00000011  c_w.l(libshutdown2.o)
    0x08000256   0x08000256   0x00000002   Code   RO         2502    .ARM.Collect$$libshutdown$$00000012  c_w.l(libshutdown2.o)
    0x08000258   0x08000258   0x00000000   Code   RO         2378    .ARM.Collect$$rtentry$$00000000  c_w.l(__rtentry.o)
    0x08000258   0x08000258   0x00000000   Code   RO         2380    .ARM.Collect$$rtentry$$00000002  c_w.l(__rtentry2.o)
    0x08000258   0x08000258   0x00000006   Code   RO         2392    .ARM.Collect$$rtentry$$00000004  c_w.l(__rtentry4.o)
    0x0800025e   0x0800025e   0x00000000   Code   RO         2382    .ARM.Collect$$rtentry$$00000009  c_w.l(__rtentry2.o)
    0x0800025e   0x0800025e   0x00000004   Code   RO         2383    .ARM.Collect$$rtentry$$0000000A  c_w.l(__rtentry2.o)
    0x08000262   0x08000262   0x00000000   Code   RO         2385    .ARM.Collect$$rtentry$$0000000C  c_w.l(__rtentry2.o)
    0x08000262   0x08000262   0x00000008   Code   RO         2386    .ARM.Collect$$rtentry$$0000000D  c_w.l(__rtentry2.o)
    0x0800026a   0x0800026a   0x00000002   Code   RO         2407    .ARM.Collect$$rtexit$$00000000  c_w.l(rtexit.o)
    0x0800026c   0x0800026c   0x00000000   Code   RO         2455    .ARM.Collect$$rtexit$$00000002  c_w.l(rtexit2.o)
    0x0800026c   0x0800026c   0x00000004   Code   RO         2456    .ARM.Collect$$rtexit$$00000003  c_w.l(rtexit2.o)
    0x08000270   0x08000270   0x00000006   Code   RO         2457    .ARM.Collect$$rtexit$$00000004  c_w.l(rtexit2.o)
    0x08000276   0x08000276   0x00000002   PAD
    0x08000278   0x08000278   0x00000040   Code   RO            4    .text               startup_stm32g431xx.o
    0x080002b8   0x080002b8   0x0000004e   Code   RO         2372    .text               c_w.l(rt_memclr_w.o)
    0x08000306   0x08000306   0x00000006   Code   RO         2374    .text               c_w.l(heapauxi.o)
    0x0800030c   0x0800030c   0x0000004a   Code   RO         2394    .text               c_w.l(sys_stackheap_outer.o)
    0x08000356   0x08000356   0x00000012   Code   RO         2396    .text               c_w.l(exit.o)
    0x08000368   0x08000368   0x00000008   Code   RO         2404    .text               c_w.l(libspace.o)
    0x08000370   0x08000370   0x0000000c   Code   RO         2465    .text               c_w.l(sys_exit.o)
    0x0800037c   0x0800037c   0x00000002   Code   RO         2476    .text               c_w.l(use_no_semi.o)
    0x0800037e   0x0800037e   0x00000000   Code   RO         2478    .text               c_w.l(indicate_semi.o)
    0x0800037e   0x0800037e   0x00000002   Code   RO          220    i.BusFault_Handler  stm32g4xx_it.o
    0x08000380   0x08000380   0x00000002   Code   RO          221    i.DebugMon_Handler  stm32g4xx_it.o
    0x08000382   0x08000382   0x00000004   Code   RO           13    i.Error_Handler     main.o
    0x08000386   0x08000386   0x00000002   PAD
    0x08000388   0x08000388   0x00000024   Code   RO          677    i.HAL_Delay         stm32g4xx_hal.o
    0x080003ac   0x080003ac   0x00000248   Code   RO         1368    i.HAL_GPIO_Init     stm32g4xx_hal_gpio.o
    0x080005f4   0x080005f4   0x00000010   Code   RO         1371    i.HAL_GPIO_TogglePin  stm32g4xx_hal_gpio.o
    0x08000604   0x08000604   0x0000000a   Code   RO         1372    i.HAL_GPIO_WritePin  stm32g4xx_hal_gpio.o
    0x0800060e   0x0800060e   0x00000002   PAD
    0x08000610   0x08000610   0x0000000c   Code   RO          681    i.HAL_GetTick       stm32g4xx_hal.o
    0x0800061c   0x0800061c   0x00000010   Code   RO          684    i.HAL_IncTick       stm32g4xx_hal.o
    0x0800062c   0x0800062c   0x0000001e   Code   RO          685    i.HAL_Init          stm32g4xx_hal.o
    0x0800064a   0x0800064a   0x00000002   PAD
    0x0800064c   0x0800064c   0x00000044   Code   RO          686    i.HAL_InitTick      stm32g4xx_hal.o
    0x08000690   0x08000690   0x00000030   Code   RO          295    i.HAL_MspInit       stm32g4xx_hal_msp.o
    0x080006c0   0x080006c0   0x00000040   Code   RO         2021    i.HAL_NVIC_SetPriority  stm32g4xx_hal_cortex.o
    0x08000700   0x08000700   0x00000024   Code   RO         2022    i.HAL_NVIC_SetPriorityGrouping  stm32g4xx_hal_cortex.o
    0x08000724   0x08000724   0x000000bc   Code   RO         1771    i.HAL_PWREx_ControlVoltageScaling  stm32g4xx_hal_pwr_ex.o
    0x080007e0   0x080007e0   0x00000010   Code   RO         1783    i.HAL_PWREx_DisableUCPDDeadBattery  stm32g4xx_hal_pwr_ex.o
    0x080007f0   0x080007f0   0x000001dc   Code   RO          905    i.HAL_RCC_ClockConfig  stm32g4xx_hal_rcc.o
    0x080009cc   0x080009cc   0x00000070   Code   RO          915    i.HAL_RCC_GetSysClockFreq  stm32g4xx_hal_rcc.o
    0x08000a3c   0x08000a3c   0x0000040c   Code   RO          918    i.HAL_RCC_OscConfig  stm32g4xx_hal_rcc.o
    0x08000e48   0x08000e48   0x000000ea   Code   RO          330    i.HAL_SPI_Init      stm32g4xx_hal_spi.o
    0x08000f32   0x08000f32   0x00000002   PAD
    0x08000f34   0x08000f34   0x00000064   Code   RO          179    i.HAL_SPI_MspInit   spi.o
    0x08000f98   0x08000f98   0x00000188   Code   RO          338    i.HAL_SPI_Transmit  stm32g4xx_hal_spi.o
    0x08001120   0x08001120   0x00000028   Code   RO         2026    i.HAL_SYSTICK_Config  stm32g4xx_hal_cortex.o
    0x08001148   0x08001148   0x00000002   Code   RO          222    i.HardFault_Handler  stm32g4xx_it.o
    0x0800114a   0x0800114a   0x00000042   Code   RO         2220    i.LCD_Address_Set   lcd.o
    0x0800118c   0x0800118c   0x00000016   Code   RO         2222    i.LCD_DrawPoint     lcd.o
    0x080011a2   0x080011a2   0x0000003e   Code   RO         2224    i.LCD_Fill          lcd.o
    0x080011e0   0x080011e0   0x000001b0   Code   RO         2225    i.LCD_Init          lcd.o
    0x08001390   0x08001390   0x0000010c   Code   RO         2226    i.LCD_ShowChar      lcd.o
    0x0800149c   0x0800149c   0x0000003a   Code   RO         2235    i.LCD_ShowString    lcd.o
    0x080014d6   0x080014d6   0x00000014   Code   RO         2236    i.LCD_WR_DATA       lcd.o
    0x080014ea   0x080014ea   0x00000002   PAD
    0x080014ec   0x080014ec   0x0000002c   Code   RO         2238    i.LCD_WR_REG        lcd.o
    0x08001518   0x08001518   0x00000030   Code   RO         2239    i.LCD_Writ_Bus      lcd.o
    0x08001548   0x08001548   0x000000fc   Code   RO          154    i.MX_GPIO_Init      gpio.o
    0x08001644   0x08001644   0x00000050   Code   RO          180    i.MX_SPI3_Init      spi.o
    0x08001694   0x08001694   0x00000002   Code   RO          223    i.MemManage_Handler  stm32g4xx_it.o
    0x08001696   0x08001696   0x00000002   Code   RO          224    i.NMI_Handler       stm32g4xx_it.o
    0x08001698   0x08001698   0x00000002   Code   RO          225    i.PendSV_Handler    stm32g4xx_it.o
    0x0800169a   0x0800169a   0x00000048   Code   RO          368    i.SPI_EndRxTxTransaction  stm32g4xx_hal_spi.o
    0x080016e2   0x080016e2   0x00000002   PAD
    0x080016e4   0x080016e4   0x000000e0   Code   RO          373    i.SPI_WaitFifoStateUntilTimeout  stm32g4xx_hal_spi.o
    0x080017c4   0x080017c4   0x000000b8   Code   RO          374    i.SPI_WaitFlagStateUntilTimeout  stm32g4xx_hal_spi.o
    0x0800187c   0x0800187c   0x00000002   Code   RO          226    i.SVC_Handler       stm32g4xx_it.o
    0x0800187e   0x0800187e   0x00000004   Code   RO          227    i.SysTick_Handler   stm32g4xx_it.o
    0x08001882   0x08001882   0x00000066   Code   RO           14    i.SystemClock_Config  main.o
    0x080018e8   0x080018e8   0x00000010   Code   RO         2182    i.SystemInit        system_stm32g4xx.o
    0x080018f8   0x080018f8   0x00000002   Code   RO          228    i.UsageFault_Handler  stm32g4xx_it.o
    0x080018fa   0x080018fa   0x00000020   Code   RO         2028    i.__NVIC_SetPriority  stm32g4xx_hal_cortex.o
    0x0800191a   0x0800191a   0x00000002   PAD
    0x0800191c   0x0800191c   0x000000a0   Code   RO           15    i.main              main.o
    0x080019bc   0x080019bc   0x0000000a   Code   RO         2463    x$fpl$fpinit        fz_wm.l(fpinit.o)
    0x080019c6   0x080019c6   0x00000010   Data   RO         2183    .constdata          system_stm32g4xx.o
    0x080019d6   0x080019d6   0x0000391c   Data   RO         2241    .constdata          lcd.o
    0x080052f2   0x080052f2   0x00000002   PAD
    0x080052f4   0x080052f4   0x00000020   Data   RO         2533    Region$$Table       anon$$obj.o


    Execution Region RW_IRAM1 (Exec base: 0x20000000, Load base: 0x08005314, Size: 0x000006d8, Max: 0x00008000, ABSOLUTE)

    Exec Addr    Load Addr    Size         Type   Attr      Idx    E Section Name        Object

    0x20000000   0x08005314   0x0000000c   Data   RW          705    .data               stm32g4xx_hal.o
    0x2000000c   0x08005320   0x00000004   Data   RW         2185    .data               system_stm32g4xx.o
    0x20000010        -       0x00000064   Zero   RW          181    .bss                spi.o
    0x20000074        -       0x00000060   Zero   RW         2405    .bss                c_w.l(libspace.o)
    0x200000d4   0x08005324   0x00000004   PAD
    0x200000d8        -       0x00000200   Zero   RW            2    HEAP                startup_stm32g431xx.o
    0x200002d8        -       0x00000400   Zero   RW            1    STACK               startup_stm32g431xx.o


==============================================================================

Image component sizes


      Code (inc. data)   RO Data    RW Data    ZI Data      Debug   Object Name

       252         16          0          0          0        995   gpio.o
      1020         32      14620          0          0       9137   lcd.o
       266         18          0          0          0     549772   main.o
       180         20          0          0        100       1609   spi.o
        64         26        472          0       1536        820   startup_stm32g431xx.o
       162         24          0         12          0       4165   stm32g4xx_hal.o
       172         14          0          0          0      33034   stm32g4xx_hal_cortex.o
       610         34          0          0          0       2897   stm32g4xx_hal_gpio.o
        48          6          0          0          0        818   stm32g4xx_hal_msp.o
       204         18          0          0          0       1361   stm32g4xx_hal_pwr_ex.o
      1624         68          0          0          0       4998   stm32g4xx_hal_rcc.o
      1106         10          0          0          0       5738   stm32g4xx_hal_spi.o
        20          0          0          0          0       3974   stm32g4xx_it.o
        16          4         16          4          0       1063   system_stm32g4xx.o

    ----------------------------------------------------------------------
      5758        290      15142         16       1636     620381   Object Totals
         0          0         32          0          0          0   (incl. Generated)
        14          0          2          0          0          0   (incl. Padding)

    ----------------------------------------------------------------------

      Code (inc. data)   RO Data    RW Data    ZI Data      Debug   Library Member Name

         8          0          0          0          0         68   __main.o
         0          0          0          0          0          0   __rtentry.o
        12          0          0          0          0          0   __rtentry2.o
         6          0          0          0          0          0   __rtentry4.o
        52          8          0          0          0          0   __scatter.o
        26          0          0          0          0          0   __scatter_copy.o
        28          0          0          0          0          0   __scatter_zi.o
        18          0          0          0          0         80   exit.o
         6          0          0          0          0        152   heapauxi.o
         0          0          0          0          0          0   indicate_semi.o
         2          0          0          0          0          0   libinit.o
         6          0          0          0          0          0   libinit2.o
         2          0          0          0          0          0   libshutdown.o
         2          0          0          0          0          0   libshutdown2.o
         8          4          0          0         96         68   libspace.o
        78          0          0          0          0         80   rt_memclr_w.o
         2          0          0          0          0          0   rtexit.o
        10          0          0          0          0          0   rtexit2.o
        12          4          0          0          0         68   sys_exit.o
        74          0          0          0          0         80   sys_stackheap_outer.o
         2          0          0          0          0         68   use_no_semi.o
        10          0          0          0          0        116   fpinit.o

    ----------------------------------------------------------------------
       368         16          0          0        100        780   Library Totals
         4          0          0          0          4          0   (incl. Padding)

    ----------------------------------------------------------------------

      Code (inc. data)   RO Data    RW Data    ZI Data      Debug   Library Name

       354         16          0          0         96        664   c_w.l
        10          0          0          0          0        116   fz_wm.l

    ----------------------------------------------------------------------
       368         16          0          0        100        780   Library Totals

    ----------------------------------------------------------------------

==============================================================================


      Code (inc. data)   RO Data    RW Data    ZI Data      Debug   

      6126        306      15142         16       1736     616753   Grand Totals
      6126        306      15142         16       1736     616753   ELF Image Totals
      6126        306      15142         16          0          0   ROM Totals

==============================================================================

    Total RO  Size (Code + RO Data)                21268 (  20.77kB)
    Total RW  Size (RW Data + ZI Data)              1752 (   1.71kB)
    Total ROM Size (Code + RO Data + RW Data)      21284 (  20.79kB)

==============================================================================

